Archive member included to satisfy reference by file (symbol)

E:/uC-Soft/TI/TIRTOS/PDK_AM~1/packages/ti/starterware/binary/board/lib/am335x-evm/a8/release/gcc\libboard.a(board.o)
                              E:/uC-Soft/TI/TIRTOS/PDK_AM~1/packages/ti/starterware/binary/wdt_app_cpu_reset/obj/am335x-evm/a8host/release/gcc/cpu_reset_app_main.o (BOARDInit)
E:/uC-Soft/TI/TIRTOS/PDK_AM~1/packages/ti/starterware/binary/board/lib/am335x-evm/a8/release/gcc\libboard.a(dcard.o)
                              E:/uC-Soft/TI/TIRTOS/PDK_AM~1/packages/ti/starterware/binary/board/lib/am335x-evm/a8/release/gcc\libboard.a(board.o) (DCARDIsDevPresent)
E:/uC-Soft/TI/TIRTOS/PDK_AM~1/packages/ti/starterware/binary/board/lib/am335x-evm/a8/release/gcc\libboard.a(platform.o)
                              E:/uC-Soft/TI/TIRTOS/PDK_AM~1/packages/ti/starterware/binary/board/lib/am335x-evm/a8/release/gcc\libboard.a(board.o) (PLATFORMGetId)
E:/uC-Soft/TI/TIRTOS/PDK_AM~1/packages/ti/starterware/binary/board/lib/am335x-evm/a8/release/gcc\libboard.a(board_am335x.o)
                              E:/uC-Soft/TI/TIRTOS/PDK_AM~1/packages/ti/starterware/binary/board/lib/am335x-evm/a8/release/gcc\libboard.a(board.o) (BoardAm335xInit)
E:/uC-Soft/TI/TIRTOS/PDK_AM~1/packages/ti/starterware/binary/board/lib/am335x-evm/a8/release/gcc\libboard.a(dcard_am335x.o)
                              E:/uC-Soft/TI/TIRTOS/PDK_AM~1/packages/ti/starterware/binary/board/lib/am335x-evm/a8/release/gcc\libboard.a(dcard.o) (DCardAm335xInit)
E:/uC-Soft/TI/TIRTOS/PDK_AM~1/packages/ti/starterware/binary/board/lib/am335x-evm/a8/release/gcc\libboard.a(am335x_gpevm.o)
                              E:/uC-Soft/TI/TIRTOS/PDK_AM~1/packages/ti/starterware/binary/board/lib/am335x-evm/a8/release/gcc\libboard.a(board_am335x.o) (gBoardAm335xGpevmData)
E:/uC-Soft/TI/TIRTOS/PDK_AM~1/packages/ti/starterware/binary/board/lib/am335x-evm/a8/release/gcc\libboard.a(am335x_evmsk.o)
                              E:/uC-Soft/TI/TIRTOS/PDK_AM~1/packages/ti/starterware/binary/board/lib/am335x-evm/a8/release/gcc\libboard.a(board_am335x.o) (gBoardAm335xEvmskData)
E:/uC-Soft/TI/TIRTOS/PDK_AM~1/packages/ti/starterware/binary/board/lib/am335x-evm/a8/release/gcc\libboard.a(am335x_beaglebone.o)
                              E:/uC-Soft/TI/TIRTOS/PDK_AM~1/packages/ti/starterware/binary/board/lib/am335x-evm/a8/release/gcc\libboard.a(board_am335x.o) (gBoardAm335xBeagleboneData)
E:/uC-Soft/TI/TIRTOS/PDK_AM~1/packages/ti/starterware/binary/board/lib/am335x-evm/a8/release/gcc\libboard.a(am335x_beagleboneblack.o)
                              E:/uC-Soft/TI/TIRTOS/PDK_AM~1/packages/ti/starterware/binary/board/lib/am335x-evm/a8/release/gcc\libboard.a(board_am335x.o) (gBoardAm335xBeagleboneblackData)
E:/uC-Soft/TI/TIRTOS/PDK_AM~1/packages/ti/starterware/binary/board/lib/am335x-evm/a8/release/gcc\libboard.a(am335x_icev1.o)
                              E:/uC-Soft/TI/TIRTOS/PDK_AM~1/packages/ti/starterware/binary/board/lib/am335x-evm/a8/release/gcc\libboard.a(board_am335x.o) (gBoardAm335xIceV1Data)
E:/uC-Soft/TI/TIRTOS/PDK_AM~1/packages/ti/starterware/binary/board/lib/am335x-evm/a8/release/gcc\libboard.a(am335x_icev2.o)
                              E:/uC-Soft/TI/TIRTOS/PDK_AM~1/packages/ti/starterware/binary/board/lib/am335x-evm/a8/release/gcc\libboard.a(board_am335x.o) (gBoardAm335xIceV2Data)
E:/uC-Soft/TI/TIRTOS/PDK_AM~1/packages/ti/starterware/binary/board/lib/am335x-evm/a8/release/gcc\libboard.a(am335x_amic110.o)
                              E:/uC-Soft/TI/TIRTOS/PDK_AM~1/packages/ti/starterware/binary/board/lib/am335x-evm/a8/release/gcc\libboard.a(board_am335x.o) (gBoardAm335xAMIC110Data)
E:/uC-Soft/TI/TIRTOS/PDK_AM~1/packages/ti/starterware/binary/board/lib/am335x-evm/a8/release/gcc\libboard.a(am335x_custom.o)
                              E:/uC-Soft/TI/TIRTOS/PDK_AM~1/packages/ti/starterware/binary/board/lib/am335x-evm/a8/release/gcc\libboard.a(board_am335x.o) (gBoardAm335xCustomData)
E:/uC-Soft/TI/TIRTOS/PDK_AM~1/packages/ti/starterware/binary/board/lib/am335x-evm/a8/release/gcc\libboard.a(am335x_gpevm_pinmux_data.o)
                              E:/uC-Soft/TI/TIRTOS/PDK_AM~1/packages/ti/starterware/binary/board/lib/am335x-evm/a8/release/gcc\libboard.a(am335x_gpevm.o) (gGpevmPinmuxData)
E:/uC-Soft/TI/TIRTOS/PDK_AM~1/packages/ti/starterware/binary/board/lib/am335x-evm/a8/release/gcc\libboard.a(am335x_evmsk_pinmux_data.o)
                              E:/uC-Soft/TI/TIRTOS/PDK_AM~1/packages/ti/starterware/binary/board/lib/am335x-evm/a8/release/gcc\libboard.a(am335x_evmsk.o) (gEvmskPinmuxData)
E:/uC-Soft/TI/TIRTOS/PDK_AM~1/packages/ti/starterware/binary/board/lib/am335x-evm/a8/release/gcc\libboard.a(am335x_beaglebone_pinmux_data.o)
                              E:/uC-Soft/TI/TIRTOS/PDK_AM~1/packages/ti/starterware/binary/board/lib/am335x-evm/a8/release/gcc\libboard.a(am335x_beaglebone.o) (gBbPinmuxData)
[...]
Memory Configuration

Name             Origin             Length             Attributes
DDR0             0x80000000         0x10000000
OCMCRAM          0x40300000         0x00040000
*default*        0x00000000         0xffffffff

Linker script and memory map

LOAD e:/uc-soft/ti/tirtos/gcc-arm-none-eabi-6-2017-q1-update/bin/../lib/gcc/arm-none-eabi/6.3.1/hard/crti.o
LOAD e:/uc-soft/ti/tirtos/gcc-arm-none-eabi-6-2017-q1-update/bin/../lib/gcc/arm-none-eabi/6.3.1/hard/crtbegin.o
LOAD e:/uc-soft/ti/tirtos/gcc-arm-none-eabi-6-2017-q1-update/bin/../lib/gcc/arm-none-eabi/6.3.1/../../../../arm-none-eabi/lib/hard/crt0.o
LOAD E:/uC-Soft/TI/TIRTOS/PDK_AM~1/packages/ti/starterware/binary/wdt_app_cpu_reset/obj/am335x-evm/a8host/release/gcc/wdt_app.o
LOAD E:/uC-Soft/TI/TIRTOS/PDK_AM~1/packages/ti/starterware/binary/wdt_app_cpu_reset/obj/am335x-evm/a8host/release/gcc/cpu_reset_app_main.o

.startcode      0x80000000       0xb4
                0x80000000                . = ALIGN (0x4)
 *init.o(.text)
 .text          0x80000000       0xb4 E:/uC-Soft/TI/TIRTOS/PDK_AM~1/packages/ti/starterware/binary/soc/lib/am335x-evm/a8/release/gcc\libsoc.a(init.o)
                0x80000000                Entry

.text           0x800000b8     0x7e88
                0x800000b8                . = ALIGN (0x4)
 *(.text*)
 .text.WDTAppInit
                0x800000b8       0xd4 E:/uC-Soft/TI/TIRTOS/PDK_AM~1/packages/ti/starterware/binary/wdt_app_cpu_reset/obj/am335x-evm/a8host/release/gcc/wdt_app.o
                0x800000b8                WDTAppInit
 .text.startup.main
                0x8000018c      0x218 E:/uC-Soft/TI/TIRTOS/PDK_AM~1/packages/ti/starterware/binary/wdt_app_cpu_reset/obj/am335x-evm/a8host/release/gcc/cpu_reset_app_main.o
                0x8000018c                main
 .text.BOARDInit
                0x800003a4       0x98 E:/uC-Soft/TI/TIRTOS/PDK_AM~1/packages/ti/starterware/binary/board/lib/am335x-evm/a8/release/gcc\libboard.a(board.o)
                0x800003a4                BOARDInit
 .text.BOARDGetId
                0x8000043c       0x70 E:/uC-Soft/TI/TIRTOS/PDK_AM~1/packages/ti/starterware/binary/board/lib/am335x-evm/a8/release/gcc\libboard.a(board.o)
                0x8000043c                BOARDGetId
 .text.BOARDGetBoardName
                0x800004ac       0x60 E:/uC-Soft/TI/TIRTOS/PDK_AM~1/packages/ti/starterware/binary/board/lib/am335x-evm/a8/release/gcc\libboard.a(board.o)
                0x800004ac                BOARDGetBoardName
 .text.BOARDGetData
                0x8000050c       0x30 E:/uC-Soft/TI/TIRTOS/PDK_AM~1/packages/ti/starterware/binary/board/lib/am335x-evm/a8/release/gcc\libboard.a(board.o)
                0x8000050c                BOARDGetData
 .text.BOARDGetDeviceCtrlModInstNum
                0x8000053c       0xa0 E:/uC-Soft/TI/TIRTOS/PDK_AM~1/packages/ti/starterware/binary/board/lib/am335x-evm/a8/release/gcc\libboard.a(board.o)
                0x8000053c                BOARDGetDeviceCtrlModInstNum
 .text.BOARDPrintInfo
                0x800005dc       0x98 E:/uC-Soft/TI/TIRTOS/PDK_AM~1/packages/ti/starterware/binary/board/lib/am335x-evm/a8/release/gcc\libboard.a(board.o)
                0x800005dc                BOARDPrintInfo
 .text.DCARDGetData
                0x80000674       0x40 E:/uC-Soft/TI/TIRTOS/PDK_AM~1/packages/ti/starterware/binary/board/lib/am335x-evm/a8/release/gcc\libboard.a(dcard.o)
                0x80000674                DCARDGetData
 .text.DCARDGetRevStr
                0x800006b4       0x18 E:/uC-Soft/TI/TIRTOS/PDK_AM~1/packages/ti/starterware/binary/board/lib/am335x-evm/a8/release/gcc\libboard.a(dcard.o)
                0x800006b4                DCARDGetRevStr
 .text.DCARDGetRevTable
                0x800006cc       0x18 E:/uC-Soft/TI/TIRTOS/PDK_AM~1/packages/ti/starterware/binary/board/lib/am335x-evm/a8/release/gcc\libboard.a(dcard.o)
                0x800006cc                DCARDGetRevTable
 .text.PLATFORMGetId
                0x800006e4        0x8 E:/uC-Soft/TI/TIRTOS/PDK_AM~1/packages/ti/starterware/binary/board/lib/am335x-evm/a8/release/gcc\libboard.a(platform.o)
                0x800006e4                PLATFORMGetId
 .text.BoardAm335xInit
                0x800006ec       0x80 E:/uC-Soft/TI/TIRTOS/PDK_AM~1/packages/ti/starterware/binary/board/lib/am335x-evm/a8/release/gcc\libboard.a(board_am335x.o)
                0x800006ec                BoardAm335xInit
 .text.BoardGetIdAm335x
                0x8000076c      0x268 E:/uC-Soft/TI/TIRTOS/PDK_AM~1/packages/ti/starterware/binary/board/lib/am335x-evm/a8/release/gcc\libboard.a(board_am335x.o)
                0x8000076c                BoardGetIdAm335x
 .text.BoardGetBaseBoardRevAm335x
                0x800009d4       0xa8 E:/uC-Soft/TI/TIRTOS/PDK_AM~1/packages/ti/starterware/binary/board/lib/am335x-evm/a8/release/gcc\libboard.a(board_am335x.o)
                0x800009d4                BoardGetBaseBoardRevAm335x
 .text.BoardGetBaseBoardRevNameAm335x
                0x80000a7c       0x34 E:/uC-Soft/TI/TIRTOS/PDK_AM~1/packages/ti/starterware/binary/board/lib/am335x-evm/a8/release/gcc\libboard.a(board_am335x.o)
                0x80000a7c                BoardGetBaseBoardRevNameAm335x
 .text.BoardGetDcRevNameAm335x
                0x80000ab0       0x3c E:/uC-Soft/TI/TIRTOS/PDK_AM~1/packages/ti/starterware/binary/board/lib/am335x-evm/a8/release/gcc\libboard.a(board_am335x.o)
                0x80000ab0                BoardGetDcRevNameAm335x
 .text.BoardGetDataAm335x
                0x80000aec       0x20 E:/uC-Soft/TI/TIRTOS/PDK_AM~1/packages/ti/starterware/binary/board/lib/am335x-evm/a8/release/gcc\libboard.a(board_am335x.o)
                0x80000aec                BoardGetDataAm335x
 .text.DCardAm335xGetDCardList
                0x80000b0c        0xc E:/uC-Soft/TI/TIRTOS/PDK_AM~1/packages/ti/starterware/binary/board/lib/am335x-evm/a8/release/gcc\libboard.a(dcard_am335x.o)
                0x80000b0c                DCardAm335xGetDCardList
 .text.BoardAm335xGpevmGetLcdDevData
                0x80000b18       0x1c E:/uC-Soft/TI/TIRTOS/PDK_AM~1/packages/ti/starterware/binary/board/lib/am335x-evm/a8/release/gcc\libboard.a(am335x_gpevm.o)
                0x80000b18                BoardAm335xGpevmGetLcdDevData
 .text.BoardAm335xGpevmLcdUpdnPinControl
                0x80000b34      0x110 E:/uC-Soft/TI/TIRTOS/PDK_AM~1/packages/ti/starterware/binary/board/lib/am335x-evm/a8/release/gcc\libboard.a(am335x_gpevm.o)
                0x80000b34                BoardAm335xGpevmLcdUpdnPinControl
 .text.BoardAm335xGpevmGpioCfg
                0x80000c44       0x98 E:/uC-Soft/TI/TIRTOS/PDK_AM~1/packages/ti/starterware/binary/board/lib/am335x-evm/a8/release/gcc\libboard.a(am335x_gpevm.o)
                0x80000c44                BoardAm335xGpevmGpioCfg
 .text.BoardAm335xGpevmLcdDevicePowerOn
                0x80000cdc       0xec E:/uC-Soft/TI/TIRTOS/PDK_AM~1/packages/ti/starterware/binary/board/lib/am335x-evm/a8/release/gcc\libboard.a(am335x_gpevm.o)
                0x80000cdc                BoardAm335xGpevmLcdDevicePowerOn
 .text.BoardAm335xBBBGetLcdDevData
                0x80000dc8       0x20 E:/uC-Soft/TI/TIRTOS/PDK_AM~1/packages/ti/starterware/binary/board/lib/am335x-evm/a8/release/gcc\libboard.a(am335x_beagleboneblack.o)
                0x80000dc8                BoardAm335xBBBGetLcdDevData
 .text.BoardAm335xBBBGpioCfg
                0x80000de8       0x98 E:/uC-Soft/TI/TIRTOS/PDK_AM~1/packages/ti/starterware/binary/board/lib/am335x-evm/a8/release/gcc\libboard.a(am335x_beagleboneblack.o)
                0x80000de8                BoardAm335xBBBGpioCfg
 .text.BoardAm335xBBBLcdAvddEnable.part.1
                0x80000e80       0x80 E:/uC-Soft/TI/TIRTOS/PDK_AM~1/packages/ti/starterware/binary/board/lib/am335x-evm/a8/release/gcc\libboard.a(am335x_beagleboneblack.o)
 .text.BoardAm335xBBBLcdBacklightEnable
                0x80000f00       0x58 E:/uC-Soft/TI/TIRTOS/PDK_AM~1/packages/ti/starterware/binary/board/lib/am335x-evm/a8/release/gcc\libboard.a(am335x_beagleboneblack.o)
                0x80000f00                BoardAm335xBBBLcdBacklightEnable
 .text.BoardAm335xBBBLcdAvddEnable
                0x80000f58       0x58 E:/uC-Soft/TI/TIRTOS/PDK_AM~1/packages/ti/starterware/binary/board/lib/am335x-evm/a8/release/gcc\libboard.a(am335x_beagleboneblack.o)
                0x80000f58                BoardAm335xBBBLcdAvddEnable
 .text.BoardAm335xBBBPowerOnDCardDev
                0x80000fb0       0x9c E:/uC-Soft/TI/TIRTOS/PDK_AM~1/packages/ti/starterware/binary/board/lib/am335x-evm/a8/release/gcc\libboard.a(am335x_beagleboneblack.o)
                0x80000fb0                BoardAm335xBBBPowerOnDCardDev
 .text.BoardAm335xIceV2PhySetupAndReset
                0x8000104c      0x248 E:/uC-Soft/TI/TIRTOS/PDK_AM~1/packages/ti/starterware/binary/board/lib/am335x-evm/a8/release/gcc\libboard.a(am335x_icev2.o)
                0x8000104c                BoardAm335xIceV2PhySetupAndReset
 .text.BoardAm335xAMIC110PhySetupAndReset
                0x80001294      0x248 E:/uC-Soft/TI/TIRTOS/PDK_AM~1/packages/ti/starterware/binary/board/lib/am335x-evm/a8/release/gcc\libboard.a(am335x_amic110.o)
                0x80001294                BoardAm335xAMIC110PhySetupAndReset
 .text.DCardAm335xLCD4GetEepromOffset
                0x800014dc       0x1c E:/uC-Soft/TI/TIRTOS/PDK_AM~1/packages/ti/starterware/binary/board/lib/am335x-evm/a8/release/gcc\libboard.a(am335x_lcd4_dcard.o)
                0x800014dc                DCardAm335xLCD4GetEepromOffset
 .text.DCardAm335xLCD4GetEepromOffsetSize
                0x800014f8        0x8 E:/uC-Soft/TI/TIRTOS/PDK_AM~1/packages/ti/starterware/binary/board/lib/am335x-evm/a8/release/gcc\libboard.a(am335x_lcd4_dcard.o)
                0x800014f8                DCardAm335xLCD4GetEepromOffsetSize
 .text.PINMUXModuleConfig
                0x80001500      0x140 E:/uC-Soft/TI/TIRTOS/PDK_AM~1/packages/ti/starterware/binary/board/lib/am335x-evm/a8/release/gcc\libboard.a(pinmux.o)
                0x80001500                PINMUXModuleConfig
 .text.CONSOLEUtilsInit
                0x80001640        0xc E:/uC-Soft/TI/TIRTOS/PDK_AM~1/packages/ti/starterware/binary/utils/lib/am335x-evm/a8/release/gcc\libutils.a(console_utils.o)
                0x80001640                CONSOLEUtilsInit
 .text.CONSOLEUtilsSetType
                0x8000164c       0x40 E:/uC-Soft/TI/TIRTOS/PDK_AM~1/packages/ti/starterware/binary/utils/lib/am335x-evm/a8/release/gcc\libutils.a(console_utils.o)
                0x8000164c                CONSOLEUtilsSetType
 .text.CONSOLEUtilsPrintf
                0x8000168c       0x64 E:/uC-Soft/TI/TIRTOS/PDK_AM~1/packages/ti/starterware/binary/utils/lib/am335x-evm/a8/release/gcc\libutils.a(console_utils.o)
                0x8000168c                CONSOLEUtilsPrintf
 .text.CONSOLEUtilsScanf
                0x800016f0       0x64 E:/uC-Soft/TI/TIRTOS/PDK_AM~1/packages/ti/starterware/binary/utils/lib/am335x-evm/a8/release/gcc\libutils.a(console_utils.o)
                0x800016f0                CONSOLEUtilsScanf
 .text.I2cUtilsStatusCheck.isra.1
                0x80001754       0xb8 E:/uC-Soft/TI/TIRTOS/PDK_AM~1/packages/ti/starterware/binary/utils/lib/am335x-evm/a8/release/gcc\libutils.a(i2c_utils.o)
 .text.I2cUtilsTransceive
                0x8000180c      0x5b4 E:/uC-Soft/TI/TIRTOS/PDK_AM~1/packages/ti/starterware/binary/utils/lib/am335x-evm/a8/release/gcc\libutils.a(i2c_utils.o)
 .text.I2CUtilsWrite
                0x80001dc0       0xc0 E:/uC-Soft/TI/TIRTOS/PDK_AM~1/packages/ti/starterware/binary/utils/lib/am335x-evm/a8/release/gcc\libutils.a(i2c_utils.o)
                0x80001dc0                I2CUtilsWrite
 .text.I2CUtilsRead
                0x80001e80       0xb0 E:/uC-Soft/TI/TIRTOS/PDK_AM~1/packages/ti/starterware/binary/utils/lib/am335x-evm/a8/release/gcc\libutils.a(i2c_utils.o)
                0x80001e80                I2CUtilsRead
 .text.I2C1ModuleClkConfig
                0x80001f30       0x64 E:/uC-Soft/TI/TIRTOS/PDK_AM~1/packages/ti/starterware/binary/utils/lib/am335x-evm/a8/release/gcc\libutils.a(i2c_utils.o)
                0x80001f30                I2C1ModuleClkConfig
 .text.I2C0ModuleClkConfig
                0x80001f94       0x7c E:/uC-Soft/TI/TIRTOS/PDK_AM~1/packages/ti/starterware/binary/utils/lib/am335x-evm/a8/release/gcc\libutils.a(i2c_utils.o)
                0x80001f94                I2C0ModuleClkConfig
 .text.I2C2ModuleClkConfig
                0x80002010       0x90 E:/uC-Soft/TI/TIRTOS/PDK_AM~1/packages/ti/starterware/binary/utils/lib/am335x-evm/a8/release/gcc\libutils.a(i2c_utils.o)
                0x80002010                I2C2ModuleClkConfig
 .text.I2CUtilsInit
                0x800020a0      0x270 E:/uC-Soft/TI/TIRTOS/PDK_AM~1/packages/ti/starterware/binary/utils/lib/am335x-evm/a8/release/gcc\libutils.a(i2c_utils.o)
                0x800020a0                I2CUtilsInit
 .text.DELAYMsec
                0x80002310       0x40 E:/uC-Soft/TI/TIRTOS/PDK_AM~1/packages/ti/starterware/binary/utils/lib/am335x-evm/a8/release/gcc\libutils.a(time_utils.o)
                0x80002310                DELAYMsec
 .text.TIMERUtilGetTimeStamp
                0x80002350       0xa8 E:/uC-Soft/TI/TIRTOS/PDK_AM~1/packages/ti/starterware/binary/utils/lib/am335x-evm/a8/release/gcc\libutils.a(dmtimer_utils.o)
                0x80002350                TIMERUtilGetTimeStamp
 .text.ConsoleUtilsUartDecode
                0x800023f8      0x488 E:/uC-Soft/TI/TIRTOS/PDK_AM~1/packages/ti/starterware/binary/utils/lib/am335x-evm/a8/release/gcc\libutils.a(console_utils_uart.o)
 .text.CONSOLEUtilsUartInit
                0x80002880      0x190 E:/uC-Soft/TI/TIRTOS/PDK_AM~1/packages/ti/starterware/binary/utils/lib/am335x-evm/a8/release/gcc\libutils.a(console_utils_uart.o)
                0x80002880                CONSOLEUtilsUartInit
 .text.CONSOLEUtilsUartPutChar
                0x80002a10       0xec E:/uC-Soft/TI/TIRTOS/PDK_AM~1/packages/ti/starterware/binary/utils/lib/am335x-evm/a8/release/gcc\libutils.a(console_utils_uart.o)
                0x80002a10                CONSOLEUtilsUartPutChar
 .text.ConsoleUtilsUartBlockingRead
                0x80002afc      0x1ec E:/uC-Soft/TI/TIRTOS/PDK_AM~1/packages/ti/starterware/binary/utils/lib/am335x-evm/a8/release/gcc\libutils.a(console_utils_uart.o)
 .text.CONSOLEUtilsUartPutStr
                0x80002ce8       0x40 E:/uC-Soft/TI/TIRTOS/PDK_AM~1/packages/ti/starterware/binary/utils/lib/am335x-evm/a8/release/gcc\libutils.a(console_utils_uart.o)
                0x80002ce8                CONSOLEUtilsUartPutStr
 .text.CONSOLEUtilsUartPrintFmt
                0x80002d28      0xcf4 E:/uC-Soft/TI/TIRTOS/PDK_AM~1/packages/ti/starterware/binary/utils/lib/am335x-evm/a8/release/gcc\libutils.a(console_utils_uart.o)
                0x80002d28                CONSOLEUtilsUartPrintFmt
 .text.CONSOLEUtilsUartScanFmt
                0x80003a1c      0x18c E:/uC-Soft/TI/TIRTOS/PDK_AM~1/packages/ti/starterware/binary/utils/lib/am335x-evm/a8/release/gcc\libutils.a(console_utils_uart.o)
                0x80003a1c                CONSOLEUtilsUartScanFmt
 .text.ASCIIUtilsCharToDigit
                0x80003ba8       0x78 E:/uC-Soft/TI/TIRTOS/PDK_AM~1/packages/ti/starterware/binary/utils/lib/am335x-evm/a8/release/gcc\libutils.a(ascii_utils.o)
                0x80003ba8                ASCIIUtilsCharToDigit
 .text.SOCGetSocFamilyId
                0x80003c20        0x8 E:/uC-Soft/TI/TIRTOS/PDK_AM~1/packages/ti/starterware/binary/soc/lib/am335x-evm/a8/release/gcc\libsoc.a(soc.o)
                0x80003c20                SOCGetSocFamilyId
 .text.SOCPrintInfo
                0x80003c28       0x3c E:/uC-Soft/TI/TIRTOS/PDK_AM~1/packages/ti/starterware/binary/soc/lib/am335x-evm/a8/release/gcc\libsoc.a(soc.o)
                0x80003c28                SOCPrintInfo
 .text.start_boot
                0x80003c64       0x70 E:/uC-Soft/TI/TIRTOS/PDK_AM~1/packages/ti/starterware/binary/soc/lib/am335x-evm/a8/release/gcc\libsoc.a(startup.o)
                0x80003c64                start_boot
 .text.CHIPDBModuleMaxInstanceNumber
                0x80003cd4       0x24 E:/uC-Soft/TI/TIRTOS/PDK_AM~1/packages/ti/starterware/binary/soc/lib/am335x-evm/a8/release/gcc\libsoc.a(am335x_chipdb.o)
                0x80003cd4                CHIPDBModuleMaxInstanceNumber
 .text.CHIPDBIsResourcePresent
                0x80003cf8       0xa4 E:/uC-Soft/TI/TIRTOS/PDK_AM~1/packages/ti/starterware/binary/soc/lib/am335x-evm/a8/release/gcc\libsoc.a(am335x_chipdb.o)
                0x80003cf8                CHIPDBIsResourcePresent
 .text.CHIPDBBaseAddress
                0x80003d9c       0x38 E:/uC-Soft/TI/TIRTOS/PDK_AM~1/packages/ti/starterware/binary/soc/lib/am335x-evm/a8/release/gcc\libsoc.a(am335x_chipdb.o)
                0x80003d9c                CHIPDBBaseAddress
 .text.CHIPDBIsSecureModule
                0x80003dd4       0x2c E:/uC-Soft/TI/TIRTOS/PDK_AM~1/packages/ti/starterware/binary/soc/lib/am335x-evm/a8/release/gcc\libsoc.a(hw_am335x_chipdb.o)
                0x80003dd4                CHIPDBIsSecureModule
 .text.INTCCommonIntrHandler
                0x80003e00       0x90 E:/uC-Soft/TI/TIRTOS/PDK_AM~1/packages/ti/starterware/binary/soc/lib/am335x-evm/a8/release/gcc\libsoc.a(intc.o)
                0x80003e00                INTCCommonIntrHandler
 .text.PRCMModuleEnable
                0x80003e90     0x1060 E:/uC-Soft/TI/TIRTOS/PDK_AM~1/packages/ti/starterware/binary/soc/lib/am335x-evm/a8/release/gcc\libsoc.a(am335x_prcm.o)
                0x80003e90                PRCMModuleEnable
 .text          0x80004ef0      0x488 E:/uC-Soft/TI/TIRTOS/PDK_AM~1/packages/ti/starterware/binary/soc/lib/am335x-evm/a8/release/gcc\libsoc.a(cp15.o)
                0x80004ef0                CP15ICacheDisable
                0x80004f0c                CP15DCacheDisable
                0x80004f28                CP15ICacheEnable
                0x80004f38                CP15DCacheEnable
                0x80004f48                CP15DCacheFlush
                0x80004fdc                CP15DCacheClean
                0x80005070                CP15DCacheCleanFlush
                0x80005104                CP15ICacheFlush
                0x80005114                CP15DCacheCleanBuff
                0x80005168                CP15DCacheCleanFlushBuff
                0x800051bc                CP15DCacheFlushBuff
                0x80005220                CP15ICacheFlushBuff
                0x80005274                CP15Ttb0Set
                0x80005280                CP15TlbInvalidate
                0x8000528c                CP15MMUDisable
                0x800052a4                CP15MMUEnable
                0x800052b8                CP15VectorBaseAddrSet
                0x800052c4                CP15BranchPredictorInvalidate
                0x800052d0                CP15BranchPredictionEnable
                0x800052e0                CP15BranchPredictionDisable
                0x800052f0                CP15DomainAccessClientSet
                0x80005300                CP15ControlFeatureDisable
                0x80005314                CP15ControlFeatureEnable
                0x80005328                CP15TtbCtlTtb0Config
                0x80005338                CP15AuxControlFeatureEnable
                0x8000534c                CP15AuxControlFeatureDisable
                0x80005360                CP15MainIdPrimPartNumGet
 .text          0x80005378       0x70 E:/uC-Soft/TI/TIRTOS/PDK_AM~1/packages/ti/starterware/binary/soc/lib/am335x-evm/a8/release/gcc\libsoc.a(exceptionhandler.o)
                0x80005378                SVC_Handler
                0x800053a0                IRQHandler
                0x800053e0                FIQHandler
                0x800053e4                AbortHandler
                0x800053e4                UndefInstHandler
 .text.I2CClkConfig
                0x800053e8       0x60 E:/uC-Soft/TI/TIRTOS/PDK_AM~1/packages/ti/starterware/binary/dal/lib/am335x-evm/a8/release/gcc\libdal.a(i2c.o)
                0x800053e8                I2CClkConfig
 .text.I2CModuleEnable
                0x80005448       0x24 E:/uC-Soft/TI/TIRTOS/PDK_AM~1/packages/ti/starterware/binary/dal/lib/am335x-evm/a8/release/gcc\libdal.a(i2c.o)
                0x80005448                I2CModuleEnable
 .text.I2CSetMode
                0x8000546c       0x38 E:/uC-Soft/TI/TIRTOS/PDK_AM~1/packages/ti/starterware/binary/dal/lib/am335x-evm/a8/release/gcc\libdal.a(i2c.o)
                0x8000546c                I2CSetMode
 .text.I2CStart
                0x800054a4       0x1c E:/uC-Soft/TI/TIRTOS/PDK_AM~1/packages/ti/starterware/binary/dal/lib/am335x-evm/a8/release/gcc\libdal.a(i2c.o)
                0x800054a4                I2CStart
 .text.I2CStop  0x800054c0       0x1c E:/uC-Soft/TI/TIRTOS/PDK_AM~1/packages/ti/starterware/binary/dal/lib/am335x-evm/a8/release/gcc\libdal.a(i2c.o)
                0x800054c0                I2CStop
 .text.I2CIntrDisable
                0x800054dc        0xc E:/uC-Soft/TI/TIRTOS/PDK_AM~1/packages/ti/starterware/binary/dal/lib/am335x-evm/a8/release/gcc\libdal.a(i2c.o)
                0x800054dc                I2CIntrDisable
 .text.I2CIntrRawStatus
                0x800054e8        0xc E:/uC-Soft/TI/TIRTOS/PDK_AM~1/packages/ti/starterware/binary/dal/lib/am335x-evm/a8/release/gcc\libdal.a(i2c.o)
                0x800054e8                I2CIntrRawStatus
 .text.I2CIntrClear
                0x800054f4        0xc E:/uC-Soft/TI/TIRTOS/PDK_AM~1/packages/ti/starterware/binary/dal/lib/am335x-evm/a8/release/gcc\libdal.a(i2c.o)
                0x800054f4                I2CIntrClear
 .text.I2CMasterSetSlaveAddr
                0x80005500       0x2c E:/uC-Soft/TI/TIRTOS/PDK_AM~1/packages/ti/starterware/binary/dal/lib/am335x-evm/a8/release/gcc\libdal.a(i2c.o)
                0x80005500                I2CMasterSetSlaveAddr
 .text.I2CSetDataCount
                0x8000552c       0x1c E:/uC-Soft/TI/TIRTOS/PDK_AM~1/packages/ti/starterware/binary/dal/lib/am335x-evm/a8/release/gcc\libdal.a(i2c.o)
                0x8000552c                I2CSetDataCount
 .text.I2CGetDataCount
                0x80005548       0x10 E:/uC-Soft/TI/TIRTOS/PDK_AM~1/packages/ti/starterware/binary/dal/lib/am335x-evm/a8/release/gcc\libdal.a(i2c.o)
                0x80005548                I2CGetDataCount
 .text.I2CFifoThresholdConfig
                0x80005558       0x28 E:/uC-Soft/TI/TIRTOS/PDK_AM~1/packages/ti/starterware/binary/dal/lib/am335x-evm/a8/release/gcc\libdal.a(i2c.o)
                0x80005558                I2CFifoThresholdConfig
 .text.I2CFifoFlush
                0x80005580       0x5c E:/uC-Soft/TI/TIRTOS/PDK_AM~1/packages/ti/starterware/binary/dal/lib/am335x-evm/a8/release/gcc\libdal.a(i2c.o)
                0x80005580                I2CFifoFlush
 .text.I2CBufStatus
                0x800055dc       0x3c E:/uC-Soft/TI/TIRTOS/PDK_AM~1/packages/ti/starterware/binary/dal/lib/am335x-evm/a8/release/gcc\libdal.a(i2c.o)
                0x800055dc                I2CBufStatus
 .text.I2CSoftReset
                0x80005618       0x1c E:/uC-Soft/TI/TIRTOS/PDK_AM~1/packages/ti/starterware/binary/dal/lib/am335x-evm/a8/release/gcc\libdal.a(i2c.o)
                0x80005618                I2CSoftReset
 .text.I2CAutoIdleEnable
                0x80005634       0x24 E:/uC-Soft/TI/TIRTOS/PDK_AM~1/packages/ti/starterware/binary/dal/lib/am335x-evm/a8/release/gcc\libdal.a(i2c.o)
                0x80005634                I2CAutoIdleEnable
 .text.I2CSystemStatus
                0x80005658       0x10 E:/uC-Soft/TI/TIRTOS/PDK_AM~1/packages/ti/starterware/binary/dal/lib/am335x-evm/a8/release/gcc\libdal.a(i2c.o)
                0x80005658                I2CSystemStatus
 .text.I2CPutTxData
                0x80005668        0xc E:/uC-Soft/TI/TIRTOS/PDK_AM~1/packages/ti/starterware/binary/dal/lib/am335x-evm/a8/release/gcc\libdal.a(i2c.o)
                0x80005668                I2CPutTxData
 .text.I2CGetRxData
                0x80005674       0x10 E:/uC-Soft/TI/TIRTOS/PDK_AM~1/packages/ti/starterware/binary/dal/lib/am335x-evm/a8/release/gcc\libdal.a(i2c.o)
                0x80005674                I2CGetRxData
 .text.UARTModuleReset
                0x80005684       0x34 E:/uC-Soft/TI/TIRTOS/PDK_AM~1/packages/ti/starterware/binary/dal/lib/am335x-evm/a8/release/gcc\libdal.a(uart.o)
                0x80005684                UARTModuleReset
 .text.UARTSetBaudRate
                0x800056b8      0x1cc E:/uC-Soft/TI/TIRTOS/PDK_AM~1/packages/ti/starterware/binary/dal/lib/am335x-evm/a8/release/gcc\libdal.a(uart.o)
                0x800056b8                UARTSetBaudRate
 .text.UARTLineCharacteristicConfig
                0x80005884       0x88 E:/uC-Soft/TI/TIRTOS/PDK_AM~1/packages/ti/starterware/binary/dal/lib/am335x-evm/a8/release/gcc\libdal.a(uart.o)
                0x80005884                UARTLineCharacteristicConfig
 .text.UARTFifoConfig
                0x8000590c      0x268 E:/uC-Soft/TI/TIRTOS/PDK_AM~1/packages/ti/starterware/binary/dal/lib/am335x-evm/a8/release/gcc\libdal.a(uart.o)
                0x8000590c                UARTFifoConfig
 .text.UARTBreakCtrlEnable
                0x80005b74       0x2c E:/uC-Soft/TI/TIRTOS/PDK_AM~1/packages/ti/starterware/binary/dal/lib/am335x-evm/a8/release/gcc\libdal.a(uart.o)
                0x80005b74                UARTBreakCtrlEnable
 .text.UARTGetChar
                0x80005ba0      0x110 E:/uC-Soft/TI/TIRTOS/PDK_AM~1/packages/ti/starterware/binary/dal/lib/am335x-evm/a8/release/gcc\libdal.a(uart.o)
                0x80005ba0                UARTGetChar
 .text.UARTPutChar
                0x80005cb0       0xc8 E:/uC-Soft/TI/TIRTOS/PDK_AM~1/packages/ti/starterware/binary/dal/lib/am335x-evm/a8/release/gcc\libdal.a(uart.o)
                0x80005cb0                UARTPutChar
 .text.GPIOModuleEnable
                0x80005d78       0x24 E:/uC-Soft/TI/TIRTOS/PDK_AM~1/packages/ti/starterware/binary/dal/lib/am335x-evm/a8/release/gcc\libdal.a(gpio.o)
                0x80005d78                GPIOModuleEnable
 .text.GPIOSetDirMode
                0x80005d9c       0x24 E:/uC-Soft/TI/TIRTOS/PDK_AM~1/packages/ti/starterware/binary/dal/lib/am335x-evm/a8/release/gcc\libdal.a(gpio.o)
                0x80005d9c                GPIOSetDirMode
 .text.GPIOPinWrite
                0x80005dc0       0x20 E:/uC-Soft/TI/TIRTOS/PDK_AM~1/packages/ti/starterware/binary/dal/lib/am335x-evm/a8/release/gcc\libdal.a(gpio.o)
                0x80005dc0                GPIOPinWrite
 .text.DMTIMERGetCounterVal
                0x80005de0       0x30 E:/uC-Soft/TI/TIRTOS/PDK_AM~1/packages/ti/starterware/binary/dal/lib/am335x-evm/a8/release/gcc\libdal.a(dmtimer.o)
                0x80005de0                DMTIMERGetCounterVal
 .text.WDTReset
                0x80005e10       0x30 E:/uC-Soft/TI/TIRTOS/PDK_AM~1/packages/ti/starterware/binary/dal/lib/am335x-evm/a8/release/gcc\libdal.a(wdt.o)
                0x80005e10                WDTReset
 .text.WDTEnable
                0x80005e40       0x80 E:/uC-Soft/TI/TIRTOS/PDK_AM~1/packages/ti/starterware/binary/dal/lib/am335x-evm/a8/release/gcc\libdal.a(wdt.o)
                0x80005e40                WDTEnable
 .text.WDTPrescalerClkEnable
                0x80005ec0       0x58 E:/uC-Soft/TI/TIRTOS/PDK_AM~1/packages/ti/starterware/binary/dal/lib/am335x-evm/a8/release/gcc\libdal.a(wdt.o)
                0x80005ec0                WDTPrescalerClkEnable
 .text.WDTSetCounter
                0x80005f18       0x20 E:/uC-Soft/TI/TIRTOS/PDK_AM~1/packages/ti/starterware/binary/dal/lib/am335x-evm/a8/release/gcc\libdal.a(wdt.o)
                0x80005f18                WDTSetCounter
 .text.WDTSetReloadVal
                0x80005f38       0x20 E:/uC-Soft/TI/TIRTOS/PDK_AM~1/packages/ti/starterware/binary/dal/lib/am335x-evm/a8/release/gcc\libdal.a(wdt.o)
                0x80005f38                WDTSetReloadVal
 .text.WDTTriggerReload
                0x80005f58       0x20 E:/uC-Soft/TI/TIRTOS/PDK_AM~1/packages/ti/starterware/binary/dal/lib/am335x-evm/a8/release/gcc\libdal.a(wdt.o)
                0x80005f58                WDTTriggerReload
 .text          0x80005f78      0x114 e:/uc-soft/ti/tirtos/gcc-arm-none-eabi-6-2017-q1-update/bin/../lib/gcc/arm-none-eabi/6.3.1/hard\libgcc.a(_udivsi3.o)
                0x80005f78                __aeabi_uidiv
                0x80005f78                __udivsi3
                0x8000606c                __aeabi_uidivmod
 .text          0x8000608c      0x148 e:/uc-soft/ti/tirtos/gcc-arm-none-eabi-6-2017-q1-update/bin/../lib/gcc/arm-none-eabi/6.3.1/hard\libgcc.a(_divsi3.o)
                0x8000608c                __divsi3
                0x8000608c                __aeabi_idiv
                0x800061b4                __aeabi_idivmod
 .text          0x800061d4        0x4 e:/uc-soft/ti/tirtos/gcc-arm-none-eabi-6-2017-q1-update/bin/../lib/gcc/arm-none-eabi/6.3.1/hard\libgcc.a(_dvmd_tls.o)
                0x800061d4                __aeabi_idiv0
                0x800061d4                __aeabi_ldiv0
 .text          0x800061d8      0x2ac e:/uc-soft/ti/tirtos/gcc-arm-none-eabi-6-2017-q1-update/bin/../lib/gcc/arm-none-eabi/6.3.1/hard\libgcc.a(_arm_addsubsf3.o)
                0x800061d8                __aeabi_frsub
                0x800061e0                __subsf3
                0x800061e0                __aeabi_fsub
                0x800061e4                __aeabi_fadd
                0x800061e4                __addsf3
                0x800063a0                __aeabi_ui2f
                0x800063a0                __floatunsisf
                0x800063a8                __aeabi_i2f
                0x800063a8                __floatsisf
                0x800063c8                __aeabi_ul2f
                0x800063c8                __floatundisf
                0x800063d8                __aeabi_l2f
                0x800063d8                __floatdisf
 .text          0x80006484       0x3c e:/uc-soft/ti/tirtos/gcc-arm-none-eabi-6-2017-q1-update/bin/../lib/gcc/arm-none-eabi/6.3.1/hard\libgcc.a(_aeabi_uldivmod.o)
                0x80006484                __aeabi_uldivmod
 .text          0x800064c0       0x48 e:/uc-soft/ti/tirtos/gcc-arm-none-eabi-6-2017-q1-update/bin/../lib/gcc/arm-none-eabi/6.3.1/hard\libgcc.a(_fixunssfdi.o)
                0x800064c0                __fixunssfdi
                0x800064c0                __aeabi_f2ulz
 .text          0x80006508       0x48 e:/uc-soft/ti/tirtos/gcc-arm-none-eabi-6-2017-q1-update/bin/../lib/gcc/arm-none-eabi/6.3.1/hard\libgcc.a(_fixunsdfdi.o)
                0x80006508                __fixunsdfdi
                0x80006508                __aeabi_d2ulz
 .text          0x80006550      0x12c e:/uc-soft/ti/tirtos/gcc-arm-none-eabi-6-2017-q1-update/bin/../lib/gcc/arm-none-eabi/6.3.1/hard\libgcc.a(_udivmoddi4.o)
                0x80006550                __udivmoddi4
 .text          0x8000667c       0x28 e:/uc-soft/ti/tirtos/gcc-arm-none-eabi-6-2017-q1-update/bin/../lib/gcc/arm-none-eabi/6.3.1/hard\libgcc.a(_clzdi2.o)
                0x8000667c                __clzdi2
 .text          0x800066a4       0x48 e:/uc-soft/ti/tirtos/gcc-arm-none-eabi-6-2017-q1-update/bin/../lib/gcc/arm-none-eabi/6.3.1/hard\libgcc.a(_clzsi2.o)
                0x800066a4                __clzsi2
 .text.memcpy   0x800066ec       0x20 E:/uC-Soft/TI/TIRTOS/gcc-arm-none-eabi-6-2017-q1-update/arm-none-eabi/lib/hard\libc_nano.a(lib_a-memcpy-stub.o)
                0x800066ec                memcpy
 .text.strncmp  0x8000670c       0x58 E:/uC-Soft/TI/TIRTOS/gcc-arm-none-eabi-6-2017-q1-update/arm-none-eabi/lib/hard\libc_nano.a(lib_a-strncmp.o)
                0x8000670c                strncmp
 *(.rodata*)
 .rodata.WDTAppInit.str1.4
                0x80006764       0x30 E:/uC-Soft/TI/TIRTOS/PDK_AM~1/packages/ti/starterware/binary/wdt_app_cpu_reset/obj/am335x-evm/a8host/release/gcc/wdt_app.o
 .rodata.WDTAPPCPURESET_DEFAULT
                0x80006794       0x18 E:/uC-Soft/TI/TIRTOS/PDK_AM~1/packages/ti/starterware/binary/wdt_app_cpu_reset/obj/am335x-evm/a8host/release/gcc/cpu_reset_app_main.o
 .rodata.main.str1.4
                0x800067ac      0x155 E:/uC-Soft/TI/TIRTOS/PDK_AM~1/packages/ti/starterware/binary/wdt_app_cpu_reset/obj/am335x-evm/a8host/release/gcc/cpu_reset_app_main.o
                                0x165 (size before relaxing)
 *fill*         0x80006901        0x3 
 .rodata.BOARDGetDeviceCtrlModId.str1.4
                0x80006904       0x15 E:/uC-Soft/TI/TIRTOS/PDK_AM~1/packages/ti/starterware/binary/board/lib/am335x-evm/a8/release/gcc\libboard.a(board.o)
 *fill*         0x80006919        0x3 
 .rodata.BOARDINITPARAMS_DEFAULT
                0x8000691c        0xc E:/uC-Soft/TI/TIRTOS/PDK_AM~1/packages/ti/starterware/binary/board/lib/am335x-evm/a8/release/gcc\libboard.a(board.o)
                0x8000691c                BOARDINITPARAMS_DEFAULT
 .rodata.BOARDPrintInfo.str1.4
                0x80006928       0x60 E:/uC-Soft/TI/TIRTOS/PDK_AM~1/packages/ti/starterware/binary/board/lib/am335x-evm/a8/release/gcc\libboard.a(board.o)
 .rodata.gBoardIdStrTable
                0x80006988       0x58 E:/uC-Soft/TI/TIRTOS/PDK_AM~1/packages/ti/starterware/binary/board/lib/am335x-evm/a8/release/gcc\libboard.a(board.o)
 .rodata.str1.4
                0x800069e0       0x6b E:/uC-Soft/TI/TIRTOS/PDK_AM~1/packages/ti/starterware/binary/board/lib/am335x-evm/a8/release/gcc\libboard.a(board.o)
 *fill*         0x80006a4b        0x1 
 .rodata.BoardGetIdAm335x.str1.4
                0x80006a4c       0x3f E:/uC-Soft/TI/TIRTOS/PDK_AM~1/packages/ti/starterware/binary/board/lib/am335x-evm/a8/release/gcc\libboard.a(board_am335x.o)
 *fill*         0x80006a8b        0x1 
 .rodata.gpBoardAm335xData
                0x80006a8c       0x44 E:/uC-Soft/TI/TIRTOS/PDK_AM~1/packages/ti/starterware/binary/board/lib/am335x-evm/a8/release/gcc\libboard.a(board_am335x.o)
 .rodata.BoardAm335xGpevmLcdDevicePowerOn.str1.4
                0x80006ad0       0x63 E:/uC-Soft/TI/TIRTOS/PDK_AM~1/packages/ti/starterware/binary/board/lib/am335x-evm/a8/release/gcc\libboard.a(am335x_gpevm.o)
 *fill*         0x80006b33        0x1 
 .rodata.gBoardAm335xGpevmData
                0x80006b34       0x20 E:/uC-Soft/TI/TIRTOS/PDK_AM~1/packages/ti/starterware/binary/board/lib/am335x-evm/a8/release/gcc\libboard.a(am335x_gpevm.o)
                0x80006b34                gBoardAm335xGpevmData
 .rodata.gBoardAm335xGpevmDevData
                0x80006b54      0x1e0 E:/uC-Soft/TI/TIRTOS/PDK_AM~1/packages/ti/starterware/binary/board/lib/am335x-evm/a8/release/gcc\libboard.a(am335x_gpevm.o)
                0x80006b54                gBoardAm335xGpevmDevData
 .rodata.str1.4
                0x80006d34       0x10 E:/uC-Soft/TI/TIRTOS/PDK_AM~1/packages/ti/starterware/binary/board/lib/am335x-evm/a8/release/gcc\libboard.a(am335x_gpevm.o)
                                 0x18 (size before relaxing)
 .rodata.gBoardAm335xEvmskData
                0x80006d44       0x20 E:/uC-Soft/TI/TIRTOS/PDK_AM~1/packages/ti/starterware/binary/board/lib/am335x-evm/a8/release/gcc\libboard.a(am335x_evmsk.o)
                0x80006d44                gBoardAm335xEvmskData
 .rodata.gBoardAm335xEvmskDevData
                0x80006d64      0x118 E:/uC-Soft/TI/TIRTOS/PDK_AM~1/packages/ti/starterware/binary/board/lib/am335x-evm/a8/release/gcc\libboard.a(am335x_evmsk.o)
                0x80006d64                gBoardAm335xEvmskDevData
 .rodata.str1.4
                0x80006e7c        0xd E:/uC-Soft/TI/TIRTOS/PDK_AM~1/packages/ti/starterware/binary/board/lib/am335x-evm/a8/release/gcc\libboard.a(am335x_evmsk.o)
                                 0x15 (size before relaxing)
 *fill*         0x80006e89        0x3 
 .rodata.gBoardAm335xBeagleboneData
                0x80006e8c       0x20 E:/uC-Soft/TI/TIRTOS/PDK_AM~1/packages/ti/starterware/binary/board/lib/am335x-evm/a8/release/gcc\libboard.a(am335x_beaglebone.o)
                0x80006e8c                gBoardAm335xBeagleboneData
 .rodata.gBoardAm335xBeagleboneDevData
                0x80006eac       0xa0 E:/uC-Soft/TI/TIRTOS/PDK_AM~1/packages/ti/starterware/binary/board/lib/am335x-evm/a8/release/gcc\libboard.a(am335x_beaglebone.o)
                0x80006eac                gBoardAm335xBeagleboneDevData
 .rodata.str1.4
                0x80006f4c       0x25 E:/uC-Soft/TI/TIRTOS/PDK_AM~1/packages/ti/starterware/binary/board/lib/am335x-evm/a8/release/gcc\libboard.a(am335x_beaglebone.o)
                                 0x2d (size before relaxing)
 .rodata.BoardAm335xBBBLcdAvddEnable.part.1.str1.4
                0x80006f71       0x1d E:/uC-Soft/TI/TIRTOS/PDK_AM~1/packages/ti/starterware/binary/board/lib/am335x-evm/a8/release/gcc\libboard.a(am335x_beagleboneblack.o)
 .rodata.BoardAm335xBBBLcdBacklightEnable.str1.4
                0x80006f71       0x20 E:/uC-Soft/TI/TIRTOS/PDK_AM~1/packages/ti/starterware/binary/board/lib/am335x-evm/a8/release/gcc\libboard.a(am335x_beagleboneblack.o)
 *fill*         0x80006f71        0x3 
 .rodata.gBoardAm335xBeagleBoneBlackIsCompatible
                0x80006f74        0x4 E:/uC-Soft/TI/TIRTOS/PDK_AM~1/packages/ti/starterware/binary/board/lib/am335x-evm/a8/release/gcc\libboard.a(am335x_beagleboneblack.o)
                0x80006f74                gBoardAm335xBeagleBoneBlackIsCompatible
 .rodata.gBoardAm335xBeagleboneblackData
                0x80006f78       0x20 E:/uC-Soft/TI/TIRTOS/PDK_AM~1/packages/ti/starterware/binary/board/lib/am335x-evm/a8/release/gcc\libboard.a(am335x_beagleboneblack.o)
                0x80006f78                gBoardAm335xBeagleboneblackData
 .rodata.gBoardAm335xBeagleboneblackDevData
                0x80006f98       0xc8 E:/uC-Soft/TI/TIRTOS/PDK_AM~1/packages/ti/starterware/binary/board/lib/am335x-evm/a8/release/gcc\libboard.a(am335x_beagleboneblack.o)
                0x80006f98                gBoardAm335xBeagleboneblackDevData
 .rodata.str1.4
                0x80007060        0x5 E:/uC-Soft/TI/TIRTOS/PDK_AM~1/packages/ti/starterware/binary/board/lib/am335x-evm/a8/release/gcc\libboard.a(am335x_beagleboneblack.o)
                                 0x15 (size before relaxing)
 *fill*         0x80007065        0x3 
 .rodata.gBoardAm335xIceV1Data
                0x80007068       0x20 E:/uC-Soft/TI/TIRTOS/PDK_AM~1/packages/ti/starterware/binary/board/lib/am335x-evm/a8/release/gcc\libboard.a(am335x_icev1.o)
                0x80007068                gBoardAm335xIceV1Data
 .rodata.gBoardAm335xIceV1DevData
                0x80007088       0xc8 E:/uC-Soft/TI/TIRTOS/PDK_AM~1/packages/ti/starterware/binary/board/lib/am335x-evm/a8/release/gcc\libboard.a(am335x_icev1.o)
                0x80007088                gBoardAm335xIceV1DevData
 .rodata.str1.4
                0x80007150       0x2d E:/uC-Soft/TI/TIRTOS/PDK_AM~1/packages/ti/starterware/binary/board/lib/am335x-evm/a8/release/gcc\libboard.a(am335x_icev1.o)
 .rodata.BoardAm335xIceV2PhySetupAndReset.str1.4
                0x80007150       0x3f E:/uC-Soft/TI/TIRTOS/PDK_AM~1/packages/ti/starterware/binary/board/lib/am335x-evm/a8/release/gcc\libboard.a(am335x_icev2.o)
 *fill*         0x8000718f        0x1 
 .rodata.gBoardAm335xIceV2Data
                0x80007190       0x20 E:/uC-Soft/TI/TIRTOS/PDK_AM~1/packages/ti/starterware/binary/board/lib/am335x-evm/a8/release/gcc\libboard.a(am335x_icev2.o)
                0x80007190                gBoardAm335xIceV2Data
 .rodata.gBoardAm335xIceV2DevData
                0x800071b0      0x398 E:/uC-Soft/TI/TIRTOS/PDK_AM~1/packages/ti/starterware/binary/board/lib/am335x-evm/a8/release/gcc\libboard.a(am335x_icev2.o)
                0x800071b0                gBoardAm335xIceV2DevData
 .rodata.str1.4
                0x80007548       0x2d E:/uC-Soft/TI/TIRTOS/PDK_AM~1/packages/ti/starterware/binary/board/lib/am335x-evm/a8/release/gcc\libboard.a(am335x_icev2.o)
 .rodata.BoardAm335xAMIC110PhySetupAndReset.str1.4
                0x80007548       0x3f E:/uC-Soft/TI/TIRTOS/PDK_AM~1/packages/ti/starterware/binary/board/lib/am335x-evm/a8/release/gcc\libboard.a(am335x_amic110.o)
 .rodata.gBoardAm335xAMIC110Data
                0x80007548       0x20 E:/uC-Soft/TI/TIRTOS/PDK_AM~1/packages/ti/starterware/binary/board/lib/am335x-evm/a8/release/gcc\libboard.a(am335x_amic110.o)
                0x80007548                gBoardAm335xAMIC110Data
 .rodata.gBoardAm335xAMIC110DevData
                0x80007568      0x398 E:/uC-Soft/TI/TIRTOS/PDK_AM~1/packages/ti/starterware/binary/board/lib/am335x-evm/a8/release/gcc\libboard.a(am335x_amic110.o)
                0x80007568                gBoardAm335xAMIC110DevData
 .rodata.str1.4
                0x80007900       0x2d E:/uC-Soft/TI/TIRTOS/PDK_AM~1/packages/ti/starterware/binary/board/lib/am335x-evm/a8/release/gcc\libboard.a(am335x_amic110.o)
 .rodata.gBoardAm335xCustomData
                0x80007900       0x20 E:/uC-Soft/TI/TIRTOS/PDK_AM~1/packages/ti/starterware/binary/board/lib/am335x-evm/a8/release/gcc\libboard.a(am335x_custom.o)
                0x80007900                gBoardAm335xCustomData
 .rodata.str1.4
                0x80007920       0x3f E:/uC-Soft/TI/TIRTOS/PDK_AM~1/packages/ti/starterware/binary/board/lib/am335x-evm/a8/release/gcc\libboard.a(am335x_custom.o)
                                  0x1 (size before relaxing)
 .rodata.gDCardAm335xLCD4Data
                0x80007920       0x44 E:/uC-Soft/TI/TIRTOS/PDK_AM~1/packages/ti/starterware/binary/board/lib/am335x-evm/a8/release/gcc\libboard.a(am335x_lcd4_dcard.o)
                0x80007920                gDCardAm335xLCD4Data
 .rodata.gDCardAm335xLCD4DevData
                0x80007964       0x50 E:/uC-Soft/TI/TIRTOS/PDK_AM~1/packages/ti/starterware/binary/board/lib/am335x-evm/a8/release/gcc\libboard.a(am335x_lcd4_dcard.o)
                0x80007964                gDCardAm335xLCD4DevData
 .rodata.str1.4
                0x800079b4       0x15 E:/uC-Soft/TI/TIRTOS/PDK_AM~1/packages/ti/starterware/binary/board/lib/am335x-evm/a8/release/gcc\libboard.a(am335x_lcd4_dcard.o)
                                 0x25 (size before relaxing)
 *fill*         0x800079c9        0x3 
 .rodata.CONSOLEUtilsGetc.str1.4
                0x800079cc       0x2c E:/uC-Soft/TI/TIRTOS/PDK_AM~1/packages/ti/starterware/binary/utils/lib/am335x-evm/a8/release/gcc\libutils.a(console_utils.o)
 .rodata.CONSOLEUtilsSetType.str1.4
                0x800079f8       0x23 E:/uC-Soft/TI/TIRTOS/PDK_AM~1/packages/ti/starterware/binary/utils/lib/am335x-evm/a8/release/gcc\libutils.a(console_utils.o)
 *fill*         0x80007a1b        0x1 
 .rodata.I2CUTILSINITPARAMS_DEFAULT
                0x80007a1c       0x10 E:/uC-Soft/TI/TIRTOS/PDK_AM~1/packages/ti/starterware/binary/utils/lib/am335x-evm/a8/release/gcc\libutils.a(i2c_utils.o)
                0x80007a1c                I2CUTILSINITPARAMS_DEFAULT
 .rodata.CONSOLEUtilsUartPrintFmt.str1.4
                0x80007a2c       0x19 E:/uC-Soft/TI/TIRTOS/PDK_AM~1/packages/ti/starterware/binary/utils/lib/am335x-evm/a8/release/gcc\libutils.a(console_utils_uart.o)
 *fill*         0x80007a45        0x3 
 .rodata.UART_CONSOLE_DEFAULT
                0x80007a48       0x18 E:/uC-Soft/TI/TIRTOS/PDK_AM~1/packages/ti/starterware/binary/utils/lib/am335x-evm/a8/release/gcc\libutils.a(console_utils_uart.o)
 .rodata.SOCGetCoreName.str1.4
                0x80007a60        0x3 E:/uC-Soft/TI/TIRTOS/PDK_AM~1/packages/ti/starterware/binary/soc/lib/am335x-evm/a8/release/gcc\libsoc.a(soc.o)
 *fill*         0x80007a63        0x1 
 .rodata.SOCGetSocFamilyName.str1.4
                0x80007a64        0x7 E:/uC-Soft/TI/TIRTOS/PDK_AM~1/packages/ti/starterware/binary/soc/lib/am335x-evm/a8/release/gcc\libsoc.a(soc.o)
 *fill*         0x80007a6b        0x1 
 .rodata.SOCPrintInfo.str1.4
                0x80007a6c       0x40 E:/uC-Soft/TI/TIRTOS/PDK_AM~1/packages/ti/starterware/binary/soc/lib/am335x-evm/a8/release/gcc\libsoc.a(soc.o)
 .rodata.vecTbl
                0x80007aac       0x38 E:/uC-Soft/TI/TIRTOS/PDK_AM~1/packages/ti/starterware/binary/soc/lib/am335x-evm/a8/release/gcc\libsoc.a(startup.o)
 .rodata.gChipDBResourceIDMap
                0x80007ae4      0x244 E:/uC-Soft/TI/TIRTOS/PDK_AM~1/packages/ti/starterware/binary/soc/lib/am335x-evm/a8/release/gcc\libsoc.a(hw_am335x_chipdb.o)
                0x80007ae4                gChipDBResourceIDMap
 .rodata.gChipDBResourceTable
                0x80007d28       0x18 E:/uC-Soft/TI/TIRTOS/PDK_AM~1/packages/ti/starterware/binary/soc/lib/am335x-evm/a8/release/gcc\libsoc.a(hw_am335x_chipdb.o)
                0x80007d28                gChipDBResourceTable
 .rodata.gChipDBBaseAddrTable
                0x80007d40      0x200 E:/uC-Soft/TI/TIRTOS/PDK_AM~1/packages/ti/starterware/binary/soc/lib/am335x-evm/a8/release/gcc\libsoc.a(hw_am335x_chipdb_baseaddr.o)
                0x80007d40                gChipDBBaseAddrTable

.glue_7         0x80007f40        0x0
 .glue_7        0x80007f40        0x0 linker stubs

.glue_7t        0x80007f40        0x0
 .glue_7t       0x80007f40        0x0 linker stubs

.vfp11_veneer   0x80007f40        0x0
 .vfp11_veneer  0x80007f40        0x0 linker stubs

.v4_bx          0x80007f40        0x0
 .v4_bx         0x80007f40        0x0 linker stubs

.init           0x80007f40        0xc
 .init          0x80007f40        0xc e:/uc-soft/ti/tirtos/gcc-arm-none-eabi-6-2017-q1-update/bin/../lib/gcc/arm-none-eabi/6.3.1/hard/crti.o
                0x80007f40                _init

.fini           0x80007f4c        0xc
 .fini          0x80007f4c        0xc e:/uc-soft/ti/tirtos/gcc-arm-none-eabi-6-2017-q1-update/bin/../lib/gcc/arm-none-eabi/6.3.1/hard/crti.o
                0x80007f4c                _fini

.iplt           0x80007f58        0x0
 .iplt          0x80007f58        0x0 e:/uc-soft/ti/tirtos/gcc-arm-none-eabi-6-2017-q1-update/bin/../lib/gcc/arm-none-eabi/6.3.1/hard/crtbegin.o

.rel.dyn        0x80007f58        0x0
 .rel.iplt      0x80007f58        0x0 e:/uc-soft/ti/tirtos/gcc-arm-none-eabi-6-2017-q1-update/bin/../lib/gcc/arm-none-eabi/6.3.1/hard/crtbegin.o

.ARM.exidx      0x80007f58        0x8
 .ARM.exidx     0x80007f58        0x8 e:/uc-soft/ti/tirtos/gcc-arm-none-eabi-6-2017-q1-update/bin/../lib/gcc/arm-none-eabi/6.3.1/hard\libgcc.a(_udivmoddi4.o)

.data           0x80007f60     0x1828
                0x80007f60                . = ALIGN (0x4)
 *(.data*)
 .data.gBoardAm335xI2cData
                0x80007f60        0xc E:/uC-Soft/TI/TIRTOS/PDK_AM~1/packages/ti/starterware/binary/board/lib/am335x-evm/a8/release/gcc\libboard.a(board_am335x.o)
 .data.gBoardAm335xI2cInstData
                0x80007f6c       0x20 E:/uC-Soft/TI/TIRTOS/PDK_AM~1/packages/ti/starterware/binary/board/lib/am335x-evm/a8/release/gcc\libboard.a(board_am335x.o)
 .data.gpDCardAm335xData
                0x80007f8c        0x8 E:/uC-Soft/TI/TIRTOS/PDK_AM~1/packages/ti/starterware/binary/board/lib/am335x-evm/a8/release/gcc\libboard.a(dcard_am335x.o)
 .data.gpBoardAm335xGpevmRevStrTable
                0x80007f94       0x14 E:/uC-Soft/TI/TIRTOS/PDK_AM~1/packages/ti/starterware/binary/board/lib/am335x-evm/a8/release/gcc\libboard.a(am335x_gpevm.o)
                0x80007f94                gpBoardAm335xGpevmRevStrTable
 .data.gpBoardAm335xEvmskRevStrTable
                0x80007fa8        0xc E:/uC-Soft/TI/TIRTOS/PDK_AM~1/packages/ti/starterware/binary/board/lib/am335x-evm/a8/release/gcc\libboard.a(am335x_evmsk.o)
                0x80007fa8                gpBoardAm335xEvmskRevStrTable
 .data.gpBoardAm335xBeagleboneRevStrTable
                0x80007fb4       0x18 E:/uC-Soft/TI/TIRTOS/PDK_AM~1/packages/ti/starterware/binary/board/lib/am335x-evm/a8/release/gcc\libboard.a(am335x_beaglebone.o)
                0x80007fb4                gpBoardAm335xBeagleboneRevStrTable
 .data.gBoardAm335xBeagleboneblackDCards
                0x80007fcc       0x18 E:/uC-Soft/TI/TIRTOS/PDK_AM~1/packages/ti/starterware/binary/board/lib/am335x-evm/a8/release/gcc\libboard.a(am335x_beagleboneblack.o)
                0x80007fcc                gBoardAm335xBeagleboneblackDCards
 .data.gpBoardAm335xBeagleboneblackRevStrTable
                0x80007fe4        0xc E:/uC-Soft/TI/TIRTOS/PDK_AM~1/packages/ti/starterware/binary/board/lib/am335x-evm/a8/release/gcc\libboard.a(am335x_beagleboneblack.o)
                0x80007fe4                gpBoardAm335xBeagleboneblackRevStrTable
 .data.gpBoardAm335xIceV1RevStrTable
                0x80007ff0       0x18 E:/uC-Soft/TI/TIRTOS/PDK_AM~1/packages/ti/starterware/binary/board/lib/am335x-evm/a8/release/gcc\libboard.a(am335x_icev1.o)
                0x80007ff0                gpBoardAm335xIceV1RevStrTable
 .data.gpBoardAm335xIceV2RevStrTable
                0x80008008       0x18 E:/uC-Soft/TI/TIRTOS/PDK_AM~1/packages/ti/starterware/binary/board/lib/am335x-evm/a8/release/gcc\libboard.a(am335x_icev2.o)
                0x80008008                gpBoardAm335xIceV2RevStrTable
 .data.gpBoardAm335xAMIC110RevStrTable
                0x80008020       0x18 E:/uC-Soft/TI/TIRTOS/PDK_AM~1/packages/ti/starterware/binary/board/lib/am335x-evm/a8/release/gcc\libboard.a(am335x_amic110.o)
                0x80008020                gpBoardAm335xAMIC110RevStrTable
 .data.gpBoardAm335xCustomRevStrTable
                0x80008038        0x4 E:/uC-Soft/TI/TIRTOS/PDK_AM~1/packages/ti/starterware/binary/board/lib/am335x-evm/a8/release/gcc\libboard.a(am335x_custom.o)
                0x80008038                gpBoardAm335xCustomRevStrTable
 .data.gCpsw0PinCfg
                0x8000803c       0x98 E:/uC-Soft/TI/TIRTOS/PDK_AM~1/packages/ti/starterware/binary/board/lib/am335x-evm/a8/release/gcc\libboard.a(am335x_gpevm_pinmux_data.o)
 .data.gCpswPinCfg
                0x800080d4       0x10 E:/uC-Soft/TI/TIRTOS/PDK_AM~1/packages/ti/starterware/binary/board/lib/am335x-evm/a8/release/gcc\libboard.a(am335x_gpevm_pinmux_data.o)
 .data.gDcan1PinCfg
                0x800080e4       0x18 E:/uC-Soft/TI/TIRTOS/PDK_AM~1/packages/ti/starterware/binary/board/lib/am335x-evm/a8/release/gcc\libboard.a(am335x_gpevm_pinmux_data.o)
 .data.gDcanPinCfg
                0x800080fc       0x10 E:/uC-Soft/TI/TIRTOS/PDK_AM~1/packages/ti/starterware/binary/board/lib/am335x-evm/a8/release/gcc\libboard.a(am335x_gpevm_pinmux_data.o)
 .data.gGpevmPinmuxData
                0x8000810c       0x58 E:/uC-Soft/TI/TIRTOS/PDK_AM~1/packages/ti/starterware/binary/board/lib/am335x-evm/a8/release/gcc\libboard.a(am335x_gpevm_pinmux_data.o)
                0x8000810c                gGpevmPinmuxData
 .data.gGpio0PinCfg
                0x80008164       0x18 E:/uC-Soft/TI/TIRTOS/PDK_AM~1/packages/ti/starterware/binary/board/lib/am335x-evm/a8/release/gcc\libboard.a(am335x_gpevm_pinmux_data.o)
 .data.gGpio1PinCfg
                0x8000817c       0x10 E:/uC-Soft/TI/TIRTOS/PDK_AM~1/packages/ti/starterware/binary/board/lib/am335x-evm/a8/release/gcc\libboard.a(am335x_gpevm_pinmux_data.o)
 .data.gGpioPinCfg
                0x8000818c       0x18 E:/uC-Soft/TI/TIRTOS/PDK_AM~1/packages/ti/starterware/binary/board/lib/am335x-evm/a8/release/gcc\libboard.a(am335x_gpevm_pinmux_data.o)
 .data.gGpmc0PinCfg
                0x800081a4       0xc0 E:/uC-Soft/TI/TIRTOS/PDK_AM~1/packages/ti/starterware/binary/board/lib/am335x-evm/a8/release/gcc\libboard.a(am335x_gpevm_pinmux_data.o)
 .data.gGpmcPinCfg
                0x80008264       0x10 E:/uC-Soft/TI/TIRTOS/PDK_AM~1/packages/ti/starterware/binary/board/lib/am335x-evm/a8/release/gcc\libboard.a(am335x_gpevm_pinmux_data.o)
 .data.gI2c0PinCfg
                0x80008274       0x18 E:/uC-Soft/TI/TIRTOS/PDK_AM~1/packages/ti/starterware/binary/board/lib/am335x-evm/a8/release/gcc\libboard.a(am335x_gpevm_pinmux_data.o)
 .data.gI2c1PinCfg
                0x8000828c       0x18 E:/uC-Soft/TI/TIRTOS/PDK_AM~1/packages/ti/starterware/binary/board/lib/am335x-evm/a8/release/gcc\libboard.a(am335x_gpevm_pinmux_data.o)
 .data.gI2cPinCfg
                0x800082a4       0x18 E:/uC-Soft/TI/TIRTOS/PDK_AM~1/packages/ti/starterware/binary/board/lib/am335x-evm/a8/release/gcc\libboard.a(am335x_gpevm_pinmux_data.o)
 .data.gLcdc0PinCfg
                0x800082bc       0xf0 E:/uC-Soft/TI/TIRTOS/PDK_AM~1/packages/ti/starterware/binary/board/lib/am335x-evm/a8/release/gcc\libboard.a(am335x_gpevm_pinmux_data.o)
 .data.gLcdcPinCfg
                0x800083ac       0x10 E:/uC-Soft/TI/TIRTOS/PDK_AM~1/packages/ti/starterware/binary/board/lib/am335x-evm/a8/release/gcc\libboard.a(am335x_gpevm_pinmux_data.o)
 .data.gMcspi0PinCfg
                0x800083bc       0x28 E:/uC-Soft/TI/TIRTOS/PDK_AM~1/packages/ti/starterware/binary/board/lib/am335x-evm/a8/release/gcc\libboard.a(am335x_gpevm_pinmux_data.o)
 .data.gMcspiPinCfg
                0x800083e4       0x10 E:/uC-Soft/TI/TIRTOS/PDK_AM~1/packages/ti/starterware/binary/board/lib/am335x-evm/a8/release/gcc\libboard.a(am335x_gpevm_pinmux_data.o)
 .data.gMmcsd0PinCfg
                0x800083f4       0x40 E:/uC-Soft/TI/TIRTOS/PDK_AM~1/packages/ti/starterware/binary/board/lib/am335x-evm/a8/release/gcc\libboard.a(am335x_gpevm_pinmux_data.o)
 .data.gMmcsdPinCfg
                0x80008434       0x10 E:/uC-Soft/TI/TIRTOS/PDK_AM~1/packages/ti/starterware/binary/board/lib/am335x-evm/a8/release/gcc\libboard.a(am335x_gpevm_pinmux_data.o)
 .data.gPwmss2PinCfg
                0x80008444       0x10 E:/uC-Soft/TI/TIRTOS/PDK_AM~1/packages/ti/starterware/binary/board/lib/am335x-evm/a8/release/gcc\libboard.a(am335x_gpevm_pinmux_data.o)
 .data.gPwmssPinCfg
                0x80008454       0x10 E:/uC-Soft/TI/TIRTOS/PDK_AM~1/packages/ti/starterware/binary/board/lib/am335x-evm/a8/release/gcc\libboard.a(am335x_gpevm_pinmux_data.o)
 .data.gUart0PinCfg
                0x80008464       0x18 E:/uC-Soft/TI/TIRTOS/PDK_AM~1/packages/ti/starterware/binary/board/lib/am335x-evm/a8/release/gcc\libboard.a(am335x_gpevm_pinmux_data.o)
 .data.gUartPinCfg
                0x8000847c       0x10 E:/uC-Soft/TI/TIRTOS/PDK_AM~1/packages/ti/starterware/binary/board/lib/am335x-evm/a8/release/gcc\libboard.a(am335x_gpevm_pinmux_data.o)
 .data.gCpsw0PinCfg
                0x8000848c       0xd8 E:/uC-Soft/TI/TIRTOS/PDK_AM~1/packages/ti/starterware/binary/board/lib/am335x-evm/a8/release/gcc\libboard.a(am335x_evmsk_pinmux_data.o)
 .data.gCpswPinCfg
                0x80008564       0x10 E:/uC-Soft/TI/TIRTOS/PDK_AM~1/packages/ti/starterware/binary/board/lib/am335x-evm/a8/release/gcc\libboard.a(am335x_evmsk_pinmux_data.o)
 .data.gEvmskPinmuxData
                0x80008574       0x30 E:/uC-Soft/TI/TIRTOS/PDK_AM~1/packages/ti/starterware/binary/board/lib/am335x-evm/a8/release/gcc\libboard.a(am335x_evmsk_pinmux_data.o)
                0x80008574                gEvmskPinmuxData
 .data.gGpio0PinCfg
                0x800085a4       0x18 E:/uC-Soft/TI/TIRTOS/PDK_AM~1/packages/ti/starterware/binary/board/lib/am335x-evm/a8/release/gcc\libboard.a(am335x_evmsk_pinmux_data.o)
 .data.gGpio1PinCfg
                0x800085bc       0x28 E:/uC-Soft/TI/TIRTOS/PDK_AM~1/packages/ti/starterware/binary/board/lib/am335x-evm/a8/release/gcc\libboard.a(am335x_evmsk_pinmux_data.o)
 .data.gGpio2PinCfg
                0x800085e4       0x20 E:/uC-Soft/TI/TIRTOS/PDK_AM~1/packages/ti/starterware/binary/board/lib/am335x-evm/a8/release/gcc\libboard.a(am335x_evmsk_pinmux_data.o)
 .data.gGpioPinCfg
                0x80008604       0x20 E:/uC-Soft/TI/TIRTOS/PDK_AM~1/packages/ti/starterware/binary/board/lib/am335x-evm/a8/release/gcc\libboard.a(am335x_evmsk_pinmux_data.o)
 .data.gI2c0PinCfg
                0x80008624       0x18 E:/uC-Soft/TI/TIRTOS/PDK_AM~1/packages/ti/starterware/binary/board/lib/am335x-evm/a8/release/gcc\libboard.a(am335x_evmsk_pinmux_data.o)
 .data.gI2cPinCfg
                0x8000863c       0x10 E:/uC-Soft/TI/TIRTOS/PDK_AM~1/packages/ti/starterware/binary/board/lib/am335x-evm/a8/release/gcc\libboard.a(am335x_evmsk_pinmux_data.o)
 .data.gMmcsd0PinCfg
                0x8000864c       0x40 E:/uC-Soft/TI/TIRTOS/PDK_AM~1/packages/ti/starterware/binary/board/lib/am335x-evm/a8/release/gcc\libboard.a(am335x_evmsk_pinmux_data.o)
 .data.gMmcsdPinCfg
                0x8000868c       0x10 E:/uC-Soft/TI/TIRTOS/PDK_AM~1/packages/ti/starterware/binary/board/lib/am335x-evm/a8/release/gcc\libboard.a(am335x_evmsk_pinmux_data.o)
 .data.gUart0PinCfg
                0x8000869c       0x18 E:/uC-Soft/TI/TIRTOS/PDK_AM~1/packages/ti/starterware/binary/board/lib/am335x-evm/a8/release/gcc\libboard.a(am335x_evmsk_pinmux_data.o)
 .data.gUartPinCfg
                0x800086b4       0x10 E:/uC-Soft/TI/TIRTOS/PDK_AM~1/packages/ti/starterware/binary/board/lib/am335x-evm/a8/release/gcc\libboard.a(am335x_evmsk_pinmux_data.o)
 .data.gBbPinmuxData
                0x800086c4       0x30 E:/uC-Soft/TI/TIRTOS/PDK_AM~1/packages/ti/starterware/binary/board/lib/am335x-evm/a8/release/gcc\libboard.a(am335x_beaglebone_pinmux_data.o)
                0x800086c4                gBbPinmuxData
 .data.gCpsw0PinCfg
                0x800086f4       0x90 E:/uC-Soft/TI/TIRTOS/PDK_AM~1/packages/ti/starterware/binary/board/lib/am335x-evm/a8/release/gcc\libboard.a(am335x_beaglebone_pinmux_data.o)
 .data.gCpswPinCfg
                0x80008784       0x10 E:/uC-Soft/TI/TIRTOS/PDK_AM~1/packages/ti/starterware/binary/board/lib/am335x-evm/a8/release/gcc\libboard.a(am335x_beaglebone_pinmux_data.o)
 .data.gGpio1PinCfg
                0x80008794       0x10 E:/uC-Soft/TI/TIRTOS/PDK_AM~1/packages/ti/starterware/binary/board/lib/am335x-evm/a8/release/gcc\libboard.a(am335x_beaglebone_pinmux_data.o)
 .data.gGpioPinCfg
                0x800087a4       0x10 E:/uC-Soft/TI/TIRTOS/PDK_AM~1/packages/ti/starterware/binary/board/lib/am335x-evm/a8/release/gcc\libboard.a(am335x_beaglebone_pinmux_data.o)
 .data.gI2c0PinCfg
                0x800087b4       0x18 E:/uC-Soft/TI/TIRTOS/PDK_AM~1/packages/ti/starterware/binary/board/lib/am335x-evm/a8/release/gcc\libboard.a(am335x_beaglebone_pinmux_data.o)
 .data.gI2cPinCfg
                0x800087cc       0x10 E:/uC-Soft/TI/TIRTOS/PDK_AM~1/packages/ti/starterware/binary/board/lib/am335x-evm/a8/release/gcc\libboard.a(am335x_beaglebone_pinmux_data.o)
 .data.gMmcsd0PinCfg
                0x800087dc       0x40 E:/uC-Soft/TI/TIRTOS/PDK_AM~1/packages/ti/starterware/binary/board/lib/am335x-evm/a8/release/gcc\libboard.a(am335x_beaglebone_pinmux_data.o)
 .data.gMmcsdPinCfg
                0x8000881c       0x10 E:/uC-Soft/TI/TIRTOS/PDK_AM~1/packages/ti/starterware/binary/board/lib/am335x-evm/a8/release/gcc\libboard.a(am335x_beaglebone_pinmux_data.o)
 .data.gUart0PinCfg
                0x8000882c       0x18 E:/uC-Soft/TI/TIRTOS/PDK_AM~1/packages/ti/starterware/binary/board/lib/am335x-evm/a8/release/gcc\libboard.a(am335x_beaglebone_pinmux_data.o)
 .data.gUartPinCfg
                0x80008844       0x10 E:/uC-Soft/TI/TIRTOS/PDK_AM~1/packages/ti/starterware/binary/board/lib/am335x-evm/a8/release/gcc\libboard.a(am335x_beaglebone_pinmux_data.o)
 .data.gBbbPinmuxData
                0x80008854       0x40 E:/uC-Soft/TI/TIRTOS/PDK_AM~1/packages/ti/starterware/binary/board/lib/am335x-evm/a8/release/gcc\libboard.a(am335x_beagleboneblack_pinmux_data.o)
                0x80008854                gBbbPinmuxData
 .data.gCpsw0PinCfg
                0x80008894       0x90 E:/uC-Soft/TI/TIRTOS/PDK_AM~1/packages/ti/starterware/binary/board/lib/am335x-evm/a8/release/gcc\libboard.a(am335x_beagleboneblack_pinmux_data.o)
 .data.gCpswPinCfg
                0x80008924       0x10 E:/uC-Soft/TI/TIRTOS/PDK_AM~1/packages/ti/starterware/binary/board/lib/am335x-evm/a8/release/gcc\libboard.a(am335x_beagleboneblack_pinmux_data.o)
 .data.gGpio1PinCfg
                0x80008934       0x30 E:/uC-Soft/TI/TIRTOS/PDK_AM~1/packages/ti/starterware/binary/board/lib/am335x-evm/a8/release/gcc\libboard.a(am335x_beagleboneblack_pinmux_data.o)
 .data.gGpio3PinCfg
                0x80008964       0x10 E:/uC-Soft/TI/TIRTOS/PDK_AM~1/packages/ti/starterware/binary/board/lib/am335x-evm/a8/release/gcc\libboard.a(am335x_beagleboneblack_pinmux_data.o)
 .data.gGpioPinCfg
                0x80008974       0x18 E:/uC-Soft/TI/TIRTOS/PDK_AM~1/packages/ti/starterware/binary/board/lib/am335x-evm/a8/release/gcc\libboard.a(am335x_beagleboneblack_pinmux_data.o)
 .data.gI2c0PinCfg
                0x8000898c       0x18 E:/uC-Soft/TI/TIRTOS/PDK_AM~1/packages/ti/starterware/binary/board/lib/am335x-evm/a8/release/gcc\libboard.a(am335x_beagleboneblack_pinmux_data.o)
 .data.gI2cPinCfg
                0x800089a4       0x10 E:/uC-Soft/TI/TIRTOS/PDK_AM~1/packages/ti/starterware/binary/board/lib/am335x-evm/a8/release/gcc\libboard.a(am335x_beagleboneblack_pinmux_data.o)
 .data.gLcdc0PinCfg
                0x800089b4       0xf0 E:/uC-Soft/TI/TIRTOS/PDK_AM~1/packages/ti/starterware/binary/board/lib/am335x-evm/a8/release/gcc\libboard.a(am335x_beagleboneblack_pinmux_data.o)
 .data.gLcdcPinCfg
                0x80008aa4       0x10 E:/uC-Soft/TI/TIRTOS/PDK_AM~1/packages/ti/starterware/binary/board/lib/am335x-evm/a8/release/gcc\libboard.a(am335x_beagleboneblack_pinmux_data.o)
 .data.gMcspi0PinCfg
                0x80008ab4       0x28 E:/uC-Soft/TI/TIRTOS/PDK_AM~1/packages/ti/starterware/binary/board/lib/am335x-evm/a8/release/gcc\libboard.a(am335x_beagleboneblack_pinmux_data.o)
 .data.gMcspi1PinCfg
                0x80008adc       0x28 E:/uC-Soft/TI/TIRTOS/PDK_AM~1/packages/ti/starterware/binary/board/lib/am335x-evm/a8/release/gcc\libboard.a(am335x_beagleboneblack_pinmux_data.o)
 .data.gMcspiPinCfg
                0x80008b04       0x18 E:/uC-Soft/TI/TIRTOS/PDK_AM~1/packages/ti/starterware/binary/board/lib/am335x-evm/a8/release/gcc\libboard.a(am335x_beagleboneblack_pinmux_data.o)
 .data.gMmcsd0PinCfg
                0x80008b1c       0x40 E:/uC-Soft/TI/TIRTOS/PDK_AM~1/packages/ti/starterware/binary/board/lib/am335x-evm/a8/release/gcc\libboard.a(am335x_beagleboneblack_pinmux_data.o)
 .data.gMmcsdPinCfg
                0x80008b5c       0x10 E:/uC-Soft/TI/TIRTOS/PDK_AM~1/packages/ti/starterware/binary/board/lib/am335x-evm/a8/release/gcc\libboard.a(am335x_beagleboneblack_pinmux_data.o)
 .data.gUart0PinCfg
                0x80008b6c       0x18 E:/uC-Soft/TI/TIRTOS/PDK_AM~1/packages/ti/starterware/binary/board/lib/am335x-evm/a8/release/gcc\libboard.a(am335x_beagleboneblack_pinmux_data.o)
 .data.gUartPinCfg
                0x80008b84       0x10 E:/uC-Soft/TI/TIRTOS/PDK_AM~1/packages/ti/starterware/binary/board/lib/am335x-evm/a8/release/gcc\libboard.a(am335x_beagleboneblack_pinmux_data.o)
 .data.gGpio0PinCfg
                0x80008b94       0x10 E:/uC-Soft/TI/TIRTOS/PDK_AM~1/packages/ti/starterware/binary/board/lib/am335x-evm/a8/release/gcc\libboard.a(am335x_icev1_pinmux_data.o)
 .data.gGpioPinCfg
                0x80008ba4       0x10 E:/uC-Soft/TI/TIRTOS/PDK_AM~1/packages/ti/starterware/binary/board/lib/am335x-evm/a8/release/gcc\libboard.a(am335x_icev1_pinmux_data.o)
 .data.gI2c0PinCfg
                0x80008bb4       0x18 E:/uC-Soft/TI/TIRTOS/PDK_AM~1/packages/ti/starterware/binary/board/lib/am335x-evm/a8/release/gcc\libboard.a(am335x_icev1_pinmux_data.o)
 .data.gI2cPinCfg
                0x80008bcc       0x10 E:/uC-Soft/TI/TIRTOS/PDK_AM~1/packages/ti/starterware/binary/board/lib/am335x-evm/a8/release/gcc\libboard.a(am335x_icev1_pinmux_data.o)
 .data.gIceV1PinmuxData
                0x80008bdc       0x30 E:/uC-Soft/TI/TIRTOS/PDK_AM~1/packages/ti/starterware/binary/board/lib/am335x-evm/a8/release/gcc\libboard.a(am335x_icev1_pinmux_data.o)
                0x80008bdc                gIceV1PinmuxData
 .data.gMcspi0PinCfg
                0x80008c0c       0x28 E:/uC-Soft/TI/TIRTOS/PDK_AM~1/packages/ti/starterware/binary/board/lib/am335x-evm/a8/release/gcc\libboard.a(am335x_icev1_pinmux_data.o)
 .data.gMcspiPinCfg
                0x80008c34       0x10 E:/uC-Soft/TI/TIRTOS/PDK_AM~1/packages/ti/starterware/binary/board/lib/am335x-evm/a8/release/gcc\libboard.a(am335x_icev1_pinmux_data.o)
 .data.gMmcsd1PinCfg
                0x80008c44       0x40 E:/uC-Soft/TI/TIRTOS/PDK_AM~1/packages/ti/starterware/binary/board/lib/am335x-evm/a8/release/gcc\libboard.a(am335x_icev1_pinmux_data.o)
 .data.gMmcsdPinCfg
                0x80008c84       0x10 E:/uC-Soft/TI/TIRTOS/PDK_AM~1/packages/ti/starterware/binary/board/lib/am335x-evm/a8/release/gcc\libboard.a(am335x_icev1_pinmux_data.o)
 .data.gUart0PinCfg
                0x80008c94       0x18 E:/uC-Soft/TI/TIRTOS/PDK_AM~1/packages/ti/starterware/binary/board/lib/am335x-evm/a8/release/gcc\libboard.a(am335x_icev1_pinmux_data.o)
 .data.gUart1PinCfg
                0x80008cac       0x18 E:/uC-Soft/TI/TIRTOS/PDK_AM~1/packages/ti/starterware/binary/board/lib/am335x-evm/a8/release/gcc\libboard.a(am335x_icev1_pinmux_data.o)
 .data.gUart3PinCfg
                0x80008cc4       0x18 E:/uC-Soft/TI/TIRTOS/PDK_AM~1/packages/ti/starterware/binary/board/lib/am335x-evm/a8/release/gcc\libboard.a(am335x_icev1_pinmux_data.o)
 .data.gUart4PinCfg
                0x80008cdc       0x18 E:/uC-Soft/TI/TIRTOS/PDK_AM~1/packages/ti/starterware/binary/board/lib/am335x-evm/a8/release/gcc\libboard.a(am335x_icev1_pinmux_data.o)
 .data.gUart5PinCfg
                0x80008cf4       0x18 E:/uC-Soft/TI/TIRTOS/PDK_AM~1/packages/ti/starterware/binary/board/lib/am335x-evm/a8/release/gcc\libboard.a(am335x_icev1_pinmux_data.o)
 .data.gUartPinCfg
                0x80008d0c       0x30 E:/uC-Soft/TI/TIRTOS/PDK_AM~1/packages/ti/starterware/binary/board/lib/am335x-evm/a8/release/gcc\libboard.a(am335x_icev1_pinmux_data.o)
 .data.gCpsw0PinCfg
                0x80008d3c       0x98 E:/uC-Soft/TI/TIRTOS/PDK_AM~1/packages/ti/starterware/binary/board/lib/am335x-evm/a8/release/gcc\libboard.a(am335x_icev2_pinmux_data.o)
 .data.gCpswPinCfg
                0x80008dd4       0x10 E:/uC-Soft/TI/TIRTOS/PDK_AM~1/packages/ti/starterware/binary/board/lib/am335x-evm/a8/release/gcc\libboard.a(am335x_icev2_pinmux_data.o)
 .data.gGpio0PinCfg
                0x80008de4       0x58 E:/uC-Soft/TI/TIRTOS/PDK_AM~1/packages/ti/starterware/binary/board/lib/am335x-evm/a8/release/gcc\libboard.a(am335x_icev2_pinmux_data.o)
 .data.gGpio1PinCfg
                0x80008e3c       0x20 E:/uC-Soft/TI/TIRTOS/PDK_AM~1/packages/ti/starterware/binary/board/lib/am335x-evm/a8/release/gcc\libboard.a(am335x_icev2_pinmux_data.o)
 .data.gGpio2PinCfg
                0x80008e5c       0x10 E:/uC-Soft/TI/TIRTOS/PDK_AM~1/packages/ti/starterware/binary/board/lib/am335x-evm/a8/release/gcc\libboard.a(am335x_icev2_pinmux_data.o)
 .data.gGpio3PinCfg
                0x80008e6c       0x30 E:/uC-Soft/TI/TIRTOS/PDK_AM~1/packages/ti/starterware/binary/board/lib/am335x-evm/a8/release/gcc\libboard.a(am335x_icev2_pinmux_data.o)
 .data.gGpioPinCfg
                0x80008e9c       0x28 E:/uC-Soft/TI/TIRTOS/PDK_AM~1/packages/ti/starterware/binary/board/lib/am335x-evm/a8/release/gcc\libboard.a(am335x_icev2_pinmux_data.o)
 .data.gGpmc0PinCfg
                0x80008ec4       0x28 E:/uC-Soft/TI/TIRTOS/PDK_AM~1/packages/ti/starterware/binary/board/lib/am335x-evm/a8/release/gcc\libboard.a(am335x_icev2_pinmux_data.o)
 .data.gGpmcPinCfg
                0x80008eec       0x10 E:/uC-Soft/TI/TIRTOS/PDK_AM~1/packages/ti/starterware/binary/board/lib/am335x-evm/a8/release/gcc\libboard.a(am335x_icev2_pinmux_data.o)
 .data.gI2c0PinCfg
                0x80008efc       0x18 E:/uC-Soft/TI/TIRTOS/PDK_AM~1/packages/ti/starterware/binary/board/lib/am335x-evm/a8/release/gcc\libboard.a(am335x_icev2_pinmux_data.o)
 .data.gI2cPinCfg
                0x80008f14       0x10 E:/uC-Soft/TI/TIRTOS/PDK_AM~1/packages/ti/starterware/binary/board/lib/am335x-evm/a8/release/gcc\libboard.a(am335x_icev2_pinmux_data.o)
 .data.gIceV2PinmuxData
                0x80008f24       0x48 E:/uC-Soft/TI/TIRTOS/PDK_AM~1/packages/ti/starterware/binary/board/lib/am335x-evm/a8/release/gcc\libboard.a(am335x_icev2_pinmux_data.o)
                0x80008f24                gIceV2PinmuxData
 .data.gMcspi0PinCfg
                0x80008f6c       0x30 E:/uC-Soft/TI/TIRTOS/PDK_AM~1/packages/ti/starterware/binary/board/lib/am335x-evm/a8/release/gcc\libboard.a(am335x_icev2_pinmux_data.o)
 .data.gMcspi1PinCfg
                0x80008f9c       0x28 E:/uC-Soft/TI/TIRTOS/PDK_AM~1/packages/ti/starterware/binary/board/lib/am335x-evm/a8/release/gcc\libboard.a(am335x_icev2_pinmux_data.o)
 .data.gMcspiPinCfg
                0x80008fc4       0x18 E:/uC-Soft/TI/TIRTOS/PDK_AM~1/packages/ti/starterware/binary/board/lib/am335x-evm/a8/release/gcc\libboard.a(am335x_icev2_pinmux_data.o)
 .data.gMmcsd0PinCfg
                0x80008fdc       0x38 E:/uC-Soft/TI/TIRTOS/PDK_AM~1/packages/ti/starterware/binary/board/lib/am335x-evm/a8/release/gcc\libboard.a(am335x_icev2_pinmux_data.o)
 .data.gMmcsdPinCfg
                0x80009014       0x10 E:/uC-Soft/TI/TIRTOS/PDK_AM~1/packages/ti/starterware/binary/board/lib/am335x-evm/a8/release/gcc\libboard.a(am335x_icev2_pinmux_data.o)
 .data.gPru_icss1PinCfg
                0x80009024      0x140 E:/uC-Soft/TI/TIRTOS/PDK_AM~1/packages/ti/starterware/binary/board/lib/am335x-evm/a8/release/gcc\libboard.a(am335x_icev2_pinmux_data.o)
 .data.gPru_icssPinCfg
                0x80009164       0x10 E:/uC-Soft/TI/TIRTOS/PDK_AM~1/packages/ti/starterware/binary/board/lib/am335x-evm/a8/release/gcc\libboard.a(am335x_icev2_pinmux_data.o)
 .data.gUart0PinCfg
                0x80009174       0x18 E:/uC-Soft/TI/TIRTOS/PDK_AM~1/packages/ti/starterware/binary/board/lib/am335x-evm/a8/release/gcc\libboard.a(am335x_icev2_pinmux_data.o)
 .data.gUart1PinCfg
                0x8000918c       0x18 E:/uC-Soft/TI/TIRTOS/PDK_AM~1/packages/ti/starterware/binary/board/lib/am335x-evm/a8/release/gcc\libboard.a(am335x_icev2_pinmux_data.o)
 .data.gUart3PinCfg
                0x800091a4       0x18 E:/uC-Soft/TI/TIRTOS/PDK_AM~1/packages/ti/starterware/binary/board/lib/am335x-evm/a8/release/gcc\libboard.a(am335x_icev2_pinmux_data.o)
 .data.gUart4PinCfg
                0x800091bc       0x18 E:/uC-Soft/TI/TIRTOS/PDK_AM~1/packages/ti/starterware/binary/board/lib/am335x-evm/a8/release/gcc\libboard.a(am335x_icev2_pinmux_data.o)
 .data.gUartPinCfg
                0x800091d4       0x28 E:/uC-Soft/TI/TIRTOS/PDK_AM~1/packages/ti/starterware/binary/board/lib/am335x-evm/a8/release/gcc\libboard.a(am335x_icev2_pinmux_data.o)
 .data.gAMIC11xPinmuxData
                0x800091fc       0x68 E:/uC-Soft/TI/TIRTOS/PDK_AM~1/packages/ti/starterware/binary/board/lib/am335x-evm/a8/release/gcc\libboard.a(am335x_amic11x_pinmux_data.o)
                0x800091fc                gAMIC11xPinmuxData
 .data.gAdc0PinCfg
                0x80009264        0x8 E:/uC-Soft/TI/TIRTOS/PDK_AM~1/packages/ti/starterware/binary/board/lib/am335x-evm/a8/release/gcc\libboard.a(am335x_amic11x_pinmux_data.o)
 .data.gAdcPinCfg
                0x8000926c       0x10 E:/uC-Soft/TI/TIRTOS/PDK_AM~1/packages/ti/starterware/binary/board/lib/am335x-evm/a8/release/gcc\libboard.a(am335x_amic11x_pinmux_data.o)
 .data.gDebugss0PinCfg
                0x8000927c       0x48 E:/uC-Soft/TI/TIRTOS/PDK_AM~1/packages/ti/starterware/binary/board/lib/am335x-evm/a8/release/gcc\libboard.a(am335x_amic11x_pinmux_data.o)
 .data.gDebugssPinCfg
                0x800092c4       0x10 E:/uC-Soft/TI/TIRTOS/PDK_AM~1/packages/ti/starterware/binary/board/lib/am335x-evm/a8/release/gcc\libboard.a(am335x_amic11x_pinmux_data.o)
 .data.gEmif4PinCfg
                0x800092d4        0x8 E:/uC-Soft/TI/TIRTOS/PDK_AM~1/packages/ti/starterware/binary/board/lib/am335x-evm/a8/release/gcc\libboard.a(am335x_amic11x_pinmux_data.o)
 .data.gEmifPinCfg
                0x800092dc       0x10 E:/uC-Soft/TI/TIRTOS/PDK_AM~1/packages/ti/starterware/binary/board/lib/am335x-evm/a8/release/gcc\libboard.a(am335x_amic11x_pinmux_data.o)
 .data.gGlue0PinCfg
                0x800092ec       0x18 E:/uC-Soft/TI/TIRTOS/PDK_AM~1/packages/ti/starterware/binary/board/lib/am335x-evm/a8/release/gcc\libboard.a(am335x_amic11x_pinmux_data.o)
 .data.gGluePinCfg
                0x80009304       0x10 E:/uC-Soft/TI/TIRTOS/PDK_AM~1/packages/ti/starterware/binary/board/lib/am335x-evm/a8/release/gcc\libboard.a(am335x_amic11x_pinmux_data.o)
 .data.gGpio0PinCfg
                0x80009314       0x30 E:/uC-Soft/TI/TIRTOS/PDK_AM~1/packages/ti/starterware/binary/board/lib/am335x-evm/a8/release/gcc\libboard.a(am335x_amic11x_pinmux_data.o)
 .data.gGpio1PinCfg
                0x80009344       0x38 E:/uC-Soft/TI/TIRTOS/PDK_AM~1/packages/ti/starterware/binary/board/lib/am335x-evm/a8/release/gcc\libboard.a(am335x_amic11x_pinmux_data.o)
 .data.gGpio2PinCfg
                0x8000937c       0x38 E:/uC-Soft/TI/TIRTOS/PDK_AM~1/packages/ti/starterware/binary/board/lib/am335x-evm/a8/release/gcc\libboard.a(am335x_amic11x_pinmux_data.o)
 .data.gGpio3PinCfg
                0x800093b4       0x38 E:/uC-Soft/TI/TIRTOS/PDK_AM~1/packages/ti/starterware/binary/board/lib/am335x-evm/a8/release/gcc\libboard.a(am335x_amic11x_pinmux_data.o)
 .data.gGpioPinCfg
                0x800093ec       0x28 E:/uC-Soft/TI/TIRTOS/PDK_AM~1/packages/ti/starterware/binary/board/lib/am335x-evm/a8/release/gcc\libboard.a(am335x_amic11x_pinmux_data.o)
 .data.gI2c0PinCfg
                0x80009414       0x18 E:/uC-Soft/TI/TIRTOS/PDK_AM~1/packages/ti/starterware/binary/board/lib/am335x-evm/a8/release/gcc\libboard.a(am335x_amic11x_pinmux_data.o)
 .data.gI2cPinCfg
                0x8000942c       0x10 E:/uC-Soft/TI/TIRTOS/PDK_AM~1/packages/ti/starterware/binary/board/lib/am335x-evm/a8/release/gcc\libboard.a(am335x_amic11x_pinmux_data.o)
 .data.gMcasp1PinCfg
                0x8000943c       0x28 E:/uC-Soft/TI/TIRTOS/PDK_AM~1/packages/ti/starterware/binary/board/lib/am335x-evm/a8/release/gcc\libboard.a(am335x_amic11x_pinmux_data.o)
 .data.gMcaspPinCfg
                0x80009464       0x10 E:/uC-Soft/TI/TIRTOS/PDK_AM~1/packages/ti/starterware/binary/board/lib/am335x-evm/a8/release/gcc\libboard.a(am335x_amic11x_pinmux_data.o)
 .data.gMcspi0PinCfg
                0x80009474       0x30 E:/uC-Soft/TI/TIRTOS/PDK_AM~1/packages/ti/starterware/binary/board/lib/am335x-evm/a8/release/gcc\libboard.a(am335x_amic11x_pinmux_data.o)
 .data.gMcspi1PinCfg
                0x800094a4       0x28 E:/uC-Soft/TI/TIRTOS/PDK_AM~1/packages/ti/starterware/binary/board/lib/am335x-evm/a8/release/gcc\libboard.a(am335x_amic11x_pinmux_data.o)
 .data.gMcspiPinCfg
                0x800094cc       0x18 E:/uC-Soft/TI/TIRTOS/PDK_AM~1/packages/ti/starterware/binary/board/lib/am335x-evm/a8/release/gcc\libboard.a(am335x_amic11x_pinmux_data.o)
 .data.gOsc0PinCfg
                0x800094e4        0x8 E:/uC-Soft/TI/TIRTOS/PDK_AM~1/packages/ti/starterware/binary/board/lib/am335x-evm/a8/release/gcc\libboard.a(am335x_amic11x_pinmux_data.o)
 .data.gOscPinCfg
                0x800094ec       0x10 E:/uC-Soft/TI/TIRTOS/PDK_AM~1/packages/ti/starterware/binary/board/lib/am335x-evm/a8/release/gcc\libboard.a(am335x_amic11x_pinmux_data.o)
 .data.gPru_icss1PinCfg
                0x800094fc      0x140 E:/uC-Soft/TI/TIRTOS/PDK_AM~1/packages/ti/starterware/binary/board/lib/am335x-evm/a8/release/gcc\libboard.a(am335x_amic11x_pinmux_data.o)
 .data.gPru_icssPinCfg
                0x8000963c       0x10 E:/uC-Soft/TI/TIRTOS/PDK_AM~1/packages/ti/starterware/binary/board/lib/am335x-evm/a8/release/gcc\libboard.a(am335x_amic11x_pinmux_data.o)
 .data.gRtc0PinCfg
                0x8000964c       0x28 E:/uC-Soft/TI/TIRTOS/PDK_AM~1/packages/ti/starterware/binary/board/lib/am335x-evm/a8/release/gcc\libboard.a(am335x_amic11x_pinmux_data.o)
 .data.gRtcPinCfg
                0x80009674       0x10 E:/uC-Soft/TI/TIRTOS/PDK_AM~1/packages/ti/starterware/binary/board/lib/am335x-evm/a8/release/gcc\libboard.a(am335x_amic11x_pinmux_data.o)
 .data.gUart0PinCfg
                0x80009684       0x18 E:/uC-Soft/TI/TIRTOS/PDK_AM~1/packages/ti/starterware/binary/board/lib/am335x-evm/a8/release/gcc\libboard.a(am335x_amic11x_pinmux_data.o)
 .data.gUart1PinCfg
                0x8000969c       0x18 E:/uC-Soft/TI/TIRTOS/PDK_AM~1/packages/ti/starterware/binary/board/lib/am335x-evm/a8/release/gcc\libboard.a(am335x_amic11x_pinmux_data.o)
 .data.gUartPinCfg
                0x800096b4       0x18 E:/uC-Soft/TI/TIRTOS/PDK_AM~1/packages/ti/starterware/binary/board/lib/am335x-evm/a8/release/gcc\libboard.a(am335x_amic11x_pinmux_data.o)
 .data.gDCardAM335xLCD4I2cSlaveAddrRange
                0x800096cc       0x10 E:/uC-Soft/TI/TIRTOS/PDK_AM~1/packages/ti/starterware/binary/board/lib/am335x-evm/a8/release/gcc\libboard.a(am335x_lcd4_dcard.o)
                0x800096cc                gDCardAM335xLCD4I2cSlaveAddrRange
 .data.gDCardAm335xLCD4EepromDataFormat
                0x800096dc       0x20 E:/uC-Soft/TI/TIRTOS/PDK_AM~1/packages/ti/starterware/binary/board/lib/am335x-evm/a8/release/gcc\libboard.a(am335x_lcd4_dcard.o)
                0x800096dc                gDCardAm335xLCD4EepromDataFormat
 .data.gDCardAm335xLCD4I2cInstData
                0x800096fc       0x80 E:/uC-Soft/TI/TIRTOS/PDK_AM~1/packages/ti/starterware/binary/board/lib/am335x-evm/a8/release/gcc\libboard.a(am335x_lcd4_dcard.o)
                0x800096fc                gDCardAm335xLCD4I2cInstData
 .data.gpDCardAm335xLCD4RevStrTable
                0x8000977c        0x8 E:/uC-Soft/TI/TIRTOS/PDK_AM~1/packages/ti/starterware/binary/board/lib/am335x-evm/a8/release/gcc\libboard.a(am335x_lcd4_dcard.o)
                0x8000977c                gpDCardAm335xLCD4RevStrTable
 .data.gChipDBEnabled
                0x80009784        0x4 E:/uC-Soft/TI/TIRTOS/PDK_AM~1/packages/ti/starterware/binary/soc/lib/am335x-evm/a8/release/gcc\libsoc.a(am335x_chipdb.o)

.igot.plt       0x80009788        0x0
 .igot.plt      0x80009788        0x0 e:/uc-soft/ti/tirtos/gcc-arm-none-eabi-6-2017-q1-update/bin/../lib/gcc/arm-none-eabi/6.3.1/hard/crtbegin.o

.bss            0x80009788      0x561
                0x80009788                . = ALIGN (0x4)
                0x80009788                _bss_start = .
 *(.bss*)
 .bss.gCpuResetAppCfg
                0x80009788       0x18 E:/uC-Soft/TI/TIRTOS/PDK_AM~1/packages/ti/starterware/binary/wdt_app_cpu_reset/obj/am335x-evm/a8host/release/gcc/cpu_reset_app_main.o
 .bss.gBoardCommonObj
                0x800097a0        0xc E:/uC-Soft/TI/TIRTOS/PDK_AM~1/packages/ti/starterware/binary/board/lib/am335x-evm/a8/release/gcc\libboard.a(board.o)
 .bss.gBoardAm335xObj
                0x800097ac        0xc E:/uC-Soft/TI/TIRTOS/PDK_AM~1/packages/ti/starterware/binary/board/lib/am335x-evm/a8/release/gcc\libboard.a(board_am335x.o)
 .bss.gBoardDataEeprom
                0x800097b8       0x1c E:/uC-Soft/TI/TIRTOS/PDK_AM~1/packages/ti/starterware/binary/board/lib/am335x-evm/a8/release/gcc\libboard.a(board_am335x.o)
 .bss.gEepromOffset
                0x800097d4        0x2 E:/uC-Soft/TI/TIRTOS/PDK_AM~1/packages/ti/starterware/binary/board/lib/am335x-evm/a8/release/gcc\libboard.a(board_am335x.o)
 *fill*         0x800097d6        0x2 
 .bss.gBoardAm335xBeagleBoneBlackIsDCardPresent
                0x800097d8        0x2 E:/uC-Soft/TI/TIRTOS/PDK_AM~1/packages/ti/starterware/binary/board/lib/am335x-evm/a8/release/gcc\libboard.a(am335x_beagleboneblack.o)
                0x800097d8                gBoardAm335xBeagleBoneBlackIsDCardPresent
 *fill*         0x800097da        0x2 
 .bss.gBoardAm335xBeagleboneblackDCardsList
                0x800097dc        0x8 E:/uC-Soft/TI/TIRTOS/PDK_AM~1/packages/ti/starterware/binary/board/lib/am335x-evm/a8/release/gcc\libboard.a(am335x_beagleboneblack.o)
                0x800097dc                gBoardAm335xBeagleboneblackDCardsList
 .bss.gBoardAm335xIceV2PhyResetStatus
                0x800097e4        0x4 E:/uC-Soft/TI/TIRTOS/PDK_AM~1/packages/ti/starterware/binary/board/lib/am335x-evm/a8/release/gcc\libboard.a(am335x_icev2.o)
 .bss.gBoardAm335xAMIC110PhyResetStatus
                0x800097e8        0x4 E:/uC-Soft/TI/TIRTOS/PDK_AM~1/packages/ti/starterware/binary/board/lib/am335x-evm/a8/release/gcc\libboard.a(am335x_amic110.o)
 .bss.gDCardAm335xLCD4EepromOffset
                0x800097ec        0x2 E:/uC-Soft/TI/TIRTOS/PDK_AM~1/packages/ti/starterware/binary/board/lib/am335x-evm/a8/release/gcc\libboard.a(am335x_lcd4_dcard.o)
                0x800097ec                gDCardAm335xLCD4EepromOffset
 *fill*         0x800097ee        0x2 
 .bss.pBoardData
                0x800097f0        0x4 E:/uC-Soft/TI/TIRTOS/PDK_AM~1/packages/ti/starterware/binary/board/lib/am335x-evm/a8/release/gcc\libboard.a(pinmux.o)
 .bss.gConsoleUtilsType
                0x800097f4        0x1 E:/uC-Soft/TI/TIRTOS/PDK_AM~1/packages/ti/starterware/binary/utils/lib/am335x-evm/a8/release/gcc\libutils.a(console_utils.o)
 *fill*         0x800097f5        0x3 
 .bss.gI2CUtilsObj
                0x800097f8       0x9c E:/uC-Soft/TI/TIRTOS/PDK_AM~1/packages/ti/starterware/binary/utils/lib/am335x-evm/a8/release/gcc\libutils.a(i2c_utils.o)
 .bss.gBaseAddr
                0x80009894        0x4 E:/uC-Soft/TI/TIRTOS/PDK_AM~1/packages/ti/starterware/binary/utils/lib/am335x-evm/a8/release/gcc\libutils.a(dmtimer_utils.o)
 .bss.gFreeRunTimerClockRateHz
                0x80009898        0x4 E:/uC-Soft/TI/TIRTOS/PDK_AM~1/packages/ti/starterware/binary/utils/lib/am335x-evm/a8/release/gcc\libutils.a(dmtimer_utils.o)
 *fill*         0x8000989c        0x4 
 .bss.gFreeRunTimerCount
                0x800098a0        0x8 E:/uC-Soft/TI/TIRTOS/PDK_AM~1/packages/ti/starterware/binary/utils/lib/am335x-evm/a8/release/gcc\libutils.a(dmtimer_utils.o)
 .bss.gConsoleUtilsUartInstAddr
                0x800098a8        0x4 E:/uC-Soft/TI/TIRTOS/PDK_AM~1/packages/ti/starterware/binary/utils/lib/am335x-evm/a8/release/gcc\libutils.a(console_utils_uart.o)
 .bss.pIntrHandlers
                0x800098ac      0x200 E:/uC-Soft/TI/TIRTOS/PDK_AM~1/packages/ti/starterware/binary/soc/lib/am335x-evm/a8/release/gcc\libsoc.a(intc.o)
 .bss.pUserParameter
                0x80009aac      0x200 E:/uC-Soft/TI/TIRTOS/PDK_AM~1/packages/ti/starterware/binary/soc/lib/am335x-evm/a8/release/gcc\libsoc.a(intc.o)
 *(COMMON)
 COMMON         0x80009cac        0x6 E:/uC-Soft/TI/TIRTOS/PDK_AM~1/packages/ti/starterware/binary/board/lib/am335x-evm/a8/release/gcc\libboard.a(am335x_gpevm.o)
                0x80009cac                gDataToSlave
                0x80009cb0                gDataFromSlave
 *fill*         0x80009cb2        0x2 
 COMMON         0x80009cb4       0x35 E:/uC-Soft/TI/TIRTOS/PDK_AM~1/packages/ti/starterware/binary/board/lib/am335x-evm/a8/release/gcc\libboard.a(am335x_lcd4_dcard.o)
                0x80009cb4                gDCardAm335xLCD4EepromDataBoardName
                0x80009ccc                gDCardAm335xLCD4EepromDataVersion
                0x80009cd4                gDCardAm335xLCD4EepromDataHeader
                0x80009cdc                gDCardAm335xLCD4EepromDataSerialNumber
                0x80009ce9                _bss_end = .

.heap           0x80009ce9      0x803
                0x80009cec                . = ALIGN (0x4)
 *fill*         0x80009ce9        0x3 
                0x80009cec                __end__ = .
                0x80009cec                end = __end__
                0x80009cec                __HeapBase = __end__
 *(.heap*)
                0x8000a4ec                . = (. + 0x800)
 *fill*         0x80009cec      0x800 
                0x8000a4ec                __HeapLimit = .

.stack          0x8000a4ec    0x10004
                0x8000a4f0                . = ALIGN (0x8)
 *fill*         0x8000a4ec        0x4 
                0x8000a4f0                __StackLimit = .
 *(.stack*)
                0x8001a4f0                . = (. + 0x10000)
 *fill*         0x8000a4f0    0x10000 
                0x8001a4f0                __StackTop = .
                0x8001a4f0                _stack = __StackTop
LOAD E:/uC-Soft/TI/TIRTOS/PDK_AM~1/packages/ti/starterware/binary/board/lib/am335x-evm/a8/release/gcc\libboard.a
LOAD E:/uC-Soft/TI/TIRTOS/PDK_AM~1/packages/ti/starterware/binary/utils/lib/am335x-evm/a8/release/gcc\libutils.a
LOAD E:/uC-Soft/TI/TIRTOS/PDK_AM~1/packages/ti/starterware/binary/soc/lib/am335x-evm/a8/release/gcc\libsoc.a
LOAD E:/uC-Soft/TI/TIRTOS/PDK_AM~1/packages/ti/starterware/binary/dal/lib/am335x-evm/a8/release/gcc\libdal.a
LOAD E:/uC-Soft/TI/TIRTOS/gcc-arm-none-eabi-6-2017-q1-update/arm-none-eabi/lib/hard\libstdc++_nano.a
LOAD e:/uc-soft/ti/tirtos/gcc-arm-none-eabi-6-2017-q1-update/bin/../lib/gcc/arm-none-eabi/6.3.1/hard\libgcc.a
LOAD E:/uC-Soft/TI/TIRTOS/gcc-arm-none-eabi-6-2017-q1-update/arm-none-eabi/lib/hard\libm.a
LOAD E:/uC-Soft/TI/TIRTOS/gcc-arm-none-eabi-6-2017-q1-update/arm-none-eabi/lib/hard\libc_nano.a
LOAD E:/uC-Soft/TI/TIRTOS/gcc-arm-none-eabi-6-2017-q1-update/arm-none-eabi/lib/hard\librdimon_nano.a
START GROUP
LOAD e:/uc-soft/ti/tirtos/gcc-arm-none-eabi-6-2017-q1-update/bin/../lib/gcc/arm-none-eabi/6.3.1/hard\libgcc.a
LOAD E:/uC-Soft/TI/TIRTOS/gcc-arm-none-eabi-6-2017-q1-update/arm-none-eabi/lib/hard\libc_nano.a
END GROUP
START GROUP
LOAD e:/uc-soft/ti/tirtos/gcc-arm-none-eabi-6-2017-q1-update/bin/../lib/gcc/arm-none-eabi/6.3.1/hard\libgcc.a
LOAD E:/uC-Soft/TI/TIRTOS/gcc-arm-none-eabi-6-2017-q1-update/arm-none-eabi/lib/hard\libc_nano.a
END GROUP
LOAD e:/uc-soft/ti/tirtos/gcc-arm-none-eabi-6-2017-q1-update/bin/../lib/gcc/arm-none-eabi/6.3.1/hard/crtend.o
LOAD e:/uc-soft/ti/tirtos/gcc-arm-none-eabi-6-2017-q1-update/bin/../lib/gcc/arm-none-eabi/6.3.1/hard/crtn.o
OUTPUT(E:/uC-Soft/TI/TIRTOS/PDK_AM~1/packages/ti/starterware/binary/wdt_app_cpu_reset/bin/am335x-evm/gcc/wdt_app_cpu_reset_a8host_release.out elf32-littlearm)

.ARM.attributes
                0x00000000       0x39
 .ARM.attributes
                0x00000000       0x16 e:/uc-soft/ti/tirtos/gcc-arm-none-eabi-6-2017-q1-update/bin/../lib/gcc/arm-none-eabi/6.3.1/hard/crti.o
 .ARM.attributes
                0x00000016       0x3d E:/uC-Soft/TI/TIRTOS/PDK_AM~1/packages/ti/starterware/binary/wdt_app_cpu_reset/obj/am335x-evm/a8host/release/gcc/wdt_app.o
 .ARM.attributes
                0x00000053       0x3d E:/uC-Soft/TI/TIRTOS/PDK_AM~1/packages/ti/starterware/binary/wdt_app_cpu_reset/obj/am335x-evm/a8host/release/gcc/cpu_reset_app_main.o
 .ARM.attributes
                0x00000090       0x3d E:/uC-Soft/TI/TIRTOS/PDK_AM~1/packages/ti/starterware/binary/board/lib/am335x-evm/a8/release/gcc\libboard.a(board.o)
 .ARM.attributes
                0x000000cd       0x3d E:/uC-Soft/TI/TIRTOS/PDK_AM~1/packages/ti/starterware/binary/board/lib/am335x-evm/a8/release/gcc\libboard.a(dcard.o)
 .ARM.attributes
                0x0000010a       0x3d E:/uC-Soft/TI/TIRTOS/PDK_AM~1/packages/ti/starterware/binary/board/lib/am335x-evm/a8/release/gcc\libboard.a(platform.o)
 .ARM.attributes
                0x00000147       0x3d E:/uC-Soft/TI/TIRTOS/PDK_AM~1/packages/ti/starterware/binary/board/lib/am335x-evm/a8/release/gcc\libboard.a(board_am335x.o)
 .ARM.attributes
                0x00000184       0x3d E:/uC-Soft/TI/TIRTOS/PDK_AM~1/packages/ti/starterware/binary/board/lib/am335x-evm/a8/release/gcc\libboard.a(dcard_am335x.o)
 .ARM.attributes
                0x000001c1       0x3d E:/uC-Soft/TI/TIRTOS/PDK_AM~1/packages/ti/starterware/binary/board/lib/am335x-evm/a8/release/gcc\libboard.a(am335x_gpevm.o)
 .ARM.attributes
                0x000001fe       0x3d E:/uC-Soft/TI/TIRTOS/PDK_AM~1/packages/ti/starterware/binary/board/lib/am335x-evm/a8/release/gcc\libboard.a(am335x_evmsk.o)
 .ARM.attributes
                0x0000023b       0x3d E:/uC-Soft/TI/TIRTOS/PDK_AM~1/packages/ti/starterware/binary/board/lib/am335x-evm/a8/release/gcc\libboard.a(am335x_beaglebone.o)
 .ARM.attributes
                0x00000278       0x3d E:/uC-Soft/TI/TIRTOS/PDK_AM~1/packages/ti/starterware/binary/board/lib/am335x-evm/a8/release/gcc\libboard.a(am335x_beagleboneblack.o)
 .ARM.attributes
                0x000002b5       0x3d E:/uC-Soft/TI/TIRTOS/PDK_AM~1/packages/ti/starterware/binary/board/lib/am335x-evm/a8/release/gcc\libboard.a(am335x_icev1.o)
 .ARM.attributes
                0x000002f2       0x3d E:/uC-Soft/TI/TIRTOS/PDK_AM~1/packages/ti/starterware/binary/board/lib/am335x-evm/a8/release/gcc\libboard.a(am335x_icev2.o)
 .ARM.attributes
                0x0000032f       0x3d E:/uC-Soft/TI/TIRTOS/PDK_AM~1/packages/ti/starterware/binary/board/lib/am335x-evm/a8/release/gcc\libboard.a(am335x_amic110.o)
 .ARM.attributes
                0x0000036c       0x3d E:/uC-Soft/TI/TIRTOS/PDK_AM~1/packages/ti/starterware/binary/board/lib/am335x-evm/a8/release/gcc\libboard.a(am335x_custom.o)
 .ARM.attributes
                0x000003a9       0x3d E:/uC-Soft/TI/TIRTOS/PDK_AM~1/packages/ti/starterware/binary/board/lib/am335x-evm/a8/release/gcc\libboard.a(am335x_gpevm_pinmux_data.o)
 .ARM.attributes
                0x000003e6       0x3d E:/uC-Soft/TI/TIRTOS/PDK_AM~1/packages/ti/starterware/binary/board/lib/am335x-evm/a8/release/gcc\libboard.a(am335x_evmsk_pinmux_data.o)
 .ARM.attributes
                0x00000423       0x3d E:/uC-Soft/TI/TIRTOS/PDK_AM~1/packages/ti/starterware/binary/board/lib/am335x-evm/a8/release/gcc\libboard.a(am335x_beaglebone_pinmux_data.o)
 .ARM.attributes
                0x00000460       0x3d E:/uC-Soft/TI/TIRTOS/PDK_AM~1/packages/ti/starterware/binary/board/lib/am335x-evm/a8/release/gcc\libboard.a(am335x_beagleboneblack_pinmux_data.o)
 .ARM.attributes
                0x0000049d       0x3d E:/uC-Soft/TI/TIRTOS/PDK_AM~1/packages/ti/starterware/binary/board/lib/am335x-evm/a8/release/gcc\libboard.a(am335x_icev1_pinmux_data.o)
 .ARM.attributes
                0x000004da       0x3d E:/uC-Soft/TI/TIRTOS/PDK_AM~1/packages/ti/starterware/binary/board/lib/am335x-evm/a8/release/gcc\libboard.a(am335x_icev2_pinmux_data.o)
 .ARM.attributes
                0x00000517       0x3d E:/uC-Soft/TI/TIRTOS/PDK_AM~1/packages/ti/starterware/binary/board/lib/am335x-evm/a8/release/gcc\libboard.a(am335x_amic11x_pinmux_data.o)
 .ARM.attributes
                0x00000554       0x3d E:/uC-Soft/TI/TIRTOS/PDK_AM~1/packages/ti/starterware/binary/board/lib/am335x-evm/a8/release/gcc\libboard.a(am335x_lcd4_dcard.o)
 .ARM.attributes
                0x00000591       0x3d E:/uC-Soft/TI/TIRTOS/PDK_AM~1/packages/ti/starterware/binary/board/lib/am335x-evm/a8/release/gcc\libboard.a(pinmux.o)
 .ARM.attributes
                0x000005ce       0x3d E:/uC-Soft/TI/TIRTOS/PDK_AM~1/packages/ti/starterware/binary/utils/lib/am335x-evm/a8/release/gcc\libutils.a(console_utils.o)
 .ARM.attributes
                0x0000060b       0x3d E:/uC-Soft/TI/TIRTOS/PDK_AM~1/packages/ti/starterware/binary/utils/lib/am335x-evm/a8/release/gcc\libutils.a(i2c_utils.o)
 .ARM.attributes
                0x00000648       0x3d E:/uC-Soft/TI/TIRTOS/PDK_AM~1/packages/ti/starterware/binary/utils/lib/am335x-evm/a8/release/gcc\libutils.a(time_utils.o)
 .ARM.attributes
                0x00000685       0x3d E:/uC-Soft/TI/TIRTOS/PDK_AM~1/packages/ti/starterware/binary/utils/lib/am335x-evm/a8/release/gcc\libutils.a(dmtimer_utils.o)
 .ARM.attributes
                0x000006c2       0x3d E:/uC-Soft/TI/TIRTOS/PDK_AM~1/packages/ti/starterware/binary/utils/lib/am335x-evm/a8/release/gcc\libutils.a(console_utils_uart.o)
 .ARM.attributes
                0x000006ff       0x3d E:/uC-Soft/TI/TIRTOS/PDK_AM~1/packages/ti/starterware/binary/utils/lib/am335x-evm/a8/release/gcc\libutils.a(ascii_utils.o)
 .ARM.attributes
                0x0000073c       0x29 E:/uC-Soft/TI/TIRTOS/PDK_AM~1/packages/ti/starterware/binary/soc/lib/am335x-evm/a8/release/gcc\libsoc.a(init.o)
 .ARM.attributes
                0x00000765       0x3d E:/uC-Soft/TI/TIRTOS/PDK_AM~1/packages/ti/starterware/binary/soc/lib/am335x-evm/a8/release/gcc\libsoc.a(soc.o)
 .ARM.attributes
                0x000007a2       0x3d E:/uC-Soft/TI/TIRTOS/PDK_AM~1/packages/ti/starterware/binary/soc/lib/am335x-evm/a8/release/gcc\libsoc.a(startup.o)
 .ARM.attributes
                0x000007df       0x3d E:/uC-Soft/TI/TIRTOS/PDK_AM~1/packages/ti/starterware/binary/soc/lib/am335x-evm/a8/release/gcc\libsoc.a(am335x_chipdb.o)
 .ARM.attributes
                0x0000081c       0x3d E:/uC-Soft/TI/TIRTOS/PDK_AM~1/packages/ti/starterware/binary/soc/lib/am335x-evm/a8/release/gcc\libsoc.a(hw_am335x_chipdb.o)
 .ARM.attributes
                0x00000859       0x3d E:/uC-Soft/TI/TIRTOS/PDK_AM~1/packages/ti/starterware/binary/soc/lib/am335x-evm/a8/release/gcc\libsoc.a(hw_am335x_chipdb_baseaddr.o)
 .ARM.attributes
                0x00000896       0x3d E:/uC-Soft/TI/TIRTOS/PDK_AM~1/packages/ti/starterware/binary/soc/lib/am335x-evm/a8/release/gcc\libsoc.a(intc.o)
 .ARM.attributes
                0x000008d3       0x3d E:/uC-Soft/TI/TIRTOS/PDK_AM~1/packages/ti/starterware/binary/soc/lib/am335x-evm/a8/release/gcc\libsoc.a(am335x_prcm.o)
 .ARM.attributes
                0x00000910       0x29 E:/uC-Soft/TI/TIRTOS/PDK_AM~1/packages/ti/starterware/binary/soc/lib/am335x-evm/a8/release/gcc\libsoc.a(cp15.o)
 .ARM.attributes
                0x00000939       0x29 E:/uC-Soft/TI/TIRTOS/PDK_AM~1/packages/ti/starterware/binary/soc/lib/am335x-evm/a8/release/gcc\libsoc.a(exceptionhandler.o)
 .ARM.attributes
                0x00000962       0x3d E:/uC-Soft/TI/TIRTOS/PDK_AM~1/packages/ti/starterware/binary/dal/lib/am335x-evm/a8/release/gcc\libdal.a(i2c.o)
 .ARM.attributes
                0x0000099f       0x3d E:/uC-Soft/TI/TIRTOS/PDK_AM~1/packages/ti/starterware/binary/dal/lib/am335x-evm/a8/release/gcc\libdal.a(uart.o)
 .ARM.attributes
                0x000009dc       0x3d E:/uC-Soft/TI/TIRTOS/PDK_AM~1/packages/ti/starterware/binary/dal/lib/am335x-evm/a8/release/gcc\libdal.a(gpio.o)
 .ARM.attributes
                0x00000a19       0x3d E:/uC-Soft/TI/TIRTOS/PDK_AM~1/packages/ti/starterware/binary/dal/lib/am335x-evm/a8/release/gcc\libdal.a(dmtimer.o)
 .ARM.attributes
                0x00000a56       0x3d E:/uC-Soft/TI/TIRTOS/PDK_AM~1/packages/ti/starterware/binary/dal/lib/am335x-evm/a8/release/gcc\libdal.a(wdt.o)
 .ARM.attributes
                0x00000a93       0x18 e:/uc-soft/ti/tirtos/gcc-arm-none-eabi-6-2017-q1-update/bin/../lib/gcc/arm-none-eabi/6.3.1/hard\libgcc.a(_udivsi3.o)
 .ARM.attributes
                0x00000aab       0x18 e:/uc-soft/ti/tirtos/gcc-arm-none-eabi-6-2017-q1-update/bin/../lib/gcc/arm-none-eabi/6.3.1/hard\libgcc.a(_divsi3.o)
 .ARM.attributes
                0x00000ac3       0x18 e:/uc-soft/ti/tirtos/gcc-arm-none-eabi-6-2017-q1-update/bin/../lib/gcc/arm-none-eabi/6.3.1/hard\libgcc.a(_dvmd_tls.o)
 .ARM.attributes
                0x00000adb       0x18 e:/uc-soft/ti/tirtos/gcc-arm-none-eabi-6-2017-q1-update/bin/../lib/gcc/arm-none-eabi/6.3.1/hard\libgcc.a(_arm_addsubsf3.o)
 .ARM.attributes
                0x00000af3       0x18 e:/uc-soft/ti/tirtos/gcc-arm-none-eabi-6-2017-q1-update/bin/../lib/gcc/arm-none-eabi/6.3.1/hard\libgcc.a(_aeabi_uldivmod.o)
 .ARM.attributes
                0x00000b0b       0x34 e:/uc-soft/ti/tirtos/gcc-arm-none-eabi-6-2017-q1-update/bin/../lib/gcc/arm-none-eabi/6.3.1/hard\libgcc.a(_fixunssfdi.o)
 .ARM.attributes
                0x00000b3f       0x34 e:/uc-soft/ti/tirtos/gcc-arm-none-eabi-6-2017-q1-update/bin/../lib/gcc/arm-none-eabi/6.3.1/hard\libgcc.a(_fixunsdfdi.o)
 .ARM.attributes
                0x00000b73       0x34 e:/uc-soft/ti/tirtos/gcc-arm-none-eabi-6-2017-q1-update/bin/../lib/gcc/arm-none-eabi/6.3.1/hard\libgcc.a(_udivmoddi4.o)
 .ARM.attributes
                0x00000ba7       0x18 e:/uc-soft/ti/tirtos/gcc-arm-none-eabi-6-2017-q1-update/bin/../lib/gcc/arm-none-eabi/6.3.1/hard\libgcc.a(_clzdi2.o)
 .ARM.attributes
                0x00000bbf       0x18 e:/uc-soft/ti/tirtos/gcc-arm-none-eabi-6-2017-q1-update/bin/../lib/gcc/arm-none-eabi/6.3.1/hard\libgcc.a(_clzsi2.o)
 .ARM.attributes
                0x00000bd7       0x34 E:/uC-Soft/TI/TIRTOS/gcc-arm-none-eabi-6-2017-q1-update/arm-none-eabi/lib/hard\libc_nano.a(lib_a-memcpy-stub.o)