Archive member included to satisfy reference by file (symbol)

E:/uC-Soft/TI/TIRTOS/PDK_AM~1/packages/ti/starterware/binary/examples/example_utils/lib/am335x-evm/a8/release/gcc\libexample_utils.a(example_utils_mmu.o)
                              E:/uC-Soft/TI/TIRTOS/PDK_AM~1/packages/ti/starterware/binary/gpio_app_led_blink/obj/am335x-evm/a8host/release/gcc/led_blink_app_main.o (MMUConfigAndEnable)
E:/uC-Soft/TI/TIRTOS/PDK_AM~1/packages/ti/starterware/binary/board/lib/am335x-evm/a8/release/gcc\libboard.a(board.o)
                              E:/uC-Soft/TI/TIRTOS/PDK_AM~1/packages/ti/starterware/binary/gpio_app_led_blink/obj/am335x-evm/a8host/release/gcc/led_blink_app_main.o (BOARDInit)
E:/uC-Soft/TI/TIRTOS/PDK_AM~1/packages/ti/starterware/binary/board/lib/am335x-evm/a8/release/gcc\libboard.a(dcard.o)
                              E:/uC-Soft/TI/TIRTOS/PDK_AM~1/packages/ti/starterware/binary/board/lib/am335x-evm/a8/release/gcc\libboard.a(board.o) (DCARDIsDevPresent)
E:/uC-Soft/TI/TIRTOS/PDK_AM~1/packages/ti/starterware/binary/board/lib/am335x-evm/a8/release/gcc\libboard.a(platform.o)
                              E:/uC-Soft/TI/TIRTOS/PDK_AM~1/packages/ti/starterware/binary/board/lib/am335x-evm/a8/release/gcc\libboard.a(board.o) (PLATFORMGetId)
E:/uC-Soft/TI/TIRTOS/PDK_AM~1/packages/ti/starterware/binary/board/lib/am335x-evm/a8/release/gcc\libboard.a(pinmux.o)
                              E:/uC-Soft/TI/TIRTOS/PDK_AM~1/packages/ti/starterware/binary/gpio_app_led_blink/obj/am335x-evm/a8host/release/gcc/gpio_app.o (PINMUXModuleConfig)
E:/uC-Soft/TI/TIRTOS/PDK_AM~1/packages/ti/starterware/binary/board/lib/am335x-evm/a8/release/gcc\libboard.a(board_am335x.o)
                              E:/uC-Soft/TI/TIRTOS/PDK_AM~1/packages/ti/starterware/binary/board/lib/am335x-evm/a8/release/gcc\libboard.a(board.o) (BoardAm335xInit)
E:/uC-Soft/TI/TIRTOS/PDK_AM~1/packages/ti/starterware/binary/board/lib/am335x-evm/a8/release/gcc\libboard.a(dcard_am335x.o)
                              E:/uC-Soft/TI/TIRTOS/PDK_AM~1/packages/ti/starterware/binary/board/lib/am335x-evm/a8/release/gcc\libboard.a(dcard.o) (DCardAm335xInit)
E:/uC-Soft/TI/TIRTOS/PDK_AM~1/packages/ti/starterware/binary/board/lib/am335x-evm/a8/release/gcc\libboard.a(am335x_gpevm.o)
                              E:/uC-Soft/TI/TIRTOS/PDK_AM~1/packages/ti/starterware/binary/board/lib/am335x-evm/a8/release/gcc\libboard.a(board_am335x.o) (gBoardAm335xGpevmData)
E:/uC-Soft/TI/TIRTOS/PDK_AM~1/packages/ti/starterware/binary/board/lib/am335x-evm/a8/release/gcc\libboard.a(am335x_evmsk.o)
                              E:/uC-Soft/TI/TIRTOS/PDK_AM~1/packages/ti/starterware/binary/board/lib/am335x-evm/a8/release/gcc\libboard.a(board_am335x.o) (gBoardAm335xEvmskData)
E:/uC-Soft/TI/TIRTOS/PDK_AM~1/packages/ti/starterware/binary/board/lib/am335x-evm/a8/release/gcc\libboard.a(am335x_beaglebone.o)
                              E:/uC-Soft/TI/TIRTOS/PDK_AM~1/packages/ti/starterware/binary/board/lib/am335x-evm/a8/release/gcc\libboard.a(board_am335x.o) (gBoardAm335xBeagleboneData)
E:/uC-Soft/TI/TIRTOS/PDK_AM~1/packages/ti/starterware/binary/board/lib/am335x-evm/a8/release/gcc\libboard.a(am335x_beagleboneblack.o)
                              E:/uC-Soft/TI/TIRTOS/PDK_AM~1/packages/ti/starterware/binary/board/lib/am335x-evm/a8/release/gcc\libboard.a(board_am335x.o) (gBoardAm335xBeagleboneblackData)
E:/uC-Soft/TI/TIRTOS/PDK_AM~1/packages/ti/starterware/binary/board/lib/am335x-evm/a8/release/gcc\libboard.a(am335x_icev1.o)
                              E:/uC-Soft/TI/TIRTOS/PDK_AM~1/packages/ti/starterware/binary/board/lib/am335x-evm/a8/release/gcc\libboard.a(board_am335x.o) (gBoardAm335xIceV1Data)
E:/uC-Soft/TI/TIRTOS/PDK_AM~1/packages/ti/starterware/binary/board/lib/am335x-evm/a8/release/gcc\libboard.a(am335x_icev2.o)
                              E:/uC-Soft/TI/TIRTOS/PDK_AM~1/packages/ti/starterware/binary/board/lib/am335x-evm/a8/release/gcc\libboard.a(board_am335x.o) (gBoardAm335xIceV2Data)
E:/uC-Soft/TI/TIRTOS/PDK_AM~1/packages/ti/starterware/binary/board/lib/am335x-evm/a8/release/gcc\libboard.a(am335x_amic110.o)
                              E:/uC-Soft/TI/TIRTOS/PDK_AM~1/packages/ti/starterware/binary/board/lib/am335x-evm/a8/release/gcc\libboard.a(board_am335x.o) (gBoardAm335xAMIC110Data)
E:/uC-Soft/TI/TIRTOS/PDK_AM~1/packages/ti/starterware/binary/board/lib/am335x-evm/a8/release/gcc\libboard.a(am335x_custom.o)
                              E:/uC-Soft/TI/TIRTOS/PDK_AM~1/packages/ti/starterware/binary/board/lib/am335x-evm/a8/release/gcc\libboard.a(board_am335x.o) (gBoardAm335xCustomData)
E:/uC-Soft/TI/TIRTOS/PDK_AM~1/packages/ti/starterware/binary/board/lib/am335x-evm/a8/release/gcc\libboard.a(am335x_gpevm_pinmux_data.o)
                              E:/uC-Soft/TI/TIRTOS/PDK_AM~1/packages/ti/starterware/binary/board/lib/am335x-evm/a8/release/gcc\libboard.a(am335x_gpevm.o) (gGpevmPinmuxData)
[...]
Memory Configuration

Name             Origin             Length             Attributes
DDR0             0x80000000         0x10000000
OCMCRAM          0x40300000         0x00040000
*default*        0x00000000         0xffffffff

Linker script and memory map

LOAD e:/uc-soft/ti/tirtos/gcc-arm-none-eabi-6-2017-q1-update/bin/../lib/gcc/arm-none-eabi/6.3.1/hard/crti.o
LOAD e:/uc-soft/ti/tirtos/gcc-arm-none-eabi-6-2017-q1-update/bin/../lib/gcc/arm-none-eabi/6.3.1/hard/crtbegin.o
LOAD e:/uc-soft/ti/tirtos/gcc-arm-none-eabi-6-2017-q1-update/bin/../lib/gcc/arm-none-eabi/6.3.1/../../../../arm-none-eabi/lib/hard/crt0.o
LOAD E:/uC-Soft/TI/TIRTOS/PDK_AM~1/packages/ti/starterware/binary/gpio_app_led_blink/obj/am335x-evm/a8host/release/gcc/gpio_app.o
LOAD E:/uC-Soft/TI/TIRTOS/PDK_AM~1/packages/ti/starterware/binary/gpio_app_led_blink/obj/am335x-evm/a8host/release/gcc/led_blink_app_main.o

.startcode      0x80000000       0xb4
                0x80000000                . = ALIGN (0x4)
 *init.o(.text)
 .text          0x80000000       0xb4 E:/uC-Soft/TI/TIRTOS/PDK_AM~1/packages/ti/starterware/binary/soc/lib/am335x-evm/a8/release/gcc\libsoc.a(init.o)
                0x80000000                Entry

.text           0x800000b8     0x7c50
                0x800000b8                . = ALIGN (0x4)
 *(.text*)
 .text.GPIOAppInit
                0x800000b8      0x178 E:/uC-Soft/TI/TIRTOS/PDK_AM~1/packages/ti/starterware/binary/gpio_app_led_blink/obj/am335x-evm/a8host/release/gcc/gpio_app.o
                0x800000b8                GPIOAppInit
 .text.startup.main
                0x80000230      0x23c E:/uC-Soft/TI/TIRTOS/PDK_AM~1/packages/ti/starterware/binary/gpio_app_led_blink/obj/am335x-evm/a8host/release/gcc/led_blink_app_main.o
                0x80000230                main
 .text.GpioAppDelay
                0x8000046c       0x38 E:/uC-Soft/TI/TIRTOS/PDK_AM~1/packages/ti/starterware/binary/gpio_app_led_blink/obj/am335x-evm/a8host/release/gcc/led_blink_app_main.o
 .text.MMUConfigAndEnable
                0x800004a4       0x98 E:/uC-Soft/TI/TIRTOS/PDK_AM~1/packages/ti/starterware/binary/examples/example_utils/lib/am335x-evm/a8/release/gcc\libexample_utils.a(example_utils_mmu.o)
                0x800004a4                MMUConfigAndEnable
 .text.BOARDInit
                0x8000053c       0x98 E:/uC-Soft/TI/TIRTOS/PDK_AM~1/packages/ti/starterware/binary/board/lib/am335x-evm/a8/release/gcc\libboard.a(board.o)
                0x8000053c                BOARDInit
 .text.BOARDGetId
                0x800005d4       0x70 E:/uC-Soft/TI/TIRTOS/PDK_AM~1/packages/ti/starterware/binary/board/lib/am335x-evm/a8/release/gcc\libboard.a(board.o)
                0x800005d4                BOARDGetId
 .text.BOARDGetBoardName
                0x80000644       0x60 E:/uC-Soft/TI/TIRTOS/PDK_AM~1/packages/ti/starterware/binary/board/lib/am335x-evm/a8/release/gcc\libboard.a(board.o)
                0x80000644                BOARDGetBoardName
 .text.BOARDGetData
                0x800006a4       0x30 E:/uC-Soft/TI/TIRTOS/PDK_AM~1/packages/ti/starterware/binary/board/lib/am335x-evm/a8/release/gcc\libboard.a(board.o)
                0x800006a4                BOARDGetData
 .text.BOARDGetDeviceCtrlModId
                0x800006d4      0x134 E:/uC-Soft/TI/TIRTOS/PDK_AM~1/packages/ti/starterware/binary/board/lib/am335x-evm/a8/release/gcc\libboard.a(board.o)
                0x800006d4                BOARDGetDeviceCtrlModId
 .text.BOARDGetDeviceCtrlModInstNum
                0x80000808       0xa0 E:/uC-Soft/TI/TIRTOS/PDK_AM~1/packages/ti/starterware/binary/board/lib/am335x-evm/a8/release/gcc\libboard.a(board.o)
                0x80000808                BOARDGetDeviceCtrlModInstNum
 .text.BOARDGetDeviceCtrlInfo
                0x800008a8       0x88 E:/uC-Soft/TI/TIRTOS/PDK_AM~1/packages/ti/starterware/binary/board/lib/am335x-evm/a8/release/gcc\libboard.a(board.o)
                0x800008a8                BOARDGetDeviceCtrlInfo
 .text.BOARDPrintInfo
                0x80000930       0x98 E:/uC-Soft/TI/TIRTOS/PDK_AM~1/packages/ti/starterware/binary/board/lib/am335x-evm/a8/release/gcc\libboard.a(board.o)
                0x80000930                BOARDPrintInfo
 .text.DCARDGetData
                0x800009c8       0x40 E:/uC-Soft/TI/TIRTOS/PDK_AM~1/packages/ti/starterware/binary/board/lib/am335x-evm/a8/release/gcc\libboard.a(dcard.o)
                0x800009c8                DCARDGetData
 .text.DCARDIsDevPresent
                0x80000a08       0x68 E:/uC-Soft/TI/TIRTOS/PDK_AM~1/packages/ti/starterware/binary/board/lib/am335x-evm/a8/release/gcc\libboard.a(dcard.o)
                0x80000a08                DCARDIsDevPresent
 .text.DCARDGetDeviceCtrlModId
                0x80000a70       0x80 E:/uC-Soft/TI/TIRTOS/PDK_AM~1/packages/ti/starterware/binary/board/lib/am335x-evm/a8/release/gcc\libboard.a(dcard.o)
                0x80000a70                DCARDGetDeviceCtrlModId
 .text.DCARDGetRevStr
                0x80000af0       0x18 E:/uC-Soft/TI/TIRTOS/PDK_AM~1/packages/ti/starterware/binary/board/lib/am335x-evm/a8/release/gcc\libboard.a(dcard.o)
                0x80000af0                DCARDGetRevStr
 .text.DCARDGetRevTable
                0x80000b08       0x18 E:/uC-Soft/TI/TIRTOS/PDK_AM~1/packages/ti/starterware/binary/board/lib/am335x-evm/a8/release/gcc\libboard.a(dcard.o)
                0x80000b08                DCARDGetRevTable
 .text.PLATFORMGetId
                0x80000b20        0x8 E:/uC-Soft/TI/TIRTOS/PDK_AM~1/packages/ti/starterware/binary/board/lib/am335x-evm/a8/release/gcc\libboard.a(platform.o)
                0x80000b20                PLATFORMGetId
 .text.PINMUXModuleConfig
                0x80000b28      0x140 E:/uC-Soft/TI/TIRTOS/PDK_AM~1/packages/ti/starterware/binary/board/lib/am335x-evm/a8/release/gcc\libboard.a(pinmux.o)
                0x80000b28                PINMUXModuleConfig
 .text.BoardAm335xInit
                0x80000c68       0x80 E:/uC-Soft/TI/TIRTOS/PDK_AM~1/packages/ti/starterware/binary/board/lib/am335x-evm/a8/release/gcc\libboard.a(board_am335x.o)
                0x80000c68                BoardAm335xInit
 .text.BoardGetIdAm335x
                0x80000ce8      0x268 E:/uC-Soft/TI/TIRTOS/PDK_AM~1/packages/ti/starterware/binary/board/lib/am335x-evm/a8/release/gcc\libboard.a(board_am335x.o)
                0x80000ce8                BoardGetIdAm335x
 .text.BoardGetBaseBoardRevAm335x
                0x80000f50       0xa8 E:/uC-Soft/TI/TIRTOS/PDK_AM~1/packages/ti/starterware/binary/board/lib/am335x-evm/a8/release/gcc\libboard.a(board_am335x.o)
                0x80000f50                BoardGetBaseBoardRevAm335x
 .text.BoardGetBaseBoardRevNameAm335x
                0x80000ff8       0x34 E:/uC-Soft/TI/TIRTOS/PDK_AM~1/packages/ti/starterware/binary/board/lib/am335x-evm/a8/release/gcc\libboard.a(board_am335x.o)
                0x80000ff8                BoardGetBaseBoardRevNameAm335x
 .text.BoardGetDcRevNameAm335x
                0x8000102c       0x3c E:/uC-Soft/TI/TIRTOS/PDK_AM~1/packages/ti/starterware/binary/board/lib/am335x-evm/a8/release/gcc\libboard.a(board_am335x.o)
                0x8000102c                BoardGetDcRevNameAm335x
 .text.BoardGetDataAm335x
                0x80001068       0x20 E:/uC-Soft/TI/TIRTOS/PDK_AM~1/packages/ti/starterware/binary/board/lib/am335x-evm/a8/release/gcc\libboard.a(board_am335x.o)
                0x80001068                BoardGetDataAm335x
 .text.DCardAm335xGetDCardList
                0x80001088        0xc E:/uC-Soft/TI/TIRTOS/PDK_AM~1/packages/ti/starterware/binary/board/lib/am335x-evm/a8/release/gcc\libboard.a(dcard_am335x.o)
                0x80001088                DCardAm335xGetDCardList
 .text.BoardAm335xGpevmGetLcdDevData
                0x80001094       0x1c E:/uC-Soft/TI/TIRTOS/PDK_AM~1/packages/ti/starterware/binary/board/lib/am335x-evm/a8/release/gcc\libboard.a(am335x_gpevm.o)
                0x80001094                BoardAm335xGpevmGetLcdDevData
 .text.BoardAm335xGpevmLcdUpdnPinControl
                0x800010b0      0x110 E:/uC-Soft/TI/TIRTOS/PDK_AM~1/packages/ti/starterware/binary/board/lib/am335x-evm/a8/release/gcc\libboard.a(am335x_gpevm.o)
                0x800010b0                BoardAm335xGpevmLcdUpdnPinControl
 .text.BoardAm335xGpevmGpioCfg
                0x800011c0       0x98 E:/uC-Soft/TI/TIRTOS/PDK_AM~1/packages/ti/starterware/binary/board/lib/am335x-evm/a8/release/gcc\libboard.a(am335x_gpevm.o)
                0x800011c0                BoardAm335xGpevmGpioCfg
 .text.BoardAm335xGpevmLcdDevicePowerOn
                0x80001258       0xec E:/uC-Soft/TI/TIRTOS/PDK_AM~1/packages/ti/starterware/binary/board/lib/am335x-evm/a8/release/gcc\libboard.a(am335x_gpevm.o)
                0x80001258                BoardAm335xGpevmLcdDevicePowerOn
 .text.BoardAm335xBBBGetLcdDevData
                0x80001344       0x20 E:/uC-Soft/TI/TIRTOS/PDK_AM~1/packages/ti/starterware/binary/board/lib/am335x-evm/a8/release/gcc\libboard.a(am335x_beagleboneblack.o)
                0x80001344                BoardAm335xBBBGetLcdDevData
 .text.BoardAm335xBBBGpioCfg
                0x80001364       0x98 E:/uC-Soft/TI/TIRTOS/PDK_AM~1/packages/ti/starterware/binary/board/lib/am335x-evm/a8/release/gcc\libboard.a(am335x_beagleboneblack.o)
                0x80001364                BoardAm335xBBBGpioCfg
 .text.BoardAm335xBBBLcdAvddEnable.part.1
                0x800013fc       0x80 E:/uC-Soft/TI/TIRTOS/PDK_AM~1/packages/ti/starterware/binary/board/lib/am335x-evm/a8/release/gcc\libboard.a(am335x_beagleboneblack.o)
 .text.BoardAm335xBBBLcdBacklightEnable
                0x8000147c       0x58 E:/uC-Soft/TI/TIRTOS/PDK_AM~1/packages/ti/starterware/binary/board/lib/am335x-evm/a8/release/gcc\libboard.a(am335x_beagleboneblack.o)
                0x8000147c                BoardAm335xBBBLcdBacklightEnable
 .text.BoardAm335xBBBLcdAvddEnable
                0x800014d4       0x58 E:/uC-Soft/TI/TIRTOS/PDK_AM~1/packages/ti/starterware/binary/board/lib/am335x-evm/a8/release/gcc\libboard.a(am335x_beagleboneblack.o)
                0x800014d4                BoardAm335xBBBLcdAvddEnable
 .text.BoardAm335xBBBPowerOnDCardDev
                0x8000152c       0x9c E:/uC-Soft/TI/TIRTOS/PDK_AM~1/packages/ti/starterware/binary/board/lib/am335x-evm/a8/release/gcc\libboard.a(am335x_beagleboneblack.o)
                0x8000152c                BoardAm335xBBBPowerOnDCardDev
 .text.BoardAm335xIceV2PhySetupAndReset
                0x800015c8      0x248 E:/uC-Soft/TI/TIRTOS/PDK_AM~1/packages/ti/starterware/binary/board/lib/am335x-evm/a8/release/gcc\libboard.a(am335x_icev2.o)
                0x800015c8                BoardAm335xIceV2PhySetupAndReset
 .text.BoardAm335xAMIC110PhySetupAndReset
                0x80001810      0x248 E:/uC-Soft/TI/TIRTOS/PDK_AM~1/packages/ti/starterware/binary/board/lib/am335x-evm/a8/release/gcc\libboard.a(am335x_amic110.o)
                0x80001810                BoardAm335xAMIC110PhySetupAndReset
 .text.DCardAm335xLCD4GetEepromOffset
                0x80001a58       0x1c E:/uC-Soft/TI/TIRTOS/PDK_AM~1/packages/ti/starterware/binary/board/lib/am335x-evm/a8/release/gcc\libboard.a(am335x_lcd4_dcard.o)
                0x80001a58                DCardAm335xLCD4GetEepromOffset
 .text.DCardAm335xLCD4GetEepromOffsetSize
                0x80001a74        0x8 E:/uC-Soft/TI/TIRTOS/PDK_AM~1/packages/ti/starterware/binary/board/lib/am335x-evm/a8/release/gcc\libboard.a(am335x_lcd4_dcard.o)
                0x80001a74                DCardAm335xLCD4GetEepromOffsetSize
 .text.CONSOLEUtilsInit
                0x80001a7c        0xc E:/uC-Soft/TI/TIRTOS/PDK_AM~1/packages/ti/starterware/binary/utils/lib/am335x-evm/a8/release/gcc\libutils.a(console_utils.o)
                0x80001a7c                CONSOLEUtilsInit
 .text.CONSOLEUtilsSetType
                0x80001a88       0x40 E:/uC-Soft/TI/TIRTOS/PDK_AM~1/packages/ti/starterware/binary/utils/lib/am335x-evm/a8/release/gcc\libutils.a(console_utils.o)
                0x80001a88                CONSOLEUtilsSetType
 .text.CONSOLEUtilsPrintf
                0x80001ac8       0x64 E:/uC-Soft/TI/TIRTOS/PDK_AM~1/packages/ti/starterware/binary/utils/lib/am335x-evm/a8/release/gcc\libutils.a(console_utils.o)
                0x80001ac8                CONSOLEUtilsPrintf
 .text.I2cUtilsStatusCheck.isra.1
                0x80001b2c       0xb8 E:/uC-Soft/TI/TIRTOS/PDK_AM~1/packages/ti/starterware/binary/utils/lib/am335x-evm/a8/release/gcc\libutils.a(i2c_utils.o)
 .text.I2cUtilsTransceive
                0x80001be4      0x5b4 E:/uC-Soft/TI/TIRTOS/PDK_AM~1/packages/ti/starterware/binary/utils/lib/am335x-evm/a8/release/gcc\libutils.a(i2c_utils.o)
 .text.I2CUtilsWrite
                0x80002198       0xc0 E:/uC-Soft/TI/TIRTOS/PDK_AM~1/packages/ti/starterware/binary/utils/lib/am335x-evm/a8/release/gcc\libutils.a(i2c_utils.o)
                0x80002198                I2CUtilsWrite
 .text.I2CUtilsRead
                0x80002258       0xb0 E:/uC-Soft/TI/TIRTOS/PDK_AM~1/packages/ti/starterware/binary/utils/lib/am335x-evm/a8/release/gcc\libutils.a(i2c_utils.o)
                0x80002258                I2CUtilsRead
 .text.I2C1ModuleClkConfig
                0x80002308       0x64 E:/uC-Soft/TI/TIRTOS/PDK_AM~1/packages/ti/starterware/binary/utils/lib/am335x-evm/a8/release/gcc\libutils.a(i2c_utils.o)
                0x80002308                I2C1ModuleClkConfig
 .text.I2C0ModuleClkConfig
                0x8000236c       0x7c E:/uC-Soft/TI/TIRTOS/PDK_AM~1/packages/ti/starterware/binary/utils/lib/am335x-evm/a8/release/gcc\libutils.a(i2c_utils.o)
                0x8000236c                I2C0ModuleClkConfig
 .text.I2C2ModuleClkConfig
                0x800023e8       0x90 E:/uC-Soft/TI/TIRTOS/PDK_AM~1/packages/ti/starterware/binary/utils/lib/am335x-evm/a8/release/gcc\libutils.a(i2c_utils.o)
                0x800023e8                I2C2ModuleClkConfig
 .text.I2CUtilsInit
                0x80002478      0x270 E:/uC-Soft/TI/TIRTOS/PDK_AM~1/packages/ti/starterware/binary/utils/lib/am335x-evm/a8/release/gcc\libutils.a(i2c_utils.o)
                0x80002478                I2CUtilsInit
 .text.DELAYMsec
                0x800026e8       0x40 E:/uC-Soft/TI/TIRTOS/PDK_AM~1/packages/ti/starterware/binary/utils/lib/am335x-evm/a8/release/gcc\libutils.a(time_utils.o)
                0x800026e8                DELAYMsec
 .text.TIMERUtilGetTimeStamp
                0x80002728       0xa8 E:/uC-Soft/TI/TIRTOS/PDK_AM~1/packages/ti/starterware/binary/utils/lib/am335x-evm/a8/release/gcc\libutils.a(dmtimer_utils.o)
                0x80002728                TIMERUtilGetTimeStamp
 .text.CONSOLEUtilsUartInit
                0x800027d0      0x190 E:/uC-Soft/TI/TIRTOS/PDK_AM~1/packages/ti/starterware/binary/utils/lib/am335x-evm/a8/release/gcc\libutils.a(console_utils_uart.o)
                0x800027d0                CONSOLEUtilsUartInit
 .text.CONSOLEUtilsUartPutChar
                0x80002960       0xec E:/uC-Soft/TI/TIRTOS/PDK_AM~1/packages/ti/starterware/binary/utils/lib/am335x-evm/a8/release/gcc\libutils.a(console_utils_uart.o)
                0x80002960                CONSOLEUtilsUartPutChar
 .text.CONSOLEUtilsUartPutStr
                0x80002a4c       0x40 E:/uC-Soft/TI/TIRTOS/PDK_AM~1/packages/ti/starterware/binary/utils/lib/am335x-evm/a8/release/gcc\libutils.a(console_utils_uart.o)
                0x80002a4c                CONSOLEUtilsUartPutStr
 .text.CONSOLEUtilsUartPrintFmt
                0x80002a8c      0xcf4 E:/uC-Soft/TI/TIRTOS/PDK_AM~1/packages/ti/starterware/binary/utils/lib/am335x-evm/a8/release/gcc\libutils.a(console_utils_uart.o)
                0x80002a8c                CONSOLEUtilsUartPrintFmt
 .text.SOCGetSocFamilyId
                0x80003780        0x8 E:/uC-Soft/TI/TIRTOS/PDK_AM~1/packages/ti/starterware/binary/soc/lib/am335x-evm/a8/release/gcc\libsoc.a(soc.o)
                0x80003780                SOCGetSocFamilyId
 .text.SOCPrintInfo
                0x80003788       0x3c E:/uC-Soft/TI/TIRTOS/PDK_AM~1/packages/ti/starterware/binary/soc/lib/am335x-evm/a8/release/gcc\libsoc.a(soc.o)
                0x80003788                SOCPrintInfo
 .text.start_boot
                0x800037c4       0x70 E:/uC-Soft/TI/TIRTOS/PDK_AM~1/packages/ti/starterware/binary/soc/lib/am335x-evm/a8/release/gcc\libsoc.a(startup.o)
                0x800037c4                start_boot
 .text.CHIPDBIsResourcePresent
                0x80003834       0xa4 E:/uC-Soft/TI/TIRTOS/PDK_AM~1/packages/ti/starterware/binary/soc/lib/am335x-evm/a8/release/gcc\libsoc.a(am335x_chipdb.o)
                0x80003834                CHIPDBIsResourcePresent
 .text.CHIPDBBaseAddress
                0x800038d8       0x38 E:/uC-Soft/TI/TIRTOS/PDK_AM~1/packages/ti/starterware/binary/soc/lib/am335x-evm/a8/release/gcc\libsoc.a(am335x_chipdb.o)
                0x800038d8                CHIPDBBaseAddress
 .text.CHIPDBIsSecureModule
                0x80003910       0x2c E:/uC-Soft/TI/TIRTOS/PDK_AM~1/packages/ti/starterware/binary/soc/lib/am335x-evm/a8/release/gcc\libsoc.a(hw_am335x_chipdb.o)
                0x80003910                CHIPDBIsSecureModule
 .text.INTCCommonIntrHandler
                0x8000393c       0x90 E:/uC-Soft/TI/TIRTOS/PDK_AM~1/packages/ti/starterware/binary/soc/lib/am335x-evm/a8/release/gcc\libsoc.a(intc.o)
                0x8000393c                INTCCommonIntrHandler
 .text.CACHEEnable
                0x800039cc       0x68 E:/uC-Soft/TI/TIRTOS/PDK_AM~1/packages/ti/starterware/binary/soc/lib/am335x-evm/a8/release/gcc\libsoc.a(cache_arm.o)
                0x800039cc                CACHEEnable
 .text.MMUInit  0x80003a34       0x5c E:/uC-Soft/TI/TIRTOS/PDK_AM~1/packages/ti/starterware/binary/soc/lib/am335x-evm/a8/release/gcc\libsoc.a(mmu_arm.o)
                0x80003a34                MMUInit
 .text.MMUMemRegionMap
                0x80003a90      0x108 E:/uC-Soft/TI/TIRTOS/PDK_AM~1/packages/ti/starterware/binary/soc/lib/am335x-evm/a8/release/gcc\libsoc.a(mmu_arm.o)
                0x80003a90                MMUMemRegionMap
 .text.MMUEnable
                0x80003b98       0x20 E:/uC-Soft/TI/TIRTOS/PDK_AM~1/packages/ti/starterware/binary/soc/lib/am335x-evm/a8/release/gcc\libsoc.a(mmu_arm.o)
                0x80003b98                MMUEnable
 .text.PRCMModuleEnable
                0x80003bb8     0x1060 E:/uC-Soft/TI/TIRTOS/PDK_AM~1/packages/ti/starterware/binary/soc/lib/am335x-evm/a8/release/gcc\libsoc.a(am335x_prcm.o)
                0x80003bb8                PRCMModuleEnable
 .text          0x80004c18      0x488 E:/uC-Soft/TI/TIRTOS/PDK_AM~1/packages/ti/starterware/binary/soc/lib/am335x-evm/a8/release/gcc\libsoc.a(cp15.o)
                0x80004c18                CP15ICacheDisable
                0x80004c34                CP15DCacheDisable
                0x80004c50                CP15ICacheEnable
                0x80004c60                CP15DCacheEnable
                0x80004c70                CP15DCacheFlush
                0x80004d04                CP15DCacheClean
                0x80004d98                CP15DCacheCleanFlush
                0x80004e2c                CP15ICacheFlush
                0x80004e3c                CP15DCacheCleanBuff
                0x80004e90                CP15DCacheCleanFlushBuff
                0x80004ee4                CP15DCacheFlushBuff
                0x80004f48                CP15ICacheFlushBuff
                0x80004f9c                CP15Ttb0Set
                0x80004fa8                CP15TlbInvalidate
                0x80004fb4                CP15MMUDisable
                0x80004fcc                CP15MMUEnable
                0x80004fe0                CP15VectorBaseAddrSet
                0x80004fec                CP15BranchPredictorInvalidate
                0x80004ff8                CP15BranchPredictionEnable
                0x80005008                CP15BranchPredictionDisable
                0x80005018                CP15DomainAccessClientSet
                0x80005028                CP15ControlFeatureDisable
                0x8000503c                CP15ControlFeatureEnable
                0x80005050                CP15TtbCtlTtb0Config
                0x80005060                CP15AuxControlFeatureEnable
                0x80005074                CP15AuxControlFeatureDisable
                0x80005088                CP15MainIdPrimPartNumGet
 .text          0x800050a0       0x70 E:/uC-Soft/TI/TIRTOS/PDK_AM~1/packages/ti/starterware/binary/soc/lib/am335x-evm/a8/release/gcc\libsoc.a(exceptionhandler.o)
                0x800050a0                SVC_Handler
                0x800050c8                IRQHandler
                0x80005108                FIQHandler
                0x8000510c                AbortHandler
                0x8000510c                UndefInstHandler
 .text.I2CClkConfig
                0x80005110       0x60 E:/uC-Soft/TI/TIRTOS/PDK_AM~1/packages/ti/starterware/binary/dal/lib/am335x-evm/a8/release/gcc\libdal.a(i2c.o)
                0x80005110                I2CClkConfig
 .text.I2CModuleEnable
                0x80005170       0x24 E:/uC-Soft/TI/TIRTOS/PDK_AM~1/packages/ti/starterware/binary/dal/lib/am335x-evm/a8/release/gcc\libdal.a(i2c.o)
                0x80005170                I2CModuleEnable
 .text.I2CSetMode
                0x80005194       0x38 E:/uC-Soft/TI/TIRTOS/PDK_AM~1/packages/ti/starterware/binary/dal/lib/am335x-evm/a8/release/gcc\libdal.a(i2c.o)
                0x80005194                I2CSetMode
 .text.I2CStart
                0x800051cc       0x1c E:/uC-Soft/TI/TIRTOS/PDK_AM~1/packages/ti/starterware/binary/dal/lib/am335x-evm/a8/release/gcc\libdal.a(i2c.o)
                0x800051cc                I2CStart
 .text.I2CStop  0x800051e8       0x1c E:/uC-Soft/TI/TIRTOS/PDK_AM~1/packages/ti/starterware/binary/dal/lib/am335x-evm/a8/release/gcc\libdal.a(i2c.o)
                0x800051e8                I2CStop
 .text.I2CIntrDisable
                0x80005204        0xc E:/uC-Soft/TI/TIRTOS/PDK_AM~1/packages/ti/starterware/binary/dal/lib/am335x-evm/a8/release/gcc\libdal.a(i2c.o)
                0x80005204                I2CIntrDisable
 .text.I2CIntrRawStatus
                0x80005210        0xc E:/uC-Soft/TI/TIRTOS/PDK_AM~1/packages/ti/starterware/binary/dal/lib/am335x-evm/a8/release/gcc\libdal.a(i2c.o)
                0x80005210                I2CIntrRawStatus
 .text.I2CIntrClear
                0x8000521c        0xc E:/uC-Soft/TI/TIRTOS/PDK_AM~1/packages/ti/starterware/binary/dal/lib/am335x-evm/a8/release/gcc\libdal.a(i2c.o)
                0x8000521c                I2CIntrClear
 .text.I2CMasterSetSlaveAddr
                0x80005228       0x2c E:/uC-Soft/TI/TIRTOS/PDK_AM~1/packages/ti/starterware/binary/dal/lib/am335x-evm/a8/release/gcc\libdal.a(i2c.o)
                0x80005228                I2CMasterSetSlaveAddr
 .text.I2CSetDataCount
                0x80005254       0x1c E:/uC-Soft/TI/TIRTOS/PDK_AM~1/packages/ti/starterware/binary/dal/lib/am335x-evm/a8/release/gcc\libdal.a(i2c.o)
                0x80005254                I2CSetDataCount
 .text.I2CGetDataCount
                0x80005270       0x10 E:/uC-Soft/TI/TIRTOS/PDK_AM~1/packages/ti/starterware/binary/dal/lib/am335x-evm/a8/release/gcc\libdal.a(i2c.o)
                0x80005270                I2CGetDataCount
 .text.I2CFifoThresholdConfig
                0x80005280       0x28 E:/uC-Soft/TI/TIRTOS/PDK_AM~1/packages/ti/starterware/binary/dal/lib/am335x-evm/a8/release/gcc\libdal.a(i2c.o)
                0x80005280                I2CFifoThresholdConfig
 .text.I2CFifoFlush
                0x800052a8       0x5c E:/uC-Soft/TI/TIRTOS/PDK_AM~1/packages/ti/starterware/binary/dal/lib/am335x-evm/a8/release/gcc\libdal.a(i2c.o)
                0x800052a8                I2CFifoFlush
 .text.I2CBufStatus
                0x80005304       0x3c E:/uC-Soft/TI/TIRTOS/PDK_AM~1/packages/ti/starterware/binary/dal/lib/am335x-evm/a8/release/gcc\libdal.a(i2c.o)
                0x80005304                I2CBufStatus
 .text.I2CSoftReset
                0x80005340       0x1c E:/uC-Soft/TI/TIRTOS/PDK_AM~1/packages/ti/starterware/binary/dal/lib/am335x-evm/a8/release/gcc\libdal.a(i2c.o)
                0x80005340                I2CSoftReset
 .text.I2CAutoIdleEnable
                0x8000535c       0x24 E:/uC-Soft/TI/TIRTOS/PDK_AM~1/packages/ti/starterware/binary/dal/lib/am335x-evm/a8/release/gcc\libdal.a(i2c.o)
                0x8000535c                I2CAutoIdleEnable
 .text.I2CSystemStatus
                0x80005380       0x10 E:/uC-Soft/TI/TIRTOS/PDK_AM~1/packages/ti/starterware/binary/dal/lib/am335x-evm/a8/release/gcc\libdal.a(i2c.o)
                0x80005380                I2CSystemStatus
 .text.I2CPutTxData
                0x80005390        0xc E:/uC-Soft/TI/TIRTOS/PDK_AM~1/packages/ti/starterware/binary/dal/lib/am335x-evm/a8/release/gcc\libdal.a(i2c.o)
                0x80005390                I2CPutTxData
 .text.I2CGetRxData
                0x8000539c       0x10 E:/uC-Soft/TI/TIRTOS/PDK_AM~1/packages/ti/starterware/binary/dal/lib/am335x-evm/a8/release/gcc\libdal.a(i2c.o)
                0x8000539c                I2CGetRxData
 .text.UARTModuleReset
                0x800053ac       0x34 E:/uC-Soft/TI/TIRTOS/PDK_AM~1/packages/ti/starterware/binary/dal/lib/am335x-evm/a8/release/gcc\libdal.a(uart.o)
                0x800053ac                UARTModuleReset
 .text.UARTSetBaudRate
                0x800053e0      0x1cc E:/uC-Soft/TI/TIRTOS/PDK_AM~1/packages/ti/starterware/binary/dal/lib/am335x-evm/a8/release/gcc\libdal.a(uart.o)
                0x800053e0                UARTSetBaudRate
 .text.UARTLineCharacteristicConfig
                0x800055ac       0x88 E:/uC-Soft/TI/TIRTOS/PDK_AM~1/packages/ti/starterware/binary/dal/lib/am335x-evm/a8/release/gcc\libdal.a(uart.o)
                0x800055ac                UARTLineCharacteristicConfig
 .text.UARTFifoConfig
                0x80005634      0x268 E:/uC-Soft/TI/TIRTOS/PDK_AM~1/packages/ti/starterware/binary/dal/lib/am335x-evm/a8/release/gcc\libdal.a(uart.o)
                0x80005634                UARTFifoConfig
 .text.UARTBreakCtrlEnable
                0x8000589c       0x2c E:/uC-Soft/TI/TIRTOS/PDK_AM~1/packages/ti/starterware/binary/dal/lib/am335x-evm/a8/release/gcc\libdal.a(uart.o)
                0x8000589c                UARTBreakCtrlEnable
 .text.UARTPutChar
                0x800058c8       0xc8 E:/uC-Soft/TI/TIRTOS/PDK_AM~1/packages/ti/starterware/binary/dal/lib/am335x-evm/a8/release/gcc\libdal.a(uart.o)
                0x800058c8                UARTPutChar
 .text.GPIOModuleEnable
                0x80005990       0x24 E:/uC-Soft/TI/TIRTOS/PDK_AM~1/packages/ti/starterware/binary/dal/lib/am335x-evm/a8/release/gcc\libdal.a(gpio.o)
                0x80005990                GPIOModuleEnable
 .text.GPIOSetDirMode
                0x800059b4       0x24 E:/uC-Soft/TI/TIRTOS/PDK_AM~1/packages/ti/starterware/binary/dal/lib/am335x-evm/a8/release/gcc\libdal.a(gpio.o)
                0x800059b4                GPIOSetDirMode
 .text.GPIOPinWrite
                0x800059d8       0x20 E:/uC-Soft/TI/TIRTOS/PDK_AM~1/packages/ti/starterware/binary/dal/lib/am335x-evm/a8/release/gcc\libdal.a(gpio.o)
                0x800059d8                GPIOPinWrite
 .text.GPIOSetIntrType
                0x800059f8      0x278 E:/uC-Soft/TI/TIRTOS/PDK_AM~1/packages/ti/starterware/binary/dal/lib/am335x-evm/a8/release/gcc\libdal.a(gpio.o)
                0x800059f8                GPIOSetIntrType
 .text.GPIOIntrEnable
                0x80005c70       0x18 E:/uC-Soft/TI/TIRTOS/PDK_AM~1/packages/ti/starterware/binary/dal/lib/am335x-evm/a8/release/gcc\libdal.a(gpio.o)
                0x80005c70                GPIOIntrEnable
 .text.GPIOIntrDisable
                0x80005c88       0x18 E:/uC-Soft/TI/TIRTOS/PDK_AM~1/packages/ti/starterware/binary/dal/lib/am335x-evm/a8/release/gcc\libdal.a(gpio.o)
                0x80005c88                GPIOIntrDisable
 .text.GPIOWakeupIntrEnable
                0x80005ca0       0x48 E:/uC-Soft/TI/TIRTOS/PDK_AM~1/packages/ti/starterware/binary/dal/lib/am335x-evm/a8/release/gcc\libdal.a(gpio.o)
                0x80005ca0                GPIOWakeupIntrEnable
 .text.GPIOWakeupIntrDisable
                0x80005ce8       0x20 E:/uC-Soft/TI/TIRTOS/PDK_AM~1/packages/ti/starterware/binary/dal/lib/am335x-evm/a8/release/gcc\libdal.a(gpio.o)
                0x80005ce8                GPIOWakeupIntrDisable
 .text.GPIOGlobalWakeupDisable
                0x80005d08       0x14 E:/uC-Soft/TI/TIRTOS/PDK_AM~1/packages/ti/starterware/binary/dal/lib/am335x-evm/a8/release/gcc\libdal.a(gpio.o)
                0x80005d08                GPIOGlobalWakeupDisable
 .text.GPIODebounceFuncEnable
                0x80005d1c       0x24 E:/uC-Soft/TI/TIRTOS/PDK_AM~1/packages/ti/starterware/binary/dal/lib/am335x-evm/a8/release/gcc\libdal.a(gpio.o)
                0x80005d1c                GPIODebounceFuncEnable
 .text.GPIOSetDebounceTime
                0x80005d40       0x1c E:/uC-Soft/TI/TIRTOS/PDK_AM~1/packages/ti/starterware/binary/dal/lib/am335x-evm/a8/release/gcc\libdal.a(gpio.o)
                0x80005d40                GPIOSetDebounceTime
 .text.DMTIMERGetCounterVal
                0x80005d5c       0x30 E:/uC-Soft/TI/TIRTOS/PDK_AM~1/packages/ti/starterware/binary/dal/lib/am335x-evm/a8/release/gcc\libdal.a(dmtimer.o)
                0x80005d5c                DMTIMERGetCounterVal
 .text          0x80005d8c      0x114 e:/uc-soft/ti/tirtos/gcc-arm-none-eabi-6-2017-q1-update/bin/../lib/gcc/arm-none-eabi/6.3.1/hard\libgcc.a(_udivsi3.o)
                0x80005d8c                __aeabi_uidiv
                0x80005d8c                __udivsi3
                0x80005e80                __aeabi_uidivmod
 .text          0x80005ea0      0x148 e:/uc-soft/ti/tirtos/gcc-arm-none-eabi-6-2017-q1-update/bin/../lib/gcc/arm-none-eabi/6.3.1/hard\libgcc.a(_divsi3.o)
                0x80005ea0                __divsi3
                0x80005ea0                __aeabi_idiv
                0x80005fc8                __aeabi_idivmod
 .text          0x80005fe8        0x4 e:/uc-soft/ti/tirtos/gcc-arm-none-eabi-6-2017-q1-update/bin/../lib/gcc/arm-none-eabi/6.3.1/hard\libgcc.a(_dvmd_tls.o)
                0x80005fe8                __aeabi_idiv0
                0x80005fe8                __aeabi_ldiv0
 .text          0x80005fec      0x2ac e:/uc-soft/ti/tirtos/gcc-arm-none-eabi-6-2017-q1-update/bin/../lib/gcc/arm-none-eabi/6.3.1/hard\libgcc.a(_arm_addsubsf3.o)
                0x80005fec                __aeabi_frsub
                0x80005ff4                __subsf3
                0x80005ff4                __aeabi_fsub
                0x80005ff8                __aeabi_fadd
                0x80005ff8                __addsf3
                0x800061b4                __aeabi_ui2f
                0x800061b4                __floatunsisf
                0x800061bc                __aeabi_i2f
                0x800061bc                __floatsisf
                0x800061dc                __aeabi_ul2f
                0x800061dc                __floatundisf
                0x800061ec                __aeabi_l2f
                0x800061ec                __floatdisf
 .text          0x80006298       0x3c e:/uc-soft/ti/tirtos/gcc-arm-none-eabi-6-2017-q1-update/bin/../lib/gcc/arm-none-eabi/6.3.1/hard\libgcc.a(_aeabi_uldivmod.o)
                0x80006298                __aeabi_uldivmod
 *fill*         0x800062d4        0x4 
 .text          0x800062d8       0x48 e:/uc-soft/ti/tirtos/gcc-arm-none-eabi-6-2017-q1-update/bin/../lib/gcc/arm-none-eabi/6.3.1/hard\libgcc.a(_fixunssfdi.o)
                0x800062d8                __fixunssfdi
                0x800062d8                __aeabi_f2ulz
 .text          0x80006320       0x48 e:/uc-soft/ti/tirtos/gcc-arm-none-eabi-6-2017-q1-update/bin/../lib/gcc/arm-none-eabi/6.3.1/hard\libgcc.a(_fixunsdfdi.o)
                0x80006320                __fixunsdfdi
                0x80006320                __aeabi_d2ulz
 .text          0x80006368      0x12c e:/uc-soft/ti/tirtos/gcc-arm-none-eabi-6-2017-q1-update/bin/../lib/gcc/arm-none-eabi/6.3.1/hard\libgcc.a(_udivmoddi4.o)
                0x80006368                __udivmoddi4
 .text          0x80006494       0x28 e:/uc-soft/ti/tirtos/gcc-arm-none-eabi-6-2017-q1-update/bin/../lib/gcc/arm-none-eabi/6.3.1/hard\libgcc.a(_clzdi2.o)
                0x80006494                __clzdi2
 .text          0x800064bc       0x48 e:/uc-soft/ti/tirtos/gcc-arm-none-eabi-6-2017-q1-update/bin/../lib/gcc/arm-none-eabi/6.3.1/hard\libgcc.a(_clzsi2.o)
                0x800064bc                __clzsi2
 .text.memcpy   0x80006504       0x20 E:/uC-Soft/TI/TIRTOS/gcc-arm-none-eabi-6-2017-q1-update/arm-none-eabi/lib/hard\libc_nano.a(lib_a-memcpy-stub.o)
                0x80006504                memcpy
 .text.strncmp  0x80006524       0x58 E:/uC-Soft/TI/TIRTOS/gcc-arm-none-eabi-6-2017-q1-update/arm-none-eabi/lib/hard\libc_nano.a(lib_a-strncmp.o)
                0x80006524                strncmp
 *(.rodata*)
 .rodata.GPIOAppInit.str1.4
                0x8000657c       0x17 E:/uC-Soft/TI/TIRTOS/PDK_AM~1/packages/ti/starterware/binary/gpio_app_led_blink/obj/am335x-evm/a8host/release/gcc/gpio_app.o
 *fill*         0x80006593        0x1 
 .rodata        0x80006594      0x11e E:/uC-Soft/TI/TIRTOS/PDK_AM~1/packages/ti/starterware/binary/gpio_app_led_blink/obj/am335x-evm/a8host/release/gcc/led_blink_app_main.o
 *fill*         0x800066b2        0x2 
 .rodata.BOARDGetDeviceCtrlModId.str1.4
                0x800066b4       0x15 E:/uC-Soft/TI/TIRTOS/PDK_AM~1/packages/ti/starterware/binary/board/lib/am335x-evm/a8/release/gcc\libboard.a(board.o)
 *fill*         0x800066c9        0x3 
 .rodata.BOARDINITPARAMS_DEFAULT
                0x800066cc        0xc E:/uC-Soft/TI/TIRTOS/PDK_AM~1/packages/ti/starterware/binary/board/lib/am335x-evm/a8/release/gcc\libboard.a(board.o)
                0x800066cc                BOARDINITPARAMS_DEFAULT
 .rodata.BOARDPrintInfo.str1.4
                0x800066d8       0x60 E:/uC-Soft/TI/TIRTOS/PDK_AM~1/packages/ti/starterware/binary/board/lib/am335x-evm/a8/release/gcc\libboard.a(board.o)
 .rodata.gBoardIdStrTable
                0x80006738       0x58 E:/uC-Soft/TI/TIRTOS/PDK_AM~1/packages/ti/starterware/binary/board/lib/am335x-evm/a8/release/gcc\libboard.a(board.o)
 .rodata.str1.4
                0x80006790       0x6b E:/uC-Soft/TI/TIRTOS/PDK_AM~1/packages/ti/starterware/binary/board/lib/am335x-evm/a8/release/gcc\libboard.a(board.o)
 .rodata.DCARDGetDeviceCtrlModId.str1.4
                0x800067fb       0x15 E:/uC-Soft/TI/TIRTOS/PDK_AM~1/packages/ti/starterware/binary/board/lib/am335x-evm/a8/release/gcc\libboard.a(dcard.o)
 *fill*         0x800067fb        0x1 
 .rodata.BoardGetIdAm335x.str1.4
                0x800067fc       0x3f E:/uC-Soft/TI/TIRTOS/PDK_AM~1/packages/ti/starterware/binary/board/lib/am335x-evm/a8/release/gcc\libboard.a(board_am335x.o)
 *fill*         0x8000683b        0x1 
 .rodata.gpBoardAm335xData
                0x8000683c       0x44 E:/uC-Soft/TI/TIRTOS/PDK_AM~1/packages/ti/starterware/binary/board/lib/am335x-evm/a8/release/gcc\libboard.a(board_am335x.o)
 .rodata.BoardAm335xGpevmLcdDevicePowerOn.str1.4
                0x80006880       0x63 E:/uC-Soft/TI/TIRTOS/PDK_AM~1/packages/ti/starterware/binary/board/lib/am335x-evm/a8/release/gcc\libboard.a(am335x_gpevm.o)
 *fill*         0x800068e3        0x1 
 .rodata.gBoardAm335xGpevmData
                0x800068e4       0x20 E:/uC-Soft/TI/TIRTOS/PDK_AM~1/packages/ti/starterware/binary/board/lib/am335x-evm/a8/release/gcc\libboard.a(am335x_gpevm.o)
                0x800068e4                gBoardAm335xGpevmData
 .rodata.gBoardAm335xGpevmDevData
                0x80006904      0x1e0 E:/uC-Soft/TI/TIRTOS/PDK_AM~1/packages/ti/starterware/binary/board/lib/am335x-evm/a8/release/gcc\libboard.a(am335x_gpevm.o)
                0x80006904                gBoardAm335xGpevmDevData
 .rodata.str1.4
                0x80006ae4       0x10 E:/uC-Soft/TI/TIRTOS/PDK_AM~1/packages/ti/starterware/binary/board/lib/am335x-evm/a8/release/gcc\libboard.a(am335x_gpevm.o)
                                 0x18 (size before relaxing)
 .rodata.gBoardAm335xEvmskData
                0x80006af4       0x20 E:/uC-Soft/TI/TIRTOS/PDK_AM~1/packages/ti/starterware/binary/board/lib/am335x-evm/a8/release/gcc\libboard.a(am335x_evmsk.o)
                0x80006af4                gBoardAm335xEvmskData
 .rodata.gBoardAm335xEvmskDevData
                0x80006b14      0x118 E:/uC-Soft/TI/TIRTOS/PDK_AM~1/packages/ti/starterware/binary/board/lib/am335x-evm/a8/release/gcc\libboard.a(am335x_evmsk.o)
                0x80006b14                gBoardAm335xEvmskDevData
 .rodata.str1.4
                0x80006c2c        0xd E:/uC-Soft/TI/TIRTOS/PDK_AM~1/packages/ti/starterware/binary/board/lib/am335x-evm/a8/release/gcc\libboard.a(am335x_evmsk.o)
                                 0x15 (size before relaxing)
 *fill*         0x80006c39        0x3 
 .rodata.gBoardAm335xBeagleboneData
                0x80006c3c       0x20 E:/uC-Soft/TI/TIRTOS/PDK_AM~1/packages/ti/starterware/binary/board/lib/am335x-evm/a8/release/gcc\libboard.a(am335x_beaglebone.o)
                0x80006c3c                gBoardAm335xBeagleboneData
 .rodata.gBoardAm335xBeagleboneDevData
                0x80006c5c       0xa0 E:/uC-Soft/TI/TIRTOS/PDK_AM~1/packages/ti/starterware/binary/board/lib/am335x-evm/a8/release/gcc\libboard.a(am335x_beaglebone.o)
                0x80006c5c                gBoardAm335xBeagleboneDevData
 .rodata.str1.4
                0x80006cfc       0x25 E:/uC-Soft/TI/TIRTOS/PDK_AM~1/packages/ti/starterware/binary/board/lib/am335x-evm/a8/release/gcc\libboard.a(am335x_beaglebone.o)
                                 0x2d (size before relaxing)
 .rodata.BoardAm335xBBBLcdAvddEnable.part.1.str1.4
                0x80006d21       0x1d E:/uC-Soft/TI/TIRTOS/PDK_AM~1/packages/ti/starterware/binary/board/lib/am335x-evm/a8/release/gcc\libboard.a(am335x_beagleboneblack.o)
 .rodata.BoardAm335xBBBLcdBacklightEnable.str1.4
                0x80006d21       0x20 E:/uC-Soft/TI/TIRTOS/PDK_AM~1/packages/ti/starterware/binary/board/lib/am335x-evm/a8/release/gcc\libboard.a(am335x_beagleboneblack.o)
 *fill*         0x80006d21        0x3 
 .rodata.gBoardAm335xBeagleBoneBlackIsCompatible
                0x80006d24        0x4 E:/uC-Soft/TI/TIRTOS/PDK_AM~1/packages/ti/starterware/binary/board/lib/am335x-evm/a8/release/gcc\libboard.a(am335x_beagleboneblack.o)
                0x80006d24                gBoardAm335xBeagleBoneBlackIsCompatible
 .rodata.gBoardAm335xBeagleboneblackData
                0x80006d28       0x20 E:/uC-Soft/TI/TIRTOS/PDK_AM~1/packages/ti/starterware/binary/board/lib/am335x-evm/a8/release/gcc\libboard.a(am335x_beagleboneblack.o)
                0x80006d28                gBoardAm335xBeagleboneblackData
 .rodata.gBoardAm335xBeagleboneblackDevData
                0x80006d48       0xc8 E:/uC-Soft/TI/TIRTOS/PDK_AM~1/packages/ti/starterware/binary/board/lib/am335x-evm/a8/release/gcc\libboard.a(am335x_beagleboneblack.o)
                0x80006d48                gBoardAm335xBeagleboneblackDevData
 .rodata.str1.4
                0x80006e10        0x5 E:/uC-Soft/TI/TIRTOS/PDK_AM~1/packages/ti/starterware/binary/board/lib/am335x-evm/a8/release/gcc\libboard.a(am335x_beagleboneblack.o)
                                 0x15 (size before relaxing)
 *fill*         0x80006e15        0x3 
 .rodata.gBoardAm335xIceV1Data
                0x80006e18       0x20 E:/uC-Soft/TI/TIRTOS/PDK_AM~1/packages/ti/starterware/binary/board/lib/am335x-evm/a8/release/gcc\libboard.a(am335x_icev1.o)
                0x80006e18                gBoardAm335xIceV1Data
 .rodata.gBoardAm335xIceV1DevData
                0x80006e38       0xc8 E:/uC-Soft/TI/TIRTOS/PDK_AM~1/packages/ti/starterware/binary/board/lib/am335x-evm/a8/release/gcc\libboard.a(am335x_icev1.o)
                0x80006e38                gBoardAm335xIceV1DevData
 .rodata.str1.4
                0x80006f00       0x2d E:/uC-Soft/TI/TIRTOS/PDK_AM~1/packages/ti/starterware/binary/board/lib/am335x-evm/a8/release/gcc\libboard.a(am335x_icev1.o)
 .rodata.BoardAm335xIceV2PhySetupAndReset.str1.4
                0x80006f00       0x25 E:/uC-Soft/TI/TIRTOS/PDK_AM~1/packages/ti/starterware/binary/board/lib/am335x-evm/a8/release/gcc\libboard.a(am335x_icev2.o)
                                 0x3f (size before relaxing)
 *fill*         0x80006f25        0x3 
 .rodata.gBoardAm335xIceV2Data
                0x80006f28       0x20 E:/uC-Soft/TI/TIRTOS/PDK_AM~1/packages/ti/starterware/binary/board/lib/am335x-evm/a8/release/gcc\libboard.a(am335x_icev2.o)
                0x80006f28                gBoardAm335xIceV2Data
 .rodata.gBoardAm335xIceV2DevData
                0x80006f48      0x398 E:/uC-Soft/TI/TIRTOS/PDK_AM~1/packages/ti/starterware/binary/board/lib/am335x-evm/a8/release/gcc\libboard.a(am335x_icev2.o)
                0x80006f48                gBoardAm335xIceV2DevData
 .rodata.str1.4
                0x800072e0       0x2d E:/uC-Soft/TI/TIRTOS/PDK_AM~1/packages/ti/starterware/binary/board/lib/am335x-evm/a8/release/gcc\libboard.a(am335x_icev2.o)
 .rodata.BoardAm335xAMIC110PhySetupAndReset.str1.4
                0x800072e0       0x3f E:/uC-Soft/TI/TIRTOS/PDK_AM~1/packages/ti/starterware/binary/board/lib/am335x-evm/a8/release/gcc\libboard.a(am335x_amic110.o)
 .rodata.gBoardAm335xAMIC110Data
                0x800072e0       0x20 E:/uC-Soft/TI/TIRTOS/PDK_AM~1/packages/ti/starterware/binary/board/lib/am335x-evm/a8/release/gcc\libboard.a(am335x_amic110.o)
                0x800072e0                gBoardAm335xAMIC110Data
 .rodata.gBoardAm335xAMIC110DevData
                0x80007300      0x398 E:/uC-Soft/TI/TIRTOS/PDK_AM~1/packages/ti/starterware/binary/board/lib/am335x-evm/a8/release/gcc\libboard.a(am335x_amic110.o)
                0x80007300                gBoardAm335xAMIC110DevData
 .rodata.str1.4
                0x80007698       0x2d E:/uC-Soft/TI/TIRTOS/PDK_AM~1/packages/ti/starterware/binary/board/lib/am335x-evm/a8/release/gcc\libboard.a(am335x_amic110.o)
 .rodata.gBoardAm335xCustomData
                0x80007698       0x20 E:/uC-Soft/TI/TIRTOS/PDK_AM~1/packages/ti/starterware/binary/board/lib/am335x-evm/a8/release/gcc\libboard.a(am335x_custom.o)
                0x80007698                gBoardAm335xCustomData
 .rodata.str1.4
                0x800076b8       0x25 E:/uC-Soft/TI/TIRTOS/PDK_AM~1/packages/ti/starterware/binary/board/lib/am335x-evm/a8/release/gcc\libboard.a(am335x_custom.o)
                                  0x1 (size before relaxing)
 .rodata.gDCardAm335xLCD4Data
                0x800076b8       0x44 E:/uC-Soft/TI/TIRTOS/PDK_AM~1/packages/ti/starterware/binary/board/lib/am335x-evm/a8/release/gcc\libboard.a(am335x_lcd4_dcard.o)
                0x800076b8                gDCardAm335xLCD4Data
 .rodata.gDCardAm335xLCD4DevData
                0x800076fc       0x50 E:/uC-Soft/TI/TIRTOS/PDK_AM~1/packages/ti/starterware/binary/board/lib/am335x-evm/a8/release/gcc\libboard.a(am335x_lcd4_dcard.o)
                0x800076fc                gDCardAm335xLCD4DevData
 .rodata.str1.4
                0x8000774c       0x15 E:/uC-Soft/TI/TIRTOS/PDK_AM~1/packages/ti/starterware/binary/board/lib/am335x-evm/a8/release/gcc\libboard.a(am335x_lcd4_dcard.o)
                                 0x25 (size before relaxing)
 *fill*         0x80007761        0x3 
 .rodata.CONSOLEUtilsGetc.str1.4
                0x80007764       0x2c E:/uC-Soft/TI/TIRTOS/PDK_AM~1/packages/ti/starterware/binary/utils/lib/am335x-evm/a8/release/gcc\libutils.a(console_utils.o)
 .rodata.CONSOLEUtilsSetType.str1.4
                0x80007790       0x23 E:/uC-Soft/TI/TIRTOS/PDK_AM~1/packages/ti/starterware/binary/utils/lib/am335x-evm/a8/release/gcc\libutils.a(console_utils.o)
 *fill*         0x800077b3        0x1 
 .rodata.I2CUTILSINITPARAMS_DEFAULT
                0x800077b4       0x10 E:/uC-Soft/TI/TIRTOS/PDK_AM~1/packages/ti/starterware/binary/utils/lib/am335x-evm/a8/release/gcc\libutils.a(i2c_utils.o)
                0x800077b4                I2CUTILSINITPARAMS_DEFAULT
 .rodata.CONSOLEUtilsUartPrintFmt.str1.4
                0x800077c4       0x19 E:/uC-Soft/TI/TIRTOS/PDK_AM~1/packages/ti/starterware/binary/utils/lib/am335x-evm/a8/release/gcc\libutils.a(console_utils_uart.o)
 *fill*         0x800077dd        0x3 
 .rodata.UART_CONSOLE_DEFAULT
                0x800077e0       0x18 E:/uC-Soft/TI/TIRTOS/PDK_AM~1/packages/ti/starterware/binary/utils/lib/am335x-evm/a8/release/gcc\libutils.a(console_utils_uart.o)
 .rodata.SOCGetCoreName.str1.4
                0x800077f8        0x3 E:/uC-Soft/TI/TIRTOS/PDK_AM~1/packages/ti/starterware/binary/soc/lib/am335x-evm/a8/release/gcc\libsoc.a(soc.o)
 *fill*         0x800077fb        0x1 
 .rodata.SOCGetSocFamilyName.str1.4
                0x800077fc        0x7 E:/uC-Soft/TI/TIRTOS/PDK_AM~1/packages/ti/starterware/binary/soc/lib/am335x-evm/a8/release/gcc\libsoc.a(soc.o)
 *fill*         0x80007803        0x1 
 .rodata.SOCPrintInfo.str1.4
                0x80007804       0x40 E:/uC-Soft/TI/TIRTOS/PDK_AM~1/packages/ti/starterware/binary/soc/lib/am335x-evm/a8/release/gcc\libsoc.a(soc.o)
 .rodata.vecTbl
                0x80007844       0x38 E:/uC-Soft/TI/TIRTOS/PDK_AM~1/packages/ti/starterware/binary/soc/lib/am335x-evm/a8/release/gcc\libsoc.a(startup.o)
 .rodata.gChipDBResourceIDMap
                0x8000787c      0x244 E:/uC-Soft/TI/TIRTOS/PDK_AM~1/packages/ti/starterware/binary/soc/lib/am335x-evm/a8/release/gcc\libsoc.a(hw_am335x_chipdb.o)
                0x8000787c                gChipDBResourceIDMap
 .rodata.gChipDBResourceTable
                0x80007ac0       0x18 E:/uC-Soft/TI/TIRTOS/PDK_AM~1/packages/ti/starterware/binary/soc/lib/am335x-evm/a8/release/gcc\libsoc.a(hw_am335x_chipdb.o)
                0x80007ac0                gChipDBResourceTable
 .rodata.gChipDBBaseAddrTable
                0x80007ad8      0x200 E:/uC-Soft/TI/TIRTOS/PDK_AM~1/packages/ti/starterware/binary/soc/lib/am335x-evm/a8/release/gcc\libsoc.a(hw_am335x_chipdb_baseaddr.o)
                0x80007ad8                gChipDBBaseAddrTable
 .rodata.gMmuAccessCtrl
                0x80007cd8       0x1c E:/uC-Soft/TI/TIRTOS/PDK_AM~1/packages/ti/starterware/binary/soc/lib/am335x-evm/a8/release/gcc\libsoc.a(mmu_arm.o)
 .rodata.gMmuMemAttr
                0x80007cf4       0x14 E:/uC-Soft/TI/TIRTOS/PDK_AM~1/packages/ti/starterware/binary/soc/lib/am335x-evm/a8/release/gcc\libsoc.a(mmu_arm.o)

.glue_7         0x80007d08        0x0
 .glue_7        0x80007d08        0x0 linker stubs

.glue_7t        0x80007d08        0x0
 .glue_7t       0x80007d08        0x0 linker stubs

.vfp11_veneer   0x80007d08        0x0
 .vfp11_veneer  0x80007d08        0x0 linker stubs

.v4_bx          0x80007d08        0x0
 .v4_bx         0x80007d08        0x0 linker stubs

.init           0x80007d08        0xc
 .init          0x80007d08        0xc e:/uc-soft/ti/tirtos/gcc-arm-none-eabi-6-2017-q1-update/bin/../lib/gcc/arm-none-eabi/6.3.1/hard/crti.o
                0x80007d08                _init

.fini           0x80007d14        0xc
 .fini          0x80007d14        0xc e:/uc-soft/ti/tirtos/gcc-arm-none-eabi-6-2017-q1-update/bin/../lib/gcc/arm-none-eabi/6.3.1/hard/crti.o
                0x80007d14                _fini

.iplt           0x80007d20        0x0
 .iplt          0x80007d20        0x0 e:/uc-soft/ti/tirtos/gcc-arm-none-eabi-6-2017-q1-update/bin/../lib/gcc/arm-none-eabi/6.3.1/hard/crtbegin.o

.rel.dyn        0x80007d20        0x0
 .rel.iplt      0x80007d20        0x0 e:/uc-soft/ti/tirtos/gcc-arm-none-eabi-6-2017-q1-update/bin/../lib/gcc/arm-none-eabi/6.3.1/hard/crtbegin.o

.ARM.exidx      0x80007d20        0x8
 .ARM.exidx     0x80007d20        0x8 e:/uc-soft/ti/tirtos/gcc-arm-none-eabi-6-2017-q1-update/bin/../lib/gcc/arm-none-eabi/6.3.1/hard\libgcc.a(_udivmoddi4.o)

.data           0x80007d28     0x1878
                0x80007d28                . = ALIGN (0x4)
 *(.data*)
 .data.regionDdr
                0x80007d28       0x14 E:/uC-Soft/TI/TIRTOS/PDK_AM~1/packages/ti/starterware/binary/examples/example_utils/lib/am335x-evm/a8/release/gcc\libexample_utils.a(example_utils_mmu.o)
                0x80007d28                regionDdr
 .data.regionDev
                0x80007d3c       0x14 E:/uC-Soft/TI/TIRTOS/PDK_AM~1/packages/ti/starterware/binary/examples/example_utils/lib/am335x-evm/a8/release/gcc\libexample_utils.a(example_utils_mmu.o)
                0x80007d3c                regionDev
 .data.regionOcmc
                0x80007d50       0x14 E:/uC-Soft/TI/TIRTOS/PDK_AM~1/packages/ti/starterware/binary/examples/example_utils/lib/am335x-evm/a8/release/gcc\libexample_utils.a(example_utils_mmu.o)
                0x80007d50                regionOcmc
 .data.regionQspi
                0x80007d64       0x14 E:/uC-Soft/TI/TIRTOS/PDK_AM~1/packages/ti/starterware/binary/examples/example_utils/lib/am335x-evm/a8/release/gcc\libexample_utils.a(example_utils_mmu.o)
                0x80007d64                regionQspi
 .data.gBoardAm335xI2cData
                0x80007d78        0xc E:/uC-Soft/TI/TIRTOS/PDK_AM~1/packages/ti/starterware/binary/board/lib/am335x-evm/a8/release/gcc\libboard.a(board_am335x.o)
 .data.gBoardAm335xI2cInstData
                0x80007d84       0x20 E:/uC-Soft/TI/TIRTOS/PDK_AM~1/packages/ti/starterware/binary/board/lib/am335x-evm/a8/release/gcc\libboard.a(board_am335x.o)
 .data.gpDCardAm335xData
                0x80007da4        0x8 E:/uC-Soft/TI/TIRTOS/PDK_AM~1/packages/ti/starterware/binary/board/lib/am335x-evm/a8/release/gcc\libboard.a(dcard_am335x.o)
 .data.gpBoardAm335xGpevmRevStrTable
                0x80007dac       0x14 E:/uC-Soft/TI/TIRTOS/PDK_AM~1/packages/ti/starterware/binary/board/lib/am335x-evm/a8/release/gcc\libboard.a(am335x_gpevm.o)
                0x80007dac                gpBoardAm335xGpevmRevStrTable
 .data.gpBoardAm335xEvmskRevStrTable
                0x80007dc0        0xc E:/uC-Soft/TI/TIRTOS/PDK_AM~1/packages/ti/starterware/binary/board/lib/am335x-evm/a8/release/gcc\libboard.a(am335x_evmsk.o)
                0x80007dc0                gpBoardAm335xEvmskRevStrTable
 .data.gpBoardAm335xBeagleboneRevStrTable
                0x80007dcc       0x18 E:/uC-Soft/TI/TIRTOS/PDK_AM~1/packages/ti/starterware/binary/board/lib/am335x-evm/a8/release/gcc\libboard.a(am335x_beaglebone.o)
                0x80007dcc                gpBoardAm335xBeagleboneRevStrTable
 .data.gBoardAm335xBeagleboneblackDCards
                0x80007de4       0x18 E:/uC-Soft/TI/TIRTOS/PDK_AM~1/packages/ti/starterware/binary/board/lib/am335x-evm/a8/release/gcc\libboard.a(am335x_beagleboneblack.o)
                0x80007de4                gBoardAm335xBeagleboneblackDCards
 .data.gpBoardAm335xBeagleboneblackRevStrTable
                0x80007dfc        0xc E:/uC-Soft/TI/TIRTOS/PDK_AM~1/packages/ti/starterware/binary/board/lib/am335x-evm/a8/release/gcc\libboard.a(am335x_beagleboneblack.o)
                0x80007dfc                gpBoardAm335xBeagleboneblackRevStrTable
 .data.gpBoardAm335xIceV1RevStrTable
                0x80007e08       0x18 E:/uC-Soft/TI/TIRTOS/PDK_AM~1/packages/ti/starterware/binary/board/lib/am335x-evm/a8/release/gcc\libboard.a(am335x_icev1.o)
                0x80007e08                gpBoardAm335xIceV1RevStrTable
 .data.gpBoardAm335xIceV2RevStrTable
                0x80007e20       0x18 E:/uC-Soft/TI/TIRTOS/PDK_AM~1/packages/ti/starterware/binary/board/lib/am335x-evm/a8/release/gcc\libboard.a(am335x_icev2.o)
                0x80007e20                gpBoardAm335xIceV2RevStrTable
 .data.gpBoardAm335xAMIC110RevStrTable
                0x80007e38       0x18 E:/uC-Soft/TI/TIRTOS/PDK_AM~1/packages/ti/starterware/binary/board/lib/am335x-evm/a8/release/gcc\libboard.a(am335x_amic110.o)
                0x80007e38                gpBoardAm335xAMIC110RevStrTable
 .data.gpBoardAm335xCustomRevStrTable
                0x80007e50        0x4 E:/uC-Soft/TI/TIRTOS/PDK_AM~1/packages/ti/starterware/binary/board/lib/am335x-evm/a8/release/gcc\libboard.a(am335x_custom.o)
                0x80007e50                gpBoardAm335xCustomRevStrTable
 .data.gCpsw0PinCfg
                0x80007e54       0x98 E:/uC-Soft/TI/TIRTOS/PDK_AM~1/packages/ti/starterware/binary/board/lib/am335x-evm/a8/release/gcc\libboard.a(am335x_gpevm_pinmux_data.o)
 .data.gCpswPinCfg
                0x80007eec       0x10 E:/uC-Soft/TI/TIRTOS/PDK_AM~1/packages/ti/starterware/binary/board/lib/am335x-evm/a8/release/gcc\libboard.a(am335x_gpevm_pinmux_data.o)
 .data.gDcan1PinCfg
                0x80007efc       0x18 E:/uC-Soft/TI/TIRTOS/PDK_AM~1/packages/ti/starterware/binary/board/lib/am335x-evm/a8/release/gcc\libboard.a(am335x_gpevm_pinmux_data.o)
 .data.gDcanPinCfg
                0x80007f14       0x10 E:/uC-Soft/TI/TIRTOS/PDK_AM~1/packages/ti/starterware/binary/board/lib/am335x-evm/a8/release/gcc\libboard.a(am335x_gpevm_pinmux_data.o)
 .data.gGpevmPinmuxData
                0x80007f24       0x58 E:/uC-Soft/TI/TIRTOS/PDK_AM~1/packages/ti/starterware/binary/board/lib/am335x-evm/a8/release/gcc\libboard.a(am335x_gpevm_pinmux_data.o)
                0x80007f24                gGpevmPinmuxData
 .data.gGpio0PinCfg
                0x80007f7c       0x18 E:/uC-Soft/TI/TIRTOS/PDK_AM~1/packages/ti/starterware/binary/board/lib/am335x-evm/a8/release/gcc\libboard.a(am335x_gpevm_pinmux_data.o)
 .data.gGpio1PinCfg
                0x80007f94       0x10 E:/uC-Soft/TI/TIRTOS/PDK_AM~1/packages/ti/starterware/binary/board/lib/am335x-evm/a8/release/gcc\libboard.a(am335x_gpevm_pinmux_data.o)
 .data.gGpioPinCfg
                0x80007fa4       0x18 E:/uC-Soft/TI/TIRTOS/PDK_AM~1/packages/ti/starterware/binary/board/lib/am335x-evm/a8/release/gcc\libboard.a(am335x_gpevm_pinmux_data.o)
 .data.gGpmc0PinCfg
                0x80007fbc       0xc0 E:/uC-Soft/TI/TIRTOS/PDK_AM~1/packages/ti/starterware/binary/board/lib/am335x-evm/a8/release/gcc\libboard.a(am335x_gpevm_pinmux_data.o)
 .data.gGpmcPinCfg
                0x8000807c       0x10 E:/uC-Soft/TI/TIRTOS/PDK_AM~1/packages/ti/starterware/binary/board/lib/am335x-evm/a8/release/gcc\libboard.a(am335x_gpevm_pinmux_data.o)
 .data.gI2c0PinCfg
                0x8000808c       0x18 E:/uC-Soft/TI/TIRTOS/PDK_AM~1/packages/ti/starterware/binary/board/lib/am335x-evm/a8/release/gcc\libboard.a(am335x_gpevm_pinmux_data.o)
 .data.gI2c1PinCfg
                0x800080a4       0x18 E:/uC-Soft/TI/TIRTOS/PDK_AM~1/packages/ti/starterware/binary/board/lib/am335x-evm/a8/release/gcc\libboard.a(am335x_gpevm_pinmux_data.o)
 .data.gI2cPinCfg
                0x800080bc       0x18 E:/uC-Soft/TI/TIRTOS/PDK_AM~1/packages/ti/starterware/binary/board/lib/am335x-evm/a8/release/gcc\libboard.a(am335x_gpevm_pinmux_data.o)
 .data.gLcdc0PinCfg
                0x800080d4       0xf0 E:/uC-Soft/TI/TIRTOS/PDK_AM~1/packages/ti/starterware/binary/board/lib/am335x-evm/a8/release/gcc\libboard.a(am335x_gpevm_pinmux_data.o)
 .data.gLcdcPinCfg
                0x800081c4       0x10 E:/uC-Soft/TI/TIRTOS/PDK_AM~1/packages/ti/starterware/binary/board/lib/am335x-evm/a8/release/gcc\libboard.a(am335x_gpevm_pinmux_data.o)
 .data.gMcspi0PinCfg
                0x800081d4       0x28 E:/uC-Soft/TI/TIRTOS/PDK_AM~1/packages/ti/starterware/binary/board/lib/am335x-evm/a8/release/gcc\libboard.a(am335x_gpevm_pinmux_data.o)
 .data.gMcspiPinCfg
                0x800081fc       0x10 E:/uC-Soft/TI/TIRTOS/PDK_AM~1/packages/ti/starterware/binary/board/lib/am335x-evm/a8/release/gcc\libboard.a(am335x_gpevm_pinmux_data.o)
 .data.gMmcsd0PinCfg
                0x8000820c       0x40 E:/uC-Soft/TI/TIRTOS/PDK_AM~1/packages/ti/starterware/binary/board/lib/am335x-evm/a8/release/gcc\libboard.a(am335x_gpevm_pinmux_data.o)
 .data.gMmcsdPinCfg
                0x8000824c       0x10 E:/uC-Soft/TI/TIRTOS/PDK_AM~1/packages/ti/starterware/binary/board/lib/am335x-evm/a8/release/gcc\libboard.a(am335x_gpevm_pinmux_data.o)
 .data.gPwmss2PinCfg
                0x8000825c       0x10 E:/uC-Soft/TI/TIRTOS/PDK_AM~1/packages/ti/starterware/binary/board/lib/am335x-evm/a8/release/gcc\libboard.a(am335x_gpevm_pinmux_data.o)
 .data.gPwmssPinCfg
                0x8000826c       0x10 E:/uC-Soft/TI/TIRTOS/PDK_AM~1/packages/ti/starterware/binary/board/lib/am335x-evm/a8/release/gcc\libboard.a(am335x_gpevm_pinmux_data.o)
 .data.gUart0PinCfg
                0x8000827c       0x18 E:/uC-Soft/TI/TIRTOS/PDK_AM~1/packages/ti/starterware/binary/board/lib/am335x-evm/a8/release/gcc\libboard.a(am335x_gpevm_pinmux_data.o)
 .data.gUartPinCfg
                0x80008294       0x10 E:/uC-Soft/TI/TIRTOS/PDK_AM~1/packages/ti/starterware/binary/board/lib/am335x-evm/a8/release/gcc\libboard.a(am335x_gpevm_pinmux_data.o)
 .data.gCpsw0PinCfg
                0x800082a4       0xd8 E:/uC-Soft/TI/TIRTOS/PDK_AM~1/packages/ti/starterware/binary/board/lib/am335x-evm/a8/release/gcc\libboard.a(am335x_evmsk_pinmux_data.o)
 .data.gCpswPinCfg
                0x8000837c       0x10 E:/uC-Soft/TI/TIRTOS/PDK_AM~1/packages/ti/starterware/binary/board/lib/am335x-evm/a8/release/gcc\libboard.a(am335x_evmsk_pinmux_data.o)
 .data.gEvmskPinmuxData
                0x8000838c       0x30 E:/uC-Soft/TI/TIRTOS/PDK_AM~1/packages/ti/starterware/binary/board/lib/am335x-evm/a8/release/gcc\libboard.a(am335x_evmsk_pinmux_data.o)
                0x8000838c                gEvmskPinmuxData
 .data.gGpio0PinCfg
                0x800083bc       0x18 E:/uC-Soft/TI/TIRTOS/PDK_AM~1/packages/ti/starterware/binary/board/lib/am335x-evm/a8/release/gcc\libboard.a(am335x_evmsk_pinmux_data.o)
 .data.gGpio1PinCfg
                0x800083d4       0x28 E:/uC-Soft/TI/TIRTOS/PDK_AM~1/packages/ti/starterware/binary/board/lib/am335x-evm/a8/release/gcc\libboard.a(am335x_evmsk_pinmux_data.o)
 .data.gGpio2PinCfg
                0x800083fc       0x20 E:/uC-Soft/TI/TIRTOS/PDK_AM~1/packages/ti/starterware/binary/board/lib/am335x-evm/a8/release/gcc\libboard.a(am335x_evmsk_pinmux_data.o)
 .data.gGpioPinCfg
                0x8000841c       0x20 E:/uC-Soft/TI/TIRTOS/PDK_AM~1/packages/ti/starterware/binary/board/lib/am335x-evm/a8/release/gcc\libboard.a(am335x_evmsk_pinmux_data.o)
 .data.gI2c0PinCfg
                0x8000843c       0x18 E:/uC-Soft/TI/TIRTOS/PDK_AM~1/packages/ti/starterware/binary/board/lib/am335x-evm/a8/release/gcc\libboard.a(am335x_evmsk_pinmux_data.o)
 .data.gI2cPinCfg
                0x80008454       0x10 E:/uC-Soft/TI/TIRTOS/PDK_AM~1/packages/ti/starterware/binary/board/lib/am335x-evm/a8/release/gcc\libboard.a(am335x_evmsk_pinmux_data.o)
 .data.gMmcsd0PinCfg
                0x80008464       0x40 E:/uC-Soft/TI/TIRTOS/PDK_AM~1/packages/ti/starterware/binary/board/lib/am335x-evm/a8/release/gcc\libboard.a(am335x_evmsk_pinmux_data.o)
 .data.gMmcsdPinCfg
                0x800084a4       0x10 E:/uC-Soft/TI/TIRTOS/PDK_AM~1/packages/ti/starterware/binary/board/lib/am335x-evm/a8/release/gcc\libboard.a(am335x_evmsk_pinmux_data.o)
 .data.gUart0PinCfg
                0x800084b4       0x18 E:/uC-Soft/TI/TIRTOS/PDK_AM~1/packages/ti/starterware/binary/board/lib/am335x-evm/a8/release/gcc\libboard.a(am335x_evmsk_pinmux_data.o)
 .data.gUartPinCfg
                0x800084cc       0x10 E:/uC-Soft/TI/TIRTOS/PDK_AM~1/packages/ti/starterware/binary/board/lib/am335x-evm/a8/release/gcc\libboard.a(am335x_evmsk_pinmux_data.o)
 .data.gBbPinmuxData
                0x800084dc       0x30 E:/uC-Soft/TI/TIRTOS/PDK_AM~1/packages/ti/starterware/binary/board/lib/am335x-evm/a8/release/gcc\libboard.a(am335x_beaglebone_pinmux_data.o)
                0x800084dc                gBbPinmuxData
 .data.gCpsw0PinCfg
                0x8000850c       0x90 E:/uC-Soft/TI/TIRTOS/PDK_AM~1/packages/ti/starterware/binary/board/lib/am335x-evm/a8/release/gcc\libboard.a(am335x_beaglebone_pinmux_data.o)
 .data.gCpswPinCfg
                0x8000859c       0x10 E:/uC-Soft/TI/TIRTOS/PDK_AM~1/packages/ti/starterware/binary/board/lib/am335x-evm/a8/release/gcc\libboard.a(am335x_beaglebone_pinmux_data.o)
 .data.gGpio1PinCfg
                0x800085ac       0x10 E:/uC-Soft/TI/TIRTOS/PDK_AM~1/packages/ti/starterware/binary/board/lib/am335x-evm/a8/release/gcc\libboard.a(am335x_beaglebone_pinmux_data.o)
 .data.gGpioPinCfg
                0x800085bc       0x10 E:/uC-Soft/TI/TIRTOS/PDK_AM~1/packages/ti/starterware/binary/board/lib/am335x-evm/a8/release/gcc\libboard.a(am335x_beaglebone_pinmux_data.o)
 .data.gI2c0PinCfg
                0x800085cc       0x18 E:/uC-Soft/TI/TIRTOS/PDK_AM~1/packages/ti/starterware/binary/board/lib/am335x-evm/a8/release/gcc\libboard.a(am335x_beaglebone_pinmux_data.o)
 .data.gI2cPinCfg
                0x800085e4       0x10 E:/uC-Soft/TI/TIRTOS/PDK_AM~1/packages/ti/starterware/binary/board/lib/am335x-evm/a8/release/gcc\libboard.a(am335x_beaglebone_pinmux_data.o)
 .data.gMmcsd0PinCfg
                0x800085f4       0x40 E:/uC-Soft/TI/TIRTOS/PDK_AM~1/packages/ti/starterware/binary/board/lib/am335x-evm/a8/release/gcc\libboard.a(am335x_beaglebone_pinmux_data.o)
 .data.gMmcsdPinCfg
                0x80008634       0x10 E:/uC-Soft/TI/TIRTOS/PDK_AM~1/packages/ti/starterware/binary/board/lib/am335x-evm/a8/release/gcc\libboard.a(am335x_beaglebone_pinmux_data.o)
 .data.gUart0PinCfg
                0x80008644       0x18 E:/uC-Soft/TI/TIRTOS/PDK_AM~1/packages/ti/starterware/binary/board/lib/am335x-evm/a8/release/gcc\libboard.a(am335x_beaglebone_pinmux_data.o)
 .data.gUartPinCfg
                0x8000865c       0x10 E:/uC-Soft/TI/TIRTOS/PDK_AM~1/packages/ti/starterware/binary/board/lib/am335x-evm/a8/release/gcc\libboard.a(am335x_beaglebone_pinmux_data.o)
 .data.gBbbPinmuxData
                0x8000866c       0x40 E:/uC-Soft/TI/TIRTOS/PDK_AM~1/packages/ti/starterware/binary/board/lib/am335x-evm/a8/release/gcc\libboard.a(am335x_beagleboneblack_pinmux_data.o)
                0x8000866c                gBbbPinmuxData
 .data.gCpsw0PinCfg
                0x800086ac       0x90 E:/uC-Soft/TI/TIRTOS/PDK_AM~1/packages/ti/starterware/binary/board/lib/am335x-evm/a8/release/gcc\libboard.a(am335x_beagleboneblack_pinmux_data.o)
 .data.gCpswPinCfg
                0x8000873c       0x10 E:/uC-Soft/TI/TIRTOS/PDK_AM~1/packages/ti/starterware/binary/board/lib/am335x-evm/a8/release/gcc\libboard.a(am335x_beagleboneblack_pinmux_data.o)
 .data.gGpio1PinCfg
                0x8000874c       0x30 E:/uC-Soft/TI/TIRTOS/PDK_AM~1/packages/ti/starterware/binary/board/lib/am335x-evm/a8/release/gcc\libboard.a(am335x_beagleboneblack_pinmux_data.o)
 .data.gGpio3PinCfg
                0x8000877c       0x10 E:/uC-Soft/TI/TIRTOS/PDK_AM~1/packages/ti/starterware/binary/board/lib/am335x-evm/a8/release/gcc\libboard.a(am335x_beagleboneblack_pinmux_data.o)
 .data.gGpioPinCfg
                0x8000878c       0x18 E:/uC-Soft/TI/TIRTOS/PDK_AM~1/packages/ti/starterware/binary/board/lib/am335x-evm/a8/release/gcc\libboard.a(am335x_beagleboneblack_pinmux_data.o)
 .data.gI2c0PinCfg
                0x800087a4       0x18 E:/uC-Soft/TI/TIRTOS/PDK_AM~1/packages/ti/starterware/binary/board/lib/am335x-evm/a8/release/gcc\libboard.a(am335x_beagleboneblack_pinmux_data.o)
 .data.gI2cPinCfg
                0x800087bc       0x10 E:/uC-Soft/TI/TIRTOS/PDK_AM~1/packages/ti/starterware/binary/board/lib/am335x-evm/a8/release/gcc\libboard.a(am335x_beagleboneblack_pinmux_data.o)
 .data.gLcdc0PinCfg
                0x800087cc       0xf0 E:/uC-Soft/TI/TIRTOS/PDK_AM~1/packages/ti/starterware/binary/board/lib/am335x-evm/a8/release/gcc\libboard.a(am335x_beagleboneblack_pinmux_data.o)
 .data.gLcdcPinCfg
                0x800088bc       0x10 E:/uC-Soft/TI/TIRTOS/PDK_AM~1/packages/ti/starterware/binary/board/lib/am335x-evm/a8/release/gcc\libboard.a(am335x_beagleboneblack_pinmux_data.o)
 .data.gMcspi0PinCfg
                0x800088cc       0x28 E:/uC-Soft/TI/TIRTOS/PDK_AM~1/packages/ti/starterware/binary/board/lib/am335x-evm/a8/release/gcc\libboard.a(am335x_beagleboneblack_pinmux_data.o)
 .data.gMcspi1PinCfg
                0x800088f4       0x28 E:/uC-Soft/TI/TIRTOS/PDK_AM~1/packages/ti/starterware/binary/board/lib/am335x-evm/a8/release/gcc\libboard.a(am335x_beagleboneblack_pinmux_data.o)
 .data.gMcspiPinCfg
                0x8000891c       0x18 E:/uC-Soft/TI/TIRTOS/PDK_AM~1/packages/ti/starterware/binary/board/lib/am335x-evm/a8/release/gcc\libboard.a(am335x_beagleboneblack_pinmux_data.o)
 .data.gMmcsd0PinCfg
                0x80008934       0x40 E:/uC-Soft/TI/TIRTOS/PDK_AM~1/packages/ti/starterware/binary/board/lib/am335x-evm/a8/release/gcc\libboard.a(am335x_beagleboneblack_pinmux_data.o)
 .data.gMmcsdPinCfg
                0x80008974       0x10 E:/uC-Soft/TI/TIRTOS/PDK_AM~1/packages/ti/starterware/binary/board/lib/am335x-evm/a8/release/gcc\libboard.a(am335x_beagleboneblack_pinmux_data.o)
 .data.gUart0PinCfg
                0x80008984       0x18 E:/uC-Soft/TI/TIRTOS/PDK_AM~1/packages/ti/starterware/binary/board/lib/am335x-evm/a8/release/gcc\libboard.a(am335x_beagleboneblack_pinmux_data.o)
 .data.gUartPinCfg
                0x8000899c       0x10 E:/uC-Soft/TI/TIRTOS/PDK_AM~1/packages/ti/starterware/binary/board/lib/am335x-evm/a8/release/gcc\libboard.a(am335x_beagleboneblack_pinmux_data.o)
 .data.gGpio0PinCfg
                0x800089ac       0x10 E:/uC-Soft/TI/TIRTOS/PDK_AM~1/packages/ti/starterware/binary/board/lib/am335x-evm/a8/release/gcc\libboard.a(am335x_icev1_pinmux_data.o)
 .data.gGpioPinCfg
                0x800089bc       0x10 E:/uC-Soft/TI/TIRTOS/PDK_AM~1/packages/ti/starterware/binary/board/lib/am335x-evm/a8/release/gcc\libboard.a(am335x_icev1_pinmux_data.o)
 .data.gI2c0PinCfg
                0x800089cc       0x18 E:/uC-Soft/TI/TIRTOS/PDK_AM~1/packages/ti/starterware/binary/board/lib/am335x-evm/a8/release/gcc\libboard.a(am335x_icev1_pinmux_data.o)
 .data.gI2cPinCfg
                0x800089e4       0x10 E:/uC-Soft/TI/TIRTOS/PDK_AM~1/packages/ti/starterware/binary/board/lib/am335x-evm/a8/release/gcc\libboard.a(am335x_icev1_pinmux_data.o)
 .data.gIceV1PinmuxData
                0x800089f4       0x30 E:/uC-Soft/TI/TIRTOS/PDK_AM~1/packages/ti/starterware/binary/board/lib/am335x-evm/a8/release/gcc\libboard.a(am335x_icev1_pinmux_data.o)
                0x800089f4                gIceV1PinmuxData
 .data.gMcspi0PinCfg
                0x80008a24       0x28 E:/uC-Soft/TI/TIRTOS/PDK_AM~1/packages/ti/starterware/binary/board/lib/am335x-evm/a8/release/gcc\libboard.a(am335x_icev1_pinmux_data.o)
 .data.gMcspiPinCfg
                0x80008a4c       0x10 E:/uC-Soft/TI/TIRTOS/PDK_AM~1/packages/ti/starterware/binary/board/lib/am335x-evm/a8/release/gcc\libboard.a(am335x_icev1_pinmux_data.o)
 .data.gMmcsd1PinCfg
                0x80008a5c       0x40 E:/uC-Soft/TI/TIRTOS/PDK_AM~1/packages/ti/starterware/binary/board/lib/am335x-evm/a8/release/gcc\libboard.a(am335x_icev1_pinmux_data.o)
 .data.gMmcsdPinCfg
                0x80008a9c       0x10 E:/uC-Soft/TI/TIRTOS/PDK_AM~1/packages/ti/starterware/binary/board/lib/am335x-evm/a8/release/gcc\libboard.a(am335x_icev1_pinmux_data.o)
 .data.gUart0PinCfg
                0x80008aac       0x18 E:/uC-Soft/TI/TIRTOS/PDK_AM~1/packages/ti/starterware/binary/board/lib/am335x-evm/a8/release/gcc\libboard.a(am335x_icev1_pinmux_data.o)
 .data.gUart1PinCfg
                0x80008ac4       0x18 E:/uC-Soft/TI/TIRTOS/PDK_AM~1/packages/ti/starterware/binary/board/lib/am335x-evm/a8/release/gcc\libboard.a(am335x_icev1_pinmux_data.o)
 .data.gUart3PinCfg
                0x80008adc       0x18 E:/uC-Soft/TI/TIRTOS/PDK_AM~1/packages/ti/starterware/binary/board/lib/am335x-evm/a8/release/gcc\libboard.a(am335x_icev1_pinmux_data.o)
 .data.gUart4PinCfg
                0x80008af4       0x18 E:/uC-Soft/TI/TIRTOS/PDK_AM~1/packages/ti/starterware/binary/board/lib/am335x-evm/a8/release/gcc\libboard.a(am335x_icev1_pinmux_data.o)
 .data.gUart5PinCfg
                0x80008b0c       0x18 E:/uC-Soft/TI/TIRTOS/PDK_AM~1/packages/ti/starterware/binary/board/lib/am335x-evm/a8/release/gcc\libboard.a(am335x_icev1_pinmux_data.o)
 .data.gUartPinCfg
                0x80008b24       0x30 E:/uC-Soft/TI/TIRTOS/PDK_AM~1/packages/ti/starterware/binary/board/lib/am335x-evm/a8/release/gcc\libboard.a(am335x_icev1_pinmux_data.o)
 .data.gCpsw0PinCfg
                0x80008b54       0x98 E:/uC-Soft/TI/TIRTOS/PDK_AM~1/packages/ti/starterware/binary/board/lib/am335x-evm/a8/release/gcc\libboard.a(am335x_icev2_pinmux_data.o)
 .data.gCpswPinCfg
                0x80008bec       0x10 E:/uC-Soft/TI/TIRTOS/PDK_AM~1/packages/ti/starterware/binary/board/lib/am335x-evm/a8/release/gcc\libboard.a(am335x_icev2_pinmux_data.o)
 .data.gGpio0PinCfg
                0x80008bfc       0x58 E:/uC-Soft/TI/TIRTOS/PDK_AM~1/packages/ti/starterware/binary/board/lib/am335x-evm/a8/release/gcc\libboard.a(am335x_icev2_pinmux_data.o)
 .data.gGpio1PinCfg
                0x80008c54       0x20 E:/uC-Soft/TI/TIRTOS/PDK_AM~1/packages/ti/starterware/binary/board/lib/am335x-evm/a8/release/gcc\libboard.a(am335x_icev2_pinmux_data.o)
 .data.gGpio2PinCfg
                0x80008c74       0x10 E:/uC-Soft/TI/TIRTOS/PDK_AM~1/packages/ti/starterware/binary/board/lib/am335x-evm/a8/release/gcc\libboard.a(am335x_icev2_pinmux_data.o)
 .data.gGpio3PinCfg
                0x80008c84       0x30 E:/uC-Soft/TI/TIRTOS/PDK_AM~1/packages/ti/starterware/binary/board/lib/am335x-evm/a8/release/gcc\libboard.a(am335x_icev2_pinmux_data.o)
 .data.gGpioPinCfg
                0x80008cb4       0x28 E:/uC-Soft/TI/TIRTOS/PDK_AM~1/packages/ti/starterware/binary/board/lib/am335x-evm/a8/release/gcc\libboard.a(am335x_icev2_pinmux_data.o)
 .data.gGpmc0PinCfg
                0x80008cdc       0x28 E:/uC-Soft/TI/TIRTOS/PDK_AM~1/packages/ti/starterware/binary/board/lib/am335x-evm/a8/release/gcc\libboard.a(am335x_icev2_pinmux_data.o)
 .data.gGpmcPinCfg
                0x80008d04       0x10 E:/uC-Soft/TI/TIRTOS/PDK_AM~1/packages/ti/starterware/binary/board/lib/am335x-evm/a8/release/gcc\libboard.a(am335x_icev2_pinmux_data.o)
 .data.gI2c0PinCfg
                0x80008d14       0x18 E:/uC-Soft/TI/TIRTOS/PDK_AM~1/packages/ti/starterware/binary/board/lib/am335x-evm/a8/release/gcc\libboard.a(am335x_icev2_pinmux_data.o)
 .data.gI2cPinCfg
                0x80008d2c       0x10 E:/uC-Soft/TI/TIRTOS/PDK_AM~1/packages/ti/starterware/binary/board/lib/am335x-evm/a8/release/gcc\libboard.a(am335x_icev2_pinmux_data.o)
 .data.gIceV2PinmuxData
                0x80008d3c       0x48 E:/uC-Soft/TI/TIRTOS/PDK_AM~1/packages/ti/starterware/binary/board/lib/am335x-evm/a8/release/gcc\libboard.a(am335x_icev2_pinmux_data.o)
                0x80008d3c                gIceV2PinmuxData
 .data.gMcspi0PinCfg
                0x80008d84       0x30 E:/uC-Soft/TI/TIRTOS/PDK_AM~1/packages/ti/starterware/binary/board/lib/am335x-evm/a8/release/gcc\libboard.a(am335x_icev2_pinmux_data.o)
 .data.gMcspi1PinCfg
                0x80008db4       0x28 E:/uC-Soft/TI/TIRTOS/PDK_AM~1/packages/ti/starterware/binary/board/lib/am335x-evm/a8/release/gcc\libboard.a(am335x_icev2_pinmux_data.o)
 .data.gMcspiPinCfg
                0x80008ddc       0x18 E:/uC-Soft/TI/TIRTOS/PDK_AM~1/packages/ti/starterware/binary/board/lib/am335x-evm/a8/release/gcc\libboard.a(am335x_icev2_pinmux_data.o)
 .data.gMmcsd0PinCfg
                0x80008df4       0x38 E:/uC-Soft/TI/TIRTOS/PDK_AM~1/packages/ti/starterware/binary/board/lib/am335x-evm/a8/release/gcc\libboard.a(am335x_icev2_pinmux_data.o)
 .data.gMmcsdPinCfg
                0x80008e2c       0x10 E:/uC-Soft/TI/TIRTOS/PDK_AM~1/packages/ti/starterware/binary/board/lib/am335x-evm/a8/release/gcc\libboard.a(am335x_icev2_pinmux_data.o)
 .data.gPru_icss1PinCfg
                0x80008e3c      0x140 E:/uC-Soft/TI/TIRTOS/PDK_AM~1/packages/ti/starterware/binary/board/lib/am335x-evm/a8/release/gcc\libboard.a(am335x_icev2_pinmux_data.o)
 .data.gPru_icssPinCfg
                0x80008f7c       0x10 E:/uC-Soft/TI/TIRTOS/PDK_AM~1/packages/ti/starterware/binary/board/lib/am335x-evm/a8/release/gcc\libboard.a(am335x_icev2_pinmux_data.o)
 .data.gUart0PinCfg
                0x80008f8c       0x18 E:/uC-Soft/TI/TIRTOS/PDK_AM~1/packages/ti/starterware/binary/board/lib/am335x-evm/a8/release/gcc\libboard.a(am335x_icev2_pinmux_data.o)
 .data.gUart1PinCfg
                0x80008fa4       0x18 E:/uC-Soft/TI/TIRTOS/PDK_AM~1/packages/ti/starterware/binary/board/lib/am335x-evm/a8/release/gcc\libboard.a(am335x_icev2_pinmux_data.o)
 .data.gUart3PinCfg
                0x80008fbc       0x18 E:/uC-Soft/TI/TIRTOS/PDK_AM~1/packages/ti/starterware/binary/board/lib/am335x-evm/a8/release/gcc\libboard.a(am335x_icev2_pinmux_data.o)
 .data.gUart4PinCfg
                0x80008fd4       0x18 E:/uC-Soft/TI/TIRTOS/PDK_AM~1/packages/ti/starterware/binary/board/lib/am335x-evm/a8/release/gcc\libboard.a(am335x_icev2_pinmux_data.o)
 .data.gUartPinCfg
                0x80008fec       0x28 E:/uC-Soft/TI/TIRTOS/PDK_AM~1/packages/ti/starterware/binary/board/lib/am335x-evm/a8/release/gcc\libboard.a(am335x_icev2_pinmux_data.o)
 .data.gAMIC11xPinmuxData
                0x80009014       0x68 E:/uC-Soft/TI/TIRTOS/PDK_AM~1/packages/ti/starterware/binary/board/lib/am335x-evm/a8/release/gcc\libboard.a(am335x_amic11x_pinmux_data.o)
                0x80009014                gAMIC11xPinmuxData
 .data.gAdc0PinCfg
                0x8000907c        0x8 E:/uC-Soft/TI/TIRTOS/PDK_AM~1/packages/ti/starterware/binary/board/lib/am335x-evm/a8/release/gcc\libboard.a(am335x_amic11x_pinmux_data.o)
 .data.gAdcPinCfg
                0x80009084       0x10 E:/uC-Soft/TI/TIRTOS/PDK_AM~1/packages/ti/starterware/binary/board/lib/am335x-evm/a8/release/gcc\libboard.a(am335x_amic11x_pinmux_data.o)
 .data.gDebugss0PinCfg
                0x80009094       0x48 E:/uC-Soft/TI/TIRTOS/PDK_AM~1/packages/ti/starterware/binary/board/lib/am335x-evm/a8/release/gcc\libboard.a(am335x_amic11x_pinmux_data.o)
 .data.gDebugssPinCfg
                0x800090dc       0x10 E:/uC-Soft/TI/TIRTOS/PDK_AM~1/packages/ti/starterware/binary/board/lib/am335x-evm/a8/release/gcc\libboard.a(am335x_amic11x_pinmux_data.o)
 .data.gEmif4PinCfg
                0x800090ec        0x8 E:/uC-Soft/TI/TIRTOS/PDK_AM~1/packages/ti/starterware/binary/board/lib/am335x-evm/a8/release/gcc\libboard.a(am335x_amic11x_pinmux_data.o)
 .data.gEmifPinCfg
                0x800090f4       0x10 E:/uC-Soft/TI/TIRTOS/PDK_AM~1/packages/ti/starterware/binary/board/lib/am335x-evm/a8/release/gcc\libboard.a(am335x_amic11x_pinmux_data.o)
 .data.gGlue0PinCfg
                0x80009104       0x18 E:/uC-Soft/TI/TIRTOS/PDK_AM~1/packages/ti/starterware/binary/board/lib/am335x-evm/a8/release/gcc\libboard.a(am335x_amic11x_pinmux_data.o)
 .data.gGluePinCfg
                0x8000911c       0x10 E:/uC-Soft/TI/TIRTOS/PDK_AM~1/packages/ti/starterware/binary/board/lib/am335x-evm/a8/release/gcc\libboard.a(am335x_amic11x_pinmux_data.o)
 .data.gGpio0PinCfg
                0x8000912c       0x30 E:/uC-Soft/TI/TIRTOS/PDK_AM~1/packages/ti/starterware/binary/board/lib/am335x-evm/a8/release/gcc\libboard.a(am335x_amic11x_pinmux_data.o)
 .data.gGpio1PinCfg
                0x8000915c       0x38 E:/uC-Soft/TI/TIRTOS/PDK_AM~1/packages/ti/starterware/binary/board/lib/am335x-evm/a8/release/gcc\libboard.a(am335x_amic11x_pinmux_data.o)
 .data.gGpio2PinCfg
                0x80009194       0x38 E:/uC-Soft/TI/TIRTOS/PDK_AM~1/packages/ti/starterware/binary/board/lib/am335x-evm/a8/release/gcc\libboard.a(am335x_amic11x_pinmux_data.o)
 .data.gGpio3PinCfg
                0x800091cc       0x38 E:/uC-Soft/TI/TIRTOS/PDK_AM~1/packages/ti/starterware/binary/board/lib/am335x-evm/a8/release/gcc\libboard.a(am335x_amic11x_pinmux_data.o)
 .data.gGpioPinCfg
                0x80009204       0x28 E:/uC-Soft/TI/TIRTOS/PDK_AM~1/packages/ti/starterware/binary/board/lib/am335x-evm/a8/release/gcc\libboard.a(am335x_amic11x_pinmux_data.o)
 .data.gI2c0PinCfg
                0x8000922c       0x18 E:/uC-Soft/TI/TIRTOS/PDK_AM~1/packages/ti/starterware/binary/board/lib/am335x-evm/a8/release/gcc\libboard.a(am335x_amic11x_pinmux_data.o)
 .data.gI2cPinCfg
                0x80009244       0x10 E:/uC-Soft/TI/TIRTOS/PDK_AM~1/packages/ti/starterware/binary/board/lib/am335x-evm/a8/release/gcc\libboard.a(am335x_amic11x_pinmux_data.o)
 .data.gMcasp1PinCfg
                0x80009254       0x28 E:/uC-Soft/TI/TIRTOS/PDK_AM~1/packages/ti/starterware/binary/board/lib/am335x-evm/a8/release/gcc\libboard.a(am335x_amic11x_pinmux_data.o)
 .data.gMcaspPinCfg
                0x8000927c       0x10 E:/uC-Soft/TI/TIRTOS/PDK_AM~1/packages/ti/starterware/binary/board/lib/am335x-evm/a8/release/gcc\libboard.a(am335x_amic11x_pinmux_data.o)
 .data.gMcspi0PinCfg
                0x8000928c       0x30 E:/uC-Soft/TI/TIRTOS/PDK_AM~1/packages/ti/starterware/binary/board/lib/am335x-evm/a8/release/gcc\libboard.a(am335x_amic11x_pinmux_data.o)
 .data.gMcspi1PinCfg
                0x800092bc       0x28 E:/uC-Soft/TI/TIRTOS/PDK_AM~1/packages/ti/starterware/binary/board/lib/am335x-evm/a8/release/gcc\libboard.a(am335x_amic11x_pinmux_data.o)
 .data.gMcspiPinCfg
                0x800092e4       0x18 E:/uC-Soft/TI/TIRTOS/PDK_AM~1/packages/ti/starterware/binary/board/lib/am335x-evm/a8/release/gcc\libboard.a(am335x_amic11x_pinmux_data.o)
 .data.gOsc0PinCfg
                0x800092fc        0x8 E:/uC-Soft/TI/TIRTOS/PDK_AM~1/packages/ti/starterware/binary/board/lib/am335x-evm/a8/release/gcc\libboard.a(am335x_amic11x_pinmux_data.o)
 .data.gOscPinCfg
                0x80009304       0x10 E:/uC-Soft/TI/TIRTOS/PDK_AM~1/packages/ti/starterware/binary/board/lib/am335x-evm/a8/release/gcc\libboard.a(am335x_amic11x_pinmux_data.o)
 .data.gPru_icss1PinCfg
                0x80009314      0x140 E:/uC-Soft/TI/TIRTOS/PDK_AM~1/packages/ti/starterware/binary/board/lib/am335x-evm/a8/release/gcc\libboard.a(am335x_amic11x_pinmux_data.o)
 .data.gPru_icssPinCfg
                0x80009454       0x10 E:/uC-Soft/TI/TIRTOS/PDK_AM~1/packages/ti/starterware/binary/board/lib/am335x-evm/a8/release/gcc\libboard.a(am335x_amic11x_pinmux_data.o)
 .data.gRtc0PinCfg
                0x80009464       0x28 E:/uC-Soft/TI/TIRTOS/PDK_AM~1/packages/ti/starterware/binary/board/lib/am335x-evm/a8/release/gcc\libboard.a(am335x_amic11x_pinmux_data.o)
 .data.gRtcPinCfg
                0x8000948c       0x10 E:/uC-Soft/TI/TIRTOS/PDK_AM~1/packages/ti/starterware/binary/board/lib/am335x-evm/a8/release/gcc\libboard.a(am335x_amic11x_pinmux_data.o)
 .data.gUart0PinCfg
                0x8000949c       0x18 E:/uC-Soft/TI/TIRTOS/PDK_AM~1/packages/ti/starterware/binary/board/lib/am335x-evm/a8/release/gcc\libboard.a(am335x_amic11x_pinmux_data.o)
 .data.gUart1PinCfg
                0x800094b4       0x18 E:/uC-Soft/TI/TIRTOS/PDK_AM~1/packages/ti/starterware/binary/board/lib/am335x-evm/a8/release/gcc\libboard.a(am335x_amic11x_pinmux_data.o)
 .data.gUartPinCfg
                0x800094cc       0x18 E:/uC-Soft/TI/TIRTOS/PDK_AM~1/packages/ti/starterware/binary/board/lib/am335x-evm/a8/release/gcc\libboard.a(am335x_amic11x_pinmux_data.o)
 .data.gDCardAM335xLCD4I2cSlaveAddrRange
                0x800094e4       0x10 E:/uC-Soft/TI/TIRTOS/PDK_AM~1/packages/ti/starterware/binary/board/lib/am335x-evm/a8/release/gcc\libboard.a(am335x_lcd4_dcard.o)
                0x800094e4                gDCardAM335xLCD4I2cSlaveAddrRange
 .data.gDCardAm335xLCD4EepromDataFormat
                0x800094f4       0x20 E:/uC-Soft/TI/TIRTOS/PDK_AM~1/packages/ti/starterware/binary/board/lib/am335x-evm/a8/release/gcc\libboard.a(am335x_lcd4_dcard.o)
                0x800094f4                gDCardAm335xLCD4EepromDataFormat
 .data.gDCardAm335xLCD4I2cInstData
                0x80009514       0x80 E:/uC-Soft/TI/TIRTOS/PDK_AM~1/packages/ti/starterware/binary/board/lib/am335x-evm/a8/release/gcc\libboard.a(am335x_lcd4_dcard.o)
                0x80009514                gDCardAm335xLCD4I2cInstData
 .data.gpDCardAm335xLCD4RevStrTable
                0x80009594        0x8 E:/uC-Soft/TI/TIRTOS/PDK_AM~1/packages/ti/starterware/binary/board/lib/am335x-evm/a8/release/gcc\libboard.a(am335x_lcd4_dcard.o)
                0x80009594                gpDCardAm335xLCD4RevStrTable
 .data.gChipDBEnabled
                0x8000959c        0x4 E:/uC-Soft/TI/TIRTOS/PDK_AM~1/packages/ti/starterware/binary/soc/lib/am335x-evm/a8/release/gcc\libsoc.a(am335x_chipdb.o)

.igot.plt       0x800095a0        0x0
 .igot.plt      0x800095a0        0x0 e:/uc-soft/ti/tirtos/gcc-arm-none-eabi-6-2017-q1-update/bin/../lib/gcc/arm-none-eabi/6.3.1/hard/crtbegin.o

.bss            0x8000c000     0x803d
                0x8000c000                . = ALIGN (0x4)
                0x8000c000                _bss_start = .
 *(.bss*)
 .bss.GPIOAPPPINOBJ_DEFAULT
                0x8000c000       0x2c E:/uC-Soft/TI/TIRTOS/PDK_AM~1/packages/ti/starterware/binary/gpio_app_led_blink/obj/am335x-evm/a8host/release/gcc/gpio_app.o
                0x8000c000                GPIOAPPPINOBJ_DEFAULT
 .bss.gGpioAppCfg
                0x8000c02c       0x2c E:/uC-Soft/TI/TIRTOS/PDK_AM~1/packages/ti/starterware/binary/gpio_app_led_blink/obj/am335x-evm/a8host/release/gcc/led_blink_app_main.o
 .bss.gLedAppCfg
                0x8000c058        0x4 E:/uC-Soft/TI/TIRTOS/PDK_AM~1/packages/ti/starterware/binary/gpio_app_led_blink/obj/am335x-evm/a8host/release/gcc/led_blink_app_main.o
 .bss.gBoardCommonObj
                0x8000c05c        0xc E:/uC-Soft/TI/TIRTOS/PDK_AM~1/packages/ti/starterware/binary/board/lib/am335x-evm/a8/release/gcc\libboard.a(board.o)
 .bss.pBoardData
                0x8000c068        0x4 E:/uC-Soft/TI/TIRTOS/PDK_AM~1/packages/ti/starterware/binary/board/lib/am335x-evm/a8/release/gcc\libboard.a(pinmux.o)
 .bss.gBoardAm335xObj
                0x8000c06c        0xc E:/uC-Soft/TI/TIRTOS/PDK_AM~1/packages/ti/starterware/binary/board/lib/am335x-evm/a8/release/gcc\libboard.a(board_am335x.o)
 .bss.gBoardDataEeprom
                0x8000c078       0x1c E:/uC-Soft/TI/TIRTOS/PDK_AM~1/packages/ti/starterware/binary/board/lib/am335x-evm/a8/release/gcc\libboard.a(board_am335x.o)
 .bss.gEepromOffset
                0x8000c094        0x2 E:/uC-Soft/TI/TIRTOS/PDK_AM~1/packages/ti/starterware/binary/board/lib/am335x-evm/a8/release/gcc\libboard.a(board_am335x.o)
 *fill*         0x8000c096        0x2 
 .bss.gBoardAm335xBeagleBoneBlackIsDCardPresent
                0x8000c098        0x2 E:/uC-Soft/TI/TIRTOS/PDK_AM~1/packages/ti/starterware/binary/board/lib/am335x-evm/a8/release/gcc\libboard.a(am335x_beagleboneblack.o)
                0x8000c098                gBoardAm335xBeagleBoneBlackIsDCardPresent
 *fill*         0x8000c09a        0x2 
 .bss.gBoardAm335xBeagleboneblackDCardsList
                0x8000c09c        0x8 E:/uC-Soft/TI/TIRTOS/PDK_AM~1/packages/ti/starterware/binary/board/lib/am335x-evm/a8/release/gcc\libboard.a(am335x_beagleboneblack.o)
                0x8000c09c                gBoardAm335xBeagleboneblackDCardsList
 .bss.gBoardAm335xIceV2PhyResetStatus
                0x8000c0a4        0x4 E:/uC-Soft/TI/TIRTOS/PDK_AM~1/packages/ti/starterware/binary/board/lib/am335x-evm/a8/release/gcc\libboard.a(am335x_icev2.o)
 .bss.gBoardAm335xAMIC110PhyResetStatus
                0x8000c0a8        0x4 E:/uC-Soft/TI/TIRTOS/PDK_AM~1/packages/ti/starterware/binary/board/lib/am335x-evm/a8/release/gcc\libboard.a(am335x_amic110.o)
 .bss.gDCardAm335xLCD4EepromOffset
                0x8000c0ac        0x2 E:/uC-Soft/TI/TIRTOS/PDK_AM~1/packages/ti/starterware/binary/board/lib/am335x-evm/a8/release/gcc\libboard.a(am335x_lcd4_dcard.o)
                0x8000c0ac                gDCardAm335xLCD4EepromOffset
 .bss.gConsoleUtilsType
                0x8000c0ae        0x1 E:/uC-Soft/TI/TIRTOS/PDK_AM~1/packages/ti/starterware/binary/utils/lib/am335x-evm/a8/release/gcc\libutils.a(console_utils.o)
 *fill*         0x8000c0af        0x1 
 .bss.gI2CUtilsObj
                0x8000c0b0       0x9c E:/uC-Soft/TI/TIRTOS/PDK_AM~1/packages/ti/starterware/binary/utils/lib/am335x-evm/a8/release/gcc\libutils.a(i2c_utils.o)
 .bss.gBaseAddr
                0x8000c14c        0x4 E:/uC-Soft/TI/TIRTOS/PDK_AM~1/packages/ti/starterware/binary/utils/lib/am335x-evm/a8/release/gcc\libutils.a(dmtimer_utils.o)
 .bss.gFreeRunTimerClockRateHz
                0x8000c150        0x4 E:/uC-Soft/TI/TIRTOS/PDK_AM~1/packages/ti/starterware/binary/utils/lib/am335x-evm/a8/release/gcc\libutils.a(dmtimer_utils.o)
 *fill*         0x8000c154        0x4 
 .bss.gFreeRunTimerCount
                0x8000c158        0x8 E:/uC-Soft/TI/TIRTOS/PDK_AM~1/packages/ti/starterware/binary/utils/lib/am335x-evm/a8/release/gcc\libutils.a(dmtimer_utils.o)
 .bss.gConsoleUtilsUartInstAddr
                0x8000c160        0x4 E:/uC-Soft/TI/TIRTOS/PDK_AM~1/packages/ti/starterware/binary/utils/lib/am335x-evm/a8/release/gcc\libutils.a(console_utils_uart.o)
 .bss.pIntrHandlers
                0x8000c164      0x200 E:/uC-Soft/TI/TIRTOS/PDK_AM~1/packages/ti/starterware/binary/soc/lib/am335x-evm/a8/release/gcc\libsoc.a(intc.o)
 .bss.pUserParameter
                0x8000c364      0x200 E:/uC-Soft/TI/TIRTOS/PDK_AM~1/packages/ti/starterware/binary/soc/lib/am335x-evm/a8/release/gcc\libsoc.a(intc.o)
 *(COMMON)
 *fill*         0x8000c564     0x3a9c 
 COMMON         0x80010000     0x4000 E:/uC-Soft/TI/TIRTOS/PDK_AM~1/packages/ti/starterware/binary/examples/example_utils/lib/am335x-evm/a8/release/gcc\libexample_utils.a(example_utils_mmu.o)
                0x80010000                pageTable
 COMMON         0x80014000        0x6 E:/uC-Soft/TI/TIRTOS/PDK_AM~1/packages/ti/starterware/binary/board/lib/am335x-evm/a8/release/gcc\libboard.a(am335x_gpevm.o)
                0x80014000                gDataToSlave
                0x80014004                gDataFromSlave
 *fill*         0x80014006        0x2 
 COMMON         0x80014008       0x35 E:/uC-Soft/TI/TIRTOS/PDK_AM~1/packages/ti/starterware/binary/board/lib/am335x-evm/a8/release/gcc\libboard.a(am335x_lcd4_dcard.o)
                0x80014008                gDCardAm335xLCD4EepromDataBoardName
                0x80014020                gDCardAm335xLCD4EepromDataVersion
                0x80014028                gDCardAm335xLCD4EepromDataHeader
                0x80014030                gDCardAm335xLCD4EepromDataSerialNumber
                0x8001403d                _bss_end = .

.heap           0x8001403d      0x803
                0x80014040                . = ALIGN (0x4)
 *fill*         0x8001403d        0x3 
                0x80014040                __end__ = .
                0x80014040                end = __end__
                0x80014040                __HeapBase = __end__
 *(.heap*)
                0x80014840                . = (. + 0x800)
 *fill*         0x80014040      0x800 
                0x80014840                __HeapLimit = .

.stack          0x80014840    0x10000
                0x80014840                . = ALIGN (0x8)
                0x80014840                __StackLimit = .
 *(.stack*)
                0x80024840                . = (. + 0x10000)
 *fill*         0x80014840    0x10000 
                0x80024840                __StackTop = .
                0x80024840                _stack = __StackTop
LOAD E:/uC-Soft/TI/TIRTOS/PDK_AM~1/packages/ti/starterware/binary/examples/example_utils/lib/am335x-evm/a8/release/gcc\libexample_utils.a
LOAD E:/uC-Soft/TI/TIRTOS/PDK_AM~1/packages/ti/starterware/binary/board/lib/am335x-evm/a8/release/gcc\libboard.a
LOAD E:/uC-Soft/TI/TIRTOS/PDK_AM~1/packages/ti/starterware/binary/utils/lib/am335x-evm/a8/release/gcc\libutils.a
LOAD E:/uC-Soft/TI/TIRTOS/PDK_AM~1/packages/ti/starterware/binary/soc/lib/am335x-evm/a8/release/gcc\libsoc.a
LOAD E:/uC-Soft/TI/TIRTOS/PDK_AM~1/packages/ti/starterware/binary/dal/lib/am335x-evm/a8/release/gcc\libdal.a
LOAD E:/uC-Soft/TI/TIRTOS/gcc-arm-none-eabi-6-2017-q1-update/arm-none-eabi/lib/hard\libstdc++_nano.a
LOAD e:/uc-soft/ti/tirtos/gcc-arm-none-eabi-6-2017-q1-update/bin/../lib/gcc/arm-none-eabi/6.3.1/hard\libgcc.a
LOAD E:/uC-Soft/TI/TIRTOS/gcc-arm-none-eabi-6-2017-q1-update/arm-none-eabi/lib/hard\libm.a
LOAD E:/uC-Soft/TI/TIRTOS/gcc-arm-none-eabi-6-2017-q1-update/arm-none-eabi/lib/hard\libc_nano.a
LOAD E:/uC-Soft/TI/TIRTOS/gcc-arm-none-eabi-6-2017-q1-update/arm-none-eabi/lib/hard\librdimon_nano.a
START GROUP
LOAD e:/uc-soft/ti/tirtos/gcc-arm-none-eabi-6-2017-q1-update/bin/../lib/gcc/arm-none-eabi/6.3.1/hard\libgcc.a
LOAD E:/uC-Soft/TI/TIRTOS/gcc-arm-none-eabi-6-2017-q1-update/arm-none-eabi/lib/hard\libc_nano.a
END GROUP
START GROUP
LOAD e:/uc-soft/ti/tirtos/gcc-arm-none-eabi-6-2017-q1-update/bin/../lib/gcc/arm-none-eabi/6.3.1/hard\libgcc.a
LOAD E:/uC-Soft/TI/TIRTOS/gcc-arm-none-eabi-6-2017-q1-update/arm-none-eabi/lib/hard\libc_nano.a
END GROUP
LOAD e:/uc-soft/ti/tirtos/gcc-arm-none-eabi-6-2017-q1-update/bin/../lib/gcc/arm-none-eabi/6.3.1/hard/crtend.o
LOAD e:/uc-soft/ti/tirtos/gcc-arm-none-eabi-6-2017-q1-update/bin/../lib/gcc/arm-none-eabi/6.3.1/hard/crtn.o
OUTPUT(E:/uC-Soft/TI/TIRTOS/PDK_AM~1/packages/ti/starterware/binary/gpio_app_led_blink/bin/am335x-evm/gcc/gpio_app_led_blink_a8host_release.out elf32-littlearm)

.ARM.attributes
                0x00000000       0x39
 .ARM.attributes
                0x00000000       0x16 e:/uc-soft/ti/tirtos/gcc-arm-none-eabi-6-2017-q1-update/bin/../lib/gcc/arm-none-eabi/6.3.1/hard/crti.o
 .ARM.attributes
                0x00000016       0x3d E:/uC-Soft/TI/TIRTOS/PDK_AM~1/packages/ti/starterware/binary/gpio_app_led_blink/obj/am335x-evm/a8host/release/gcc/gpio_app.o
 .ARM.attributes
                0x00000053       0x3d E:/uC-Soft/TI/TIRTOS/PDK_AM~1/packages/ti/starterware/binary/gpio_app_led_blink/obj/am335x-evm/a8host/release/gcc/led_blink_app_main.o
 .ARM.attributes
                0x00000090       0x3d E:/uC-Soft/TI/TIRTOS/PDK_AM~1/packages/ti/starterware/binary/examples/example_utils/lib/am335x-evm/a8/release/gcc\libexample_utils.a(example_utils_mmu.o)
 .ARM.attributes
                0x000000cd       0x3d E:/uC-Soft/TI/TIRTOS/PDK_AM~1/packages/ti/starterware/binary/board/lib/am335x-evm/a8/release/gcc\libboard.a(board.o)
 .ARM.attributes
                0x0000010a       0x3d E:/uC-Soft/TI/TIRTOS/PDK_AM~1/packages/ti/starterware/binary/board/lib/am335x-evm/a8/release/gcc\libboard.a(dcard.o)
 .ARM.attributes
                0x00000147       0x3d E:/uC-Soft/TI/TIRTOS/PDK_AM~1/packages/ti/starterware/binary/board/lib/am335x-evm/a8/release/gcc\libboard.a(platform.o)
 .ARM.attributes
                0x00000184       0x3d E:/uC-Soft/TI/TIRTOS/PDK_AM~1/packages/ti/starterware/binary/board/lib/am335x-evm/a8/release/gcc\libboard.a(pinmux.o)
 .ARM.attributes
                0x000001c1       0x3d E:/uC-Soft/TI/TIRTOS/PDK_AM~1/packages/ti/starterware/binary/board/lib/am335x-evm/a8/release/gcc\libboard.a(board_am335x.o)
 .ARM.attributes
                0x000001fe       0x3d E:/uC-Soft/TI/TIRTOS/PDK_AM~1/packages/ti/starterware/binary/board/lib/am335x-evm/a8/release/gcc\libboard.a(dcard_am335x.o)
 .ARM.attributes
                0x0000023b       0x3d E:/uC-Soft/TI/TIRTOS/PDK_AM~1/packages/ti/starterware/binary/board/lib/am335x-evm/a8/release/gcc\libboard.a(am335x_gpevm.o)
 .ARM.attributes
                0x00000278       0x3d E:/uC-Soft/TI/TIRTOS/PDK_AM~1/packages/ti/starterware/binary/board/lib/am335x-evm/a8/release/gcc\libboard.a(am335x_evmsk.o)
 .ARM.attributes
                0x000002b5       0x3d E:/uC-Soft/TI/TIRTOS/PDK_AM~1/packages/ti/starterware/binary/board/lib/am335x-evm/a8/release/gcc\libboard.a(am335x_beaglebone.o)
 .ARM.attributes
                0x000002f2       0x3d E:/uC-Soft/TI/TIRTOS/PDK_AM~1/packages/ti/starterware/binary/board/lib/am335x-evm/a8/release/gcc\libboard.a(am335x_beagleboneblack.o)
 .ARM.attributes
                0x0000032f       0x3d E:/uC-Soft/TI/TIRTOS/PDK_AM~1/packages/ti/starterware/binary/board/lib/am335x-evm/a8/release/gcc\libboard.a(am335x_icev1.o)
 .ARM.attributes
                0x0000036c       0x3d E:/uC-Soft/TI/TIRTOS/PDK_AM~1/packages/ti/starterware/binary/board/lib/am335x-evm/a8/release/gcc\libboard.a(am335x_icev2.o)
 .ARM.attributes
                0x000003a9       0x3d E:/uC-Soft/TI/TIRTOS/PDK_AM~1/packages/ti/starterware/binary/board/lib/am335x-evm/a8/release/gcc\libboard.a(am335x_amic110.o)
 .ARM.attributes
                0x000003e6       0x3d E:/uC-Soft/TI/TIRTOS/PDK_AM~1/packages/ti/starterware/binary/board/lib/am335x-evm/a8/release/gcc\libboard.a(am335x_custom.o)
 .ARM.attributes
                0x00000423       0x3d E:/uC-Soft/TI/TIRTOS/PDK_AM~1/packages/ti/starterware/binary/board/lib/am335x-evm/a8/release/gcc\libboard.a(am335x_gpevm_pinmux_data.o)
 .ARM.attributes
                0x00000460       0x3d E:/uC-Soft/TI/TIRTOS/PDK_AM~1/packages/ti/starterware/binary/board/lib/am335x-evm/a8/release/gcc\libboard.a(am335x_evmsk_pinmux_data.o)
 .ARM.attributes
                0x0000049d       0x3d E:/uC-Soft/TI/TIRTOS/PDK_AM~1/packages/ti/starterware/binary/board/lib/am335x-evm/a8/release/gcc\libboard.a(am335x_beaglebone_pinmux_data.o)
 .ARM.attributes
                0x000004da       0x3d E:/uC-Soft/TI/TIRTOS/PDK_AM~1/packages/ti/starterware/binary/board/lib/am335x-evm/a8/release/gcc\libboard.a(am335x_beagleboneblack_pinmux_data.o)
 .ARM.attributes
                0x00000517       0x3d E:/uC-Soft/TI/TIRTOS/PDK_AM~1/packages/ti/starterware/binary/board/lib/am335x-evm/a8/release/gcc\libboard.a(am335x_icev1_pinmux_data.o)
 .ARM.attributes
                0x00000554       0x3d E:/uC-Soft/TI/TIRTOS/PDK_AM~1/packages/ti/starterware/binary/board/lib/am335x-evm/a8/release/gcc\libboard.a(am335x_icev2_pinmux_data.o)
 .ARM.attributes
                0x00000591       0x3d E:/uC-Soft/TI/TIRTOS/PDK_AM~1/packages/ti/starterware/binary/board/lib/am335x-evm/a8/release/gcc\libboard.a(am335x_amic11x_pinmux_data.o)
 .ARM.attributes
                0x000005ce       0x3d E:/uC-Soft/TI/TIRTOS/PDK_AM~1/packages/ti/starterware/binary/board/lib/am335x-evm/a8/release/gcc\libboard.a(am335x_lcd4_dcard.o)
 .ARM.attributes
                0x0000060b       0x3d E:/uC-Soft/TI/TIRTOS/PDK_AM~1/packages/ti/starterware/binary/utils/lib/am335x-evm/a8/release/gcc\libutils.a(console_utils.o)
 .ARM.attributes
                0x00000648       0x3d E:/uC-Soft/TI/TIRTOS/PDK_AM~1/packages/ti/starterware/binary/utils/lib/am335x-evm/a8/release/gcc\libutils.a(i2c_utils.o)
 .ARM.attributes
                0x00000685       0x3d E:/uC-Soft/TI/TIRTOS/PDK_AM~1/packages/ti/starterware/binary/utils/lib/am335x-evm/a8/release/gcc\libutils.a(time_utils.o)
 .ARM.attributes
                0x000006c2       0x3d E:/uC-Soft/TI/TIRTOS/PDK_AM~1/packages/ti/starterware/binary/utils/lib/am335x-evm/a8/release/gcc\libutils.a(dmtimer_utils.o)
 .ARM.attributes
                0x000006ff       0x3d E:/uC-Soft/TI/TIRTOS/PDK_AM~1/packages/ti/starterware/binary/utils/lib/am335x-evm/a8/release/gcc\libutils.a(console_utils_uart.o)
 .ARM.attributes
                0x0000073c       0x29 E:/uC-Soft/TI/TIRTOS/PDK_AM~1/packages/ti/starterware/binary/soc/lib/am335x-evm/a8/release/gcc\libsoc.a(init.o)
 .ARM.attributes
                0x00000765       0x3d E:/uC-Soft/TI/TIRTOS/PDK_AM~1/packages/ti/starterware/binary/soc/lib/am335x-evm/a8/release/gcc\libsoc.a(soc.o)
 .ARM.attributes
                0x000007a2       0x3d E:/uC-Soft/TI/TIRTOS/PDK_AM~1/packages/ti/starterware/binary/soc/lib/am335x-evm/a8/release/gcc\libsoc.a(startup.o)
 .ARM.attributes
                0x000007df       0x3d E:/uC-Soft/TI/TIRTOS/PDK_AM~1/packages/ti/starterware/binary/soc/lib/am335x-evm/a8/release/gcc\libsoc.a(am335x_chipdb.o)
 .ARM.attributes
                0x0000081c       0x3d E:/uC-Soft/TI/TIRTOS/PDK_AM~1/packages/ti/starterware/binary/soc/lib/am335x-evm/a8/release/gcc\libsoc.a(hw_am335x_chipdb.o)
 .ARM.attributes