Archive member included to satisfy reference by file (symbol)

E:/uC-Soft/TI/TIRTOS/PDK_AM~1/packages/ti/starterware/binary/examples/example_utils/lib/am335x-evm/a8/debug/gcc\libexample_utils.a(example_utils_mmu.o)
                              E:/uC-Soft/TI/TIRTOS/PDK_AM~1/packages/ti/starterware/binary/rtc_app_clock/obj/am335x-evm/a8host/debug/gcc/clock_app_main.o (MMUConfigAndEnable)
E:/uC-Soft/TI/TIRTOS/PDK_AM~1/packages/ti/starterware/binary/board/lib/am335x-evm/a8/debug/gcc\libboard.a(board.o)
                              E:/uC-Soft/TI/TIRTOS/PDK_AM~1/packages/ti/starterware/binary/rtc_app_clock/obj/am335x-evm/a8host/debug/gcc/clock_app_main.o (BOARDInit)
E:/uC-Soft/TI/TIRTOS/PDK_AM~1/packages/ti/starterware/binary/board/lib/am335x-evm/a8/debug/gcc\libboard.a(dcard.o)
                              E:/uC-Soft/TI/TIRTOS/PDK_AM~1/packages/ti/starterware/binary/board/lib/am335x-evm/a8/debug/gcc\libboard.a(board.o) (DCARDIsDevPresent)
E:/uC-Soft/TI/TIRTOS/PDK_AM~1/packages/ti/starterware/binary/board/lib/am335x-evm/a8/debug/gcc\libboard.a(platform.o)
                              E:/uC-Soft/TI/TIRTOS/PDK_AM~1/packages/ti/starterware/binary/board/lib/am335x-evm/a8/debug/gcc\libboard.a(board.o) (PLATFORMGetId)
E:/uC-Soft/TI/TIRTOS/PDK_AM~1/packages/ti/starterware/binary/board/lib/am335x-evm/a8/debug/gcc\libboard.a(board_am335x.o)
                              E:/uC-Soft/TI/TIRTOS/PDK_AM~1/packages/ti/starterware/binary/board/lib/am335x-evm/a8/debug/gcc\libboard.a(board.o) (BoardAm335xInit)
E:/uC-Soft/TI/TIRTOS/PDK_AM~1/packages/ti/starterware/binary/board/lib/am335x-evm/a8/debug/gcc\libboard.a(dcard_am335x.o)
                              E:/uC-Soft/TI/TIRTOS/PDK_AM~1/packages/ti/starterware/binary/board/lib/am335x-evm/a8/debug/gcc\libboard.a(dcard.o) (DCardAm335xInit)
E:/uC-Soft/TI/TIRTOS/PDK_AM~1/packages/ti/starterware/binary/board/lib/am335x-evm/a8/debug/gcc\libboard.a(am335x_gpevm.o)
                              E:/uC-Soft/TI/TIRTOS/PDK_AM~1/packages/ti/starterware/binary/board/lib/am335x-evm/a8/debug/gcc\libboard.a(board_am335x.o) (gBoardAm335xGpevmData)
E:/uC-Soft/TI/TIRTOS/PDK_AM~1/packages/ti/starterware/binary/board/lib/am335x-evm/a8/debug/gcc\libboard.a(am335x_evmsk.o)
                              E:/uC-Soft/TI/TIRTOS/PDK_AM~1/packages/ti/starterware/binary/board/lib/am335x-evm/a8/debug/gcc\libboard.a(board_am335x.o) (gBoardAm335xEvmskData)
E:/uC-Soft/TI/TIRTOS/PDK_AM~1/packages/ti/starterware/binary/board/lib/am335x-evm/a8/debug/gcc\libboard.a(am335x_beaglebone.o)
                              E:/uC-Soft/TI/TIRTOS/PDK_AM~1/packages/ti/starterware/binary/board/lib/am335x-evm/a8/debug/gcc\libboard.a(board_am335x.o) (gBoardAm335xBeagleboneData)
E:/uC-Soft/TI/TIRTOS/PDK_AM~1/packages/ti/starterware/binary/board/lib/am335x-evm/a8/debug/gcc\libboard.a(am335x_beagleboneblack.o)
                              E:/uC-Soft/TI/TIRTOS/PDK_AM~1/packages/ti/starterware/binary/board/lib/am335x-evm/a8/debug/gcc\libboard.a(board_am335x.o) (gBoardAm335xBeagleboneblackData)
E:/uC-Soft/TI/TIRTOS/PDK_AM~1/packages/ti/starterware/binary/board/lib/am335x-evm/a8/debug/gcc\libboard.a(am335x_icev1.o)
                              E:/uC-Soft/TI/TIRTOS/PDK_AM~1/packages/ti/starterware/binary/board/lib/am335x-evm/a8/debug/gcc\libboard.a(board_am335x.o) (gBoardAm335xIceV1Data)
E:/uC-Soft/TI/TIRTOS/PDK_AM~1/packages/ti/starterware/binary/board/lib/am335x-evm/a8/debug/gcc\libboard.a(am335x_icev2.o)
                              E:/uC-Soft/TI/TIRTOS/PDK_AM~1/packages/ti/starterware/binary/board/lib/am335x-evm/a8/debug/gcc\libboard.a(board_am335x.o) (gBoardAm335xIceV2Data)
E:/uC-Soft/TI/TIRTOS/PDK_AM~1/packages/ti/starterware/binary/board/lib/am335x-evm/a8/debug/gcc\libboard.a(am335x_amic110.o)
                              E:/uC-Soft/TI/TIRTOS/PDK_AM~1/packages/ti/starterware/binary/board/lib/am335x-evm/a8/debug/gcc\libboard.a(board_am335x.o) (gBoardAm335xAMIC110Data)
E:/uC-Soft/TI/TIRTOS/PDK_AM~1/packages/ti/starterware/binary/board/lib/am335x-evm/a8/debug/gcc\libboard.a(am335x_custom.o)
                              E:/uC-Soft/TI/TIRTOS/PDK_AM~1/packages/ti/starterware/binary/board/lib/am335x-evm/a8/debug/gcc\libboard.a(board_am335x.o) (gBoardAm335xCustomData)
E:/uC-Soft/TI/TIRTOS/PDK_AM~1/packages/ti/starterware/binary/board/lib/am335x-evm/a8/debug/gcc\libboard.a(am335x_gpevm_pinmux_data.o)
                              E:/uC-Soft/TI/TIRTOS/PDK_AM~1/packages/ti/starterware/binary/board/lib/am335x-evm/a8/debug/gcc\libboard.a(am335x_gpevm.o) (gGpevmPinmuxData)
E:/uC-Soft/TI/TIRTOS/PDK_AM~1/packages/ti/starterware/binary/board/lib/am335x-evm/a8/debug/gcc\libboard.a(am335x_evmsk_pinmux_data.o)
                              E:/uC-Soft/TI/TIRTOS/PDK_AM~1/packages/ti/starterware/binary/board/lib/am335x-evm/a8/debug/gcc\libboard.a(am335x_evmsk.o) (gEvmskPinmuxData)
E:/uC-Soft/TI/TIRTOS/PDK_AM~1/packages/ti/starterware/binary/board/lib/am335x-evm/a8/debug/gcc\libboard.a(am335x_beaglebone_pinmux_data.o)
[...]
Memory Configuration

Name             Origin             Length             Attributes
DDR0             0x80000000         0x10000000
OCMCRAM          0x40300000         0x00040000
*default*        0x00000000         0xffffffff

Linker script and memory map

LOAD e:/uc-soft/ti/tirtos/gcc-arm-none-eabi-6-2017-q1-update/bin/../lib/gcc/arm-none-eabi/6.3.1/hard/crti.o
LOAD e:/uc-soft/ti/tirtos/gcc-arm-none-eabi-6-2017-q1-update/bin/../lib/gcc/arm-none-eabi/6.3.1/hard/crtbegin.o
LOAD e:/uc-soft/ti/tirtos/gcc-arm-none-eabi-6-2017-q1-update/bin/../lib/gcc/arm-none-eabi/6.3.1/../../../../arm-none-eabi/lib/hard/crt0.o
LOAD E:/uC-Soft/TI/TIRTOS/PDK_AM~1/packages/ti/starterware/binary/rtc_app_clock/obj/am335x-evm/a8host/debug/gcc/rtc_app.o
LOAD E:/uC-Soft/TI/TIRTOS/PDK_AM~1/packages/ti/starterware/binary/rtc_app_clock/obj/am335x-evm/a8host/debug/gcc/clock_app_main.o

.startcode      0x80000000       0xb4
                0x80000000                . = ALIGN (0x4)
 *init.o(.text)
 .text          0x80000000       0xb4 E:/uC-Soft/TI/TIRTOS/PDK_AM~1/packages/ti/starterware/binary/soc/lib/am335x-evm/a8/debug/gcc\libsoc.a(init.o)
                0x80000000                Entry

.text           0x800000b8     0xd56c
                0x800000b8                . = ALIGN (0x4)
 *(.text*)
 .text.RTCAppInit
                0x800000b8       0xac E:/uC-Soft/TI/TIRTOS/PDK_AM~1/packages/ti/starterware/binary/rtc_app_clock/obj/am335x-evm/a8host/debug/gcc/rtc_app.o
                0x800000b8                RTCAppInit
 .text.RTCAppClockCfg
                0x80000164       0xa8 E:/uC-Soft/TI/TIRTOS/PDK_AM~1/packages/ti/starterware/binary/rtc_app_clock/obj/am335x-evm/a8host/debug/gcc/rtc_app.o
                0x80000164                RTCAppClockCfg
 .text.RtcAppIntrConfig
                0x8000020c       0xf4 E:/uC-Soft/TI/TIRTOS/PDK_AM~1/packages/ti/starterware/binary/rtc_app_clock/obj/am335x-evm/a8host/debug/gcc/rtc_app.o
 .text.RtcAppIsr
                0x80000300       0x84 E:/uC-Soft/TI/TIRTOS/PDK_AM~1/packages/ti/starterware/binary/rtc_app_clock/obj/am335x-evm/a8host/debug/gcc/rtc_app.o
 .text.main     0x80000384      0x254 E:/uC-Soft/TI/TIRTOS/PDK_AM~1/packages/ti/starterware/binary/rtc_app_clock/obj/am335x-evm/a8host/debug/gcc/clock_app_main.o
                0x80000384                main
 .text.RtcAppGetClockInput
                0x800005d8      0x134 E:/uC-Soft/TI/TIRTOS/PDK_AM~1/packages/ti/starterware/binary/rtc_app_clock/obj/am335x-evm/a8host/debug/gcc/clock_app_main.o
 .text.RtcAppGetSocInfo
                0x8000070c       0xc0 E:/uC-Soft/TI/TIRTOS/PDK_AM~1/packages/ti/starterware/binary/rtc_app_clock/obj/am335x-evm/a8host/debug/gcc/clock_app_main.o
 .text.RtcAppUpdateCfgParams
                0x800007cc       0xc4 E:/uC-Soft/TI/TIRTOS/PDK_AM~1/packages/ti/starterware/binary/rtc_app_clock/obj/am335x-evm/a8host/debug/gcc/clock_app_main.o
 .text.RtcAppClockRun
                0x80000890       0xc4 E:/uC-Soft/TI/TIRTOS/PDK_AM~1/packages/ti/starterware/binary/rtc_app_clock/obj/am335x-evm/a8host/debug/gcc/clock_app_main.o
 .text.RtcAppDisplayDateTime
                0x80000954       0xf8 E:/uC-Soft/TI/TIRTOS/PDK_AM~1/packages/ti/starterware/binary/rtc_app_clock/obj/am335x-evm/a8host/debug/gcc/clock_app_main.o
 .text.MMUConfigAndEnable
                0x80000a4c       0xd0 E:/uC-Soft/TI/TIRTOS/PDK_AM~1/packages/ti/starterware/binary/examples/example_utils/lib/am335x-evm/a8/debug/gcc\libexample_utils.a(example_utils_mmu.o)
                0x80000a4c                MMUConfigAndEnable
 .text.BOARDInit
                0x80000b1c       0xf8 E:/uC-Soft/TI/TIRTOS/PDK_AM~1/packages/ti/starterware/binary/board/lib/am335x-evm/a8/debug/gcc\libboard.a(board.o)
                0x80000b1c                BOARDInit
 .text.BOARDGetId
                0x80000c14       0x90 E:/uC-Soft/TI/TIRTOS/PDK_AM~1/packages/ti/starterware/binary/board/lib/am335x-evm/a8/debug/gcc\libboard.a(board.o)
                0x80000c14                BOARDGetId
 .text.BOARDGetBoardName
                0x80000ca4       0xac E:/uC-Soft/TI/TIRTOS/PDK_AM~1/packages/ti/starterware/binary/board/lib/am335x-evm/a8/debug/gcc\libboard.a(board.o)
                0x80000ca4                BOARDGetBoardName
 .text.BOARDGetBaseBoardRevName
                0x80000d50       0x54 E:/uC-Soft/TI/TIRTOS/PDK_AM~1/packages/ti/starterware/binary/board/lib/am335x-evm/a8/debug/gcc\libboard.a(board.o)
                0x80000d50                BOARDGetBaseBoardRevName
 .text.BOARDGetDcRevName
                0x80000da4       0x54 E:/uC-Soft/TI/TIRTOS/PDK_AM~1/packages/ti/starterware/binary/board/lib/am335x-evm/a8/debug/gcc\libboard.a(board.o)
                0x80000da4                BOARDGetDcRevName
 .text.BOARDGetData
                0x80000df8       0x54 E:/uC-Soft/TI/TIRTOS/PDK_AM~1/packages/ti/starterware/binary/board/lib/am335x-evm/a8/debug/gcc\libboard.a(board.o)
                0x80000df8                BOARDGetData
 .text.BOARDGetDeviceCtrlModInstNum
                0x80000e4c       0xdc E:/uC-Soft/TI/TIRTOS/PDK_AM~1/packages/ti/starterware/binary/board/lib/am335x-evm/a8/debug/gcc\libboard.a(board.o)
                0x80000e4c                BOARDGetDeviceCtrlModInstNum
 .text.BOARDPrintInfo
                0x80000f28       0x88 E:/uC-Soft/TI/TIRTOS/PDK_AM~1/packages/ti/starterware/binary/board/lib/am335x-evm/a8/debug/gcc\libboard.a(board.o)
                0x80000f28                BOARDPrintInfo
 .text.DCARDGetDCardList
                0x80000fb0       0x4c E:/uC-Soft/TI/TIRTOS/PDK_AM~1/packages/ti/starterware/binary/board/lib/am335x-evm/a8/debug/gcc\libboard.a(dcard.o)
                0x80000fb0                DCARDGetDCardList
 .text.DCARDGetRevStr
                0x80000ffc       0x50 E:/uC-Soft/TI/TIRTOS/PDK_AM~1/packages/ti/starterware/binary/board/lib/am335x-evm/a8/debug/gcc\libboard.a(dcard.o)
                0x80000ffc                DCARDGetRevStr
 .text.DCARDGetData
                0x8000104c       0x70 E:/uC-Soft/TI/TIRTOS/PDK_AM~1/packages/ti/starterware/binary/board/lib/am335x-evm/a8/debug/gcc\libboard.a(dcard.o)
                0x8000104c                DCARDGetData
 .text.DCARDGetRevTable
                0x800010bc       0x40 E:/uC-Soft/TI/TIRTOS/PDK_AM~1/packages/ti/starterware/binary/board/lib/am335x-evm/a8/debug/gcc\libboard.a(dcard.o)
                0x800010bc                DCARDGetRevTable
 .text.PLATFORMGetId
                0x800010fc       0x30 E:/uC-Soft/TI/TIRTOS/PDK_AM~1/packages/ti/starterware/binary/board/lib/am335x-evm/a8/debug/gcc\libboard.a(platform.o)
                0x800010fc                PLATFORMGetId
 .text.BoardAm335xInit
                0x8000112c       0xdc E:/uC-Soft/TI/TIRTOS/PDK_AM~1/packages/ti/starterware/binary/board/lib/am335x-evm/a8/debug/gcc\libboard.a(board_am335x.o)
                0x8000112c                BoardAm335xInit
 .text.BoardGetIdAm335x
                0x80001208      0x378 E:/uC-Soft/TI/TIRTOS/PDK_AM~1/packages/ti/starterware/binary/board/lib/am335x-evm/a8/debug/gcc\libboard.a(board_am335x.o)
                0x80001208                BoardGetIdAm335x
 .text.BoardGetBaseBoardRevAm335x
                0x80001580      0x110 E:/uC-Soft/TI/TIRTOS/PDK_AM~1/packages/ti/starterware/binary/board/lib/am335x-evm/a8/debug/gcc\libboard.a(board_am335x.o)
                0x80001580                BoardGetBaseBoardRevAm335x
 .text.BoardGetBaseBoardRevNameAm335x
                0x80001690       0x68 E:/uC-Soft/TI/TIRTOS/PDK_AM~1/packages/ti/starterware/binary/board/lib/am335x-evm/a8/debug/gcc\libboard.a(board_am335x.o)
                0x80001690                BoardGetBaseBoardRevNameAm335x
 .text.BoardGetDcRevAm335x
                0x800016f8       0x68 E:/uC-Soft/TI/TIRTOS/PDK_AM~1/packages/ti/starterware/binary/board/lib/am335x-evm/a8/debug/gcc\libboard.a(board_am335x.o)
                0x800016f8                BoardGetDcRevAm335x
 .text.BoardGetDcRevNameAm335x
                0x80001760       0x70 E:/uC-Soft/TI/TIRTOS/PDK_AM~1/packages/ti/starterware/binary/board/lib/am335x-evm/a8/debug/gcc\libboard.a(board_am335x.o)
                0x80001760                BoardGetDcRevNameAm335x
 .text.BoardGetI2cDataAm335x
                0x800017d0       0x20 E:/uC-Soft/TI/TIRTOS/PDK_AM~1/packages/ti/starterware/binary/board/lib/am335x-evm/a8/debug/gcc\libboard.a(board_am335x.o)
                0x800017d0                BoardGetI2cDataAm335x
 .text.BoardGetDataAm335x
                0x800017f0       0x4c E:/uC-Soft/TI/TIRTOS/PDK_AM~1/packages/ti/starterware/binary/board/lib/am335x-evm/a8/debug/gcc\libboard.a(board_am335x.o)
                0x800017f0                BoardGetDataAm335x
 .text.DCardAm335xGetDCardList
                0x8000183c       0x20 E:/uC-Soft/TI/TIRTOS/PDK_AM~1/packages/ti/starterware/binary/board/lib/am335x-evm/a8/debug/gcc\libboard.a(dcard_am335x.o)
                0x8000183c                DCardAm335xGetDCardList
 .text.BoardAm335xGpevmLcdDevicePowerOn
                0x8000185c      0x164 E:/uC-Soft/TI/TIRTOS/PDK_AM~1/packages/ti/starterware/binary/board/lib/am335x-evm/a8/debug/gcc\libboard.a(am335x_gpevm.o)
                0x8000185c                BoardAm335xGpevmLcdDevicePowerOn
 .text.BoardAm335xGpevmGetLcdDevData
                0x800019c0       0x64 E:/uC-Soft/TI/TIRTOS/PDK_AM~1/packages/ti/starterware/binary/board/lib/am335x-evm/a8/debug/gcc\libboard.a(am335x_gpevm.o)
                0x800019c0                BoardAm335xGpevmGetLcdDevData
 .text.BoardAm335xGpevmLcdUpdnPinControl
                0x80001a24      0x1e8 E:/uC-Soft/TI/TIRTOS/PDK_AM~1/packages/ti/starterware/binary/board/lib/am335x-evm/a8/debug/gcc\libboard.a(am335x_gpevm.o)
                0x80001a24                BoardAm335xGpevmLcdUpdnPinControl
 .text.BoardAm335xGpevmGpioCfg
                0x80001c0c       0xb8 E:/uC-Soft/TI/TIRTOS/PDK_AM~1/packages/ti/starterware/binary/board/lib/am335x-evm/a8/debug/gcc\libboard.a(am335x_gpevm.o)
                0x80001c0c                BoardAm335xGpevmGpioCfg
 .text.BoardAm335xBBBPowerOnDCardDev
                0x80001cc4      0x100 E:/uC-Soft/TI/TIRTOS/PDK_AM~1/packages/ti/starterware/binary/board/lib/am335x-evm/a8/debug/gcc\libboard.a(am335x_beagleboneblack.o)
                0x80001cc4                BoardAm335xBBBPowerOnDCardDev
 .text.BoardAm335xBBBGetLcdDevData
                0x80001dc4       0x64 E:/uC-Soft/TI/TIRTOS/PDK_AM~1/packages/ti/starterware/binary/board/lib/am335x-evm/a8/debug/gcc\libboard.a(am335x_beagleboneblack.o)
                0x80001dc4                BoardAm335xBBBGetLcdDevData
 .text.BoardAm335xBBBLcdBacklightEnable
                0x80001e28       0xe0 E:/uC-Soft/TI/TIRTOS/PDK_AM~1/packages/ti/starterware/binary/board/lib/am335x-evm/a8/debug/gcc\libboard.a(am335x_beagleboneblack.o)
                0x80001e28                BoardAm335xBBBLcdBacklightEnable
 .text.BoardAm335xBBBLcdAvddEnable
                0x80001f08       0xe0 E:/uC-Soft/TI/TIRTOS/PDK_AM~1/packages/ti/starterware/binary/board/lib/am335x-evm/a8/debug/gcc\libboard.a(am335x_beagleboneblack.o)
                0x80001f08                BoardAm335xBBBLcdAvddEnable
 .text.BoardAm335xBBBGpioCfg
                0x80001fe8       0xb8 E:/uC-Soft/TI/TIRTOS/PDK_AM~1/packages/ti/starterware/binary/board/lib/am335x-evm/a8/debug/gcc\libboard.a(am335x_beagleboneblack.o)
                0x80001fe8                BoardAm335xBBBGpioCfg
 .text.BoardAm335xIceV2PhySetupAndReset
                0x800020a0      0x394 E:/uC-Soft/TI/TIRTOS/PDK_AM~1/packages/ti/starterware/binary/board/lib/am335x-evm/a8/debug/gcc\libboard.a(am335x_icev2.o)
                0x800020a0                BoardAm335xIceV2PhySetupAndReset
 .text.BoardAm335xAMIC110PhySetupAndReset
                0x80002434      0x394 E:/uC-Soft/TI/TIRTOS/PDK_AM~1/packages/ti/starterware/binary/board/lib/am335x-evm/a8/debug/gcc\libboard.a(am335x_amic110.o)
                0x80002434                BoardAm335xAMIC110PhySetupAndReset
 .text.DCardAm335xLCD4GetEepromOffset
                0x800027c8       0x54 E:/uC-Soft/TI/TIRTOS/PDK_AM~1/packages/ti/starterware/binary/board/lib/am335x-evm/a8/debug/gcc\libboard.a(am335x_lcd4_dcard.o)
                0x800027c8                DCardAm335xLCD4GetEepromOffset
 .text.DCardAm335xLCD4GetEepromOffsetSize
                0x8000281c       0x1c E:/uC-Soft/TI/TIRTOS/PDK_AM~1/packages/ti/starterware/binary/board/lib/am335x-evm/a8/debug/gcc\libboard.a(am335x_lcd4_dcard.o)
                0x8000281c                DCardAm335xLCD4GetEepromOffsetSize
 .text.HW_WR_REG32
                0x80002838       0x34 E:/uC-Soft/TI/TIRTOS/PDK_AM~1/packages/ti/starterware/binary/board/lib/am335x-evm/a8/debug/gcc\libboard.a(pinmux.o)
 .text.PINMUXModuleConfig
                0x8000286c      0x30c E:/uC-Soft/TI/TIRTOS/PDK_AM~1/packages/ti/starterware/binary/board/lib/am335x-evm/a8/debug/gcc\libboard.a(pinmux.o)
                0x8000286c                PINMUXModuleConfig
 .text.CONSOLEUtilsInit
                0x80002b78       0x20 E:/uC-Soft/TI/TIRTOS/PDK_AM~1/packages/ti/starterware/binary/utils/lib/am335x-evm/a8/debug/gcc\libutils.a(console_utils.o)
                0x80002b78                CONSOLEUtilsInit
 .text.CONSOLEUtilsSetType
                0x80002b98       0x68 E:/uC-Soft/TI/TIRTOS/PDK_AM~1/packages/ti/starterware/binary/utils/lib/am335x-evm/a8/debug/gcc\libutils.a(console_utils.o)
                0x80002b98                CONSOLEUtilsSetType
 .text.CONSOLEUtilsPuts
                0x80002c00       0x68 E:/uC-Soft/TI/TIRTOS/PDK_AM~1/packages/ti/starterware/binary/utils/lib/am335x-evm/a8/debug/gcc\libutils.a(console_utils.o)
                0x80002c00                CONSOLEUtilsPuts
 .text.CONSOLEUtilsPrintf
                0x80002c68       0x7c E:/uC-Soft/TI/TIRTOS/PDK_AM~1/packages/ti/starterware/binary/utils/lib/am335x-evm/a8/debug/gcc\libutils.a(console_utils.o)
                0x80002c68                CONSOLEUtilsPrintf
 .text.CONSOLEUtilsScanf
                0x80002ce4       0x84 E:/uC-Soft/TI/TIRTOS/PDK_AM~1/packages/ti/starterware/binary/utils/lib/am335x-evm/a8/debug/gcc\libutils.a(console_utils.o)
                0x80002ce4                CONSOLEUtilsScanf
 .text.HW_RD_REG32
                0x80002d68       0x34 E:/uC-Soft/TI/TIRTOS/PDK_AM~1/packages/ti/starterware/binary/utils/lib/am335x-evm/a8/debug/gcc\libutils.a(i2c_utils.o)
 .text.HW_WR_REG32
                0x80002d9c       0x34 E:/uC-Soft/TI/TIRTOS/PDK_AM~1/packages/ti/starterware/binary/utils/lib/am335x-evm/a8/debug/gcc\libutils.a(i2c_utils.o)
 .text.I2CUtilsInit
                0x80002dd0      0x21c E:/uC-Soft/TI/TIRTOS/PDK_AM~1/packages/ti/starterware/binary/utils/lib/am335x-evm/a8/debug/gcc\libutils.a(i2c_utils.o)
                0x80002dd0                I2CUtilsInit
 .text.I2CUtilsWrite
                0x80002fec      0x1c8 E:/uC-Soft/TI/TIRTOS/PDK_AM~1/packages/ti/starterware/binary/utils/lib/am335x-evm/a8/debug/gcc\libutils.a(i2c_utils.o)
                0x80002fec                I2CUtilsWrite
 .text.I2CUtilsRead
                0x800031b4      0x1cc E:/uC-Soft/TI/TIRTOS/PDK_AM~1/packages/ti/starterware/binary/utils/lib/am335x-evm/a8/debug/gcc\libutils.a(i2c_utils.o)
                0x800031b4                I2CUtilsRead
 .text.I2cUtilsCtrlInit
                0x80003380      0x190 E:/uC-Soft/TI/TIRTOS/PDK_AM~1/packages/ti/starterware/binary/utils/lib/am335x-evm/a8/debug/gcc\libutils.a(i2c_utils.o)
 .text.I2cUtilsTransceive
                0x80003510      0x864 E:/uC-Soft/TI/TIRTOS/PDK_AM~1/packages/ti/starterware/binary/utils/lib/am335x-evm/a8/debug/gcc\libutils.a(i2c_utils.o)
 .text.I2cUtilsStatusCheck
                0x80003d74       0xe8 E:/uC-Soft/TI/TIRTOS/PDK_AM~1/packages/ti/starterware/binary/utils/lib/am335x-evm/a8/debug/gcc\libutils.a(i2c_utils.o)
 .text.I2cUtilsPinmuxConfig
                0x80003e5c       0xf0 E:/uC-Soft/TI/TIRTOS/PDK_AM~1/packages/ti/starterware/binary/utils/lib/am335x-evm/a8/debug/gcc\libutils.a(i2c_utils.o)
 .text.I2cUtilsModuleClockConfig
                0x80003f4c       0x84 E:/uC-Soft/TI/TIRTOS/PDK_AM~1/packages/ti/starterware/binary/utils/lib/am335x-evm/a8/debug/gcc\libutils.a(i2c_utils.o)
 .text.I2cUtilsParamsValidate
                0x80003fd0       0xcc E:/uC-Soft/TI/TIRTOS/PDK_AM~1/packages/ti/starterware/binary/utils/lib/am335x-evm/a8/debug/gcc\libutils.a(i2c_utils.o)
 .text.I2cUtilsUpdateInfo
                0x8000409c       0x40 E:/uC-Soft/TI/TIRTOS/PDK_AM~1/packages/ti/starterware/binary/utils/lib/am335x-evm/a8/debug/gcc\libutils.a(i2c_utils.o)
 .text.I2C1ModuleClkConfig
                0x800040dc       0xd4 E:/uC-Soft/TI/TIRTOS/PDK_AM~1/packages/ti/starterware/binary/utils/lib/am335x-evm/a8/debug/gcc\libutils.a(i2c_utils.o)
                0x800040dc                I2C1ModuleClkConfig
 .text.I2C0ModuleClkConfig
                0x800041b0       0xfc E:/uC-Soft/TI/TIRTOS/PDK_AM~1/packages/ti/starterware/binary/utils/lib/am335x-evm/a8/debug/gcc\libutils.a(i2c_utils.o)
                0x800041b0                I2C0ModuleClkConfig
 .text.I2C2ModuleClkConfig
                0x800042ac      0x134 E:/uC-Soft/TI/TIRTOS/PDK_AM~1/packages/ti/starterware/binary/utils/lib/am335x-evm/a8/debug/gcc\libutils.a(i2c_utils.o)
                0x800042ac                I2C2ModuleClkConfig
 .text.TIMEGetTimeStamp
                0x800043e0       0x28 E:/uC-Soft/TI/TIRTOS/PDK_AM~1/packages/ti/starterware/binary/utils/lib/am335x-evm/a8/debug/gcc\libutils.a(time_utils.o)
                0x800043e0                TIMEGetTimeStamp
 .text.DELAYMsec
                0x80004408       0x98 E:/uC-Soft/TI/TIRTOS/PDK_AM~1/packages/ti/starterware/binary/utils/lib/am335x-evm/a8/debug/gcc\libutils.a(time_utils.o)
                0x80004408                DELAYMsec
 .text.TIMERUtilGetTimeStamp
                0x800044a0      0x128 E:/uC-Soft/TI/TIRTOS/PDK_AM~1/packages/ti/starterware/binary/utils/lib/am335x-evm/a8/debug/gcc\libutils.a(dmtimer_utils.o)
                0x800044a0                TIMERUtilGetTimeStamp
 .text.HW_WR_REG32
                0x800045c8       0x34 E:/uC-Soft/TI/TIRTOS/PDK_AM~1/packages/ti/starterware/binary/utils/lib/am335x-evm/a8/debug/gcc\libutils.a(console_utils_uart.o)
 .text.CONSOLEUtilsUartInit
                0x800045fc      0x180 E:/uC-Soft/TI/TIRTOS/PDK_AM~1/packages/ti/starterware/binary/utils/lib/am335x-evm/a8/debug/gcc\libutils.a(console_utils_uart.o)
                0x800045fc                CONSOLEUtilsUartInit
 .text.CONSOLEUtilsUartPutChar
                0x8000477c      0x174 E:/uC-Soft/TI/TIRTOS/PDK_AM~1/packages/ti/starterware/binary/utils/lib/am335x-evm/a8/debug/gcc\libutils.a(console_utils_uart.o)
                0x8000477c                CONSOLEUtilsUartPutChar
 .text.CONSOLEUtilsUartPutStr
                0x800048f0       0xa8 E:/uC-Soft/TI/TIRTOS/PDK_AM~1/packages/ti/starterware/binary/utils/lib/am335x-evm/a8/debug/gcc\libutils.a(console_utils_uart.o)
                0x800048f0                CONSOLEUtilsUartPutStr
 .text.CONSOLEUtilsUartPrintFmt
                0x80004998      0xfe0 E:/uC-Soft/TI/TIRTOS/PDK_AM~1/packages/ti/starterware/binary/utils/lib/am335x-evm/a8/debug/gcc\libutils.a(console_utils_uart.o)
                0x80004998                CONSOLEUtilsUartPrintFmt
 .text.CONSOLEUtilsUartScanFmt
                0x80005978      0x2d0 E:/uC-Soft/TI/TIRTOS/PDK_AM~1/packages/ti/starterware/binary/utils/lib/am335x-evm/a8/debug/gcc\libutils.a(console_utils_uart.o)
                0x80005978                CONSOLEUtilsUartScanFmt
 .text.ConsoleUtilsUartDecode
                0x80005c48      0x994 E:/uC-Soft/TI/TIRTOS/PDK_AM~1/packages/ti/starterware/binary/utils/lib/am335x-evm/a8/debug/gcc\libutils.a(console_utils_uart.o)
 .text.ConsoleUtilsUartPinMuxSetup
                0x800065dc      0x108 E:/uC-Soft/TI/TIRTOS/PDK_AM~1/packages/ti/starterware/binary/utils/lib/am335x-evm/a8/debug/gcc\libutils.a(console_utils_uart.o)
 .text.ConsoleUtilsUartBlockingRead
                0x800066e4      0x3e4 E:/uC-Soft/TI/TIRTOS/PDK_AM~1/packages/ti/starterware/binary/utils/lib/am335x-evm/a8/debug/gcc\libutils.a(console_utils_uart.o)
 .text.ASCIIUtilsCharToDigit
                0x80006ac8       0xd8 E:/uC-Soft/TI/TIRTOS/PDK_AM~1/packages/ti/starterware/binary/utils/lib/am335x-evm/a8/debug/gcc\libutils.a(ascii_utils.o)
                0x80006ac8                ASCIIUtilsCharToDigit
 .text.SOCGetSocFamilyId
                0x80006ba0       0x30 E:/uC-Soft/TI/TIRTOS/PDK_AM~1/packages/ti/starterware/binary/soc/lib/am335x-evm/a8/debug/gcc\libsoc.a(soc.o)
                0x80006ba0                SOCGetSocFamilyId
 .text.SOCGetCoreId
                0x80006bd0       0x30 E:/uC-Soft/TI/TIRTOS/PDK_AM~1/packages/ti/starterware/binary/soc/lib/am335x-evm/a8/debug/gcc\libsoc.a(soc.o)
                0x80006bd0                SOCGetCoreId
 .text.SOCGetSocFamilyName
                0x80006c00       0xb8 E:/uC-Soft/TI/TIRTOS/PDK_AM~1/packages/ti/starterware/binary/soc/lib/am335x-evm/a8/debug/gcc\libsoc.a(soc.o)
                0x80006c00                SOCGetSocFamilyName
 .text.SOCGetCoreName
                0x80006cb8       0xb8 E:/uC-Soft/TI/TIRTOS/PDK_AM~1/packages/ti/starterware/binary/soc/lib/am335x-evm/a8/debug/gcc\libsoc.a(soc.o)
                0x80006cb8                SOCGetCoreName
 .text.SOCPrintInfo
                0x80006d70       0x60 E:/uC-Soft/TI/TIRTOS/PDK_AM~1/packages/ti/starterware/binary/soc/lib/am335x-evm/a8/debug/gcc\libsoc.a(soc.o)
                0x80006d70                SOCPrintInfo
 .text.start_boot
                0x80006dd0       0x24 E:/uC-Soft/TI/TIRTOS/PDK_AM~1/packages/ti/starterware/binary/soc/lib/am335x-evm/a8/debug/gcc\libsoc.a(startup.o)
                0x80006dd0                start_boot
 .text.CopyVectorTable
                0x80006df4       0xbc E:/uC-Soft/TI/TIRTOS/PDK_AM~1/packages/ti/starterware/binary/soc/lib/am335x-evm/a8/debug/gcc\libsoc.a(startup.o)
 .text.HW_RD_REG32
                0x80006eb0       0x34 E:/uC-Soft/TI/TIRTOS/PDK_AM~1/packages/ti/starterware/binary/soc/lib/am335x-evm/a8/debug/gcc\libsoc.a(am335x_chipdb.o)
 .text.CHIPDBIsResourcePresent
                0x80006ee4      0x140 E:/uC-Soft/TI/TIRTOS/PDK_AM~1/packages/ti/starterware/binary/soc/lib/am335x-evm/a8/debug/gcc\libsoc.a(am335x_chipdb.o)
                0x80006ee4                CHIPDBIsResourcePresent
 .text.CHIPDBSecurityLevel
                0x80007024       0x20 E:/uC-Soft/TI/TIRTOS/PDK_AM~1/packages/ti/starterware/binary/soc/lib/am335x-evm/a8/debug/gcc\libsoc.a(am335x_chipdb.o)
                0x80007024                CHIPDBSecurityLevel
 .text.CHIPDBBaseAddress
                0x80007044       0x78 E:/uC-Soft/TI/TIRTOS/PDK_AM~1/packages/ti/starterware/binary/soc/lib/am335x-evm/a8/debug/gcc\libsoc.a(am335x_chipdb.o)
                0x80007044                CHIPDBBaseAddress
 .text.ChipDBReadBasePNEncoding
                0x800070bc       0x1c E:/uC-Soft/TI/TIRTOS/PDK_AM~1/packages/ti/starterware/binary/soc/lib/am335x-evm/a8/debug/gcc\libsoc.a(am335x_chipdb.o)
 .text.ChipDBReadSecurityLevel
                0x800070d8       0xcc E:/uC-Soft/TI/TIRTOS/PDK_AM~1/packages/ti/starterware/binary/soc/lib/am335x-evm/a8/debug/gcc\libsoc.a(am335x_chipdb.o)
 .text.CHIPDBIsSecureModule
                0x800071a4       0x64 E:/uC-Soft/TI/TIRTOS/PDK_AM~1/packages/ti/starterware/binary/soc/lib/am335x-evm/a8/debug/gcc\libsoc.a(hw_am335x_chipdb.o)
                0x800071a4                CHIPDBIsSecureModule
 .text.HW_RD_REG32
                0x80007208       0x34 E:/uC-Soft/TI/TIRTOS/PDK_AM~1/packages/ti/starterware/binary/soc/lib/am335x-evm/a8/debug/gcc\libsoc.a(intc.o)
 .text.HW_WR_REG32
                0x8000723c       0x34 E:/uC-Soft/TI/TIRTOS/PDK_AM~1/packages/ti/starterware/binary/soc/lib/am335x-evm/a8/debug/gcc\libsoc.a(intc.o)
 .text.INTCInit
                0x80007270       0xd0 E:/uC-Soft/TI/TIRTOS/PDK_AM~1/packages/ti/starterware/binary/soc/lib/am335x-evm/a8/debug/gcc\libsoc.a(intc.o)
                0x80007270                INTCInit
 .text.INTCConfigIntr
                0x80007340      0x120 E:/uC-Soft/TI/TIRTOS/PDK_AM~1/packages/ti/starterware/binary/soc/lib/am335x-evm/a8/debug/gcc\libsoc.a(intc.o)
                0x80007340                INTCConfigIntr
 .text.INTCCommonIntrHandler
                0x80007460      0x110 E:/uC-Soft/TI/TIRTOS/PDK_AM~1/packages/ti/starterware/binary/soc/lib/am335x-evm/a8/debug/gcc\libsoc.a(intc.o)
                0x80007460                INTCCommonIntrHandler
 .text.IntDefaultHandler
                0x80007570       0x54 E:/uC-Soft/TI/TIRTOS/PDK_AM~1/packages/ti/starterware/binary/soc/lib/am335x-evm/a8/debug/gcc\libsoc.a(intc.o)
 .text.CACHEEnable
                0x800075c4       0x84 E:/uC-Soft/TI/TIRTOS/PDK_AM~1/packages/ti/starterware/binary/soc/lib/am335x-evm/a8/debug/gcc\libsoc.a(cache_arm.o)
                0x800075c4                CACHEEnable
 .text.MMUInit  0x80007648       0x84 E:/uC-Soft/TI/TIRTOS/PDK_AM~1/packages/ti/starterware/binary/soc/lib/am335x-evm/a8/debug/gcc\libsoc.a(mmu_arm.o)
                0x80007648                MMUInit
 .text.MMUMemRegionMap
                0x800076cc      0x290 E:/uC-Soft/TI/TIRTOS/PDK_AM~1/packages/ti/starterware/binary/soc/lib/am335x-evm/a8/debug/gcc\libsoc.a(mmu_arm.o)
                0x800076cc                MMUMemRegionMap
 .text.MMUEnable
                0x8000795c       0x3c E:/uC-Soft/TI/TIRTOS/PDK_AM~1/packages/ti/starterware/binary/soc/lib/am335x-evm/a8/debug/gcc\libsoc.a(mmu_arm.o)
                0x8000795c                MMUEnable
 .text.HW_RD_REG32
                0x80007998       0x34 E:/uC-Soft/TI/TIRTOS/PDK_AM~1/packages/ti/starterware/binary/soc/lib/am335x-evm/a8/debug/gcc\libsoc.a(am335x_prcm.o)
 .text.HW_WR_REG32
                0x800079cc       0x34 E:/uC-Soft/TI/TIRTOS/PDK_AM~1/packages/ti/starterware/binary/soc/lib/am335x-evm/a8/debug/gcc\libsoc.a(am335x_prcm.o)
 .text.enableModule
                0x80007a00       0xe0 E:/uC-Soft/TI/TIRTOS/PDK_AM~1/packages/ti/starterware/binary/soc/lib/am335x-evm/a8/debug/gcc\libsoc.a(am335x_prcm.o)
                0x80007a00                enableModule
 .text.PRCMModuleEnable
                0x80007ae0      0x904 E:/uC-Soft/TI/TIRTOS/PDK_AM~1/packages/ti/starterware/binary/soc/lib/am335x-evm/a8/debug/gcc\libsoc.a(am335x_prcm.o)
                0x80007ae0                PRCMModuleEnable
 .text          0x800083e4      0x488 E:/uC-Soft/TI/TIRTOS/PDK_AM~1/packages/ti/starterware/binary/soc/lib/am335x-evm/a8/debug/gcc\libsoc.a(cp15.o)
                0x800083e4                CP15ICacheDisable
                0x80008400                CP15DCacheDisable
                0x8000841c                CP15ICacheEnable
                0x8000842c                CP15DCacheEnable
                0x8000843c                CP15DCacheFlush
                0x800084d0                CP15DCacheClean
                0x80008564                CP15DCacheCleanFlush
                0x800085f8                CP15ICacheFlush
                0x80008608                CP15DCacheCleanBuff
                0x8000865c                CP15DCacheCleanFlushBuff
                0x800086b0                CP15DCacheFlushBuff
                0x80008714                CP15ICacheFlushBuff
                0x80008768                CP15Ttb0Set
                0x80008774                CP15TlbInvalidate
                0x80008780                CP15MMUDisable
                0x80008798                CP15MMUEnable
                0x800087ac                CP15VectorBaseAddrSet
                0x800087b8                CP15BranchPredictorInvalidate
                0x800087c4                CP15BranchPredictionEnable
                0x800087d4                CP15BranchPredictionDisable
                0x800087e4                CP15DomainAccessClientSet
                0x800087f4                CP15ControlFeatureDisable
                0x80008808                CP15ControlFeatureEnable
                0x8000881c                CP15TtbCtlTtb0Config
                0x8000882c                CP15AuxControlFeatureEnable
                0x80008840                CP15AuxControlFeatureDisable
                0x80008854                CP15MainIdPrimPartNumGet
 .text          0x8000886c       0x70 E:/uC-Soft/TI/TIRTOS/PDK_AM~1/packages/ti/starterware/binary/soc/lib/am335x-evm/a8/debug/gcc\libsoc.a(exceptionhandler.o)
                0x8000886c                SVC_Handler
                0x80008894                IRQHandler
                0x800088d4                FIQHandler
                0x800088d8                AbortHandler
                0x800088d8                UndefInstHandler
 .text.CPUIntrEnable
                0x800088dc       0x3c E:/uC-Soft/TI/TIRTOS/PDK_AM~1/packages/ti/starterware/binary/soc/lib/am335x-evm/a8/debug/gcc\libsoc.a(cpu.o)
                0x800088dc                CPUIntrEnable
 .text.HW_RD_REG32
                0x80008918       0x34 E:/uC-Soft/TI/TIRTOS/PDK_AM~1/packages/ti/starterware/binary/dal/lib/am335x-evm/a8/debug/gcc\libdal.a(i2c.o)
 .text.HW_WR_REG32
                0x8000894c       0x34 E:/uC-Soft/TI/TIRTOS/PDK_AM~1/packages/ti/starterware/binary/dal/lib/am335x-evm/a8/debug/gcc\libdal.a(i2c.o)
 .text.HW_WR_FIELD32_RAW
                0x80008980       0x7c E:/uC-Soft/TI/TIRTOS/PDK_AM~1/packages/ti/starterware/binary/dal/lib/am335x-evm/a8/debug/gcc\libdal.a(i2c.o)
 .text.HW_RD_FIELD32_RAW
                0x800089fc       0x54 E:/uC-Soft/TI/TIRTOS/PDK_AM~1/packages/ti/starterware/binary/dal/lib/am335x-evm/a8/debug/gcc\libdal.a(i2c.o)
 .text.I2CClkConfig
                0x80008a50       0xe4 E:/uC-Soft/TI/TIRTOS/PDK_AM~1/packages/ti/starterware/binary/dal/lib/am335x-evm/a8/debug/gcc\libdal.a(i2c.o)
                0x80008a50                I2CClkConfig
 .text.I2CModuleEnable
                0x80008b34       0x70 E:/uC-Soft/TI/TIRTOS/PDK_AM~1/packages/ti/starterware/binary/dal/lib/am335x-evm/a8/debug/gcc\libdal.a(i2c.o)
                0x80008b34                I2CModuleEnable
 .text.I2CSetMode
                0x80008ba4       0xc8 E:/uC-Soft/TI/TIRTOS/PDK_AM~1/packages/ti/starterware/binary/dal/lib/am335x-evm/a8/debug/gcc\libdal.a(i2c.o)
                0x80008ba4                I2CSetMode
 .text.I2CStart
                0x80008c6c       0x3c E:/uC-Soft/TI/TIRTOS/PDK_AM~1/packages/ti/starterware/binary/dal/lib/am335x-evm/a8/debug/gcc\libdal.a(i2c.o)
                0x80008c6c                I2CStart
 .text.I2CStop  0x80008ca8       0x3c E:/uC-Soft/TI/TIRTOS/PDK_AM~1/packages/ti/starterware/binary/dal/lib/am335x-evm/a8/debug/gcc\libdal.a(i2c.o)
                0x80008ca8                I2CStop
 .text.I2CIntrDisable
                0x80008ce4       0x3c E:/uC-Soft/TI/TIRTOS/PDK_AM~1/packages/ti/starterware/binary/dal/lib/am335x-evm/a8/debug/gcc\libdal.a(i2c.o)
                0x80008ce4                I2CIntrDisable
 .text.I2CIntrRawStatus
                0x80008d20       0x38 E:/uC-Soft/TI/TIRTOS/PDK_AM~1/packages/ti/starterware/binary/dal/lib/am335x-evm/a8/debug/gcc\libdal.a(i2c.o)
                0x80008d20                I2CIntrRawStatus
 .text.I2CIntrClear
                0x80008d58       0x3c E:/uC-Soft/TI/TIRTOS/PDK_AM~1/packages/ti/starterware/binary/dal/lib/am335x-evm/a8/debug/gcc\libdal.a(i2c.o)
                0x80008d58                I2CIntrClear
 .text.I2CMasterSetSlaveAddr
                0x80008d94       0x90 E:/uC-Soft/TI/TIRTOS/PDK_AM~1/packages/ti/starterware/binary/dal/lib/am335x-evm/a8/debug/gcc\libdal.a(i2c.o)
                0x80008d94                I2CMasterSetSlaveAddr
 .text.I2CSetDataCount
                0x80008e24       0x40 E:/uC-Soft/TI/TIRTOS/PDK_AM~1/packages/ti/starterware/binary/dal/lib/am335x-evm/a8/debug/gcc\libdal.a(i2c.o)
                0x80008e24                I2CSetDataCount
 .text.I2CGetDataCount
                0x80008e64       0x40 E:/uC-Soft/TI/TIRTOS/PDK_AM~1/packages/ti/starterware/binary/dal/lib/am335x-evm/a8/debug/gcc\libdal.a(i2c.o)
                0x80008e64                I2CGetDataCount
 .text.I2CFifoThresholdConfig
                0x80008ea4       0x74 E:/uC-Soft/TI/TIRTOS/PDK_AM~1/packages/ti/starterware/binary/dal/lib/am335x-evm/a8/debug/gcc\libdal.a(i2c.o)
                0x80008ea4                I2CFifoThresholdConfig
 .text.I2CFifoFlush
                0x80008f18       0xc0 E:/uC-Soft/TI/TIRTOS/PDK_AM~1/packages/ti/starterware/binary/dal/lib/am335x-evm/a8/debug/gcc\libdal.a(i2c.o)
                0x80008f18                I2CFifoFlush
 .text.I2CBufStatus
                0x80008fd8       0xa0 E:/uC-Soft/TI/TIRTOS/PDK_AM~1/packages/ti/starterware/binary/dal/lib/am335x-evm/a8/debug/gcc\libdal.a(i2c.o)
                0x80008fd8                I2CBufStatus
 .text.I2CSoftReset
                0x80009078       0x3c E:/uC-Soft/TI/TIRTOS/PDK_AM~1/packages/ti/starterware/binary/dal/lib/am335x-evm/a8/debug/gcc\libdal.a(i2c.o)
                0x80009078                I2CSoftReset
 .text.I2CAutoIdleEnable
                0x800090b4       0x70 E:/uC-Soft/TI/TIRTOS/PDK_AM~1/packages/ti/starterware/binary/dal/lib/am335x-evm/a8/debug/gcc\libdal.a(i2c.o)
                0x800090b4                I2CAutoIdleEnable
 .text.I2CSystemStatus
                0x80009124       0x5c E:/uC-Soft/TI/TIRTOS/PDK_AM~1/packages/ti/starterware/binary/dal/lib/am335x-evm/a8/debug/gcc\libdal.a(i2c.o)
                0x80009124                I2CSystemStatus
 .text.I2CPutTxData
                0x80009180       0x44 E:/uC-Soft/TI/TIRTOS/PDK_AM~1/packages/ti/starterware/binary/dal/lib/am335x-evm/a8/debug/gcc\libdal.a(i2c.o)
                0x80009180                I2CPutTxData
 .text.I2CGetRxData
                0x800091c4       0x40 E:/uC-Soft/TI/TIRTOS/PDK_AM~1/packages/ti/starterware/binary/dal/lib/am335x-evm/a8/debug/gcc\libdal.a(i2c.o)
                0x800091c4                I2CGetRxData
 .text.HW_WR_REG32
                0x80009204       0x34 E:/uC-Soft/TI/TIRTOS/PDK_AM~1/packages/ti/starterware/binary/dal/lib/am335x-evm/a8/debug/gcc\libdal.a(uart.o)
 .text.HW_RD_REG16
                0x80009238       0x34 E:/uC-Soft/TI/TIRTOS/PDK_AM~1/packages/ti/starterware/binary/dal/lib/am335x-evm/a8/debug/gcc\libdal.a(uart.o)
 .text.HW_WR_REG16
                0x8000926c       0x38 E:/uC-Soft/TI/TIRTOS/PDK_AM~1/packages/ti/starterware/binary/dal/lib/am335x-evm/a8/debug/gcc\libdal.a(uart.o)
 .text.HW_RD_REG8
                0x800092a4       0x34 E:/uC-Soft/TI/TIRTOS/PDK_AM~1/packages/ti/starterware/binary/dal/lib/am335x-evm/a8/debug/gcc\libdal.a(uart.o)
 .text.HW_WR_REG8
                0x800092d8       0x38 E:/uC-Soft/TI/TIRTOS/PDK_AM~1/packages/ti/starterware/binary/dal/lib/am335x-evm/a8/debug/gcc\libdal.a(uart.o)
 .text.HW_WR_FIELD16_RAW
                0x80009310       0x90 E:/uC-Soft/TI/TIRTOS/PDK_AM~1/packages/ti/starterware/binary/dal/lib/am335x-evm/a8/debug/gcc\libdal.a(uart.o)
 .text.HW_RD_FIELD16_RAW
                0x800093a0       0x60 E:/uC-Soft/TI/TIRTOS/PDK_AM~1/packages/ti/starterware/binary/dal/lib/am335x-evm/a8/debug/gcc\libdal.a(uart.o)
 .text.UARTModuleReset
                0x80009400       0x6c E:/uC-Soft/TI/TIRTOS/PDK_AM~1/packages/ti/starterware/binary/dal/lib/am335x-evm/a8/debug/gcc\libdal.a(uart.o)
                0x80009400                UARTModuleReset
 .text.UARTSetRegAccessMode
                0x8000946c       0xc4 E:/uC-Soft/TI/TIRTOS/PDK_AM~1/packages/ti/starterware/binary/dal/lib/am335x-evm/a8/debug/gcc\libdal.a(uart.o)
                0x8000946c                UARTSetRegAccessMode
 .text.UARTSetBaudRate
                0x80009530      0x368 E:/uC-Soft/TI/TIRTOS/PDK_AM~1/packages/ti/starterware/binary/dal/lib/am335x-evm/a8/debug/gcc\libdal.a(uart.o)
                0x80009530                UARTSetBaudRate
 .text.UARTLineCharacteristicConfig
                0x80009898      0x15c E:/uC-Soft/TI/TIRTOS/PDK_AM~1/packages/ti/starterware/binary/dal/lib/am335x-evm/a8/debug/gcc\libdal.a(uart.o)
                0x80009898                UARTLineCharacteristicConfig
 .text.UARTFifoConfig
                0x800099f4      0x464 E:/uC-Soft/TI/TIRTOS/PDK_AM~1/packages/ti/starterware/binary/dal/lib/am335x-evm/a8/debug/gcc\libdal.a(uart.o)
                0x800099f4                UARTFifoConfig
 .text.UARTBreakCtrlEnable
                0x80009e58       0x70 E:/uC-Soft/TI/TIRTOS/PDK_AM~1/packages/ti/starterware/binary/dal/lib/am335x-evm/a8/debug/gcc\libdal.a(uart.o)
                0x80009e58                UARTBreakCtrlEnable
 .text.UARTGetChar
                0x80009ec8      0x1c0 E:/uC-Soft/TI/TIRTOS/PDK_AM~1/packages/ti/starterware/binary/dal/lib/am335x-evm/a8/debug/gcc\libdal.a(uart.o)
                0x80009ec8                UARTGetChar
 .text.UARTPutChar
                0x8000a088      0x1b8 E:/uC-Soft/TI/TIRTOS/PDK_AM~1/packages/ti/starterware/binary/dal/lib/am335x-evm/a8/debug/gcc\libdal.a(uart.o)
                0x8000a088                UARTPutChar
 .text.HW_RD_REG32
                0x8000a240       0x34 E:/uC-Soft/TI/TIRTOS/PDK_AM~1/packages/ti/starterware/binary/dal/lib/am335x-evm/a8/debug/gcc\libdal.a(gpio.o)
 .text.HW_WR_REG32
                0x8000a274       0x34 E:/uC-Soft/TI/TIRTOS/PDK_AM~1/packages/ti/starterware/binary/dal/lib/am335x-evm/a8/debug/gcc\libdal.a(gpio.o)
 .text.HW_WR_FIELD32_RAW
                0x8000a2a8       0x7c E:/uC-Soft/TI/TIRTOS/PDK_AM~1/packages/ti/starterware/binary/dal/lib/am335x-evm/a8/debug/gcc\libdal.a(gpio.o)
 .text.GPIOModuleEnable
                0x8000a324       0x70 E:/uC-Soft/TI/TIRTOS/PDK_AM~1/packages/ti/starterware/binary/dal/lib/am335x-evm/a8/debug/gcc\libdal.a(gpio.o)
                0x8000a324                GPIOModuleEnable
 .text.GPIOSetDirMode
                0x8000a394       0xa0 E:/uC-Soft/TI/TIRTOS/PDK_AM~1/packages/ti/starterware/binary/dal/lib/am335x-evm/a8/debug/gcc\libdal.a(gpio.o)
                0x8000a394                GPIOSetDirMode
 .text.GPIOPinWrite
                0x8000a434       0x7c E:/uC-Soft/TI/TIRTOS/PDK_AM~1/packages/ti/starterware/binary/dal/lib/am335x-evm/a8/debug/gcc\libdal.a(gpio.o)
                0x8000a434                GPIOPinWrite
 .text.HW_RD_REG32
                0x8000a4b0       0x34 E:/uC-Soft/TI/TIRTOS/PDK_AM~1/packages/ti/starterware/binary/dal/lib/am335x-evm/a8/debug/gcc\libdal.a(dmtimer.o)
 .text.DMTIMERGetCounterVal
                0x8000a4e4       0x84 E:/uC-Soft/TI/TIRTOS/PDK_AM~1/packages/ti/starterware/binary/dal/lib/am335x-evm/a8/debug/gcc\libdal.a(dmtimer.o)
                0x8000a4e4                DMTIMERGetCounterVal
 .text.DMTIMERGetWritePostedStatus
                0x8000a568       0x38 E:/uC-Soft/TI/TIRTOS/PDK_AM~1/packages/ti/starterware/binary/dal/lib/am335x-evm/a8/debug/gcc\libdal.a(dmtimer.o)
                0x8000a568                DMTIMERGetWritePostedStatus
 .text.HW_RD_REG32
                0x8000a5a0       0x34 E:/uC-Soft/TI/TIRTOS/PDK_AM~1/packages/ti/starterware/binary/dal/lib/am335x-evm/a8/debug/gcc\libdal.a(rtc.o)
 .text.HW_WR_REG32
                0x8000a5d4       0x34 E:/uC-Soft/TI/TIRTOS/PDK_AM~1/packages/ti/starterware/binary/dal/lib/am335x-evm/a8/debug/gcc\libdal.a(rtc.o)
 .text.HW_WR_FIELD32_RAW
                0x8000a608       0x7c E:/uC-Soft/TI/TIRTOS/PDK_AM~1/packages/ti/starterware/binary/dal/lib/am335x-evm/a8/debug/gcc\libdal.a(rtc.o)
 .text.HW_RD_FIELD32_RAW
                0x8000a684       0x54 E:/uC-Soft/TI/TIRTOS/PDK_AM~1/packages/ti/starterware/binary/dal/lib/am335x-evm/a8/debug/gcc\libdal.a(rtc.o)
 .text.RTCWriteProtectEnable
                0x8000a6d8       0xb8 E:/uC-Soft/TI/TIRTOS/PDK_AM~1/packages/ti/starterware/binary/dal/lib/am335x-evm/a8/debug/gcc\libdal.a(rtc.o)
                0x8000a6d8                RTCWriteProtectEnable
 .text.RTCClkSrcSelect
                0x8000a790       0x90 E:/uC-Soft/TI/TIRTOS/PDK_AM~1/packages/ti/starterware/binary/dal/lib/am335x-evm/a8/debug/gcc\libdal.a(rtc.o)
                0x8000a790                RTCClkSrcSelect
 .text.RTCEnable
                0x8000a820       0xb0 E:/uC-Soft/TI/TIRTOS/PDK_AM~1/packages/ti/starterware/binary/dal/lib/am335x-evm/a8/debug/gcc\libdal.a(rtc.o)
                0x8000a820                RTCEnable
 .text.RTCRun   0x8000a8d0       0x3c E:/uC-Soft/TI/TIRTOS/PDK_AM~1/packages/ti/starterware/binary/dal/lib/am335x-evm/a8/debug/gcc\libdal.a(rtc.o)
                0x8000a8d0                RTCRun
 .text.RTCTimerIntrEnable
                0x8000a90c       0x90 E:/uC-Soft/TI/TIRTOS/PDK_AM~1/packages/ti/starterware/binary/dal/lib/am335x-evm/a8/debug/gcc\libdal.a(rtc.o)
                0x8000a90c                RTCTimerIntrEnable
 .text.RTCTimerIntrDisable
                0x8000a99c       0x6c E:/uC-Soft/TI/TIRTOS/PDK_AM~1/packages/ti/starterware/binary/dal/lib/am335x-evm/a8/debug/gcc\libdal.a(rtc.o)
                0x8000a99c                RTCTimerIntrDisable
 .text.RTCTimerIntrStatus
                0x8000aa08       0x50 E:/uC-Soft/TI/TIRTOS/PDK_AM~1/packages/ti/starterware/binary/dal/lib/am335x-evm/a8/debug/gcc\libdal.a(rtc.o)
                0x8000aa08                RTCTimerIntrStatus
 .text.RTCSetTime
                0x8000aa58      0x264 E:/uC-Soft/TI/TIRTOS/PDK_AM~1/packages/ti/starterware/binary/dal/lib/am335x-evm/a8/debug/gcc\libdal.a(rtc.o)
                0x8000aa58                RTCSetTime
 .text.RTCGetTime
                0x8000acbc      0x17c E:/uC-Soft/TI/TIRTOS/PDK_AM~1/packages/ti/starterware/binary/dal/lib/am335x-evm/a8/debug/gcc\libdal.a(rtc.o)
                0x8000acbc                RTCGetTime
 .text.RTCSetDate
                0x8000ae38      0x27c E:/uC-Soft/TI/TIRTOS/PDK_AM~1/packages/ti/starterware/binary/dal/lib/am335x-evm/a8/debug/gcc\libdal.a(rtc.o)
                0x8000ae38                RTCSetDate
 .text.RTCGetDate
                0x8000b0b4      0x178 E:/uC-Soft/TI/TIRTOS/PDK_AM~1/packages/ti/starterware/binary/dal/lib/am335x-evm/a8/debug/gcc\libdal.a(rtc.o)
                0x8000b0b4                RTCGetDate
 .text.MISCBcdToDec
                0x8000b22c       0x7c E:/uC-Soft/TI/TIRTOS/PDK_AM~1/packages/ti/starterware/binary/dal/lib/am335x-evm/a8/debug/gcc\libdal.a(dal_misc.o)
                0x8000b22c                MISCBcdToDec
 .text.MISCDecToBcd
                0x8000b2a8       0xb0 E:/uC-Soft/TI/TIRTOS/PDK_AM~1/packages/ti/starterware/binary/dal/lib/am335x-evm/a8/debug/gcc\libdal.a(dal_misc.o)
                0x8000b2a8                MISCDecToBcd
 .text          0x8000b358      0x114 e:/uc-soft/ti/tirtos/gcc-arm-none-eabi-6-2017-q1-update/bin/../lib/gcc/arm-none-eabi/6.3.1/hard\libgcc.a(_udivsi3.o)
                0x8000b358                __aeabi_uidiv
                0x8000b358                __udivsi3
                0x8000b44c                __aeabi_uidivmod
 .text          0x8000b46c      0x148 e:/uc-soft/ti/tirtos/gcc-arm-none-eabi-6-2017-q1-update/bin/../lib/gcc/arm-none-eabi/6.3.1/hard\libgcc.a(_divsi3.o)
                0x8000b46c                __divsi3
                0x8000b46c                __aeabi_idiv
                0x8000b594                __aeabi_idivmod
 .text          0x8000b5b4        0x4 e:/uc-soft/ti/tirtos/gcc-arm-none-eabi-6-2017-q1-update/bin/../lib/gcc/arm-none-eabi/6.3.1/hard\libgcc.a(_dvmd_tls.o)
                0x8000b5b4                __aeabi_idiv0
                0x8000b5b4                __aeabi_ldiv0
 .text          0x8000b5b8      0x2ac e:/uc-soft/ti/tirtos/gcc-arm-none-eabi-6-2017-q1-update/bin/../lib/gcc/arm-none-eabi/6.3.1/hard\libgcc.a(_arm_addsubsf3.o)
                0x8000b5b8                __aeabi_frsub
                0x8000b5c0                __subsf3
                0x8000b5c0                __aeabi_fsub
                0x8000b5c4                __aeabi_fadd
                0x8000b5c4                __addsf3
                0x8000b780                __aeabi_ui2f
                0x8000b780                __floatunsisf
                0x8000b788                __aeabi_i2f
                0x8000b788                __floatsisf
                0x8000b7a8                __aeabi_ul2f
                0x8000b7a8                __floatundisf
                0x8000b7b8                __aeabi_l2f
                0x8000b7b8                __floatdisf
 .text          0x8000b864       0x3c e:/uc-soft/ti/tirtos/gcc-arm-none-eabi-6-2017-q1-update/bin/../lib/gcc/arm-none-eabi/6.3.1/hard\libgcc.a(_aeabi_uldivmod.o)
                0x8000b864                __aeabi_uldivmod
 .text          0x8000b8a0       0x48 e:/uc-soft/ti/tirtos/gcc-arm-none-eabi-6-2017-q1-update/bin/../lib/gcc/arm-none-eabi/6.3.1/hard\libgcc.a(_fixunssfdi.o)
                0x8000b8a0                __fixunssfdi
                0x8000b8a0                __aeabi_f2ulz
 .text          0x8000b8e8       0x48 e:/uc-soft/ti/tirtos/gcc-arm-none-eabi-6-2017-q1-update/bin/../lib/gcc/arm-none-eabi/6.3.1/hard\libgcc.a(_fixunsdfdi.o)
                0x8000b8e8                __fixunsdfdi
                0x8000b8e8                __aeabi_d2ulz
 .text          0x8000b930      0x12c e:/uc-soft/ti/tirtos/gcc-arm-none-eabi-6-2017-q1-update/bin/../lib/gcc/arm-none-eabi/6.3.1/hard\libgcc.a(_udivmoddi4.o)
                0x8000b930                __udivmoddi4
 .text          0x8000ba5c       0x28 e:/uc-soft/ti/tirtos/gcc-arm-none-eabi-6-2017-q1-update/bin/../lib/gcc/arm-none-eabi/6.3.1/hard\libgcc.a(_clzdi2.o)
                0x8000ba5c                __clzdi2
 .text          0x8000ba84       0x48 e:/uc-soft/ti/tirtos/gcc-arm-none-eabi-6-2017-q1-update/bin/../lib/gcc/arm-none-eabi/6.3.1/hard\libgcc.a(_clzsi2.o)
                0x8000ba84                __clzsi2
 .text.memcpy   0x8000bacc       0x20 E:/uC-Soft/TI/TIRTOS/gcc-arm-none-eabi-6-2017-q1-update/arm-none-eabi/lib/hard\libc_nano.a(lib_a-memcpy-stub.o)
                0x8000bacc                memcpy
 .text.memset   0x8000baec       0x1c E:/uC-Soft/TI/TIRTOS/gcc-arm-none-eabi-6-2017-q1-update/arm-none-eabi/lib/hard\libc_nano.a(lib_a-memset.o)
                0x8000baec                memset
 .text.strncmp  0x8000bb08       0x58 E:/uC-Soft/TI/TIRTOS/gcc-arm-none-eabi-6-2017-q1-update/arm-none-eabi/lib/hard\libc_nano.a(lib_a-strncmp.o)
                0x8000bb08                strncmp
 *(.rodata*)
 .rodata        0x8000bb60      0x2ce E:/uC-Soft/TI/TIRTOS/PDK_AM~1/packages/ti/starterware/binary/rtc_app_clock/obj/am335x-evm/a8host/debug/gcc/clock_app_main.o
 *fill*         0x8000be2e        0x2 
 .rodata        0x8000be30      0x164 E:/uC-Soft/TI/TIRTOS/PDK_AM~1/packages/ti/starterware/binary/board/lib/am335x-evm/a8/debug/gcc\libboard.a(board.o)
 .rodata.BOARDINITPARAMS_DEFAULT
                0x8000bf94        0xc E:/uC-Soft/TI/TIRTOS/PDK_AM~1/packages/ti/starterware/binary/board/lib/am335x-evm/a8/debug/gcc\libboard.a(board.o)
                0x8000bf94                BOARDINITPARAMS_DEFAULT
 .rodata        0x8000bfa0       0x3f E:/uC-Soft/TI/TIRTOS/PDK_AM~1/packages/ti/starterware/binary/board/lib/am335x-evm/a8/debug/gcc\libboard.a(board_am335x.o)
 *fill*         0x8000bfdf        0x1 
 .rodata.gBoardAm335xGpevmDevData
                0x8000bfe0      0x1e0 E:/uC-Soft/TI/TIRTOS/PDK_AM~1/packages/ti/starterware/binary/board/lib/am335x-evm/a8/debug/gcc\libboard.a(am335x_gpevm.o)
                0x8000bfe0                gBoardAm335xGpevmDevData
 .rodata        0x8000c1c0       0x7b E:/uC-Soft/TI/TIRTOS/PDK_AM~1/packages/ti/starterware/binary/board/lib/am335x-evm/a8/debug/gcc\libboard.a(am335x_gpevm.o)
 *fill*         0x8000c23b        0x1 
 .rodata.gBoardAm335xGpevmData
                0x8000c23c       0x20 E:/uC-Soft/TI/TIRTOS/PDK_AM~1/packages/ti/starterware/binary/board/lib/am335x-evm/a8/debug/gcc\libboard.a(am335x_gpevm.o)
                0x8000c23c                gBoardAm335xGpevmData
 .rodata.gBoardAm335xEvmskDevData
                0x8000c25c      0x118 E:/uC-Soft/TI/TIRTOS/PDK_AM~1/packages/ti/starterware/binary/board/lib/am335x-evm/a8/debug/gcc\libboard.a(am335x_evmsk.o)
                0x8000c25c                gBoardAm335xEvmskDevData
 .rodata        0x8000c374       0x15 E:/uC-Soft/TI/TIRTOS/PDK_AM~1/packages/ti/starterware/binary/board/lib/am335x-evm/a8/debug/gcc\libboard.a(am335x_evmsk.o)
 *fill*         0x8000c389        0x3 
 .rodata.gBoardAm335xEvmskData
                0x8000c38c       0x20 E:/uC-Soft/TI/TIRTOS/PDK_AM~1/packages/ti/starterware/binary/board/lib/am335x-evm/a8/debug/gcc\libboard.a(am335x_evmsk.o)
                0x8000c38c                gBoardAm335xEvmskData
 .rodata.gBoardAm335xBeagleboneDevData
                0x8000c3ac       0xa0 E:/uC-Soft/TI/TIRTOS/PDK_AM~1/packages/ti/starterware/binary/board/lib/am335x-evm/a8/debug/gcc\libboard.a(am335x_beaglebone.o)
                0x8000c3ac                gBoardAm335xBeagleboneDevData
 .rodata        0x8000c44c       0x2d E:/uC-Soft/TI/TIRTOS/PDK_AM~1/packages/ti/starterware/binary/board/lib/am335x-evm/a8/debug/gcc\libboard.a(am335x_beaglebone.o)
 *fill*         0x8000c479        0x3 
 .rodata.gBoardAm335xBeagleboneData
                0x8000c47c       0x20 E:/uC-Soft/TI/TIRTOS/PDK_AM~1/packages/ti/starterware/binary/board/lib/am335x-evm/a8/debug/gcc\libboard.a(am335x_beaglebone.o)
                0x8000c47c                gBoardAm335xBeagleboneData
 .rodata.gBoardAm335xBeagleBoneBlackIsCompatible
                0x8000c49c        0x4 E:/uC-Soft/TI/TIRTOS/PDK_AM~1/packages/ti/starterware/binary/board/lib/am335x-evm/a8/debug/gcc\libboard.a(am335x_beagleboneblack.o)
                0x8000c49c                gBoardAm335xBeagleBoneBlackIsCompatible
 .rodata.gBoardAm335xBeagleboneblackDevData
                0x8000c4a0       0xc8 E:/uC-Soft/TI/TIRTOS/PDK_AM~1/packages/ti/starterware/binary/board/lib/am335x-evm/a8/debug/gcc\libboard.a(am335x_beagleboneblack.o)
                0x8000c4a0                gBoardAm335xBeagleboneblackDevData
 .rodata        0x8000c568       0x58 E:/uC-Soft/TI/TIRTOS/PDK_AM~1/packages/ti/starterware/binary/board/lib/am335x-evm/a8/debug/gcc\libboard.a(am335x_beagleboneblack.o)
 .rodata.gBoardAm335xBeagleboneblackData
                0x8000c5c0       0x20 E:/uC-Soft/TI/TIRTOS/PDK_AM~1/packages/ti/starterware/binary/board/lib/am335x-evm/a8/debug/gcc\libboard.a(am335x_beagleboneblack.o)
                0x8000c5c0                gBoardAm335xBeagleboneblackData
 .rodata.gBoardAm335xIceV1DevData
                0x8000c5e0       0xc8 E:/uC-Soft/TI/TIRTOS/PDK_AM~1/packages/ti/starterware/binary/board/lib/am335x-evm/a8/debug/gcc\libboard.a(am335x_icev1.o)
                0x8000c5e0                gBoardAm335xIceV1DevData
 .rodata        0x8000c6a8       0x2d E:/uC-Soft/TI/TIRTOS/PDK_AM~1/packages/ti/starterware/binary/board/lib/am335x-evm/a8/debug/gcc\libboard.a(am335x_icev1.o)
 *fill*         0x8000c6d5        0x3 
 .rodata.gBoardAm335xIceV1Data
                0x8000c6d8       0x20 E:/uC-Soft/TI/TIRTOS/PDK_AM~1/packages/ti/starterware/binary/board/lib/am335x-evm/a8/debug/gcc\libboard.a(am335x_icev1.o)
                0x8000c6d8                gBoardAm335xIceV1Data
 .rodata.gBoardAm335xIceV2DevData
                0x8000c6f8      0x398 E:/uC-Soft/TI/TIRTOS/PDK_AM~1/packages/ti/starterware/binary/board/lib/am335x-evm/a8/debug/gcc\libboard.a(am335x_icev2.o)
                0x8000c6f8                gBoardAm335xIceV2DevData
 .rodata        0x8000ca90       0x6f E:/uC-Soft/TI/TIRTOS/PDK_AM~1/packages/ti/starterware/binary/board/lib/am335x-evm/a8/debug/gcc\libboard.a(am335x_icev2.o)
 *fill*         0x8000caff        0x1 
 .rodata.gBoardAm335xIceV2Data
                0x8000cb00       0x20 E:/uC-Soft/TI/TIRTOS/PDK_AM~1/packages/ti/starterware/binary/board/lib/am335x-evm/a8/debug/gcc\libboard.a(am335x_icev2.o)
                0x8000cb00                gBoardAm335xIceV2Data
 .rodata.gBoardAm335xAMIC110DevData
                0x8000cb20      0x398 E:/uC-Soft/TI/TIRTOS/PDK_AM~1/packages/ti/starterware/binary/board/lib/am335x-evm/a8/debug/gcc\libboard.a(am335x_amic110.o)
                0x8000cb20                gBoardAm335xAMIC110DevData
 .rodata        0x8000ceb8       0x6f E:/uC-Soft/TI/TIRTOS/PDK_AM~1/packages/ti/starterware/binary/board/lib/am335x-evm/a8/debug/gcc\libboard.a(am335x_amic110.o)
 *fill*         0x8000cf27        0x1 
 .rodata.gBoardAm335xAMIC110Data
                0x8000cf28       0x20 E:/uC-Soft/TI/TIRTOS/PDK_AM~1/packages/ti/starterware/binary/board/lib/am335x-evm/a8/debug/gcc\libboard.a(am335x_amic110.o)
                0x8000cf28                gBoardAm335xAMIC110Data
 .rodata        0x8000cf48        0x1 E:/uC-Soft/TI/TIRTOS/PDK_AM~1/packages/ti/starterware/binary/board/lib/am335x-evm/a8/debug/gcc\libboard.a(am335x_custom.o)
 *fill*         0x8000cf49        0x3 
 .rodata.gBoardAm335xCustomData
                0x8000cf4c       0x20 E:/uC-Soft/TI/TIRTOS/PDK_AM~1/packages/ti/starterware/binary/board/lib/am335x-evm/a8/debug/gcc\libboard.a(am335x_custom.o)
                0x8000cf4c                gBoardAm335xCustomData
 .rodata.gDCardAm335xLCD4DevData
                0x8000cf6c       0x50 E:/uC-Soft/TI/TIRTOS/PDK_AM~1/packages/ti/starterware/binary/board/lib/am335x-evm/a8/debug/gcc\libboard.a(am335x_lcd4_dcard.o)
                0x8000cf6c                gDCardAm335xLCD4DevData
 .rodata        0x8000cfbc       0x25 E:/uC-Soft/TI/TIRTOS/PDK_AM~1/packages/ti/starterware/binary/board/lib/am335x-evm/a8/debug/gcc\libboard.a(am335x_lcd4_dcard.o)
 *fill*         0x8000cfe1        0x3 
 .rodata.gDCardAm335xLCD4Data
                0x8000cfe4       0x44 E:/uC-Soft/TI/TIRTOS/PDK_AM~1/packages/ti/starterware/binary/board/lib/am335x-evm/a8/debug/gcc\libboard.a(am335x_lcd4_dcard.o)
                0x8000cfe4                gDCardAm335xLCD4Data
 .rodata        0x8000d028       0x50 E:/uC-Soft/TI/TIRTOS/PDK_AM~1/packages/ti/starterware/binary/utils/lib/am335x-evm/a8/debug/gcc\libutils.a(console_utils.o)
 .rodata.I2CUTILSINITPARAMS_DEFAULT
                0x8000d078       0x10 E:/uC-Soft/TI/TIRTOS/PDK_AM~1/packages/ti/starterware/binary/utils/lib/am335x-evm/a8/debug/gcc\libutils.a(i2c_utils.o)
                0x8000d078                I2CUTILSINITPARAMS_DEFAULT
 .rodata.UART_CONSOLE_DEFAULT
                0x8000d088       0x18 E:/uC-Soft/TI/TIRTOS/PDK_AM~1/packages/ti/starterware/binary/utils/lib/am335x-evm/a8/debug/gcc\libutils.a(console_utils_uart.o)
 .rodata        0x8000d0a0       0x1e E:/uC-Soft/TI/TIRTOS/PDK_AM~1/packages/ti/starterware/binary/utils/lib/am335x-evm/a8/debug/gcc\libutils.a(console_utils_uart.o)
 *fill*         0x8000d0be        0x2 
 .rodata        0x8000d0c0       0x60 E:/uC-Soft/TI/TIRTOS/PDK_AM~1/packages/ti/starterware/binary/soc/lib/am335x-evm/a8/debug/gcc\libsoc.a(soc.o)
 .rodata.vecTbl
                0x8000d120       0x38 E:/uC-Soft/TI/TIRTOS/PDK_AM~1/packages/ti/starterware/binary/soc/lib/am335x-evm/a8/debug/gcc\libsoc.a(startup.o)
 .rodata.gChipDBResourceIDMap
                0x8000d158      0x244 E:/uC-Soft/TI/TIRTOS/PDK_AM~1/packages/ti/starterware/binary/soc/lib/am335x-evm/a8/debug/gcc\libsoc.a(hw_am335x_chipdb.o)
                0x8000d158                gChipDBResourceIDMap
 .rodata.gChipDBResourceTable
                0x8000d39c       0x18 E:/uC-Soft/TI/TIRTOS/PDK_AM~1/packages/ti/starterware/binary/soc/lib/am335x-evm/a8/debug/gcc\libsoc.a(hw_am335x_chipdb.o)
                0x8000d39c                gChipDBResourceTable
 .rodata.gChipDBBaseAddrTable
                0x8000d3b4      0x200 E:/uC-Soft/TI/TIRTOS/PDK_AM~1/packages/ti/starterware/binary/soc/lib/am335x-evm/a8/debug/gcc\libsoc.a(hw_am335x_chipdb_baseaddr.o)
                0x8000d3b4                gChipDBBaseAddrTable
 .rodata        0x8000d5b4       0x3d E:/uC-Soft/TI/TIRTOS/PDK_AM~1/packages/ti/starterware/binary/soc/lib/am335x-evm/a8/debug/gcc\libsoc.a(intc.o)
 *fill*         0x8000d5f1        0x3 
 .rodata.gMmuAccessCtrl
                0x8000d5f4       0x1c E:/uC-Soft/TI/TIRTOS/PDK_AM~1/packages/ti/starterware/binary/soc/lib/am335x-evm/a8/debug/gcc\libsoc.a(mmu_arm.o)
 .rodata.gMmuMemAttr
                0x8000d610       0x14 E:/uC-Soft/TI/TIRTOS/PDK_AM~1/packages/ti/starterware/binary/soc/lib/am335x-evm/a8/debug/gcc\libsoc.a(mmu_arm.o)

.glue_7         0x8000d624        0x0
 .glue_7        0x8000d624        0x0 linker stubs

.glue_7t        0x8000d624        0x0
 .glue_7t       0x8000d624        0x0 linker stubs

.vfp11_veneer   0x8000d624        0x0
 .vfp11_veneer  0x8000d624        0x0 linker stubs

.v4_bx          0x8000d624        0x0
 .v4_bx         0x8000d624        0x0 linker stubs

.init           0x8000d624        0xc
 .init          0x8000d624        0xc e:/uc-soft/ti/tirtos/gcc-arm-none-eabi-6-2017-q1-update/bin/../lib/gcc/arm-none-eabi/6.3.1/hard/crti.o
                0x8000d624                _init

.fini           0x8000d630        0xc
 .fini          0x8000d630        0xc e:/uc-soft/ti/tirtos/gcc-arm-none-eabi-6-2017-q1-update/bin/../lib/gcc/arm-none-eabi/6.3.1/hard/crti.o
                0x8000d630                _fini

.iplt           0x8000d63c        0x0
 .iplt          0x8000d63c        0x0 e:/uc-soft/ti/tirtos/gcc-arm-none-eabi-6-2017-q1-update/bin/../lib/gcc/arm-none-eabi/6.3.1/hard/crtbegin.o

.rel.dyn        0x8000d63c        0x0
 .rel.iplt      0x8000d63c        0x0 e:/uc-soft/ti/tirtos/gcc-arm-none-eabi-6-2017-q1-update/bin/../lib/gcc/arm-none-eabi/6.3.1/hard/crtbegin.o

.ARM.exidx      0x8000d63c        0x8
 .ARM.exidx     0x8000d63c        0x8 e:/uc-soft/ti/tirtos/gcc-arm-none-eabi-6-2017-q1-update/bin/../lib/gcc/arm-none-eabi/6.3.1/hard\libgcc.a(_udivmoddi4.o)

.data           0x8000d644     0x19d8
                0x8000d644                . = ALIGN (0x4)
 *(.data*)
 .data.RTCAPPRTCOBJ_DEFAULT
                0x8000d644       0x70 E:/uC-Soft/TI/TIRTOS/PDK_AM~1/packages/ti/starterware/binary/rtc_app_clock/obj/am335x-evm/a8host/debug/gcc/rtc_app.o
                0x8000d644                RTCAPPRTCOBJ_DEFAULT
 .data.gClockAppDayOfWeek
                0x8000d6b4       0x1c E:/uC-Soft/TI/TIRTOS/PDK_AM~1/packages/ti/starterware/binary/rtc_app_clock/obj/am335x-evm/a8host/debug/gcc/clock_app_main.o
 .data.gClockAppMeridiemMode
                0x8000d6d0        0x8 E:/uC-Soft/TI/TIRTOS/PDK_AM~1/packages/ti/starterware/binary/rtc_app_clock/obj/am335x-evm/a8host/debug/gcc/clock_app_main.o
 .data.regionDdr
                0x8000d6d8       0x14 E:/uC-Soft/TI/TIRTOS/PDK_AM~1/packages/ti/starterware/binary/examples/example_utils/lib/am335x-evm/a8/debug/gcc\libexample_utils.a(example_utils_mmu.o)
                0x8000d6d8                regionDdr
 .data.regionOcmc
                0x8000d6ec       0x14 E:/uC-Soft/TI/TIRTOS/PDK_AM~1/packages/ti/starterware/binary/examples/example_utils/lib/am335x-evm/a8/debug/gcc\libexample_utils.a(example_utils_mmu.o)
                0x8000d6ec                regionOcmc
 .data.regionDev
                0x8000d700       0x14 E:/uC-Soft/TI/TIRTOS/PDK_AM~1/packages/ti/starterware/binary/examples/example_utils/lib/am335x-evm/a8/debug/gcc\libexample_utils.a(example_utils_mmu.o)
                0x8000d700                regionDev
 .data.regionQspi
                0x8000d714       0x14 E:/uC-Soft/TI/TIRTOS/PDK_AM~1/packages/ti/starterware/binary/examples/example_utils/lib/am335x-evm/a8/debug/gcc\libexample_utils.a(example_utils_mmu.o)
                0x8000d714                regionQspi
 .data.gBoardIdStrTable
                0x8000d728       0x58 E:/uC-Soft/TI/TIRTOS/PDK_AM~1/packages/ti/starterware/binary/board/lib/am335x-evm/a8/debug/gcc\libboard.a(board.o)
 .data.gBoardAm335xI2cInstData
                0x8000d780       0x20 E:/uC-Soft/TI/TIRTOS/PDK_AM~1/packages/ti/starterware/binary/board/lib/am335x-evm/a8/debug/gcc\libboard.a(board_am335x.o)
 .data.gBoardAm335xI2cData
                0x8000d7a0        0xc E:/uC-Soft/TI/TIRTOS/PDK_AM~1/packages/ti/starterware/binary/board/lib/am335x-evm/a8/debug/gcc\libboard.a(board_am335x.o)
 .data.gpBoardAm335xData
                0x8000d7ac       0x44 E:/uC-Soft/TI/TIRTOS/PDK_AM~1/packages/ti/starterware/binary/board/lib/am335x-evm/a8/debug/gcc\libboard.a(board_am335x.o)
 .data.gpDCardAm335xData
                0x8000d7f0        0x8 E:/uC-Soft/TI/TIRTOS/PDK_AM~1/packages/ti/starterware/binary/board/lib/am335x-evm/a8/debug/gcc\libboard.a(dcard_am335x.o)
 .data.gpBoardAm335xGpevmRevStrTable
                0x8000d7f8       0x14 E:/uC-Soft/TI/TIRTOS/PDK_AM~1/packages/ti/starterware/binary/board/lib/am335x-evm/a8/debug/gcc\libboard.a(am335x_gpevm.o)
                0x8000d7f8                gpBoardAm335xGpevmRevStrTable
 .data.gpBoardAm335xEvmskRevStrTable
                0x8000d80c        0xc E:/uC-Soft/TI/TIRTOS/PDK_AM~1/packages/ti/starterware/binary/board/lib/am335x-evm/a8/debug/gcc\libboard.a(am335x_evmsk.o)
                0x8000d80c                gpBoardAm335xEvmskRevStrTable
 .data.gpBoardAm335xBeagleboneRevStrTable
                0x8000d818       0x18 E:/uC-Soft/TI/TIRTOS/PDK_AM~1/packages/ti/starterware/binary/board/lib/am335x-evm/a8/debug/gcc\libboard.a(am335x_beaglebone.o)
                0x8000d818                gpBoardAm335xBeagleboneRevStrTable
 .data.gBoardAm335xBeagleboneblackDCards
                0x8000d830       0x18 E:/uC-Soft/TI/TIRTOS/PDK_AM~1/packages/ti/starterware/binary/board/lib/am335x-evm/a8/debug/gcc\libboard.a(am335x_beagleboneblack.o)
                0x8000d830                gBoardAm335xBeagleboneblackDCards
 .data.gpBoardAm335xBeagleboneblackRevStrTable
                0x8000d848        0xc E:/uC-Soft/TI/TIRTOS/PDK_AM~1/packages/ti/starterware/binary/board/lib/am335x-evm/a8/debug/gcc\libboard.a(am335x_beagleboneblack.o)
                0x8000d848                gpBoardAm335xBeagleboneblackRevStrTable
 .data.gpBoardAm335xIceV1RevStrTable
                0x8000d854       0x18 E:/uC-Soft/TI/TIRTOS/PDK_AM~1/packages/ti/starterware/binary/board/lib/am335x-evm/a8/debug/gcc\libboard.a(am335x_icev1.o)
                0x8000d854                gpBoardAm335xIceV1RevStrTable
 .data.gpBoardAm335xIceV2RevStrTable
                0x8000d86c       0x18 E:/uC-Soft/TI/TIRTOS/PDK_AM~1/packages/ti/starterware/binary/board/lib/am335x-evm/a8/debug/gcc\libboard.a(am335x_icev2.o)
                0x8000d86c                gpBoardAm335xIceV2RevStrTable
 .data.gpBoardAm335xAMIC110RevStrTable
                0x8000d884       0x18 E:/uC-Soft/TI/TIRTOS/PDK_AM~1/packages/ti/starterware/binary/board/lib/am335x-evm/a8/debug/gcc\libboard.a(am335x_amic110.o)
                0x8000d884                gpBoardAm335xAMIC110RevStrTable
 .data.gpBoardAm335xCustomRevStrTable
                0x8000d89c        0x4 E:/uC-Soft/TI/TIRTOS/PDK_AM~1/packages/ti/starterware/binary/board/lib/am335x-evm/a8/debug/gcc\libboard.a(am335x_custom.o)
                0x8000d89c                gpBoardAm335xCustomRevStrTable
 .data.gUart0PinCfg
                0x8000d8a0       0x18 E:/uC-Soft/TI/TIRTOS/PDK_AM~1/packages/ti/starterware/binary/board/lib/am335x-evm/a8/debug/gcc\libboard.a(am335x_gpevm_pinmux_data.o)
 .data.gUartPinCfg
                0x8000d8b8       0x10 E:/uC-Soft/TI/TIRTOS/PDK_AM~1/packages/ti/starterware/binary/board/lib/am335x-evm/a8/debug/gcc\libboard.a(am335x_gpevm_pinmux_data.o)
 .data.gCpsw0PinCfg
                0x8000d8c8       0x98 E:/uC-Soft/TI/TIRTOS/PDK_AM~1/packages/ti/starterware/binary/board/lib/am335x-evm/a8/debug/gcc\libboard.a(am335x_gpevm_pinmux_data.o)
 .data.gCpswPinCfg
                0x8000d960       0x10 E:/uC-Soft/TI/TIRTOS/PDK_AM~1/packages/ti/starterware/binary/board/lib/am335x-evm/a8/debug/gcc\libboard.a(am335x_gpevm_pinmux_data.o)
 .data.gDcan1PinCfg
                0x8000d970       0x18 E:/uC-Soft/TI/TIRTOS/PDK_AM~1/packages/ti/starterware/binary/board/lib/am335x-evm/a8/debug/gcc\libboard.a(am335x_gpevm_pinmux_data.o)
 .data.gDcanPinCfg
                0x8000d988       0x10 E:/uC-Soft/TI/TIRTOS/PDK_AM~1/packages/ti/starterware/binary/board/lib/am335x-evm/a8/debug/gcc\libboard.a(am335x_gpevm_pinmux_data.o)
 .data.gGpmc0PinCfg
                0x8000d998       0xc0 E:/uC-Soft/TI/TIRTOS/PDK_AM~1/packages/ti/starterware/binary/board/lib/am335x-evm/a8/debug/gcc\libboard.a(am335x_gpevm_pinmux_data.o)
 .data.gGpmcPinCfg
                0x8000da58       0x10 E:/uC-Soft/TI/TIRTOS/PDK_AM~1/packages/ti/starterware/binary/board/lib/am335x-evm/a8/debug/gcc\libboard.a(am335x_gpevm_pinmux_data.o)
 .data.gGpio1PinCfg
                0x8000da68       0x10 E:/uC-Soft/TI/TIRTOS/PDK_AM~1/packages/ti/starterware/binary/board/lib/am335x-evm/a8/debug/gcc\libboard.a(am335x_gpevm_pinmux_data.o)
 .data.gGpio0PinCfg
                0x8000da78       0x18 E:/uC-Soft/TI/TIRTOS/PDK_AM~1/packages/ti/starterware/binary/board/lib/am335x-evm/a8/debug/gcc\libboard.a(am335x_gpevm_pinmux_data.o)
 .data.gGpioPinCfg
                0x8000da90       0x18 E:/uC-Soft/TI/TIRTOS/PDK_AM~1/packages/ti/starterware/binary/board/lib/am335x-evm/a8/debug/gcc\libboard.a(am335x_gpevm_pinmux_data.o)
 .data.gI2c0PinCfg
                0x8000daa8       0x18 E:/uC-Soft/TI/TIRTOS/PDK_AM~1/packages/ti/starterware/binary/board/lib/am335x-evm/a8/debug/gcc\libboard.a(am335x_gpevm_pinmux_data.o)
 .data.gI2c1PinCfg
                0x8000dac0       0x18 E:/uC-Soft/TI/TIRTOS/PDK_AM~1/packages/ti/starterware/binary/board/lib/am335x-evm/a8/debug/gcc\libboard.a(am335x_gpevm_pinmux_data.o)
 .data.gI2cPinCfg
                0x8000dad8       0x18 E:/uC-Soft/TI/TIRTOS/PDK_AM~1/packages/ti/starterware/binary/board/lib/am335x-evm/a8/debug/gcc\libboard.a(am335x_gpevm_pinmux_data.o)
 .data.gMcspi0PinCfg
                0x8000daf0       0x28 E:/uC-Soft/TI/TIRTOS/PDK_AM~1/packages/ti/starterware/binary/board/lib/am335x-evm/a8/debug/gcc\libboard.a(am335x_gpevm_pinmux_data.o)
 .data.gMcspiPinCfg
                0x8000db18       0x10 E:/uC-Soft/TI/TIRTOS/PDK_AM~1/packages/ti/starterware/binary/board/lib/am335x-evm/a8/debug/gcc\libboard.a(am335x_gpevm_pinmux_data.o)
 .data.gMmcsd0PinCfg
                0x8000db28       0x40 E:/uC-Soft/TI/TIRTOS/PDK_AM~1/packages/ti/starterware/binary/board/lib/am335x-evm/a8/debug/gcc\libboard.a(am335x_gpevm_pinmux_data.o)
 .data.gMmcsdPinCfg
                0x8000db68       0x10 E:/uC-Soft/TI/TIRTOS/PDK_AM~1/packages/ti/starterware/binary/board/lib/am335x-evm/a8/debug/gcc\libboard.a(am335x_gpevm_pinmux_data.o)
 .data.gLcdc0PinCfg
                0x8000db78       0xf0 E:/uC-Soft/TI/TIRTOS/PDK_AM~1/packages/ti/starterware/binary/board/lib/am335x-evm/a8/debug/gcc\libboard.a(am335x_gpevm_pinmux_data.o)
 .data.gLcdcPinCfg
                0x8000dc68       0x10 E:/uC-Soft/TI/TIRTOS/PDK_AM~1/packages/ti/starterware/binary/board/lib/am335x-evm/a8/debug/gcc\libboard.a(am335x_gpevm_pinmux_data.o)
 .data.gPwmss2PinCfg
                0x8000dc78       0x10 E:/uC-Soft/TI/TIRTOS/PDK_AM~1/packages/ti/starterware/binary/board/lib/am335x-evm/a8/debug/gcc\libboard.a(am335x_gpevm_pinmux_data.o)
 .data.gPwmssPinCfg
                0x8000dc88       0x10 E:/uC-Soft/TI/TIRTOS/PDK_AM~1/packages/ti/starterware/binary/board/lib/am335x-evm/a8/debug/gcc\libboard.a(am335x_gpevm_pinmux_data.o)
 .data.gGpevmPinmuxData
                0x8000dc98       0x58 E:/uC-Soft/TI/TIRTOS/PDK_AM~1/packages/ti/starterware/binary/board/lib/am335x-evm/a8/debug/gcc\libboard.a(am335x_gpevm_pinmux_data.o)
                0x8000dc98                gGpevmPinmuxData
 .data.gUart0PinCfg
                0x8000dcf0       0x18 E:/uC-Soft/TI/TIRTOS/PDK_AM~1/packages/ti/starterware/binary/board/lib/am335x-evm/a8/debug/gcc\libboard.a(am335x_evmsk_pinmux_data.o)
 .data.gUartPinCfg
                0x8000dd08       0x10 E:/uC-Soft/TI/TIRTOS/PDK_AM~1/packages/ti/starterware/binary/board/lib/am335x-evm/a8/debug/gcc\libboard.a(am335x_evmsk_pinmux_data.o)
 .data.gCpsw0PinCfg
                0x8000dd18       0xd8 E:/uC-Soft/TI/TIRTOS/PDK_AM~1/packages/ti/starterware/binary/board/lib/am335x-evm/a8/debug/gcc\libboard.a(am335x_evmsk_pinmux_data.o)
 .data.gCpswPinCfg
                0x8000ddf0       0x10 E:/uC-Soft/TI/TIRTOS/PDK_AM~1/packages/ti/starterware/binary/board/lib/am335x-evm/a8/debug/gcc\libboard.a(am335x_evmsk_pinmux_data.o)
 .data.gGpio0PinCfg
                0x8000de00       0x18 E:/uC-Soft/TI/TIRTOS/PDK_AM~1/packages/ti/starterware/binary/board/lib/am335x-evm/a8/debug/gcc\libboard.a(am335x_evmsk_pinmux_data.o)
 .data.gGpio1PinCfg
                0x8000de18       0x28 E:/uC-Soft/TI/TIRTOS/PDK_AM~1/packages/ti/starterware/binary/board/lib/am335x-evm/a8/debug/gcc\libboard.a(am335x_evmsk_pinmux_data.o)
 .data.gGpio2PinCfg
                0x8000de40       0x20 E:/uC-Soft/TI/TIRTOS/PDK_AM~1/packages/ti/starterware/binary/board/lib/am335x-evm/a8/debug/gcc\libboard.a(am335x_evmsk_pinmux_data.o)
 .data.gGpioPinCfg
                0x8000de60       0x20 E:/uC-Soft/TI/TIRTOS/PDK_AM~1/packages/ti/starterware/binary/board/lib/am335x-evm/a8/debug/gcc\libboard.a(am335x_evmsk_pinmux_data.o)
 .data.gI2c0PinCfg
                0x8000de80       0x18 E:/uC-Soft/TI/TIRTOS/PDK_AM~1/packages/ti/starterware/binary/board/lib/am335x-evm/a8/debug/gcc\libboard.a(am335x_evmsk_pinmux_data.o)
 .data.gI2cPinCfg
                0x8000de98       0x10 E:/uC-Soft/TI/TIRTOS/PDK_AM~1/packages/ti/starterware/binary/board/lib/am335x-evm/a8/debug/gcc\libboard.a(am335x_evmsk_pinmux_data.o)
 .data.gMmcsd0PinCfg
                0x8000dea8       0x40 E:/uC-Soft/TI/TIRTOS/PDK_AM~1/packages/ti/starterware/binary/board/lib/am335x-evm/a8/debug/gcc\libboard.a(am335x_evmsk_pinmux_data.o)
 .data.gMmcsdPinCfg
                0x8000dee8       0x10 E:/uC-Soft/TI/TIRTOS/PDK_AM~1/packages/ti/starterware/binary/board/lib/am335x-evm/a8/debug/gcc\libboard.a(am335x_evmsk_pinmux_data.o)
 .data.gEvmskPinmuxData
                0x8000def8       0x30 E:/uC-Soft/TI/TIRTOS/PDK_AM~1/packages/ti/starterware/binary/board/lib/am335x-evm/a8/debug/gcc\libboard.a(am335x_evmsk_pinmux_data.o)
                0x8000def8                gEvmskPinmuxData
 .data.gUart0PinCfg
                0x8000df28       0x18 E:/uC-Soft/TI/TIRTOS/PDK_AM~1/packages/ti/starterware/binary/board/lib/am335x-evm/a8/debug/gcc\libboard.a(am335x_beaglebone_pinmux_data.o)
 .data.gUartPinCfg
                0x8000df40       0x10 E:/uC-Soft/TI/TIRTOS/PDK_AM~1/packages/ti/starterware/binary/board/lib/am335x-evm/a8/debug/gcc\libboard.a(am335x_beaglebone_pinmux_data.o)
 .data.gCpsw0PinCfg
                0x8000df50       0x90 E:/uC-Soft/TI/TIRTOS/PDK_AM~1/packages/ti/starterware/binary/board/lib/am335x-evm/a8/debug/gcc\libboard.a(am335x_beaglebone_pinmux_data.o)
 .data.gCpswPinCfg
                0x8000dfe0       0x10 E:/uC-Soft/TI/TIRTOS/PDK_AM~1/packages/ti/starterware/binary/board/lib/am335x-evm/a8/debug/gcc\libboard.a(am335x_beaglebone_pinmux_data.o)
 .data.gGpio1PinCfg
                0x8000dff0       0x10 E:/uC-Soft/TI/TIRTOS/PDK_AM~1/packages/ti/starterware/binary/board/lib/am335x-evm/a8/debug/gcc\libboard.a(am335x_beaglebone_pinmux_data.o)
 .data.gGpioPinCfg
                0x8000e000       0x10 E:/uC-Soft/TI/TIRTOS/PDK_AM~1/packages/ti/starterware/binary/board/lib/am335x-evm/a8/debug/gcc\libboard.a(am335x_beaglebone_pinmux_data.o)
 .data.gI2c0PinCfg
                0x8000e010       0x18 E:/uC-Soft/TI/TIRTOS/PDK_AM~1/packages/ti/starterware/binary/board/lib/am335x-evm/a8/debug/gcc\libboard.a(am335x_beaglebone_pinmux_data.o)
 .data.gI2cPinCfg
                0x8000e028       0x10 E:/uC-Soft/TI/TIRTOS/PDK_AM~1/packages/ti/starterware/binary/board/lib/am335x-evm/a8/debug/gcc\libboard.a(am335x_beaglebone_pinmux_data.o)
 .data.gMmcsd0PinCfg
                0x8000e038       0x40 E:/uC-Soft/TI/TIRTOS/PDK_AM~1/packages/ti/starterware/binary/board/lib/am335x-evm/a8/debug/gcc\libboard.a(am335x_beaglebone_pinmux_data.o)
 .data.gMmcsdPinCfg
                0x8000e078       0x10 E:/uC-Soft/TI/TIRTOS/PDK_AM~1/packages/ti/starterware/binary/board/lib/am335x-evm/a8/debug/gcc\libboard.a(am335x_beaglebone_pinmux_data.o)
 .data.gBbPinmuxData
                0x8000e088       0x30 E:/uC-Soft/TI/TIRTOS/PDK_AM~1/packages/ti/starterware/binary/board/lib/am335x-evm/a8/debug/gcc\libboard.a(am335x_beaglebone_pinmux_data.o)
                0x8000e088                gBbPinmuxData
 .data.gUart0PinCfg
                0x8000e0b8       0x18 E:/uC-Soft/TI/TIRTOS/PDK_AM~1/packages/ti/starterware/binary/board/lib/am335x-evm/a8/debug/gcc\libboard.a(am335x_beagleboneblack_pinmux_data.o)
 .data.gUartPinCfg
                0x8000e0d0       0x10 E:/uC-Soft/TI/TIRTOS/PDK_AM~1/packages/ti/starterware/binary/board/lib/am335x-evm/a8/debug/gcc\libboard.a(am335x_beagleboneblack_pinmux_data.o)
 .data.gCpsw0PinCfg
                0x8000e0e0       0x90 E:/uC-Soft/TI/TIRTOS/PDK_AM~1/packages/ti/starterware/binary/board/lib/am335x-evm/a8/debug/gcc\libboard.a(am335x_beagleboneblack_pinmux_data.o)
 .data.gCpswPinCfg
                0x8000e170       0x10 E:/uC-Soft/TI/TIRTOS/PDK_AM~1/packages/ti/starterware/binary/board/lib/am335x-evm/a8/debug/gcc\libboard.a(am335x_beagleboneblack_pinmux_data.o)
 .data.gGpio1PinCfg
                0x8000e180       0x30 E:/uC-Soft/TI/TIRTOS/PDK_AM~1/packages/ti/starterware/binary/board/lib/am335x-evm/a8/debug/gcc\libboard.a(am335x_beagleboneblack_pinmux_data.o)
 .data.gGpio3PinCfg
                0x8000e1b0       0x10 E:/uC-Soft/TI/TIRTOS/PDK_AM~1/packages/ti/starterware/binary/board/lib/am335x-evm/a8/debug/gcc\libboard.a(am335x_beagleboneblack_pinmux_data.o)
 .data.gGpioPinCfg
                0x8000e1c0       0x18 E:/uC-Soft/TI/TIRTOS/PDK_AM~1/packages/ti/starterware/binary/board/lib/am335x-evm/a8/debug/gcc\libboard.a(am335x_beagleboneblack_pinmux_data.o)
 .data.gI2c0PinCfg
                0x8000e1d8       0x18 E:/uC-Soft/TI/TIRTOS/PDK_AM~1/packages/ti/starterware/binary/board/lib/am335x-evm/a8/debug/gcc\libboard.a(am335x_beagleboneblack_pinmux_data.o)
 .data.gI2cPinCfg
                0x8000e1f0       0x10 E:/uC-Soft/TI/TIRTOS/PDK_AM~1/packages/ti/starterware/binary/board/lib/am335x-evm/a8/debug/gcc\libboard.a(am335x_beagleboneblack_pinmux_data.o)
 .data.gMcspi1PinCfg
                0x8000e200       0x28 E:/uC-Soft/TI/TIRTOS/PDK_AM~1/packages/ti/starterware/binary/board/lib/am335x-evm/a8/debug/gcc\libboard.a(am335x_beagleboneblack_pinmux_data.o)
 .data.gMcspi0PinCfg
                0x8000e228       0x28 E:/uC-Soft/TI/TIRTOS/PDK_AM~1/packages/ti/starterware/binary/board/lib/am335x-evm/a8/debug/gcc\libboard.a(am335x_beagleboneblack_pinmux_data.o)
 .data.gMcspiPinCfg
                0x8000e250       0x18 E:/uC-Soft/TI/TIRTOS/PDK_AM~1/packages/ti/starterware/binary/board/lib/am335x-evm/a8/debug/gcc\libboard.a(am335x_beagleboneblack_pinmux_data.o)
 .data.gMmcsd0PinCfg
                0x8000e268       0x40 E:/uC-Soft/TI/TIRTOS/PDK_AM~1/packages/ti/starterware/binary/board/lib/am335x-evm/a8/debug/gcc\libboard.a(am335x_beagleboneblack_pinmux_data.o)
 .data.gMmcsdPinCfg
                0x8000e2a8       0x10 E:/uC-Soft/TI/TIRTOS/PDK_AM~1/packages/ti/starterware/binary/board/lib/am335x-evm/a8/debug/gcc\libboard.a(am335x_beagleboneblack_pinmux_data.o)
 .data.gLcdc0PinCfg
                0x8000e2b8       0xf0 E:/uC-Soft/TI/TIRTOS/PDK_AM~1/packages/ti/starterware/binary/board/lib/am335x-evm/a8/debug/gcc\libboard.a(am335x_beagleboneblack_pinmux_data.o)
 .data.gLcdcPinCfg
                0x8000e3a8       0x10 E:/uC-Soft/TI/TIRTOS/PDK_AM~1/packages/ti/starterware/binary/board/lib/am335x-evm/a8/debug/gcc\libboard.a(am335x_beagleboneblack_pinmux_data.o)
 .data.gBbbPinmuxData
                0x8000e3b8       0x40 E:/uC-Soft/TI/TIRTOS/PDK_AM~1/packages/ti/starterware/binary/board/lib/am335x-evm/a8/debug/gcc\libboard.a(am335x_beagleboneblack_pinmux_data.o)
                0x8000e3b8                gBbbPinmuxData
 .data.gUart0PinCfg
                0x8000e3f8       0x18 E:/uC-Soft/TI/TIRTOS/PDK_AM~1/packages/ti/starterware/binary/board/lib/am335x-evm/a8/debug/gcc\libboard.a(am335x_icev1_pinmux_data.o)
 .data.gUart1PinCfg
                0x8000e410       0x18 E:/uC-Soft/TI/TIRTOS/PDK_AM~1/packages/ti/starterware/binary/board/lib/am335x-evm/a8/debug/gcc\libboard.a(am335x_icev1_pinmux_data.o)
 .data.gUart3PinCfg
                0x8000e428       0x18 E:/uC-Soft/TI/TIRTOS/PDK_AM~1/packages/ti/starterware/binary/board/lib/am335x-evm/a8/debug/gcc\libboard.a(am335x_icev1_pinmux_data.o)
 .data.gUart4PinCfg
                0x8000e440       0x18 E:/uC-Soft/TI/TIRTOS/PDK_AM~1/packages/ti/starterware/binary/board/lib/am335x-evm/a8/debug/gcc\libboard.a(am335x_icev1_pinmux_data.o)
 .data.gUart5PinCfg
                0x8000e458       0x18 E:/uC-Soft/TI/TIRTOS/PDK_AM~1/packages/ti/starterware/binary/board/lib/am335x-evm/a8/debug/gcc\libboard.a(am335x_icev1_pinmux_data.o)
 .data.gUartPinCfg
                0x8000e470       0x30 E:/uC-Soft/TI/TIRTOS/PDK_AM~1/packages/ti/starterware/binary/board/lib/am335x-evm/a8/debug/gcc\libboard.a(am335x_icev1_pinmux_data.o)
 .data.gGpio0PinCfg
                0x8000e4a0       0x10 E:/uC-Soft/TI/TIRTOS/PDK_AM~1/packages/ti/starterware/binary/board/lib/am335x-evm/a8/debug/gcc\libboard.a(am335x_icev1_pinmux_data.o)
 .data.gGpioPinCfg
                0x8000e4b0       0x10 E:/uC-Soft/TI/TIRTOS/PDK_AM~1/packages/ti/starterware/binary/board/lib/am335x-evm/a8/debug/gcc\libboard.a(am335x_icev1_pinmux_data.o)
 .data.gI2c0PinCfg
                0x8000e4c0       0x18 E:/uC-Soft/TI/TIRTOS/PDK_AM~1/packages/ti/starterware/binary/board/lib/am335x-evm/a8/debug/gcc\libboard.a(am335x_icev1_pinmux_data.o)
 .data.gI2cPinCfg
                0x8000e4d8       0x10 E:/uC-Soft/TI/TIRTOS/PDK_AM~1/packages/ti/starterware/binary/board/lib/am335x-evm/a8/debug/gcc\libboard.a(am335x_icev1_pinmux_data.o)
 .data.gMcspi0PinCfg
                0x8000e4e8       0x28 E:/uC-Soft/TI/TIRTOS/PDK_AM~1/packages/ti/starterware/binary/board/lib/am335x-evm/a8/debug/gcc\libboard.a(am335x_icev1_pinmux_data.o)
 .data.gMcspiPinCfg
                0x8000e510       0x10 E:/uC-Soft/TI/TIRTOS/PDK_AM~1/packages/ti/starterware/binary/board/lib/am335x-evm/a8/debug/gcc\libboard.a(am335x_icev1_pinmux_data.o)
 .data.gMmcsd1PinCfg
                0x8000e520       0x40 E:/uC-Soft/TI/TIRTOS/PDK_AM~1/packages/ti/starterware/binary/board/lib/am335x-evm/a8/debug/gcc\libboard.a(am335x_icev1_pinmux_data.o)
 .data.gMmcsdPinCfg
                0x8000e560       0x10 E:/uC-Soft/TI/TIRTOS/PDK_AM~1/packages/ti/starterware/binary/board/lib/am335x-evm/a8/debug/gcc\libboard.a(am335x_icev1_pinmux_data.o)
 .data.gIceV1PinmuxData
                0x8000e570       0x30 E:/uC-Soft/TI/TIRTOS/PDK_AM~1/packages/ti/starterware/binary/board/lib/am335x-evm/a8/debug/gcc\libboard.a(am335x_icev1_pinmux_data.o)
                0x8000e570                gIceV1PinmuxData
 .data.gUart0PinCfg
                0x8000e5a0       0x18 E:/uC-Soft/TI/TIRTOS/PDK_AM~1/packages/ti/starterware/binary/board/lib/am335x-evm/a8/debug/gcc\libboard.a(am335x_icev2_pinmux_data.o)
 .data.gUart1PinCfg
                0x8000e5b8       0x18 E:/uC-Soft/TI/TIRTOS/PDK_AM~1/packages/ti/starterware/binary/board/lib/am335x-evm/a8/debug/gcc\libboard.a(am335x_icev2_pinmux_data.o)
 .data.gUart3PinCfg
                0x8000e5d0       0x18 E:/uC-Soft/TI/TIRTOS/PDK_AM~1/packages/ti/starterware/binary/board/lib/am335x-evm/a8/debug/gcc\libboard.a(am335x_icev2_pinmux_data.o)
 .data.gUart4PinCfg
                0x8000e5e8       0x18 E:/uC-Soft/TI/TIRTOS/PDK_AM~1/packages/ti/starterware/binary/board/lib/am335x-evm/a8/debug/gcc\libboard.a(am335x_icev2_pinmux_data.o)
 .data.gUartPinCfg
                0x8000e600       0x28 E:/uC-Soft/TI/TIRTOS/PDK_AM~1/packages/ti/starterware/binary/board/lib/am335x-evm/a8/debug/gcc\libboard.a(am335x_icev2_pinmux_data.o)
 .data.gCpsw0PinCfg
                0x8000e628       0x98 E:/uC-Soft/TI/TIRTOS/PDK_AM~1/packages/ti/starterware/binary/board/lib/am335x-evm/a8/debug/gcc\libboard.a(am335x_icev2_pinmux_data.o)
 .data.gCpswPinCfg
                0x8000e6c0       0x10 E:/uC-Soft/TI/TIRTOS/PDK_AM~1/packages/ti/starterware/binary/board/lib/am335x-evm/a8/debug/gcc\libboard.a(am335x_icev2_pinmux_data.o)
 .data.gGpio0PinCfg
                0x8000e6d0       0x58 E:/uC-Soft/TI/TIRTOS/PDK_AM~1/packages/ti/starterware/binary/board/lib/am335x-evm/a8/debug/gcc\libboard.a(am335x_icev2_pinmux_data.o)
 .data.gGpio1PinCfg
                0x8000e728       0x20 E:/uC-Soft/TI/TIRTOS/PDK_AM~1/packages/ti/starterware/binary/board/lib/am335x-evm/a8/debug/gcc\libboard.a(am335x_icev2_pinmux_data.o)
 .data.gGpio2PinCfg
                0x8000e748       0x10 E:/uC-Soft/TI/TIRTOS/PDK_AM~1/packages/ti/starterware/binary/board/lib/am335x-evm/a8/debug/gcc\libboard.a(am335x_icev2_pinmux_data.o)
 .data.gGpio3PinCfg
                0x8000e758       0x30 E:/uC-Soft/TI/TIRTOS/PDK_AM~1/packages/ti/starterware/binary/board/lib/am335x-evm/a8/debug/gcc\libboard.a(am335x_icev2_pinmux_data.o)
 .data.gGpioPinCfg
                0x8000e788       0x28 E:/uC-Soft/TI/TIRTOS/PDK_AM~1/packages/ti/starterware/binary/board/lib/am335x-evm/a8/debug/gcc\libboard.a(am335x_icev2_pinmux_data.o)
 .data.gGpmc0PinCfg
                0x8000e7b0       0x28 E:/uC-Soft/TI/TIRTOS/PDK_AM~1/packages/ti/starterware/binary/board/lib/am335x-evm/a8/debug/gcc\libboard.a(am335x_icev2_pinmux_data.o)
 .data.gGpmcPinCfg
                0x8000e7d8       0x10 E:/uC-Soft/TI/TIRTOS/PDK_AM~1/packages/ti/starterware/binary/board/lib/am335x-evm/a8/debug/gcc\libboard.a(am335x_icev2_pinmux_data.o)
 .data.gPru_icss1PinCfg
                0x8000e7e8      0x140 E:/uC-Soft/TI/TIRTOS/PDK_AM~1/packages/ti/starterware/binary/board/lib/am335x-evm/a8/debug/gcc\libboard.a(am335x_icev2_pinmux_data.o)
 .data.gPru_icssPinCfg
                0x8000e928       0x10 E:/uC-Soft/TI/TIRTOS/PDK_AM~1/packages/ti/starterware/binary/board/lib/am335x-evm/a8/debug/gcc\libboard.a(am335x_icev2_pinmux_data.o)
 .data.gI2c0PinCfg
                0x8000e938       0x18 E:/uC-Soft/TI/TIRTOS/PDK_AM~1/packages/ti/starterware/binary/board/lib/am335x-evm/a8/debug/gcc\libboard.a(am335x_icev2_pinmux_data.o)
 .data.gI2cPinCfg
                0x8000e950       0x10 E:/uC-Soft/TI/TIRTOS/PDK_AM~1/packages/ti/starterware/binary/board/lib/am335x-evm/a8/debug/gcc\libboard.a(am335x_icev2_pinmux_data.o)
 .data.gMcspi0PinCfg
                0x8000e960       0x30 E:/uC-Soft/TI/TIRTOS/PDK_AM~1/packages/ti/starterware/binary/board/lib/am335x-evm/a8/debug/gcc\libboard.a(am335x_icev2_pinmux_data.o)
 .data.gMcspi1PinCfg
                0x8000e990       0x28 E:/uC-Soft/TI/TIRTOS/PDK_AM~1/packages/ti/starterware/binary/board/lib/am335x-evm/a8/debug/gcc\libboard.a(am335x_icev2_pinmux_data.o)
 .data.gMcspiPinCfg
                0x8000e9b8       0x18 E:/uC-Soft/TI/TIRTOS/PDK_AM~1/packages/ti/starterware/binary/board/lib/am335x-evm/a8/debug/gcc\libboard.a(am335x_icev2_pinmux_data.o)
 .data.gMmcsd0PinCfg
                0x8000e9d0       0x38 E:/uC-Soft/TI/TIRTOS/PDK_AM~1/packages/ti/starterware/binary/board/lib/am335x-evm/a8/debug/gcc\libboard.a(am335x_icev2_pinmux_data.o)
 .data.gMmcsdPinCfg
                0x8000ea08       0x10 E:/uC-Soft/TI/TIRTOS/PDK_AM~1/packages/ti/starterware/binary/board/lib/am335x-evm/a8/debug/gcc\libboard.a(am335x_icev2_pinmux_data.o)
 .data.gIceV2PinmuxData
                0x8000ea18       0x48 E:/uC-Soft/TI/TIRTOS/PDK_AM~1/packages/ti/starterware/binary/board/lib/am335x-evm/a8/debug/gcc\libboard.a(am335x_icev2_pinmux_data.o)
                0x8000ea18                gIceV2PinmuxData
 .data.gAdc0PinCfg
                0x8000ea60        0x8 E:/uC-Soft/TI/TIRTOS/PDK_AM~1/packages/ti/starterware/binary/board/lib/am335x-evm/a8/debug/gcc\libboard.a(am335x_amic11x_pinmux_data.o)
 .data.gAdcPinCfg
                0x8000ea68       0x10 E:/uC-Soft/TI/TIRTOS/PDK_AM~1/packages/ti/starterware/binary/board/lib/am335x-evm/a8/debug/gcc\libboard.a(am335x_amic11x_pinmux_data.o)
 .data.gPru_icss1PinCfg
                0x8000ea78      0x140 E:/uC-Soft/TI/TIRTOS/PDK_AM~1/packages/ti/starterware/binary/board/lib/am335x-evm/a8/debug/gcc\libboard.a(am335x_amic11x_pinmux_data.o)
 .data.gPru_icssPinCfg
                0x8000ebb8       0x10 E:/uC-Soft/TI/TIRTOS/PDK_AM~1/packages/ti/starterware/binary/board/lib/am335x-evm/a8/debug/gcc\libboard.a(am335x_amic11x_pinmux_data.o)
 .data.gI2c0PinCfg
                0x8000ebc8       0x18 E:/uC-Soft/TI/TIRTOS/PDK_AM~1/packages/ti/starterware/binary/board/lib/am335x-evm/a8/debug/gcc\libboard.a(am335x_amic11x_pinmux_data.o)
 .data.gI2cPinCfg
                0x8000ebe0       0x10 E:/uC-Soft/TI/TIRTOS/PDK_AM~1/packages/ti/starterware/binary/board/lib/am335x-evm/a8/debug/gcc\libboard.a(am335x_amic11x_pinmux_data.o)
 .data.gMcspi0PinCfg
                0x8000ebf0       0x30 E:/uC-Soft/TI/TIRTOS/PDK_AM~1/packages/ti/starterware/binary/board/lib/am335x-evm/a8/debug/gcc\libboard.a(am335x_amic11x_pinmux_data.o)
 .data.gMcspi1PinCfg
                0x8000ec20       0x28 E:/uC-Soft/TI/TIRTOS/PDK_AM~1/packages/ti/starterware/binary/board/lib/am335x-evm/a8/debug/gcc\libboard.a(am335x_amic11x_pinmux_data.o)
 .data.gMcspiPinCfg
                0x8000ec48       0x18 E:/uC-Soft/TI/TIRTOS/PDK_AM~1/packages/ti/starterware/binary/board/lib/am335x-evm/a8/debug/gcc\libboard.a(am335x_amic11x_pinmux_data.o)
 .data.gGpio3PinCfg
                0x8000ec60       0x38 E:/uC-Soft/TI/TIRTOS/PDK_AM~1/packages/ti/starterware/binary/board/lib/am335x-evm/a8/debug/gcc\libboard.a(am335x_amic11x_pinmux_data.o)
 .data.gGpio0PinCfg
                0x8000ec98       0x30 E:/uC-Soft/TI/TIRTOS/PDK_AM~1/packages/ti/starterware/binary/board/lib/am335x-evm/a8/debug/gcc\libboard.a(am335x_amic11x_pinmux_data.o)
 .data.gGpio1PinCfg
                0x8000ecc8       0x38 E:/uC-Soft/TI/TIRTOS/PDK_AM~1/packages/ti/starterware/binary/board/lib/am335x-evm/a8/debug/gcc\libboard.a(am335x_amic11x_pinmux_data.o)
 .data.gGpio2PinCfg
                0x8000ed00       0x38 E:/uC-Soft/TI/TIRTOS/PDK_AM~1/packages/ti/starterware/binary/board/lib/am335x-evm/a8/debug/gcc\libboard.a(am335x_amic11x_pinmux_data.o)
 .data.gGpioPinCfg
                0x8000ed38       0x28 E:/uC-Soft/TI/TIRTOS/PDK_AM~1/packages/ti/starterware/binary/board/lib/am335x-evm/a8/debug/gcc\libboard.a(am335x_amic11x_pinmux_data.o)
 .data.gMcasp1PinCfg
                0x8000ed60       0x28 E:/uC-Soft/TI/TIRTOS/PDK_AM~1/packages/ti/starterware/binary/board/lib/am335x-evm/a8/debug/gcc\libboard.a(am335x_amic11x_pinmux_data.o)
 .data.gMcaspPinCfg
                0x8000ed88       0x10 E:/uC-Soft/TI/TIRTOS/PDK_AM~1/packages/ti/starterware/binary/board/lib/am335x-evm/a8/debug/gcc\libboard.a(am335x_amic11x_pinmux_data.o)
 .data.gGlue0PinCfg
                0x8000ed98       0x18 E:/uC-Soft/TI/TIRTOS/PDK_AM~1/packages/ti/starterware/binary/board/lib/am335x-evm/a8/debug/gcc\libboard.a(am335x_amic11x_pinmux_data.o)
 .data.gGluePinCfg
                0x8000edb0       0x10 E:/uC-Soft/TI/TIRTOS/PDK_AM~1/packages/ti/starterware/binary/board/lib/am335x-evm/a8/debug/gcc\libboard.a(am335x_amic11x_pinmux_data.o)
 .data.gEmif4PinCfg
                0x8000edc0        0x8 E:/uC-Soft/TI/TIRTOS/PDK_AM~1/packages/ti/starterware/binary/board/lib/am335x-evm/a8/debug/gcc\libboard.a(am335x_amic11x_pinmux_data.o)
 .data.gEmifPinCfg
                0x8000edc8       0x10 E:/uC-Soft/TI/TIRTOS/PDK_AM~1/packages/ti/starterware/binary/board/lib/am335x-evm/a8/debug/gcc\libboard.a(am335x_amic11x_pinmux_data.o)
 .data.gUart0PinCfg
                0x8000edd8       0x18 E:/uC-Soft/TI/TIRTOS/PDK_AM~1/packages/ti/starterware/binary/board/lib/am335x-evm/a8/debug/gcc\libboard.a(am335x_amic11x_pinmux_data.o)
 .data.gUart1PinCfg
                0x8000edf0       0x18 E:/uC-Soft/TI/TIRTOS/PDK_AM~1/packages/ti/starterware/binary/board/lib/am335x-evm/a8/debug/gcc\libboard.a(am335x_amic11x_pinmux_data.o)
 .data.gUartPinCfg
                0x8000ee08       0x18 E:/uC-Soft/TI/TIRTOS/PDK_AM~1/packages/ti/starterware/binary/board/lib/am335x-evm/a8/debug/gcc\libboard.a(am335x_amic11x_pinmux_data.o)
 .data.gOsc0PinCfg
                0x8000ee20        0x8 E:/uC-Soft/TI/TIRTOS/PDK_AM~1/packages/ti/starterware/binary/board/lib/am335x-evm/a8/debug/gcc\libboard.a(am335x_amic11x_pinmux_data.o)
 .data.gOscPinCfg
                0x8000ee28       0x10 E:/uC-Soft/TI/TIRTOS/PDK_AM~1/packages/ti/starterware/binary/board/lib/am335x-evm/a8/debug/gcc\libboard.a(am335x_amic11x_pinmux_data.o)
 .data.gRtc0PinCfg
                0x8000ee38       0x28 E:/uC-Soft/TI/TIRTOS/PDK_AM~1/packages/ti/starterware/binary/board/lib/am335x-evm/a8/debug/gcc\libboard.a(am335x_amic11x_pinmux_data.o)
 .data.gRtcPinCfg
                0x8000ee60       0x10 E:/uC-Soft/TI/TIRTOS/PDK_AM~1/packages/ti/starterware/binary/board/lib/am335x-evm/a8/debug/gcc\libboard.a(am335x_amic11x_pinmux_data.o)
 .data.gDebugss0PinCfg
                0x8000ee70       0x48 E:/uC-Soft/TI/TIRTOS/PDK_AM~1/packages/ti/starterware/binary/board/lib/am335x-evm/a8/debug/gcc\libboard.a(am335x_amic11x_pinmux_data.o)
 .data.gDebugssPinCfg
                0x8000eeb8       0x10 E:/uC-Soft/TI/TIRTOS/PDK_AM~1/packages/ti/starterware/binary/board/lib/am335x-evm/a8/debug/gcc\libboard.a(am335x_amic11x_pinmux_data.o)
 .data.gAMIC11xPinmuxData
                0x8000eec8       0x68 E:/uC-Soft/TI/TIRTOS/PDK_AM~1/packages/ti/starterware/binary/board/lib/am335x-evm/a8/debug/gcc\libboard.a(am335x_amic11x_pinmux_data.o)
                0x8000eec8                gAMIC11xPinmuxData
 .data.gpDCardAm335xLCD4RevStrTable
                0x8000ef30        0x8 E:/uC-Soft/TI/TIRTOS/PDK_AM~1/packages/ti/starterware/binary/board/lib/am335x-evm/a8/debug/gcc\libboard.a(am335x_lcd4_dcard.o)
                0x8000ef30                gpDCardAm335xLCD4RevStrTable
 .data.gDCardAM335xLCD4I2cSlaveAddrRange
                0x8000ef38       0x10 E:/uC-Soft/TI/TIRTOS/PDK_AM~1/packages/ti/starterware/binary/board/lib/am335x-evm/a8/debug/gcc\libboard.a(am335x_lcd4_dcard.o)
                0x8000ef38                gDCardAM335xLCD4I2cSlaveAddrRange
 .data.gDCardAm335xLCD4I2cInstData
                0x8000ef48       0x80 E:/uC-Soft/TI/TIRTOS/PDK_AM~1/packages/ti/starterware/binary/board/lib/am335x-evm/a8/debug/gcc\libboard.a(am335x_lcd4_dcard.o)
                0x8000ef48                gDCardAm335xLCD4I2cInstData
 .data.gDCardAm335xLCD4EepromDataFormat
                0x8000efc8       0x20 E:/uC-Soft/TI/TIRTOS/PDK_AM~1/packages/ti/starterware/binary/board/lib/am335x-evm/a8/debug/gcc\libboard.a(am335x_lcd4_dcard.o)
                0x8000efc8                gDCardAm335xLCD4EepromDataFormat
 .data.gSocFamilyIdStrTable
                0x8000efe8       0x18 E:/uC-Soft/TI/TIRTOS/PDK_AM~1/packages/ti/starterware/binary/soc/lib/am335x-evm/a8/debug/gcc\libsoc.a(soc.o)
 .data.gSocCoreIdStrTable
                0x8000f000       0x18 E:/uC-Soft/TI/TIRTOS/PDK_AM~1/packages/ti/starterware/binary/soc/lib/am335x-evm/a8/debug/gcc\libsoc.a(soc.o)
 .data.gChipDBEnabled
                0x8000f018        0x4 E:/uC-Soft/TI/TIRTOS/PDK_AM~1/packages/ti/starterware/binary/soc/lib/am335x-evm/a8/debug/gcc\libsoc.a(am335x_chipdb.o)

.igot.plt       0x8000f01c        0x0
 .igot.plt      0x8000f01c        0x0 e:/uc-soft/ti/tirtos/gcc-arm-none-eabi-6-2017-q1-update/bin/../lib/gcc/arm-none-eabi/6.3.1/hard/crtbegin.o

.bss            0x80010000     0x803d
                0x80010000                . = ALIGN (0x4)
                0x80010000                _bss_start = .
 *(.bss*)
 .bss.gRtcAppIntrParams
                0x80010000       0x14 E:/uC-Soft/TI/TIRTOS/PDK_AM~1/packages/ti/starterware/binary/rtc_app_clock/obj/am335x-evm/a8host/debug/gcc/rtc_app.o
 .bss.gClockCfg
                0x80010014       0x24 E:/uC-Soft/TI/TIRTOS/PDK_AM~1/packages/ti/starterware/binary/rtc_app_clock/obj/am335x-evm/a8host/debug/gcc/clock_app_main.o
 .bss.gRtcCfg   0x80010038       0x70 E:/uC-Soft/TI/TIRTOS/PDK_AM~1/packages/ti/starterware/binary/rtc_app_clock/obj/am335x-evm/a8host/debug/gcc/clock_app_main.o
 .bss.gBoardCommonObj
                0x800100a8        0xc E:/uC-Soft/TI/TIRTOS/PDK_AM~1/packages/ti/starterware/binary/board/lib/am335x-evm/a8/debug/gcc\libboard.a(board.o)
 .bss.gBoardAm335xObj
                0x800100b4        0xc E:/uC-Soft/TI/TIRTOS/PDK_AM~1/packages/ti/starterware/binary/board/lib/am335x-evm/a8/debug/gcc\libboard.a(board_am335x.o)
 .bss.gBoardDataEeprom
                0x800100c0       0x1c E:/uC-Soft/TI/TIRTOS/PDK_AM~1/packages/ti/starterware/binary/board/lib/am335x-evm/a8/debug/gcc\libboard.a(board_am335x.o)
 .bss.gpBoardDataEeprom
                0x800100dc        0x4 E:/uC-Soft/TI/TIRTOS/PDK_AM~1/packages/ti/starterware/binary/board/lib/am335x-evm/a8/debug/gcc\libboard.a(board_am335x.o)
 .bss.gEepromOffset
                0x800100e0        0x2 E:/uC-Soft/TI/TIRTOS/PDK_AM~1/packages/ti/starterware/binary/board/lib/am335x-evm/a8/debug/gcc\libboard.a(board_am335x.o)
 *fill*         0x800100e2        0x2 
 .bss.gBoardAm335xBeagleBoneBlackIsDCardPresent
                0x800100e4        0x2 E:/uC-Soft/TI/TIRTOS/PDK_AM~1/packages/ti/starterware/binary/board/lib/am335x-evm/a8/debug/gcc\libboard.a(am335x_beagleboneblack.o)
                0x800100e4                gBoardAm335xBeagleBoneBlackIsDCardPresent
 *fill*         0x800100e6        0x2 
 .bss.gBoardAm335xBeagleboneblackDCardsList
                0x800100e8        0x8 E:/uC-Soft/TI/TIRTOS/PDK_AM~1/packages/ti/starterware/binary/board/lib/am335x-evm/a8/debug/gcc\libboard.a(am335x_beagleboneblack.o)
                0x800100e8                gBoardAm335xBeagleboneblackDCardsList
 .bss.gBoardAm335xIceV2PhyResetStatus
                0x800100f0        0x4 E:/uC-Soft/TI/TIRTOS/PDK_AM~1/packages/ti/starterware/binary/board/lib/am335x-evm/a8/debug/gcc\libboard.a(am335x_icev2.o)
 .bss.gBoardAm335xAMIC110PhyResetStatus
                0x800100f4        0x4 E:/uC-Soft/TI/TIRTOS/PDK_AM~1/packages/ti/starterware/binary/board/lib/am335x-evm/a8/debug/gcc\libboard.a(am335x_amic110.o)
 .bss.gDCardAm335xLCD4EepromOffset
                0x800100f8        0x2 E:/uC-Soft/TI/TIRTOS/PDK_AM~1/packages/ti/starterware/binary/board/lib/am335x-evm/a8/debug/gcc\libboard.a(am335x_lcd4_dcard.o)
                0x800100f8                gDCardAm335xLCD4EepromOffset
 *fill*         0x800100fa        0x2 
 .bss.pBoardData
                0x800100fc        0x4 E:/uC-Soft/TI/TIRTOS/PDK_AM~1/packages/ti/starterware/binary/board/lib/am335x-evm/a8/debug/gcc\libboard.a(pinmux.o)
 .bss.gConsoleUtilsType
                0x80010100        0x1 E:/uC-Soft/TI/TIRTOS/PDK_AM~1/packages/ti/starterware/binary/utils/lib/am335x-evm/a8/debug/gcc\libutils.a(console_utils.o)
 *fill*         0x80010101        0x3 
 .bss.gI2CUtilsObj
                0x80010104       0x9c E:/uC-Soft/TI/TIRTOS/PDK_AM~1/packages/ti/starterware/binary/utils/lib/am335x-evm/a8/debug/gcc\libutils.a(i2c_utils.o)
 .bss.gFreeRunTimerClockRateHz
                0x800101a0        0x4 E:/uC-Soft/TI/TIRTOS/PDK_AM~1/packages/ti/starterware/binary/utils/lib/am335x-evm/a8/debug/gcc\libutils.a(dmtimer_utils.o)
 *fill*         0x800101a4        0x4 
 .bss.gFreeRunTimerCount
                0x800101a8        0x8 E:/uC-Soft/TI/TIRTOS/PDK_AM~1/packages/ti/starterware/binary/utils/lib/am335x-evm/a8/debug/gcc\libutils.a(dmtimer_utils.o)
 .bss.gBaseAddr
                0x800101b0        0x4 E:/uC-Soft/TI/TIRTOS/PDK_AM~1/packages/ti/starterware/binary/utils/lib/am335x-evm/a8/debug/gcc\libutils.a(dmtimer_utils.o)
 .bss.gConsoleUtilsUartInstAddr
                0x800101b4        0x4 E:/uC-Soft/TI/TIRTOS/PDK_AM~1/packages/ti/starterware/binary/utils/lib/am335x-evm/a8/debug/gcc\libutils.a(console_utils_uart.o)
 .bss.pIntrHandlers
                0x800101b8      0x200 E:/uC-Soft/TI/TIRTOS/PDK_AM~1/packages/ti/starterware/binary/soc/lib/am335x-evm/a8/debug/gcc\libsoc.a(intc.o)
 .bss.pUserParameter
                0x800103b8      0x200 E:/uC-Soft/TI/TIRTOS/PDK_AM~1/packages/ti/starterware/binary/soc/lib/am335x-evm/a8/debug/gcc\libsoc.a(intc.o)