Archive member included to satisfy reference by file (symbol)

/uC-Soft/TI/TIRTOS/PDK_AM~1/packages/ti/board/lib/evmAM335x/a8/release/ti.board.aa8fg(evmAM335x.oa8fg)
                              /uC-Soft/TI/TIRTOS/PDK_AM~1/packages/ti/board/obj/evmAM335x/armv7/mmcsd_main.o (Board_init)
/uC-Soft/TI/TIRTOS/PDK_AM~1/packages/ti/board/lib/evmAM335x/a8/release/ti.board.aa8fg(evmAM335x_lld_init.oa8fg)
                              /uC-Soft/TI/TIRTOS/PDK_AM~1/packages/ti/board/lib/evmAM335x/a8/release/ti.board.aa8fg(evmAM335x.oa8fg) (Board_uartStdioInit)
/uC-Soft/TI/TIRTOS/PDK_AM~1/packages/ti/board/lib/evmAM335x/a8/release/ti.board.aa8fg(evmAM335x_pinmux.oa8fg)
                              /uC-Soft/TI/TIRTOS/PDK_AM~1/packages/ti/board/lib/evmAM335x/a8/release/ti.board.aa8fg(evmAM335x.oa8fg) (Board_pinmuxConfig)
/uC-Soft/TI/TIRTOS/PDK_AM~1/packages/ti/board/lib/evmAM335x/a8/release/ti.board.aa8fg(am335x_chipdb.oa8fg)
                              /uC-Soft/TI/TIRTOS/PDK_AM~1/packages/ti/board/lib/evmAM335x/a8/release/ti.board.aa8fg(evmAM335x_pinmux.oa8fg) (CHIPDBBaseAddress)
/uC-Soft/TI/TIRTOS/PDK_AM~1/packages/ti/board/lib/evmAM335x/a8/release/ti.board.aa8fg(am335x_prcm.oa8fg)
                              /uC-Soft/TI/TIRTOS/PDK_AM~1/packages/ti/board/lib/evmAM335x/a8/release/ti.board.aa8fg(evmAM335x.oa8fg) (PRCMModuleEnable)
/uC-Soft/TI/TIRTOS/PDK_AM~1/packages/ti/board/lib/evmAM335x/a8/release/ti.board.aa8fg(hw_am335x_chipdb.oa8fg)
                              /uC-Soft/TI/TIRTOS/PDK_AM~1/packages/ti/board/lib/evmAM335x/a8/release/ti.board.aa8fg(am335x_chipdb.oa8fg) (CHIPDBSpeedGradeProcID)
/uC-Soft/TI/TIRTOS/PDK_AM~1/packages/ti/board/lib/evmAM335x/a8/release/ti.board.aa8fg(hw_am335x_chipdb_baseaddr.oa8fg)
                              /uC-Soft/TI/TIRTOS/PDK_AM~1/packages/ti/board/lib/evmAM335x/a8/release/ti.board.aa8fg(am335x_chipdb.oa8fg) (gChipDBBaseAddrTable)
/uC-Soft/TI/TIRTOS/PDK_AM~1/packages/ti/board/lib/evmAM335x/a8/release/ti.board.aa8fg(hw_am335x_chipdb_interrupt.oa8fg)
                              /uC-Soft/TI/TIRTOS/PDK_AM~1/packages/ti/board/lib/evmAM335x/a8/release/ti.board.aa8fg(am335x_chipdb.oa8fg) (gChipDBInterruptTables)
/uC-Soft/TI/TIRTOS/PDK_AM~1/packages/ti/board/lib/evmAM335x/a8/release/ti.board.aa8fg(am335x_gpevm_pinmux_data.oa8fg)
                              /uC-Soft/TI/TIRTOS/PDK_AM~1/packages/ti/board/lib/evmAM335x/a8/release/ti.board.aa8fg(evmAM335x_pinmux.oa8fg) (gGpevmPinmuxData)
/uC-Soft/TI/TIRTOS/PDK_AM~1/packages/ti/board/lib/evmAM335x/a8/release/ti.board.aa8fg(evmAM335x_info.oa8fg)
                              /uC-Soft/TI/TIRTOS/PDK_AM~1/packages/ti/board/lib/evmAM335x/a8/release/ti.board.aa8fg(evmAM335x_pinmux.oa8fg) (Board_getProfileInfo)
/uC-Soft/TI/TIRTOS/PDK_AM~1/packages/ti/drv/mmcsd/lib/am335x/a8/release/ti.drv.mmcsd.aa8fg(MMCSD_drv.oa8fg)
                              /uC-Soft/TI/TIRTOS/PDK_AM~1/packages/ti/board/obj/evmAM335x/armv7/mmcsd_main.o (MMCSD_init)
/uC-Soft/TI/TIRTOS/PDK_AM~1/packages/ti/drv/mmcsd/lib/am335x/a8/release/ti.drv.mmcsd.aa8fg(MMCSD_soc.oa8fg)
                              /uC-Soft/TI/TIRTOS/PDK_AM~1/packages/ti/drv/mmcsd/lib/am335x/a8/release/ti.drv.mmcsd.aa8fg(MMCSD_drv.oa8fg) (MMCSD_config)
/uC-Soft/TI/TIRTOS/PDK_AM~1/packages/ti/drv/mmcsd/lib/am335x/a8/release/ti.drv.mmcsd.aa8fg(MMCSD_v1.oa8fg)
                              /uC-Soft/TI/TIRTOS/PDK_AM~1/packages/ti/drv/mmcsd/lib/am335x/a8/release/ti.drv.mmcsd.aa8fg(MMCSD_soc.oa8fg) (MMCSD_v1_FxnTable)
/uC-Soft/TI/TIRTOS/PDK_AM~1/packages/ti/drv/mmcsd/lib/am335x/a8/release/ti.drv.mmcsd.aa8fg(MMCSD_v1_lld.oa8fg)
                              /uC-Soft/TI/TIRTOS/PDK_AM~1/packages/ti/drv/mmcsd/lib/am335x/a8/release/ti.drv.mmcsd.aa8fg(MMCSD_v1.oa8fg) (HSMMCSDSoftReset)
/uC-Soft/TI/TIRTOS/PDK_AM~1/packages/ti/drv/uart/lib/am335x/a8/release/ti.drv.uart.aa8fg(UART_stdio.oa8fg)
                              /uC-Soft/TI/TIRTOS/PDK_AM~1/packages/ti/board/lib/evmAM335x/a8/release/ti.board.aa8fg(evmAM335x_lld_init.oa8fg) (UART_stdioInit)
/uC-Soft/TI/TIRTOS/PDK_AM~1/packages/ti/drv/uart/lib/am335x/a8/release/ti.drv.uart.aa8fg(UART_ascii_utils.oa8fg)
                              /uC-Soft/TI/TIRTOS/PDK_AM~1/packages/ti/drv/uart/lib/am335x/a8/release/ti.drv.uart.aa8fg(UART_stdio.oa8fg) (UART_ASCIIUtils_charToDigit)
/uC-Soft/TI/TIRTOS/PDK_AM~1/packages/ti/drv/uart/lib/am335x/a8/release/ti.drv.uart.aa8fg(UART_drv.oa8fg)
                              /uC-Soft/TI/TIRTOS/PDK_AM~1/packages/ti/drv/uart/lib/am335x/a8/release/ti.drv.uart.aa8fg(UART_stdio.oa8fg) (UART_close)
/uC-Soft/TI/TIRTOS/PDK_AM~1/packages/ti/drv/uart/lib/am335x/a8/release/ti.drv.uart.aa8fg(UART_soc.oa8fg)
                              /uC-Soft/TI/TIRTOS/PDK_AM~1/packages/ti/drv/uart/lib/am335x/a8/release/ti.drv.uart.aa8fg(UART_drv.oa8fg) (UART_config)
/uC-Soft/TI/TIRTOS/PDK_AM~1/packages/ti/drv/uart/lib/am335x/a8/release/ti.drv.uart.aa8fg(UART_v1.oa8fg)
[...]
Memory Configuration

Name             Origin             Length             Attributes
DDR0             0x80000000         0x40000000
DDR0_MEMTEST     0x80000000         0x00010000
DIAG_MEM         0x402f0400         0x0001fc00         xrwl
SBL_MEM          0x402f0400         0x0001fc00         xrwl
OCMC_RAM         0x40300000         0x00010000         xrwl
*default*        0x00000000         0xffffffff

Linker script and memory map

LOAD /uC-Soft/TI/TIRTOS/PDK_AM~1/packages/ti/board/obj/evmAM335x/armv7/mmcsd_main.o
LOAD /uC-Soft/TI/TIRTOS/PDK_AM~1/packages/ti/board/obj/evmAM335x/armv7/diag_entry.ao
LOAD /uC-Soft/TI/TIRTOS/PDK_AM~1/packages/ti/board/obj/evmAM335x/armv7/intc.o
LOAD /uC-Soft/TI/TIRTOS/PDK_AM~1/packages/ti/board/obj/evmAM335x/armv7/cpu.o
LOAD /uC-Soft/TI/TIRTOS/PDK_AM~1/packages/ti/board/obj/evmAM335x/armv7/diag_common_cfg.o

.startcode      0x80000000      0x154
                0x80000000                . = ALIGN (0x4)
 *diag_entry.ao(.text)
 .text          0x80000000      0x154 /uC-Soft/TI/TIRTOS/PDK_AM~1/packages/ti/board/obj/evmAM335x/armv7/diag_entry.ao
                0x80000000                Entry
                0x800000bc                SVC_Handler
                0x800000e4                IRQHandler
                0x80000124                FIQHandler
                0x80000128                AbortHandler
                0x80000128                UndefInstHandler

.text           0x80000154     0xa504
                0x80000154                . = ALIGN (0x4)
 *(.text*)
 .text.startup  0x80000154      0x1c8 /uC-Soft/TI/TIRTOS/PDK_AM~1/packages/ti/board/obj/evmAM335x/armv7/mmcsd_main.o
                0x80000154                main
 .text          0x8000031c      0x2bc /uC-Soft/TI/TIRTOS/PDK_AM~1/packages/ti/board/obj/evmAM335x/armv7/intc.o
                0x80000334                INTCInit
                0x800003b4                INTCConfigIntr
                0x80000448                INTCEnableIntr
                0x80000480                INTCDisableIntr
                0x800004b8                INTCEnableCpuIntr
                0x800004e0                INTCDisableCpuIntr
                0x800004e4                INTCClearIntr
                0x80000514                INTCTriggerSWIntr
                0x80000540                INTCSaveContext
                0x80000548                INTCRestoreContext
                0x80000550                INTCCommonIntrHandler
 .text          0x800005d8       0x90 /uC-Soft/TI/TIRTOS/PDK_AM~1/packages/ti/board/obj/evmAM335x/armv7/cpu.o
                0x800005d8                CPUSwitchToPrivilegedMode
                0x800005e0                CPUSwitchToUserMode
                0x800005f4                CPUAbortHandler
                0x800005f8                CPUIntrStatus
                0x80000604                CPUIntrDisable
                0x8000063c                CPUIntrEnable
 .text          0x80000668       0x6c /uC-Soft/TI/TIRTOS/PDK_AM~1/packages/ti/board/obj/evmAM335x/armv7/diag_common_cfg.o
                0x80000668                VectorBaseAddrSet
                0x80000678                CopyVectorTable
                0x800006bc                start_boot
                0x800006cc                DIAG_init
 .text.Board_moduleClockInit
                0x800006d4      0x1d8 /uC-Soft/TI/TIRTOS/PDK_AM~1/packages/ti/board/lib/evmAM335x/a8/release/ti.board.aa8fg(evmAM335x.oa8fg)
                0x800006d4                Board_moduleClockInit
 .text.Board_init
                0x800008ac       0x58 /uC-Soft/TI/TIRTOS/PDK_AM~1/packages/ti/board/lib/evmAM335x/a8/release/ti.board.aa8fg(evmAM335x.oa8fg)
                0x800008ac                Board_init
 .text.Board_uartStdioInit
                0x80000904       0x1c /uC-Soft/TI/TIRTOS/PDK_AM~1/packages/ti/board/lib/evmAM335x/a8/release/ti.board.aa8fg(evmAM335x_lld_init.oa8fg)
                0x80000904                Board_uartStdioInit
 .text.Board_internalInitI2C
                0x80000920       0x74 /uC-Soft/TI/TIRTOS/PDK_AM~1/packages/ti/board/lib/evmAM335x/a8/release/ti.board.aa8fg(evmAM335x_lld_init.oa8fg)
                0x80000920                Board_internalInitI2C
 .text.PINMUXModuleConfig
                0x80000994      0x10c /uC-Soft/TI/TIRTOS/PDK_AM~1/packages/ti/board/lib/evmAM335x/a8/release/ti.board.aa8fg(evmAM335x_pinmux.oa8fg)
                0x80000994                PINMUXModuleConfig
 .text.Board_pinmuxConfig
                0x80000aa0      0x15c /uC-Soft/TI/TIRTOS/PDK_AM~1/packages/ti/board/lib/evmAM335x/a8/release/ti.board.aa8fg(evmAM335x_pinmux.oa8fg)
                0x80000aa0                Board_pinmuxConfig
 .text.CHIPDBBaseAddress
                0x80000bfc       0x38 /uC-Soft/TI/TIRTOS/PDK_AM~1/packages/ti/board/lib/evmAM335x/a8/release/ti.board.aa8fg(am335x_chipdb.oa8fg)
                0x80000bfc                CHIPDBBaseAddress
 .text.PRCMModuleEnable
                0x80000c34     0x11ec /uC-Soft/TI/TIRTOS/PDK_AM~1/packages/ti/board/lib/evmAM335x/a8/release/ti.board.aa8fg(am335x_prcm.oa8fg)
                0x80000c34                PRCMModuleEnable
 .text.Board_getProfileInfo
                0x80001e20       0xd0 /uC-Soft/TI/TIRTOS/PDK_AM~1/packages/ti/board/lib/evmAM335x/a8/release/ti.board.aa8fg(evmAM335x_info.oa8fg)
                0x80001e20                Board_getProfileInfo
 .text.MMCSD_init
                0x80001ef0       0x78 /uC-Soft/TI/TIRTOS/PDK_AM~1/packages/ti/drv/mmcsd/lib/am335x/a8/release/ti.drv.mmcsd.aa8fg(MMCSD_drv.oa8fg)
                0x80001ef0                MMCSD_init
 .text.MMCSD_open
                0x80001f68       0x60 /uC-Soft/TI/TIRTOS/PDK_AM~1/packages/ti/drv/mmcsd/lib/am335x/a8/release/ti.drv.mmcsd.aa8fg(MMCSD_drv.oa8fg)
                0x80001f68                MMCSD_open
 .text.MMCSD_Params_init
                0x80001fc8       0x3c /uC-Soft/TI/TIRTOS/PDK_AM~1/packages/ti/drv/mmcsd/lib/am335x/a8/release/ti.drv.mmcsd.aa8fg(MMCSD_drv.oa8fg)
                0x80001fc8                MMCSD_Params_init
 .text.MMCSD_write
                0x80002004       0x68 /uC-Soft/TI/TIRTOS/PDK_AM~1/packages/ti/drv/mmcsd/lib/am335x/a8/release/ti.drv.mmcsd.aa8fg(MMCSD_drv.oa8fg)
                0x80002004                MMCSD_write
 .text.MMCSD_read
                0x8000206c       0x68 /uC-Soft/TI/TIRTOS/PDK_AM~1/packages/ti/drv/mmcsd/lib/am335x/a8/release/ti.drv.mmcsd.aa8fg(MMCSD_drv.oa8fg)
                0x8000206c                MMCSD_read
 .text.MMCSD_v1_init
                0x800020d4       0x3c /uC-Soft/TI/TIRTOS/PDK_AM~1/packages/ti/drv/mmcsd/lib/am335x/a8/release/ti.drv.mmcsd.aa8fg(MMCSD_v1.oa8fg)
 .text.MMCSD_v1_cmdStatusFxn
                0x80002110       0xb4 /uC-Soft/TI/TIRTOS/PDK_AM~1/packages/ti/drv/mmcsd/lib/am335x/a8/release/ti.drv.mmcsd.aa8fg(MMCSD_v1.oa8fg)
 .text.MMCSD_v1_transfer
                0x800021c4      0x8b4 /uC-Soft/TI/TIRTOS/PDK_AM~1/packages/ti/drv/mmcsd/lib/am335x/a8/release/ti.drv.mmcsd.aa8fg(MMCSD_v1.oa8fg)
 .text.MMCSD_v1_read
                0x80002a78      0x114 /uC-Soft/TI/TIRTOS/PDK_AM~1/packages/ti/drv/mmcsd/lib/am335x/a8/release/ti.drv.mmcsd.aa8fg(MMCSD_v1.oa8fg)
 .text.MMCSD_v1_write
                0x80002b8c      0x114 /uC-Soft/TI/TIRTOS/PDK_AM~1/packages/ti/drv/mmcsd/lib/am335x/a8/release/ti.drv.mmcsd.aa8fg(MMCSD_v1.oa8fg)
 .text.MMCSD_switch_card_speed
                0x80002ca0      0x450 /uC-Soft/TI/TIRTOS/PDK_AM~1/packages/ti/drv/mmcsd/lib/am335x/a8/release/ti.drv.mmcsd.aa8fg(MMCSD_v1.oa8fg)
 .text.MMCSD_v1_control
                0x800030f0      0x2b8 /uC-Soft/TI/TIRTOS/PDK_AM~1/packages/ti/drv/mmcsd/lib/am335x/a8/release/ti.drv.mmcsd.aa8fg(MMCSD_v1.oa8fg)
 .text.MMCSD_v1_close
                0x800033a8       0xb4 /uC-Soft/TI/TIRTOS/PDK_AM~1/packages/ti/drv/mmcsd/lib/am335x/a8/release/ti.drv.mmcsd.aa8fg(MMCSD_v1.oa8fg)
 .text.MMCSD_v1_hwiFxn
                0x8000345c      0x36c /uC-Soft/TI/TIRTOS/PDK_AM~1/packages/ti/drv/mmcsd/lib/am335x/a8/release/ti.drv.mmcsd.aa8fg(MMCSD_v1.oa8fg)
                0x8000345c                MMCSD_v1_hwiFxn
 .text.MMCSD_v1_open
                0x800037c8     0x1290 /uC-Soft/TI/TIRTOS/PDK_AM~1/packages/ti/drv/mmcsd/lib/am335x/a8/release/ti.drv.mmcsd.aa8fg(MMCSD_v1.oa8fg)
 .text.HSMMCSDSoftReset
                0x80004a58       0x34 /uC-Soft/TI/TIRTOS/PDK_AM~1/packages/ti/drv/mmcsd/lib/am335x/a8/release/ti.drv.mmcsd.aa8fg(MMCSD_v1_lld.oa8fg)
                0x80004a58                HSMMCSDSoftReset
 .text.HSMMCSDLinesReset
                0x80004a8c       0x2c /uC-Soft/TI/TIRTOS/PDK_AM~1/packages/ti/drv/mmcsd/lib/am335x/a8/release/ti.drv.mmcsd.aa8fg(MMCSD_v1_lld.oa8fg)
                0x80004a8c                HSMMCSDLinesReset
 .text.HSMMCSDSystemConfig
                0x80004ab8       0x74 /uC-Soft/TI/TIRTOS/PDK_AM~1/packages/ti/drv/mmcsd/lib/am335x/a8/release/ti.drv.mmcsd.aa8fg(MMCSD_v1_lld.oa8fg)
                0x80004ab8                HSMMCSDSystemConfig
 .text.HSMMCSDSetBusWidth
                0x80004b2c       0x84 /uC-Soft/TI/TIRTOS/PDK_AM~1/packages/ti/drv/mmcsd/lib/am335x/a8/release/ti.drv.mmcsd.aa8fg(MMCSD_v1_lld.oa8fg)
                0x80004b2c                HSMMCSDSetBusWidth
 .text.HSMMCSDSetPAD
                0x80004bb0       0x1c /uC-Soft/TI/TIRTOS/PDK_AM~1/packages/ti/drv/mmcsd/lib/am335x/a8/release/ti.drv.mmcsd.aa8fg(MMCSD_v1_lld.oa8fg)
                0x80004bb0                HSMMCSDSetPAD
 .text.HSMMCSDSetDLL
                0x80004bcc       0x74 /uC-Soft/TI/TIRTOS/PDK_AM~1/packages/ti/drv/mmcsd/lib/am335x/a8/release/ti.drv.mmcsd.aa8fg(MMCSD_v1_lld.oa8fg)
                0x80004bcc                HSMMCSDSetDLL
 .text.HSMMCSDDisableTuning
                0x80004c40       0x34 /uC-Soft/TI/TIRTOS/PDK_AM~1/packages/ti/drv/mmcsd/lib/am335x/a8/release/ti.drv.mmcsd.aa8fg(MMCSD_v1_lld.oa8fg)
                0x80004c40                HSMMCSDDisableTuning
 .text.HSMMCSDSetDLLSWT
                0x80004c74       0x1c /uC-Soft/TI/TIRTOS/PDK_AM~1/packages/ti/drv/mmcsd/lib/am335x/a8/release/ti.drv.mmcsd.aa8fg(MMCSD_v1_lld.oa8fg)
                0x80004c74                HSMMCSDSetDLLSWT
 .text.HSMMCSDGetDLLSWT
                0x80004c90       0x14 /uC-Soft/TI/TIRTOS/PDK_AM~1/packages/ti/drv/mmcsd/lib/am335x/a8/release/ti.drv.mmcsd.aa8fg(MMCSD_v1_lld.oa8fg)
                0x80004c90                HSMMCSDGetDLLSWT
 .text.HSMMCSDGetAC12SCLKSEL
                0x80004ca4       0x14 /uC-Soft/TI/TIRTOS/PDK_AM~1/packages/ti/drv/mmcsd/lib/am335x/a8/release/ti.drv.mmcsd.aa8fg(MMCSD_v1_lld.oa8fg)
                0x80004ca4                HSMMCSDGetAC12SCLKSEL
 .text.HSMMCSDSetCLKEXTFree
                0x80004cb8       0x1c /uC-Soft/TI/TIRTOS/PDK_AM~1/packages/ti/drv/mmcsd/lib/am335x/a8/release/ti.drv.mmcsd.aa8fg(MMCSD_v1_lld.oa8fg)
                0x80004cb8                HSMMCSDSetCLKEXTFree
 .text.HSMMCSDSetAC12UHSMode
                0x80004cd4       0x44 /uC-Soft/TI/TIRTOS/PDK_AM~1/packages/ti/drv/mmcsd/lib/am335x/a8/release/ti.drv.mmcsd.aa8fg(MMCSD_v1_lld.oa8fg)
                0x80004cd4                HSMMCSDSetAC12UHSMode
 .text.HSMMCSDV18SigSet
                0x80004d18       0x1c /uC-Soft/TI/TIRTOS/PDK_AM~1/packages/ti/drv/mmcsd/lib/am335x/a8/release/ti.drv.mmcsd.aa8fg(MMCSD_v1_lld.oa8fg)
                0x80004d18                HSMMCSDV18SigSet
 .text.HSMMCSDSetBusVolt
                0x80004d34       0x1c /uC-Soft/TI/TIRTOS/PDK_AM~1/packages/ti/drv/mmcsd/lib/am335x/a8/release/ti.drv.mmcsd.aa8fg(MMCSD_v1_lld.oa8fg)
                0x80004d34                HSMMCSDSetBusVolt
 .text.HSMMCSDGetBusVolt
                0x80004d50       0x14 /uC-Soft/TI/TIRTOS/PDK_AM~1/packages/ti/drv/mmcsd/lib/am335x/a8/release/ti.drv.mmcsd.aa8fg(MMCSD_v1_lld.oa8fg)
                0x80004d50                HSMMCSDGetBusVolt
 .text.HSMMCSDBusPowerOnCtrl
                0x80004d64       0x50 /uC-Soft/TI/TIRTOS/PDK_AM~1/packages/ti/drv/mmcsd/lib/am335x/a8/release/ti.drv.mmcsd.aa8fg(MMCSD_v1_lld.oa8fg)
                0x80004d64                HSMMCSDBusPowerOnCtrl
 .text.HSMMCSDSetSupportedVoltage
                0x80004db4       0x1c /uC-Soft/TI/TIRTOS/PDK_AM~1/packages/ti/drv/mmcsd/lib/am335x/a8/release/ti.drv.mmcsd.aa8fg(MMCSD_v1_lld.oa8fg)
                0x80004db4                HSMMCSDSetSupportedVoltage
 .text.HSMMCSDIsHighSpeedSupported
                0x80004dd0       0x14 /uC-Soft/TI/TIRTOS/PDK_AM~1/packages/ti/drv/mmcsd/lib/am335x/a8/release/ti.drv.mmcsd.aa8fg(MMCSD_v1_lld.oa8fg)
                0x80004dd0                HSMMCSDIsHighSpeedSupported
 .text.HSMMCSDIsUHSSDR50Supported
                0x80004de4       0x10 /uC-Soft/TI/TIRTOS/PDK_AM~1/packages/ti/drv/mmcsd/lib/am335x/a8/release/ti.drv.mmcsd.aa8fg(MMCSD_v1_lld.oa8fg)
                0x80004de4                HSMMCSDIsUHSSDR50Supported
 .text.HSMMCSDIsUHSSDR104Supported
                0x80004df4       0x14 /uC-Soft/TI/TIRTOS/PDK_AM~1/packages/ti/drv/mmcsd/lib/am335x/a8/release/ti.drv.mmcsd.aa8fg(MMCSD_v1_lld.oa8fg)
                0x80004df4                HSMMCSDIsUHSSDR104Supported
 .text.HSMMCSDIsUHSDDR50Supported
                0x80004e08       0x14 /uC-Soft/TI/TIRTOS/PDK_AM~1/packages/ti/drv/mmcsd/lib/am335x/a8/release/ti.drv.mmcsd.aa8fg(MMCSD_v1_lld.oa8fg)
                0x80004e08                HSMMCSDIsUHSDDR50Supported
 .text.HSMMCSDSetDataTimeout
                0x80004e1c       0x20 /uC-Soft/TI/TIRTOS/PDK_AM~1/packages/ti/drv/mmcsd/lib/am335x/a8/release/ti.drv.mmcsd.aa8fg(MMCSD_v1_lld.oa8fg)
                0x80004e1c                HSMMCSDSetDataTimeout
 .text.HSMMCSDSetBusFreq
                0x80004e3c      0x194 /uC-Soft/TI/TIRTOS/PDK_AM~1/packages/ti/drv/mmcsd/lib/am335x/a8/release/ti.drv.mmcsd.aa8fg(MMCSD_v1_lld.oa8fg)
                0x80004e3c                HSMMCSDSetBusFreq
 .text.HSMMCSDInitStreamSend
                0x80004fd0       0xa8 /uC-Soft/TI/TIRTOS/PDK_AM~1/packages/ti/drv/mmcsd/lib/am335x/a8/release/ti.drv.mmcsd.aa8fg(MMCSD_v1_lld.oa8fg)
                0x80004fd0                HSMMCSDInitStreamSend
 .text.HSMMCSDIntrStatusEnable
                0x80005078       0x18 /uC-Soft/TI/TIRTOS/PDK_AM~1/packages/ti/drv/mmcsd/lib/am335x/a8/release/ti.drv.mmcsd.aa8fg(MMCSD_v1_lld.oa8fg)
                0x80005078                HSMMCSDIntrStatusEnable
 .text.HSMMCSDIntrStatusDisable
                0x80005090       0x18 /uC-Soft/TI/TIRTOS/PDK_AM~1/packages/ti/drv/mmcsd/lib/am335x/a8/release/ti.drv.mmcsd.aa8fg(MMCSD_v1_lld.oa8fg)
                0x80005090                HSMMCSDIntrStatusDisable
 .text.HSMMCSDIntrEnable
                0x800050a8       0x2c /uC-Soft/TI/TIRTOS/PDK_AM~1/packages/ti/drv/mmcsd/lib/am335x/a8/release/ti.drv.mmcsd.aa8fg(MMCSD_v1_lld.oa8fg)
                0x800050a8                HSMMCSDIntrEnable
 .text.HSMMCSDIntrDisable
                0x800050d4       0x18 /uC-Soft/TI/TIRTOS/PDK_AM~1/packages/ti/drv/mmcsd/lib/am335x/a8/release/ti.drv.mmcsd.aa8fg(MMCSD_v1_lld.oa8fg)
                0x800050d4                HSMMCSDIntrDisable
 .text.HSMMCSDIntrGet
                0x800050ec        0xc /uC-Soft/TI/TIRTOS/PDK_AM~1/packages/ti/drv/mmcsd/lib/am335x/a8/release/ti.drv.mmcsd.aa8fg(MMCSD_v1_lld.oa8fg)
                0x800050ec                HSMMCSDIntrGet
 .text.HSMMCSDIntrStatus
                0x800050f8        0xc /uC-Soft/TI/TIRTOS/PDK_AM~1/packages/ti/drv/mmcsd/lib/am335x/a8/release/ti.drv.mmcsd.aa8fg(MMCSD_v1_lld.oa8fg)
                0x800050f8                HSMMCSDIntrStatus
 .text.HSMMCSDIntrClear
                0x80005104        0xc /uC-Soft/TI/TIRTOS/PDK_AM~1/packages/ti/drv/mmcsd/lib/am335x/a8/release/ti.drv.mmcsd.aa8fg(MMCSD_v1_lld.oa8fg)
                0x80005104                HSMMCSDIntrClear
 .text.HSMMCSDSetBlkLength
                0x80005110       0x1c /uC-Soft/TI/TIRTOS/PDK_AM~1/packages/ti/drv/mmcsd/lib/am335x/a8/release/ti.drv.mmcsd.aa8fg(MMCSD_v1_lld.oa8fg)
                0x80005110                HSMMCSDSetBlkLength
 .text.HSMMCSDCommandSend
                0x8000512c       0x88 /uC-Soft/TI/TIRTOS/PDK_AM~1/packages/ti/drv/mmcsd/lib/am335x/a8/release/ti.drv.mmcsd.aa8fg(MMCSD_v1_lld.oa8fg)
                0x8000512c                HSMMCSDCommandSend
 .text.HSMMCSDGetResponse
                0x800051b4       0x34 /uC-Soft/TI/TIRTOS/PDK_AM~1/packages/ti/drv/mmcsd/lib/am335x/a8/release/ti.drv.mmcsd.aa8fg(MMCSD_v1_lld.oa8fg)
                0x800051b4                HSMMCSDGetResponse
 .text.HSMMCSDGetData
                0x800051e8       0x28 /uC-Soft/TI/TIRTOS/PDK_AM~1/packages/ti/drv/mmcsd/lib/am335x/a8/release/ti.drv.mmcsd.aa8fg(MMCSD_v1_lld.oa8fg)
                0x800051e8                HSMMCSDGetData
 .text.HSMMCSDGetCmdSignalLevel
                0x80005210       0x14 /uC-Soft/TI/TIRTOS/PDK_AM~1/packages/ti/drv/mmcsd/lib/am335x/a8/release/ti.drv.mmcsd.aa8fg(MMCSD_v1_lld.oa8fg)
                0x80005210                HSMMCSDGetCmdSignalLevel
 .text.uart_console_putc
                0x80005224       0x4c /uC-Soft/TI/TIRTOS/PDK_AM~1/packages/ti/drv/uart/lib/am335x/a8/release/ti.drv.uart.aa8fg(UART_stdio.oa8fg)
 .text.UART_stdioInit
                0x80005270       0x80 /uC-Soft/TI/TIRTOS/PDK_AM~1/packages/ti/drv/uart/lib/am335x/a8/release/ti.drv.uart.aa8fg(UART_stdio.oa8fg)
                0x80005270                UART_stdioInit
 .text.UART_dataWrite
                0x800052f0       0x60 /uC-Soft/TI/TIRTOS/PDK_AM~1/packages/ti/drv/uart/lib/am335x/a8/release/ti.drv.uart.aa8fg(UART_stdio.oa8fg)
                0x800052f0                UART_dataWrite
 .text.UART_convertVal.constprop.0
                0x80005350      0x168 /uC-Soft/TI/TIRTOS/PDK_AM~1/packages/ti/drv/uart/lib/am335x/a8/release/ti.drv.uart.aa8fg(UART_stdio.oa8fg)
 .text.UART_printf
                0x800054b8      0x2c0 /uC-Soft/TI/TIRTOS/PDK_AM~1/packages/ti/drv/uart/lib/am335x/a8/release/ti.drv.uart.aa8fg(UART_stdio.oa8fg)
                0x800054b8                UART_printf
 .text.UART_init
                0x80005778       0x6c /uC-Soft/TI/TIRTOS/PDK_AM~1/packages/ti/drv/uart/lib/am335x/a8/release/ti.drv.uart.aa8fg(UART_drv.oa8fg)
                0x80005778                UART_init
 .text.UART_open
                0x800057e4       0x20 /uC-Soft/TI/TIRTOS/PDK_AM~1/packages/ti/drv/uart/lib/am335x/a8/release/ti.drv.uart.aa8fg(UART_drv.oa8fg)
                0x800057e4                UART_open
 .text.UART_Params_init
                0x80005804       0x2c /uC-Soft/TI/TIRTOS/PDK_AM~1/packages/ti/drv/uart/lib/am335x/a8/release/ti.drv.uart.aa8fg(UART_drv.oa8fg)
                0x80005804                UART_Params_init
 .text.UART_write
                0x80005830        0xc /uC-Soft/TI/TIRTOS/PDK_AM~1/packages/ti/drv/uart/lib/am335x/a8/release/ti.drv.uart.aa8fg(UART_drv.oa8fg)
                0x80005830                UART_write
 .text.UART_writePolling
                0x8000583c        0xc /uC-Soft/TI/TIRTOS/PDK_AM~1/packages/ti/drv/uart/lib/am335x/a8/release/ti.drv.uart.aa8fg(UART_drv.oa8fg)
                0x8000583c                UART_writePolling
 .text.UART_init_v1
                0x80005848       0x10 /uC-Soft/TI/TIRTOS/PDK_AM~1/packages/ti/drv/uart/lib/am335x/a8/release/ti.drv.uart.aa8fg(UART_v1.oa8fg)
 .text.UART_control_v1
                0x80005858        0x8 /uC-Soft/TI/TIRTOS/PDK_AM~1/packages/ti/drv/uart/lib/am335x/a8/release/ti.drv.uart.aa8fg(UART_v1.oa8fg)
 .text.UART_v1_callback
                0x80005860       0x98 /uC-Soft/TI/TIRTOS/PDK_AM~1/packages/ti/drv/uart/lib/am335x/a8/release/ti.drv.uart.aa8fg(UART_v1.oa8fg)
 .text.UART_open_v1
                0x800058f8      0x280 /uC-Soft/TI/TIRTOS/PDK_AM~1/packages/ti/drv/uart/lib/am335x/a8/release/ti.drv.uart.aa8fg(UART_v1.oa8fg)
 .text.UART_close_v1
                0x80005b78       0xa0 /uC-Soft/TI/TIRTOS/PDK_AM~1/packages/ti/drv/uart/lib/am335x/a8/release/ti.drv.uart.aa8fg(UART_v1.oa8fg)
 .text.UART_writeCancelNoCB.isra.0
                0x80005c18       0x78 /uC-Soft/TI/TIRTOS/PDK_AM~1/packages/ti/drv/uart/lib/am335x/a8/release/ti.drv.uart.aa8fg(UART_v1.oa8fg)
 .text.UART_writeCancel_v1
                0x80005c90       0x44 /uC-Soft/TI/TIRTOS/PDK_AM~1/packages/ti/drv/uart/lib/am335x/a8/release/ti.drv.uart.aa8fg(UART_v1.oa8fg)
 .text.UART_readCancelNoCB.isra.3
                0x80005cd4       0x7c /uC-Soft/TI/TIRTOS/PDK_AM~1/packages/ti/drv/uart/lib/am335x/a8/release/ti.drv.uart.aa8fg(UART_v1.oa8fg)
 .text.UART_readCancel_v1
                0x80005d50       0x34 /uC-Soft/TI/TIRTOS/PDK_AM~1/packages/ti/drv/uart/lib/am335x/a8/release/ti.drv.uart.aa8fg(UART_v1.oa8fg)
 .text.UART_charPut_v1.isra.5
                0x80005d84       0x54 /uC-Soft/TI/TIRTOS/PDK_AM~1/packages/ti/drv/uart/lib/am335x/a8/release/ti.drv.uart.aa8fg(UART_v1.oa8fg)
 .text.UART_writePolling_v1
                0x80005dd8       0xc4 /uC-Soft/TI/TIRTOS/PDK_AM~1/packages/ti/drv/uart/lib/am335x/a8/release/ti.drv.uart.aa8fg(UART_v1.oa8fg)
 .text.UART_write2_v1
                0x80005e9c      0x288 /uC-Soft/TI/TIRTOS/PDK_AM~1/packages/ti/drv/uart/lib/am335x/a8/release/ti.drv.uart.aa8fg(UART_v1.oa8fg)
 .text.UART_write_v1
                0x80006124       0x84 /uC-Soft/TI/TIRTOS/PDK_AM~1/packages/ti/drv/uart/lib/am335x/a8/release/ti.drv.uart.aa8fg(UART_v1.oa8fg)
 .text.UART_readPolling_v1
                0x800061a8      0x12c /uC-Soft/TI/TIRTOS/PDK_AM~1/packages/ti/drv/uart/lib/am335x/a8/release/ti.drv.uart.aa8fg(UART_v1.oa8fg)
 .text.UART_v1_hwiIntFxn
                0x800062d4      0x4c4 /uC-Soft/TI/TIRTOS/PDK_AM~1/packages/ti/drv/uart/lib/am335x/a8/release/ti.drv.uart.aa8fg(UART_v1.oa8fg)
 .text.UART_read2_v1
                0x80006798      0x278 /uC-Soft/TI/TIRTOS/PDK_AM~1/packages/ti/drv/uart/lib/am335x/a8/release/ti.drv.uart.aa8fg(UART_v1.oa8fg)
 .text.UART_read_v1
                0x80006a10       0x84 /uC-Soft/TI/TIRTOS/PDK_AM~1/packages/ti/drv/uart/lib/am335x/a8/release/ti.drv.uart.aa8fg(UART_v1.oa8fg)
 .text.I2C_close
                0x80006a94       0x40 /uC-Soft/TI/TIRTOS/PDK_AM~1/packages/ti/drv/i2c/lib/am335x/a8/release/ti.drv.i2c.aa8fg(I2C_drv.oa8fg)
                0x80006a94                I2C_close
 .text.I2C_init
                0x80006ad4       0x6c /uC-Soft/TI/TIRTOS/PDK_AM~1/packages/ti/drv/i2c/lib/am335x/a8/release/ti.drv.i2c.aa8fg(I2C_drv.oa8fg)
                0x80006ad4                I2C_init
 .text.I2C_open
                0x80006b40       0x54 /uC-Soft/TI/TIRTOS/PDK_AM~1/packages/ti/drv/i2c/lib/am335x/a8/release/ti.drv.i2c.aa8fg(I2C_drv.oa8fg)
                0x80006b40                I2C_open
 .text.I2C_Params_init
                0x80006b94       0x34 /uC-Soft/TI/TIRTOS/PDK_AM~1/packages/ti/drv/i2c/lib/am335x/a8/release/ti.drv.i2c.aa8fg(I2C_drv.oa8fg)
                0x80006b94                I2C_Params_init
 .text.I2C_transfer
                0x80006bc8       0x54 /uC-Soft/TI/TIRTOS/PDK_AM~1/packages/ti/drv/i2c/lib/am335x/a8/release/ti.drv.i2c.aa8fg(I2C_drv.oa8fg)
                0x80006bc8                I2C_transfer
 .text.I2C_init_v1
                0x80006c1c       0x38 /uC-Soft/TI/TIRTOS/PDK_AM~1/packages/ti/drv/i2c/lib/am335x/a8/release/ti.drv.i2c.aa8fg(I2C_v1.oa8fg)
 .text.I2C_transfer_Callback_v1
                0x80006c54       0x3c /uC-Soft/TI/TIRTOS/PDK_AM~1/packages/ti/drv/i2c/lib/am335x/a8/release/ti.drv.i2c.aa8fg(I2C_v1.oa8fg)
 .text.I2C_close_v1
                0x80006c90       0x9c /uC-Soft/TI/TIRTOS/PDK_AM~1/packages/ti/drv/i2c/lib/am335x/a8/release/ti.drv.i2c.aa8fg(I2C_v1.oa8fg)
 .text.I2C_open_v1
                0x80006d2c      0x23c /uC-Soft/TI/TIRTOS/PDK_AM~1/packages/ti/drv/i2c/lib/am335x/a8/release/ti.drv.i2c.aa8fg(I2C_v1.oa8fg)
 .text.I2C_v1_waitForPin.isra.1
                0x80006f68       0xcc /uC-Soft/TI/TIRTOS/PDK_AM~1/packages/ti/drv/i2c/lib/am335x/a8/release/ti.drv.i2c.aa8fg(I2C_v1.oa8fg)
 .text.I2C_primeTransfer_v1
                0x80007034      0x520 /uC-Soft/TI/TIRTOS/PDK_AM~1/packages/ti/drv/i2c/lib/am335x/a8/release/ti.drv.i2c.aa8fg(I2C_v1.oa8fg)
 .text.I2C_v1_complete_curr_transfer
                0x80007554       0x8c /uC-Soft/TI/TIRTOS/PDK_AM~1/packages/ti/drv/i2c/lib/am335x/a8/release/ti.drv.i2c.aa8fg(I2C_v1.oa8fg)
 .text.I2C_v1_hwiFxn
                0x800075e0      0x55c /uC-Soft/TI/TIRTOS/PDK_AM~1/packages/ti/drv/i2c/lib/am335x/a8/release/ti.drv.i2c.aa8fg(I2C_v1.oa8fg)
 .text.I2C_v1_resetCtrl
                0x80007b3c      0x14c /uC-Soft/TI/TIRTOS/PDK_AM~1/packages/ti/drv/i2c/lib/am335x/a8/release/ti.drv.i2c.aa8fg(I2C_v1.oa8fg)
 .text.I2C_v1_recoverBus
                0x80007c88       0xf8 /uC-Soft/TI/TIRTOS/PDK_AM~1/packages/ti/drv/i2c/lib/am335x/a8/release/ti.drv.i2c.aa8fg(I2C_v1.oa8fg)
 .text.I2C_transfer_v1
                0x80007d80      0x190 /uC-Soft/TI/TIRTOS/PDK_AM~1/packages/ti/drv/i2c/lib/am335x/a8/release/ti.drv.i2c.aa8fg(I2C_v1.oa8fg)
 .text.I2C_v1_waitForBb.constprop.4
                0x80007f10       0xbc /uC-Soft/TI/TIRTOS/PDK_AM~1/packages/ti/drv/i2c/lib/am335x/a8/release/ti.drv.i2c.aa8fg(I2C_v1.oa8fg)
 .text.I2C_v1_control
                0x80007fcc      0x23c /uC-Soft/TI/TIRTOS/PDK_AM~1/packages/ti/drv/i2c/lib/am335x/a8/release/ti.drv.i2c.aa8fg(I2C_v1.oa8fg)
 .text.I2CMasterInitExpClk
                0x80008208       0x94 /uC-Soft/TI/TIRTOS/PDK_AM~1/packages/ti/csl/lib/am335x/a8/release/ti.csl.aa8fg(i2c.oa8fg)
                0x80008208                I2CMasterInitExpClk
 .text.I2CMasterEnable
                0x8000829c       0x1c /uC-Soft/TI/TIRTOS/PDK_AM~1/packages/ti/csl/lib/am335x/a8/release/ti.csl.aa8fg(i2c.oa8fg)
                0x8000829c                I2CMasterEnable
 .text.I2CMasterEnableFreeRun
                0x800082b8       0x1c /uC-Soft/TI/TIRTOS/PDK_AM~1/packages/ti/csl/lib/am335x/a8/release/ti.csl.aa8fg(i2c.oa8fg)
                0x800082b8                I2CMasterEnableFreeRun
 .text.I2CMasterSetSysTest
                0x800082d4        0xc /uC-Soft/TI/TIRTOS/PDK_AM~1/packages/ti/csl/lib/am335x/a8/release/ti.csl.aa8fg(i2c.oa8fg)
                0x800082d4                I2CMasterSetSysTest
 .text.I2CMasterGetSysTest
                0x800082e0        0xc /uC-Soft/TI/TIRTOS/PDK_AM~1/packages/ti/csl/lib/am335x/a8/release/ti.csl.aa8fg(i2c.oa8fg)
                0x800082e0                I2CMasterGetSysTest
 .text.I2CMasterDisable
                0x800082ec       0x14 /uC-Soft/TI/TIRTOS/PDK_AM~1/packages/ti/csl/lib/am335x/a8/release/ti.csl.aa8fg(i2c.oa8fg)
                0x800082ec                I2CMasterDisable
 .text.I2CMasterBusBusy
                0x80008300       0x10 /uC-Soft/TI/TIRTOS/PDK_AM~1/packages/ti/csl/lib/am335x/a8/release/ti.csl.aa8fg(i2c.oa8fg)
                0x80008300                I2CMasterBusBusy
 .text.I2CMasterControl
                0x80008310       0x10 /uC-Soft/TI/TIRTOS/PDK_AM~1/packages/ti/csl/lib/am335x/a8/release/ti.csl.aa8fg(i2c.oa8fg)
                0x80008310                I2CMasterControl
 .text.I2CMasterStart
                0x80008320       0x1c /uC-Soft/TI/TIRTOS/PDK_AM~1/packages/ti/csl/lib/am335x/a8/release/ti.csl.aa8fg(i2c.oa8fg)
                0x80008320                I2CMasterStart
 .text.I2CMasterStop
                0x8000833c       0x1c /uC-Soft/TI/TIRTOS/PDK_AM~1/packages/ti/csl/lib/am335x/a8/release/ti.csl.aa8fg(i2c.oa8fg)
                0x8000833c                I2CMasterStop
 .text.I2CSlaveIntEnableEx
                0x80008358       0x18 /uC-Soft/TI/TIRTOS/PDK_AM~1/packages/ti/csl/lib/am335x/a8/release/ti.csl.aa8fg(i2c.oa8fg)
                0x80008358                I2CSlaveIntEnableEx
 .text.I2CMasterIntEnableEx
                0x80008370        0x4 /uC-Soft/TI/TIRTOS/PDK_AM~1/packages/ti/csl/lib/am335x/a8/release/ti.csl.aa8fg(i2c.oa8fg)
                0x80008370                I2CMasterIntEnableEx
 .text.I2CMasterIntDisableEx
                0x80008374        0xc /uC-Soft/TI/TIRTOS/PDK_AM~1/packages/ti/csl/lib/am335x/a8/release/ti.csl.aa8fg(i2c.oa8fg)
                0x80008374                I2CMasterIntDisableEx
 .text.I2CSlaveIntDisableEx
                0x80008380        0xc /uC-Soft/TI/TIRTOS/PDK_AM~1/packages/ti/csl/lib/am335x/a8/release/ti.csl.aa8fg(i2c.oa8fg)
                0x80008380                I2CSlaveIntDisableEx
 .text.I2CMasterIntStatus
                0x8000838c        0xc /uC-Soft/TI/TIRTOS/PDK_AM~1/packages/ti/csl/lib/am335x/a8/release/ti.csl.aa8fg(i2c.oa8fg)
                0x8000838c                I2CMasterIntStatus
 .text.I2CMasterIntRawStatus
                0x80008398        0xc /uC-Soft/TI/TIRTOS/PDK_AM~1/packages/ti/csl/lib/am335x/a8/release/ti.csl.aa8fg(i2c.oa8fg)
                0x80008398                I2CMasterIntRawStatus
 .text.I2CSlaveIntRawStatus
                0x800083a4        0xc /uC-Soft/TI/TIRTOS/PDK_AM~1/packages/ti/csl/lib/am335x/a8/release/ti.csl.aa8fg(i2c.oa8fg)
                0x800083a4                I2CSlaveIntRawStatus
 .text.I2CMasterIntRawStatusEx
                0x800083b0       0x10 /uC-Soft/TI/TIRTOS/PDK_AM~1/packages/ti/csl/lib/am335x/a8/release/ti.csl.aa8fg(i2c.oa8fg)
                0x800083b0                I2CMasterIntRawStatusEx
 .text.I2CMasterIntClearEx
                0x800083c0        0xc /uC-Soft/TI/TIRTOS/PDK_AM~1/packages/ti/csl/lib/am335x/a8/release/ti.csl.aa8fg(i2c.oa8fg)
                0x800083c0                I2CMasterIntClearEx
 .text.I2CSlaveIntClearEx
                0x800083cc        0xc /uC-Soft/TI/TIRTOS/PDK_AM~1/packages/ti/csl/lib/am335x/a8/release/ti.csl.aa8fg(i2c.oa8fg)
                0x800083cc                I2CSlaveIntClearEx
 .text.I2CGetEnabledIntStatus
                0x800083d8       0x10 /uC-Soft/TI/TIRTOS/PDK_AM~1/packages/ti/csl/lib/am335x/a8/release/ti.csl.aa8fg(i2c.oa8fg)
                0x800083d8                I2CGetEnabledIntStatus
 .text.I2CMasterSlaveAddrSet
                0x800083e8        0xc /uC-Soft/TI/TIRTOS/PDK_AM~1/packages/ti/csl/lib/am335x/a8/release/ti.csl.aa8fg(i2c.oa8fg)
                0x800083e8                I2CMasterSlaveAddrSet
 .text.I2CSetDataCount
                0x800083f4        0xc /uC-Soft/TI/TIRTOS/PDK_AM~1/packages/ti/csl/lib/am335x/a8/release/ti.csl.aa8fg(i2c.oa8fg)
                0x800083f4                I2CSetDataCount
 .text.I2CDataCountGet
                0x80008400        0xc /uC-Soft/TI/TIRTOS/PDK_AM~1/packages/ti/csl/lib/am335x/a8/release/ti.csl.aa8fg(i2c.oa8fg)
                0x80008400                I2CDataCountGet
 .text.I2CFIFOClear
                0x8000840c       0x28 /uC-Soft/TI/TIRTOS/PDK_AM~1/packages/ti/csl/lib/am335x/a8/release/ti.csl.aa8fg(i2c.oa8fg)
                0x8000840c                I2CFIFOClear
 .text.I2CBufferStatus
                0x80008434       0x4c /uC-Soft/TI/TIRTOS/PDK_AM~1/packages/ti/csl/lib/am335x/a8/release/ti.csl.aa8fg(i2c.oa8fg)
                0x80008434                I2CBufferStatus
 .text.I2COwnAddressSet
                0x80008480       0x4c /uC-Soft/TI/TIRTOS/PDK_AM~1/packages/ti/csl/lib/am335x/a8/release/ti.csl.aa8fg(i2c.oa8fg)
                0x80008480                I2COwnAddressSet
 .text.I2CSoftReset
                0x800084cc       0x1c /uC-Soft/TI/TIRTOS/PDK_AM~1/packages/ti/csl/lib/am335x/a8/release/ti.csl.aa8fg(i2c.oa8fg)
                0x800084cc                I2CSoftReset
 .text.I2CAutoIdleDisable
                0x800084e8       0x14 /uC-Soft/TI/TIRTOS/PDK_AM~1/packages/ti/csl/lib/am335x/a8/release/ti.csl.aa8fg(i2c.oa8fg)
                0x800084e8                I2CAutoIdleDisable
 .text.I2CSystemStatusGet
                0x800084fc       0x10 /uC-Soft/TI/TIRTOS/PDK_AM~1/packages/ti/csl/lib/am335x/a8/release/ti.csl.aa8fg(i2c.oa8fg)
                0x800084fc                I2CSystemStatusGet
 .text.I2CMasterDataPut
                0x8000850c        0xc /uC-Soft/TI/TIRTOS/PDK_AM~1/packages/ti/csl/lib/am335x/a8/release/ti.csl.aa8fg(i2c.oa8fg)
                0x8000850c                I2CMasterDataPut
 .text.I2CMasterDataGet
                0x80008518       0x10 /uC-Soft/TI/TIRTOS/PDK_AM~1/packages/ti/csl/lib/am335x/a8/release/ti.csl.aa8fg(i2c.oa8fg)
                0x80008518                I2CMasterDataGet
 .text.I2CSlaveDataGet
                0x80008528       0x10 /uC-Soft/TI/TIRTOS/PDK_AM~1/packages/ti/csl/lib/am335x/a8/release/ti.csl.aa8fg(i2c.oa8fg)
                0x80008528                I2CSlaveDataGet
 .text.I2CSyscInit
                0x80008538        0xc /uC-Soft/TI/TIRTOS/PDK_AM~1/packages/ti/csl/lib/am335x/a8/release/ti.csl.aa8fg(i2c.oa8fg)
                0x80008538                I2CSyscInit
 .text.I2CConfig
                0x80008544        0xc /uC-Soft/TI/TIRTOS/PDK_AM~1/packages/ti/csl/lib/am335x/a8/release/ti.csl.aa8fg(i2c.oa8fg)
                0x80008544                I2CConfig
 .text.UARTOperatingModeSelect
                0x80008550       0x28 /uC-Soft/TI/TIRTOS/PDK_AM~1/packages/ti/csl/lib/am335x/a8/release/ti.csl.aa8fg(uart.oa8fg)
                0x80008550                UARTOperatingModeSelect
 .text.UARTDivisorValCompute
                0x80008578       0x60 /uC-Soft/TI/TIRTOS/PDK_AM~1/packages/ti/csl/lib/am335x/a8/release/ti.csl.aa8fg(uart.oa8fg)
                0x80008578                UARTDivisorValCompute
 .text.UARTDivisorLatchWrite
                0x800085d8      0x1e4 /uC-Soft/TI/TIRTOS/PDK_AM~1/packages/ti/csl/lib/am335x/a8/release/ti.csl.aa8fg(uart.oa8fg)
                0x800085d8                UARTDivisorLatchWrite
 .text.UARTDivisorLatchDisable
                0x800087bc       0x14 /uC-Soft/TI/TIRTOS/PDK_AM~1/packages/ti/csl/lib/am335x/a8/release/ti.csl.aa8fg(uart.oa8fg)
                0x800087bc                UARTDivisorLatchDisable
 .text.UARTBreakCtl
                0x800087d0       0x1c /uC-Soft/TI/TIRTOS/PDK_AM~1/packages/ti/csl/lib/am335x/a8/release/ti.csl.aa8fg(uart.oa8fg)
                0x800087d0                UARTBreakCtl
 .text.UARTLineCharacConfig
                0x800087ec       0x28 /uC-Soft/TI/TIRTOS/PDK_AM~1/packages/ti/csl/lib/am335x/a8/release/ti.csl.aa8fg(uart.oa8fg)
                0x800087ec                UARTLineCharacConfig
 .text.UARTFIFORegisterWrite
                0x80008814       0xbc /uC-Soft/TI/TIRTOS/PDK_AM~1/packages/ti/csl/lib/am335x/a8/release/ti.csl.aa8fg(uart.oa8fg)
                0x80008814                UARTFIFORegisterWrite
 .text.UARTSubConfigTCRTLRModeEn
                0x800088d0       0xb4 /uC-Soft/TI/TIRTOS/PDK_AM~1/packages/ti/csl/lib/am335x/a8/release/ti.csl.aa8fg(uart.oa8fg)
                0x800088d0                UARTSubConfigTCRTLRModeEn
 .text.UARTTCRTLRBitValRestore
                0x80008984       0xa8 /uC-Soft/TI/TIRTOS/PDK_AM~1/packages/ti/csl/lib/am335x/a8/release/ti.csl.aa8fg(uart.oa8fg)
                0x80008984                UARTTCRTLRBitValRestore
 .text.UARTFIFOConfig
                0x80008a2c      0x2a0 /uC-Soft/TI/TIRTOS/PDK_AM~1/packages/ti/csl/lib/am335x/a8/release/ti.csl.aa8fg(uart.oa8fg)
                0x80008a2c                UARTFIFOConfig
 .text.UARTIntEnable
                0x80008ccc       0xc8 /uC-Soft/TI/TIRTOS/PDK_AM~1/packages/ti/csl/lib/am335x/a8/release/ti.csl.aa8fg(uart.oa8fg)
                0x80008ccc                UARTIntEnable
 .text.UARTIntDisable
                0x80008d94       0xd0 /uC-Soft/TI/TIRTOS/PDK_AM~1/packages/ti/csl/lib/am335x/a8/release/ti.csl.aa8fg(uart.oa8fg)
                0x80008d94                UARTIntDisable
 .text.UARTInt2Enable
                0x80008e64       0x1c /uC-Soft/TI/TIRTOS/PDK_AM~1/packages/ti/csl/lib/am335x/a8/release/ti.csl.aa8fg(uart.oa8fg)
                0x80008e64                UARTInt2Enable
 .text.UARTInt2Disable
                0x80008e80       0x1c /uC-Soft/TI/TIRTOS/PDK_AM~1/packages/ti/csl/lib/am335x/a8/release/ti.csl.aa8fg(uart.oa8fg)
                0x80008e80                UARTInt2Disable
 .text.UARTReadStatus
                0x80008e9c       0x34 /uC-Soft/TI/TIRTOS/PDK_AM~1/packages/ti/csl/lib/am335x/a8/release/ti.csl.aa8fg(uart.oa8fg)
                0x80008e9c                UARTReadStatus
 .text.UARTCharPutNonBlocking
                0x80008ed0       0x48 /uC-Soft/TI/TIRTOS/PDK_AM~1/packages/ti/csl/lib/am335x/a8/release/ti.csl.aa8fg(uart.oa8fg)
                0x80008ed0                UARTCharPutNonBlocking
 .text.UARTCharGetNonBlocking
                0x80008f18       0x50 /uC-Soft/TI/TIRTOS/PDK_AM~1/packages/ti/csl/lib/am335x/a8/release/ti.csl.aa8fg(uart.oa8fg)
                0x80008f18                UARTCharGetNonBlocking
 .text.UARTCharPut
                0x80008f68       0x48 /uC-Soft/TI/TIRTOS/PDK_AM~1/packages/ti/csl/lib/am335x/a8/release/ti.csl.aa8fg(uart.oa8fg)
                0x80008f68                UARTCharPut
 .text.UARTFIFOCharPut
                0x80008fb0        0xc /uC-Soft/TI/TIRTOS/PDK_AM~1/packages/ti/csl/lib/am335x/a8/release/ti.csl.aa8fg(uart.oa8fg)
                0x80008fb0                UARTFIFOCharPut
 .text.UARTIntIdentityGet
                0x80008fbc       0x34 /uC-Soft/TI/TIRTOS/PDK_AM~1/packages/ti/csl/lib/am335x/a8/release/ti.csl.aa8fg(uart.oa8fg)
                0x80008fbc                UARTIntIdentityGet
 .text.UARTInt2StatusGet
                0x80008ff0       0x10 /uC-Soft/TI/TIRTOS/PDK_AM~1/packages/ti/csl/lib/am335x/a8/release/ti.csl.aa8fg(uart.oa8fg)
                0x80008ff0                UARTInt2StatusGet
 .text.UARTLoopbackModeControl
                0x80009000       0x1c /uC-Soft/TI/TIRTOS/PDK_AM~1/packages/ti/csl/lib/am335x/a8/release/ti.csl.aa8fg(uart.oa8fg)
                0x80009000                UARTLoopbackModeControl
 .text.UARTTxFIFOFullStatusGet
                0x8000901c       0x10 /uC-Soft/TI/TIRTOS/PDK_AM~1/packages/ti/csl/lib/am335x/a8/release/ti.csl.aa8fg(uart.oa8fg)
                0x8000901c                UARTTxFIFOFullStatusGet
 .text.UARTIsTransmitterEmpty
                0x8000902c       0x40 /uC-Soft/TI/TIRTOS/PDK_AM~1/packages/ti/csl/lib/am335x/a8/release/ti.csl.aa8fg(uart.oa8fg)
                0x8000902c                UARTIsTransmitterEmpty
 .text.memset   0x8000906c      0x114 e:/uc-soft/ti/tirtos/gcc-arm-none-eabi-6-2017-q1-update/bin/../lib/gcc/arm-none-eabi/6.3.1/../../../../arm-none-eabi/lib/hard\libc.a(lib_a-memset.o)
                0x8000906c                memset
 .text.HwiP_create
                0x80009180       0x44 /uC-Soft/TI/TIRTOS/PDK_AM~1/packages/ti/osal/lib/nonos/am335x/a8/release/ti.osal.aa8fg(HwiP_nonos.oa8fg)
                0x80009180                HwiP_create
 .text.HwiP_delete
                0x800091c4       0x54 /uC-Soft/TI/TIRTOS/PDK_AM~1/packages/ti/osal/lib/nonos/am335x/a8/release/ti.osal.aa8fg(HwiP_nonos.oa8fg)
                0x800091c4                HwiP_delete
 .text.HwiP_disable
                0x80009218        0x4 /uC-Soft/TI/TIRTOS/PDK_AM~1/packages/ti/osal/lib/nonos/am335x/a8/release/ti.osal.aa8fg(HwiP_nonos.oa8fg)
                0x80009218                HwiP_disable
 .text.HwiP_enableInterrupt
                0x8000921c        0x4 /uC-Soft/TI/TIRTOS/PDK_AM~1/packages/ti/osal/lib/nonos/am335x/a8/release/ti.osal.aa8fg(HwiP_nonos.oa8fg)
                0x8000921c                HwiP_enableInterrupt
 .text.HwiP_restore
                0x80009220        0x4 /uC-Soft/TI/TIRTOS/PDK_AM~1/packages/ti/osal/lib/nonos/am335x/a8/release/ti.osal.aa8fg(HwiP_nonos.oa8fg)
                0x80009220                HwiP_restore
 .text._DebugP_assert
                0x80009224        0xc /uC-Soft/TI/TIRTOS/PDK_AM~1/packages/ti/osal/lib/nonos/am335x/a8/release/ti.osal.aa8fg(Utils_nonos.oa8fg)
                0x80009224                _DebugP_assert
 .text.Osal_getThreadType
                0x80009230        0x8 /uC-Soft/TI/TIRTOS/PDK_AM~1/packages/ti/osal/lib/nonos/am335x/a8/release/ti.osal.aa8fg(Utils_nonos.oa8fg)
                0x80009230                Osal_getThreadType
 .text.SemaphoreP_create
                0x80009238       0xa0 /uC-Soft/TI/TIRTOS/PDK_AM~1/packages/ti/osal/lib/nonos/am335x/a8/release/ti.osal.aa8fg(SemaphoreP_nonos.oa8fg)
                0x80009238                SemaphoreP_create
 .text.SemaphoreP_delete
                0x800092d8       0x58 /uC-Soft/TI/TIRTOS/PDK_AM~1/packages/ti/osal/lib/nonos/am335x/a8/release/ti.osal.aa8fg(SemaphoreP_nonos.oa8fg)
                0x800092d8                SemaphoreP_delete
 .text.SemaphoreP_Params_init
                0x80009330       0x38 /uC-Soft/TI/TIRTOS/PDK_AM~1/packages/ti/osal/lib/nonos/am335x/a8/release/ti.osal.aa8fg(SemaphoreP_nonos.oa8fg)
                0x80009330                SemaphoreP_Params_init
 .text.SemaphoreP_pend
                0x80009368       0xb4 /uC-Soft/TI/TIRTOS/PDK_AM~1/packages/ti/osal/lib/nonos/am335x/a8/release/ti.osal.aa8fg(SemaphoreP_nonos.oa8fg)
                0x80009368                SemaphoreP_pend
 .text.SemaphoreP_post
                0x8000941c       0x4c /uC-Soft/TI/TIRTOS/PDK_AM~1/packages/ti/osal/lib/nonos/am335x/a8/release/ti.osal.aa8fg(SemaphoreP_nonos.oa8fg)
                0x8000941c                SemaphoreP_post
 .text.Osal_RegisterInterrupt_initParams
                0x80009468       0x40 /uC-Soft/TI/TIRTOS/PDK_AM~1/packages/ti/osal/lib/nonos/am335x/a8/release/ti.osal.aa8fg(RegisterIntr_nonos.oa8fg)
                0x80009468                Osal_RegisterInterrupt_initParams
 .text.Osal_RegisterInterrupt
                0x800094a8       0x80 /uC-Soft/TI/TIRTOS/PDK_AM~1/packages/ti/osal/lib/nonos/am335x/a8/release/ti.osal.aa8fg(RegisterIntr_nonos.oa8fg)
                0x800094a8                Osal_RegisterInterrupt
 .text.Osal_DeleteInterrupt
                0x80009528       0x20 /uC-Soft/TI/TIRTOS/PDK_AM~1/packages/ti/osal/lib/nonos/am335x/a8/release/ti.osal.aa8fg(RegisterIntr_nonos.oa8fg)
                0x80009528                Osal_DeleteInterrupt
 .text.Osal_EnableInterrupt
                0x80009548        0x8 /uC-Soft/TI/TIRTOS/PDK_AM~1/packages/ti/osal/lib/nonos/am335x/a8/release/ti.osal.aa8fg(RegisterIntr_nonos.oa8fg)
                0x80009548                Osal_EnableInterrupt
 .text.Osal_DisableInterrupt
                0x80009550        0x8 /uC-Soft/TI/TIRTOS/PDK_AM~1/packages/ti/osal/lib/nonos/am335x/a8/release/ti.osal.aa8fg(RegisterIntr_nonos.oa8fg)
                0x80009550                Osal_DisableInterrupt
 .text.OsalArch_ISRStub
                0x80009558        0xc /uC-Soft/TI/TIRTOS/PDK_AM~1/packages/ti/osal/lib/nonos/am335x/a8/release/ti.osal.aa8fg(Arch_util.oa8fg)
 .text.OsalArch_enableInterrupt
                0x80009564        0x4 /uC-Soft/TI/TIRTOS/PDK_AM~1/packages/ti/osal/lib/nonos/am335x/a8/release/ti.osal.aa8fg(Arch_util.oa8fg)
                0x80009564                OsalArch_enableInterrupt
 .text.OsalArch_globalDisableInterrupt
                0x80009568        0x4 /uC-Soft/TI/TIRTOS/PDK_AM~1/packages/ti/osal/lib/nonos/am335x/a8/release/ti.osal.aa8fg(Arch_util.oa8fg)
                0x80009568                OsalArch_globalDisableInterrupt
 .text.OsalArch_globalRestoreInterrupt
                0x8000956c        0x4 /uC-Soft/TI/TIRTOS/PDK_AM~1/packages/ti/osal/lib/nonos/am335x/a8/release/ti.osal.aa8fg(Arch_util.oa8fg)
                0x8000956c                OsalArch_globalRestoreInterrupt
 .text.OsalArch_HwiPCreate
                0x80009570      0x158 /uC-Soft/TI/TIRTOS/PDK_AM~1/packages/ti/osal/lib/nonos/am335x/a8/release/ti.osal.aa8fg(Arch_util.oa8fg)
                0x80009570                OsalArch_HwiPCreate
 .text.OsalArch_HwiPDelete
                0x800096c8       0x4c /uC-Soft/TI/TIRTOS/PDK_AM~1/packages/ti/osal/lib/nonos/am335x/a8/release/ti.osal.aa8fg(Arch_util.oa8fg)
                0x800096c8                OsalArch_HwiPDelete
 .text.Delay_32kFClk
                0x80009714       0x74 /uC-Soft/TI/TIRTOS/PDK_AM~1/packages/ti/osal/lib/nonos/am335x/a8/release/ti.osal.aa8fg(delay.oa8fg)
                0x80009714                Delay_32kFClk
 .text.Osal_delay
                0x80009788       0x20 /uC-Soft/TI/TIRTOS/PDK_AM~1/packages/ti/osal/lib/nonos/am335x/a8/release/ti.osal.aa8fg(delay.oa8fg)
                0x80009788                Osal_delay
 .text.MuxIntcP_create
                0x800097a8       0x1c /uC-Soft/TI/TIRTOS/PDK_AM~1/packages/ti/osal/lib/nonos/am335x/a8/release/ti.osal.aa8fg(MuxIntcP_nonos.oa8fg)
                0x800097a8                MuxIntcP_create
 .text.TIMEREnable
                0x800097c4       0x48 /uC-Soft/TI/TIRTOS/PDK_AM~1/packages/ti/csl/lib/am335x/a8/release/ti.csl.aa8fg(timer.oa8fg)
                0x800097c4                TIMEREnable
 .text.TIMERDisable
                0x8000980c       0x40 /uC-Soft/TI/TIRTOS/PDK_AM~1/packages/ti/csl/lib/am335x/a8/release/ti.csl.aa8fg(timer.oa8fg)
                0x8000980c                TIMERDisable
 .text.TIMERModeConfigure
                0x8000984c       0x94 /uC-Soft/TI/TIRTOS/PDK_AM~1/packages/ti/csl/lib/am335x/a8/release/ti.csl.aa8fg(timer.oa8fg)
                0x8000984c                TIMERModeConfigure
 .text.TIMERCounterSet
                0x800098e0       0x38 /uC-Soft/TI/TIRTOS/PDK_AM~1/packages/ti/csl/lib/am335x/a8/release/ti.csl.aa8fg(timer.oa8fg)
                0x800098e0                TIMERCounterSet
 .text.TIMERCounterGet
                0x80009918       0x38 /uC-Soft/TI/TIRTOS/PDK_AM~1/packages/ti/csl/lib/am335x/a8/release/ti.csl.aa8fg(timer.oa8fg)
                0x80009918                TIMERCounterGet
 .text.TIMERReloadSet
                0x80009950       0x38 /uC-Soft/TI/TIRTOS/PDK_AM~1/packages/ti/csl/lib/am335x/a8/release/ti.csl.aa8fg(timer.oa8fg)
                0x80009950                TIMERReloadSet
 .text          0x80009988      0x114 e:/uc-soft/ti/tirtos/gcc-arm-none-eabi-6-2017-q1-update/bin/../lib/gcc/arm-none-eabi/6.3.1/hard\libgcc.a(_udivsi3.o)
                0x80009988                __aeabi_uidiv
                0x80009988                __udivsi3
                0x80009a7c                __aeabi_uidivmod
 .text          0x80009a9c      0x148 e:/uc-soft/ti/tirtos/gcc-arm-none-eabi-6-2017-q1-update/bin/../lib/gcc/arm-none-eabi/6.3.1/hard\libgcc.a(_divsi3.o)
                0x80009a9c                __divsi3
                0x80009a9c                __aeabi_idiv
                0x80009bc4                __aeabi_idivmod
 .text          0x80009be4        0x4 e:/uc-soft/ti/tirtos/gcc-arm-none-eabi-6-2017-q1-update/bin/../lib/gcc/arm-none-eabi/6.3.1/hard\libgcc.a(_dvmd_tls.o)
                0x80009be4                __aeabi_idiv0
                0x80009be4                __aeabi_ldiv0
 .text          0x80009be8       0x3c e:/uc-soft/ti/tirtos/gcc-arm-none-eabi-6-2017-q1-update/bin/../lib/gcc/arm-none-eabi/6.3.1/hard\libgcc.a(_aeabi_uldivmod.o)
                0x80009be8                __aeabi_uldivmod
 .text          0x80009c24      0x12c e:/uc-soft/ti/tirtos/gcc-arm-none-eabi-6-2017-q1-update/bin/../lib/gcc/arm-none-eabi/6.3.1/hard\libgcc.a(_udivmoddi4.o)
                0x80009c24                __udivmoddi4
 .text          0x80009d50       0x28 e:/uc-soft/ti/tirtos/gcc-arm-none-eabi-6-2017-q1-update/bin/../lib/gcc/arm-none-eabi/6.3.1/hard\libgcc.a(_clzdi2.o)
                0x80009d50                __clzdi2
 .text          0x80009d78       0x48 e:/uc-soft/ti/tirtos/gcc-arm-none-eabi-6-2017-q1-update/bin/../lib/gcc/arm-none-eabi/6.3.1/hard\libgcc.a(_clzsi2.o)
                0x80009d78                __clzsi2
 *(.rodata*)
 .rodata.str1.4
                0x80009dc0      0x14d /uC-Soft/TI/TIRTOS/PDK_AM~1/packages/ti/board/obj/evmAM335x/armv7/mmcsd_main.o
 *fill*         0x80009f0d        0x3 
 .rodata        0x80009f10       0x38 /uC-Soft/TI/TIRTOS/PDK_AM~1/packages/ti/board/obj/evmAM335x/armv7/diag_common_cfg.o
 .rodata.gChipDBResourceIDMap
                0x80009f48      0x244 /uC-Soft/TI/TIRTOS/PDK_AM~1/packages/ti/board/lib/evmAM335x/a8/release/ti.board.aa8fg(hw_am335x_chipdb.oa8fg)
                0x80009f48                gChipDBResourceIDMap
 .rodata.gChipDBBaseAddrTable
                0x8000a18c      0x200 /uC-Soft/TI/TIRTOS/PDK_AM~1/packages/ti/board/lib/evmAM335x/a8/release/ti.board.aa8fg(hw_am335x_chipdb_baseaddr.oa8fg)
                0x8000a18c                gChipDBBaseAddrTable
 .rodata.MMCSD_close.str1.4
                0x8000a38c       0x10 /uC-Soft/TI/TIRTOS/PDK_AM~1/packages/ti/drv/mmcsd/lib/am335x/a8/release/ti.drv.mmcsd.aa8fg(MMCSD_drv.oa8fg)
 .rodata.MMCSD_config
                0x8000a39c       0x3c /uC-Soft/TI/TIRTOS/PDK_AM~1/packages/ti/drv/mmcsd/lib/am335x/a8/release/ti.drv.mmcsd.aa8fg(MMCSD_soc.oa8fg)
                0x8000a39c                MMCSD_config
 .rodata        0x8000a3d8       0x24 /uC-Soft/TI/TIRTOS/PDK_AM~1/packages/ti/drv/mmcsd/lib/am335x/a8/release/ti.drv.mmcsd.aa8fg(MMCSD_v1.oa8fg)
 .rodata.MMCSD_v1_FxnTable
                0x8000a3fc       0x18 /uC-Soft/TI/TIRTOS/PDK_AM~1/packages/ti/drv/mmcsd/lib/am335x/a8/release/ti.drv.mmcsd.aa8fg(MMCSD_v1.oa8fg)
                0x8000a3fc                MMCSD_v1_FxnTable
 .rodata.MMCSD_v1_init.str1.4
                0x8000a414       0x12 /uC-Soft/TI/TIRTOS/PDK_AM~1/packages/ti/drv/mmcsd/lib/am335x/a8/release/ti.drv.mmcsd.aa8fg(MMCSD_v1.oa8fg)
 *fill*         0x8000a426        0x2 
 .rodata.tuning_blk_pattern_4bit
                0x8000a428       0x40 /uC-Soft/TI/TIRTOS/PDK_AM~1/packages/ti/drv/mmcsd/lib/am335x/a8/release/ti.drv.mmcsd.aa8fg(MMCSD_v1.oa8fg)
 .rodata.UART_convertVal.constprop.0.str1.4
                0x8000a468       0x11 /uC-Soft/TI/TIRTOS/PDK_AM~1/packages/ti/drv/uart/lib/am335x/a8/release/ti.drv.uart.aa8fg(UART_stdio.oa8fg)
 *fill*         0x8000a479        0x3 
 .rodata.UART_printf.str1.4
                0x8000a47c        0xa /uC-Soft/TI/TIRTOS/PDK_AM~1/packages/ti/drv/uart/lib/am335x/a8/release/ti.drv.uart.aa8fg(UART_stdio.oa8fg)
 *fill*         0x8000a486        0x2 
 .rodata.UART_stdioInit2.str1.4
                0x8000a488        0xa /uC-Soft/TI/TIRTOS/PDK_AM~1/packages/ti/drv/uart/lib/am335x/a8/release/ti.drv.uart.aa8fg(UART_stdio.oa8fg)
 *fill*         0x8000a492        0x2 
 .rodata.UART_defaultParams
                0x8000a494       0x28 /uC-Soft/TI/TIRTOS/PDK_AM~1/packages/ti/drv/uart/lib/am335x/a8/release/ti.drv.uart.aa8fg(UART_drv.oa8fg)
                0x8000a494                UART_defaultParams
 .rodata.UART_config
                0x8000a4bc       0x84 /uC-Soft/TI/TIRTOS/PDK_AM~1/packages/ti/drv/uart/lib/am335x/a8/release/ti.drv.uart.aa8fg(UART_soc.oa8fg)
                0x8000a4bc                UART_config
 .rodata.CSWTCH.8
                0x8000a540       0x10 /uC-Soft/TI/TIRTOS/PDK_AM~1/packages/ti/drv/uart/lib/am335x/a8/release/ti.drv.uart.aa8fg(UART_v1.oa8fg)
 .rodata.UART_FxnTable_v1
                0x8000a550       0x30 /uC-Soft/TI/TIRTOS/PDK_AM~1/packages/ti/drv/uart/lib/am335x/a8/release/ti.drv.uart.aa8fg(UART_v1.oa8fg)
                0x8000a550                UART_FxnTable_v1
 .rodata.UART_open_v1.str1.4
                0x8000a580        0xd /uC-Soft/TI/TIRTOS/PDK_AM~1/packages/ti/drv/uart/lib/am335x/a8/release/ti.drv.uart.aa8fg(UART_v1.oa8fg)
 *fill*         0x8000a58d        0x3 
 .rodata.UART_write2_v1.str1.4
                0x8000a590       0x11 /uC-Soft/TI/TIRTOS/PDK_AM~1/packages/ti/drv/uart/lib/am335x/a8/release/ti.drv.uart.aa8fg(UART_v1.oa8fg)
 *fill*         0x8000a5a1        0x3 
 .rodata.I2C_close.str1.4
                0x8000a5a4        0xe /uC-Soft/TI/TIRTOS/PDK_AM~1/packages/ti/drv/i2c/lib/am335x/a8/release/ti.drv.i2c.aa8fg(I2C_drv.oa8fg)
 *fill*         0x8000a5b2        0x2 
 .rodata.I2C_config
                0x8000a5b4       0x48 /uC-Soft/TI/TIRTOS/PDK_AM~1/packages/ti/drv/i2c/lib/am335x/a8/release/ti.drv.i2c.aa8fg(I2C_soc.oa8fg)
                0x8000a5b4                I2C_config
 .rodata.I2C_init_v1.str1.4
                0x8000a5fc       0x10 /uC-Soft/TI/TIRTOS/PDK_AM~1/packages/ti/drv/i2c/lib/am335x/a8/release/ti.drv.i2c.aa8fg(I2C_v1.oa8fg)
 .rodata.I2C_v1_FxnTable
                0x8000a60c       0x14 /uC-Soft/TI/TIRTOS/PDK_AM~1/packages/ti/drv/i2c/lib/am335x/a8/release/ti.drv.i2c.aa8fg(I2C_v1.oa8fg)
                0x8000a60c                I2C_v1_FxnTable
 .rodata.HwiP_delete.str1.4
                0x8000a620       0x17 /uC-Soft/TI/TIRTOS/PDK_AM~1/packages/ti/osal/lib/nonos/am335x/a8/release/ti.osal.aa8fg(HwiP_nonos.oa8fg)
 *fill*         0x8000a637        0x1 
 .rodata.SemaphoreP_delete.str1.4
                0x8000a638       0x20 /uC-Soft/TI/TIRTOS/PDK_AM~1/packages/ti/osal/lib/nonos/am335x/a8/release/ti.osal.aa8fg(SemaphoreP_nonos.oa8fg)
                                 0x1d (size before relaxing)

.glue_7         0x8000a658        0x0
 .glue_7        0x8000a658        0x0 linker stubs

.glue_7t        0x8000a658        0x0
 .glue_7t       0x8000a658        0x0 linker stubs

.vfp11_veneer   0x8000a658        0x0
 .vfp11_veneer  0x8000a658        0x0 linker stubs

.v4_bx          0x8000a658        0x0
 .v4_bx         0x8000a658        0x0 linker stubs

.iplt           0x8000a658        0x0
 .iplt          0x8000a658        0x0 /uC-Soft/TI/TIRTOS/PDK_AM~1/packages/ti/board/obj/evmAM335x/armv7/mmcsd_main.o

.rel.dyn        0x8000a658        0x0
 .rel.iplt      0x8000a658        0x0 /uC-Soft/TI/TIRTOS/PDK_AM~1/packages/ti/board/obj/evmAM335x/armv7/mmcsd_main.o

.ARM.exidx      0x8000a658        0x8
 .ARM.exidx     0x8000a658        0x8 e:/uc-soft/ti/tirtos/gcc-arm-none-eabi-6-2017-q1-update/bin/../lib/gcc/arm-none-eabi/6.3.1/hard\libgcc.a(_udivmoddi4.o)

.data           0x8000a660      0xe6c
                0x8000a660                . = ALIGN (0x4)
 *(.data*)
 .data.gCpsw0PinCfg
                0x8000a660       0x98 /uC-Soft/TI/TIRTOS/PDK_AM~1/packages/ti/board/lib/evmAM335x/a8/release/ti.board.aa8fg(am335x_gpevm_pinmux_data.oa8fg)
 .data.gCpswPinCfg
                0x8000a6f8       0x10 /uC-Soft/TI/TIRTOS/PDK_AM~1/packages/ti/board/lib/evmAM335x/a8/release/ti.board.aa8fg(am335x_gpevm_pinmux_data.oa8fg)
 .data.gDcan1PinCfg
                0x8000a708       0x18 /uC-Soft/TI/TIRTOS/PDK_AM~1/packages/ti/board/lib/evmAM335x/a8/release/ti.board.aa8fg(am335x_gpevm_pinmux_data.oa8fg)
 .data.gDcanPinCfg
                0x8000a720       0x10 /uC-Soft/TI/TIRTOS/PDK_AM~1/packages/ti/board/lib/evmAM335x/a8/release/ti.board.aa8fg(am335x_gpevm_pinmux_data.oa8fg)
 .data.gGpevmPinmuxData
                0x8000a730       0x68 /uC-Soft/TI/TIRTOS/PDK_AM~1/packages/ti/board/lib/evmAM335x/a8/release/ti.board.aa8fg(am335x_gpevm_pinmux_data.oa8fg)
                0x8000a730                gGpevmPinmuxData
 .data.gGpio0PinCfg
                0x8000a798       0x18 /uC-Soft/TI/TIRTOS/PDK_AM~1/packages/ti/board/lib/evmAM335x/a8/release/ti.board.aa8fg(am335x_gpevm_pinmux_data.oa8fg)
 .data.gGpio1PinCfg
                0x8000a7b0       0x10 /uC-Soft/TI/TIRTOS/PDK_AM~1/packages/ti/board/lib/evmAM335x/a8/release/ti.board.aa8fg(am335x_gpevm_pinmux_data.oa8fg)
 .data.gGpioPinCfg
                0x8000a7c0       0x18 /uC-Soft/TI/TIRTOS/PDK_AM~1/packages/ti/board/lib/evmAM335x/a8/release/ti.board.aa8fg(am335x_gpevm_pinmux_data.oa8fg)
 .data.gGpmc0PinCfg
                0x8000a7d8       0xc0 /uC-Soft/TI/TIRTOS/PDK_AM~1/packages/ti/board/lib/evmAM335x/a8/release/ti.board.aa8fg(am335x_gpevm_pinmux_data.oa8fg)
 .data.gGpmcPinCfg
                0x8000a898       0x10 /uC-Soft/TI/TIRTOS/PDK_AM~1/packages/ti/board/lib/evmAM335x/a8/release/ti.board.aa8fg(am335x_gpevm_pinmux_data.oa8fg)
 .data.gI2c0PinCfg
                0x8000a8a8       0x18 /uC-Soft/TI/TIRTOS/PDK_AM~1/packages/ti/board/lib/evmAM335x/a8/release/ti.board.aa8fg(am335x_gpevm_pinmux_data.oa8fg)
 .data.gI2c1PinCfg
                0x8000a8c0       0x18 /uC-Soft/TI/TIRTOS/PDK_AM~1/packages/ti/board/lib/evmAM335x/a8/release/ti.board.aa8fg(am335x_gpevm_pinmux_data.oa8fg)
 .data.gI2cPinCfg
                0x8000a8d8       0x18 /uC-Soft/TI/TIRTOS/PDK_AM~1/packages/ti/board/lib/evmAM335x/a8/release/ti.board.aa8fg(am335x_gpevm_pinmux_data.oa8fg)
 .data.gLcdc0PinCfg
                0x8000a8f0       0xf0 /uC-Soft/TI/TIRTOS/PDK_AM~1/packages/ti/board/lib/evmAM335x/a8/release/ti.board.aa8fg(am335x_gpevm_pinmux_data.oa8fg)
 .data.gLcdcPinCfg
                0x8000a9e0       0x10 /uC-Soft/TI/TIRTOS/PDK_AM~1/packages/ti/board/lib/evmAM335x/a8/release/ti.board.aa8fg(am335x_gpevm_pinmux_data.oa8fg)
 .data.gMcasp0PinCfg
                0x8000a9f0       0x48 /uC-Soft/TI/TIRTOS/PDK_AM~1/packages/ti/board/lib/evmAM335x/a8/release/ti.board.aa8fg(am335x_gpevm_pinmux_data.oa8fg)
 .data.gMcaspPinCfg
                0x8000aa38       0x10 /uC-Soft/TI/TIRTOS/PDK_AM~1/packages/ti/board/lib/evmAM335x/a8/release/ti.board.aa8fg(am335x_gpevm_pinmux_data.oa8fg)
 .data.gMcspi0PinCfg
                0x8000aa48       0x28 /uC-Soft/TI/TIRTOS/PDK_AM~1/packages/ti/board/lib/evmAM335x/a8/release/ti.board.aa8fg(am335x_gpevm_pinmux_data.oa8fg)
 .data.gMcspiPinCfg
                0x8000aa70       0x10 /uC-Soft/TI/TIRTOS/PDK_AM~1/packages/ti/board/lib/evmAM335x/a8/release/ti.board.aa8fg(am335x_gpevm_pinmux_data.oa8fg)
 .data.gMmcsd0PinCfg
                0x8000aa80       0x40 /uC-Soft/TI/TIRTOS/PDK_AM~1/packages/ti/board/lib/evmAM335x/a8/release/ti.board.aa8fg(am335x_gpevm_pinmux_data.oa8fg)
 .data.gMmcsdPinCfg
                0x8000aac0       0x10 /uC-Soft/TI/TIRTOS/PDK_AM~1/packages/ti/board/lib/evmAM335x/a8/release/ti.board.aa8fg(am335x_gpevm_pinmux_data.oa8fg)
 .data.gPwmss2PinCfg
                0x8000aad0       0x10 /uC-Soft/TI/TIRTOS/PDK_AM~1/packages/ti/board/lib/evmAM335x/a8/release/ti.board.aa8fg(am335x_gpevm_pinmux_data.oa8fg)
 .data.gPwmssPinCfg
                0x8000aae0       0x10 /uC-Soft/TI/TIRTOS/PDK_AM~1/packages/ti/board/lib/evmAM335x/a8/release/ti.board.aa8fg(am335x_gpevm_pinmux_data.oa8fg)
 .data.gUart0PinCfg
                0x8000aaf0       0x18 /uC-Soft/TI/TIRTOS/PDK_AM~1/packages/ti/board/lib/evmAM335x/a8/release/ti.board.aa8fg(am335x_gpevm_pinmux_data.oa8fg)
 .data.gUartPinCfg
                0x8000ab08       0x10 /uC-Soft/TI/TIRTOS/PDK_AM~1/packages/ti/board/lib/evmAM335x/a8/release/ti.board.aa8fg(am335x_gpevm_pinmux_data.oa8fg)
 .data.gUsb0PinCfg
                0x8000ab18       0x10 /uC-Soft/TI/TIRTOS/PDK_AM~1/packages/ti/board/lib/evmAM335x/a8/release/ti.board.aa8fg(am335x_gpevm_pinmux_data.oa8fg)
 .data.gUsb1PinCfg
                0x8000ab28       0x10 /uC-Soft/TI/TIRTOS/PDK_AM~1/packages/ti/board/lib/evmAM335x/a8/release/ti.board.aa8fg(am335x_gpevm_pinmux_data.oa8fg)
 .data.gUsbPinCfg
                0x8000ab38       0x18 /uC-Soft/TI/TIRTOS/PDK_AM~1/packages/ti/board/lib/evmAM335x/a8/release/ti.board.aa8fg(am335x_gpevm_pinmux_data.oa8fg)
 .data.MMCSD_count
                0x8000ab50        0x4 /uC-Soft/TI/TIRTOS/PDK_AM~1/packages/ti/drv/mmcsd/lib/am335x/a8/release/ti.drv.mmcsd.aa8fg(MMCSD_drv.oa8fg)
 .data.MMCSDInitCfg
                0x8000ab54      0x138 /uC-Soft/TI/TIRTOS/PDK_AM~1/packages/ti/drv/mmcsd/lib/am335x/a8/release/ti.drv.mmcsd.aa8fg(MMCSD_soc.oa8fg)
                0x8000ab54                MMCSDInitCfg
 .data.UART_count
                0x8000ac8c        0x4 /uC-Soft/TI/TIRTOS/PDK_AM~1/packages/ti/drv/uart/lib/am335x/a8/release/ti.drv.uart.aa8fg(UART_drv.oa8fg)
 .data.uartInitCfg
                0x8000ac90      0x180 /uC-Soft/TI/TIRTOS/PDK_AM~1/packages/ti/drv/uart/lib/am335x/a8/release/ti.drv.uart.aa8fg(UART_soc.oa8fg)
                0x8000ac90                uartInitCfg
 .data.I2C_count
                0x8000ae10        0x4 /uC-Soft/TI/TIRTOS/PDK_AM~1/packages/ti/drv/i2c/lib/am335x/a8/release/ti.drv.i2c.aa8fg(I2C_drv.oa8fg)
 .data.i2cInitCfg
                0x8000ae14       0x6c /uC-Soft/TI/TIRTOS/PDK_AM~1/packages/ti/drv/i2c/lib/am335x/a8/release/ti.drv.i2c.aa8fg(I2C_soc.oa8fg)
                0x8000ae14                i2cInitCfg
 .data.gOsal_HwAttrs
                0x8000ae80        0xc /uC-Soft/TI/TIRTOS/PDK_AM~1/packages/ti/osal/lib/nonos/am335x/a8/release/ti.osal.aa8fg(Utils_nonos.oa8fg)
                0x8000ae80                gOsal_HwAttrs
 .data.semStructs
                0x8000ae8c      0x640 /uC-Soft/TI/TIRTOS/PDK_AM~1/packages/ti/osal/lib/nonos/am335x/a8/release/ti.osal.aa8fg(SemaphoreP_nonos.oa8fg)
                0x8000ae8c                semStructs

.igot.plt       0x8000b4cc        0x0
 .igot.plt      0x8000b4cc        0x0 /uC-Soft/TI/TIRTOS/PDK_AM~1/packages/ti/board/obj/evmAM335x/armv7/mmcsd_main.o

.bss            0x8000b500     0x5710
                0x8000b500                . = ALIGN (0x4)
                0x8000b500                _bss_start = .
 *(.bss*)
 .bss           0x8000b500     0x4004 /uC-Soft/TI/TIRTOS/PDK_AM~1/packages/ti/board/obj/evmAM335x/armv7/mmcsd_main.o
                0x8000b500                handle
 .bss           0x8000f504      0x408 /uC-Soft/TI/TIRTOS/PDK_AM~1/packages/ti/board/obj/evmAM335x/armv7/intc.o
 *fill*         0x8000f90c       0xf4 
 .bss.cmd6_response_buf
                0x8000fa00       0x40 /uC-Soft/TI/TIRTOS/PDK_AM~1/packages/ti/drv/mmcsd/lib/am335x/a8/release/ti.drv.mmcsd.aa8fg(MMCSD_v1.oa8fg)
 *fill*         0x8000fa40       0xc0 
 .bss.dataBuffer
                0x8000fb00       0x40 /uC-Soft/TI/TIRTOS/PDK_AM~1/packages/ti/drv/mmcsd/lib/am335x/a8/release/ti.drv.mmcsd.aa8fg(MMCSD_v1.oa8fg)
 .bss.gOsalHwiAllocCnt
                0x8000fb40        0x4 /uC-Soft/TI/TIRTOS/PDK_AM~1/packages/ti/osal/lib/nonos/am335x/a8/release/ti.osal.aa8fg(Utils_nonos.oa8fg)
                0x8000fb40                gOsalHwiAllocCnt
 .bss.gOsalHwiPeak
                0x8000fb44        0x4 /uC-Soft/TI/TIRTOS/PDK_AM~1/packages/ti/osal/lib/nonos/am335x/a8/release/ti.osal.aa8fg(Utils_nonos.oa8fg)
                0x8000fb44                gOsalHwiPeak
 .bss.gOsalSemAllocCnt
                0x8000fb48        0x4 /uC-Soft/TI/TIRTOS/PDK_AM~1/packages/ti/osal/lib/nonos/am335x/a8/release/ti.osal.aa8fg(Utils_nonos.oa8fg)
                0x8000fb48                gOsalSemAllocCnt
 .bss.gOsalSemPeak
                0x8000fb4c        0x4 /uC-Soft/TI/TIRTOS/PDK_AM~1/packages/ti/osal/lib/nonos/am335x/a8/release/ti.osal.aa8fg(Utils_nonos.oa8fg)
                0x8000fb4c                gOsalSemPeak
 .bss.hwiStructs
                0x8000fb50      0x4b0 /uC-Soft/TI/TIRTOS/PDK_AM~1/packages/ti/osal/lib/nonos/am335x/a8/release/ti.osal.aa8fg(Arch_util.oa8fg)
 .bss.hwiUsed   0x80010000       0x64 /uC-Soft/TI/TIRTOS/PDK_AM~1/packages/ti/osal/lib/nonos/am335x/a8/release/ti.osal.aa8fg(Arch_util.oa8fg)
 *(COMMON)
 COMMON         0x80010064        0x4 /uC-Soft/TI/TIRTOS/PDK_AM~1/packages/ti/board/lib/evmAM335x/a8/release/ti.board.aa8fg(evmAM335x.oa8fg)
                0x80010064                Board_obj
 COMMON         0x80010068      0x828 /uC-Soft/TI/TIRTOS/PDK_AM~1/packages/ti/drv/mmcsd/lib/am335x/a8/release/ti.drv.mmcsd.aa8fg(MMCSD_soc.oa8fg)
                0x80010068                MMCSDObjects
 COMMON         0x80010890        0x8 /uC-Soft/TI/TIRTOS/PDK_AM~1/packages/ti/drv/uart/lib/am335x/a8/release/ti.drv.uart.aa8fg(UART_stdio.oa8fg)
                0x80010890                uart_stdio
 COMMON         0x80010898      0x2a0 /uC-Soft/TI/TIRTOS/PDK_AM~1/packages/ti/drv/uart/lib/am335x/a8/release/ti.drv.uart.aa8fg(UART_soc.oa8fg)
                0x80010898                UartObjects
 COMMON         0x80010b38       0xd8 /uC-Soft/TI/TIRTOS/PDK_AM~1/packages/ti/drv/i2c/lib/am335x/a8/release/ti.drv.i2c.aa8fg(I2C_soc.oa8fg)
                0x80010b38                I2cObjects
                0x80010c10                _bss_end = .

.heap           0x80010c10    0x10000
                0x80010c10                . = ALIGN (0x4)
                0x80010c10                __end__ = .
                0x80010c10                end = __end__
                0x80010c10                __HeapBase = __end__
 *(.heap*)
                0x80020c10                . = (. + 0x10000)
 *fill*         0x80010c10    0x10000 
                0x80020c10                __HeapLimit = .

.stack          0x80020c10     0x1000
                0x80020c10                . = ALIGN (0x8)
                0x80020c10                __StackLimit = .
 *(.stack*)
                0x80021c10                . = (. + 0x1000)
 *fill*         0x80020c10     0x1000 
                0x80021c10                __StackTop = .
                0x80021c10                _stack = __StackTop
START GROUP
LOAD e:/uc-soft/ti/tirtos/gcc-arm-none-eabi-6-2017-q1-update/bin/../lib/gcc/arm-none-eabi/6.3.1/../../../../arm-none-eabi/lib/hard\libc.a
LOAD e:/uc-soft/ti/tirtos/gcc-arm-none-eabi-6-2017-q1-update/bin/../lib/gcc/arm-none-eabi/6.3.1/../../../../arm-none-eabi/lib/hard\librdimon.a
LOAD e:/uc-soft/ti/tirtos/gcc-arm-none-eabi-6-2017-q1-update/bin/../lib/gcc/arm-none-eabi/6.3.1/../../../../arm-none-eabi/lib/hard\libm.a
LOAD e:/uc-soft/ti/tirtos/gcc-arm-none-eabi-6-2017-q1-update/bin/../lib/gcc/arm-none-eabi/6.3.1/../../../../arm-none-eabi/lib/hard\libnosys.a
LOAD /uC-Soft/TI/TIRTOS/PDK_AM~1/packages/ti/board/lib/evmAM335x/a8/release/ti.board.aa8fg
LOAD /uC-Soft/TI/TIRTOS/PDK_AM~1/packages/ti/osal/lib/nonos/am335x/a8/release/ti.osal.aa8fg
LOAD /uC-Soft/TI/TIRTOS/PDK_AM~1/packages/ti/drv/mmcsd/lib/am335x/a8/release/ti.drv.mmcsd.aa8fg
LOAD /uC-Soft/TI/TIRTOS/PDK_AM~1/packages/ti/drv/uart/lib/am335x/a8/release/ti.drv.uart.aa8fg
LOAD /uC-Soft/TI/TIRTOS/PDK_AM~1/packages/ti/drv/i2c/lib/am335x/a8/release/ti.drv.i2c.aa8fg
LOAD /uC-Soft/TI/TIRTOS/PDK_AM~1/packages/ti/csl/lib/am335x/a8/release/ti.csl.aa8fg
END GROUP
START GROUP
LOAD e:/uc-soft/ti/tirtos/gcc-arm-none-eabi-6-2017-q1-update/bin/../lib/gcc/arm-none-eabi/6.3.1/hard\libgcc.a
LOAD e:/uc-soft/ti/tirtos/gcc-arm-none-eabi-6-2017-q1-update/bin/../lib/gcc/arm-none-eabi/6.3.1/../../../../arm-none-eabi/lib/hard\libc.a
END GROUP
OUTPUT(/uC-Soft/TI/TIRTOS/PDK_AM~1/packages/ti/board/bin/evmAM335x/armv7/mmcsd_diagExample_evmAM335x_armv7.out elf32-littlearm)

.debug_info     0x00000000     0x1d97
 .debug_info    0x00000000      0x46c /uC-Soft/TI/TIRTOS/PDK_AM~1/packages/ti/board/obj/evmAM335x/armv7/mmcsd_main.o
 .debug_info    0x0000046c       0xb0 /uC-Soft/TI/TIRTOS/PDK_AM~1/packages/ti/board/obj/evmAM335x/armv7/diag_entry.ao
 .debug_info    0x0000051c      0xd85 /uC-Soft/TI/TIRTOS/PDK_AM~1/packages/ti/board/obj/evmAM335x/armv7/intc.o
 .debug_info    0x000012a1      0x971 /uC-Soft/TI/TIRTOS/PDK_AM~1/packages/ti/board/obj/evmAM335x/armv7/cpu.o
 .debug_info    0x00001c12      0x185 /uC-Soft/TI/TIRTOS/PDK_AM~1/packages/ti/board/obj/evmAM335x/armv7/diag_common_cfg.o

.debug_abbrev   0x00000000      0x7f2
 .debug_abbrev  0x00000000      0x201 /uC-Soft/TI/TIRTOS/PDK_AM~1/packages/ti/board/obj/evmAM335x/armv7/mmcsd_main.o
 .debug_abbrev  0x00000201       0x14 /uC-Soft/TI/TIRTOS/PDK_AM~1/packages/ti/board/obj/evmAM335x/armv7/diag_entry.ao
 .debug_abbrev  0x00000215      0x303 /uC-Soft/TI/TIRTOS/PDK_AM~1/packages/ti/board/obj/evmAM335x/armv7/intc.o
 .debug_abbrev  0x00000518      0x1e6 /uC-Soft/TI/TIRTOS/PDK_AM~1/packages/ti/board/obj/evmAM335x/armv7/cpu.o
 .debug_abbrev  0x000006fe       0xf4 /uC-Soft/TI/TIRTOS/PDK_AM~1/packages/ti/board/obj/evmAM335x/armv7/diag_common_cfg.o

.debug_loc      0x00000000      0x211
 .debug_loc     0x00000000       0xba /uC-Soft/TI/TIRTOS/PDK_AM~1/packages/ti/board/obj/evmAM335x/armv7/mmcsd_main.o
 .debug_loc     0x000000ba      0x157 /uC-Soft/TI/TIRTOS/PDK_AM~1/packages/ti/board/obj/evmAM335x/armv7/intc.o

.debug_aranges  0x00000000       0xa0
 .debug_aranges
                0x00000000       0x20 /uC-Soft/TI/TIRTOS/PDK_AM~1/packages/ti/board/obj/evmAM335x/armv7/mmcsd_main.o
 .debug_aranges
                0x00000020       0x20 /uC-Soft/TI/TIRTOS/PDK_AM~1/packages/ti/board/obj/evmAM335x/armv7/diag_entry.ao
 .debug_aranges
                0x00000040       0x20 /uC-Soft/TI/TIRTOS/PDK_AM~1/packages/ti/board/obj/evmAM335x/armv7/intc.o
 .debug_aranges
                0x00000060       0x20 /uC-Soft/TI/TIRTOS/PDK_AM~1/packages/ti/board/obj/evmAM335x/armv7/cpu.o
 .debug_aranges
                0x00000080       0x20 /uC-Soft/TI/TIRTOS/PDK_AM~1/packages/ti/board/obj/evmAM335x/armv7/diag_common_cfg.o

.debug_ranges   0x00000000       0x28
 .debug_ranges  0x00000000       0x28 /uC-Soft/TI/TIRTOS/PDK_AM~1/packages/ti/board/obj/evmAM335x/armv7/mmcsd_main.o

.debug_line     0x00000000      0x96d
 .debug_line    0x00000000      0x1fc /uC-Soft/TI/TIRTOS/PDK_AM~1/packages/ti/board/obj/evmAM335x/armv7/mmcsd_main.o
 .debug_line    0x000001fc       0xe4 /uC-Soft/TI/TIRTOS/PDK_AM~1/packages/ti/board/obj/evmAM335x/armv7/diag_entry.ao
 .debug_line    0x000002e0      0x30a /uC-Soft/TI/TIRTOS/PDK_AM~1/packages/ti/board/obj/evmAM335x/armv7/intc.o
 .debug_line    0x000005ea      0x1e8 /uC-Soft/TI/TIRTOS/PDK_AM~1/packages/ti/board/obj/evmAM335x/armv7/cpu.o
 .debug_line    0x000007d2      0x19b /uC-Soft/TI/TIRTOS/PDK_AM~1/packages/ti/board/obj/evmAM335x/armv7/diag_common_cfg.o

.debug_str      0x00000000      0xb8f
 .debug_str     0x00000000      0x388 /uC-Soft/TI/TIRTOS/PDK_AM~1/packages/ti/board/obj/evmAM335x/armv7/mmcsd_main.o
                                0x3ed (size before relaxing)
 .debug_str     0x00000388      0x6a8 /uC-Soft/TI/TIRTOS/PDK_AM~1/packages/ti/board/obj/evmAM335x/armv7/intc.o
                                0x858 (size before relaxing)
 .debug_str     0x00000a30       0xb2 /uC-Soft/TI/TIRTOS/PDK_AM~1/packages/ti/board/obj/evmAM335x/armv7/cpu.o
                                0x60e (size before relaxing)
 .debug_str     0x00000ae2       0xad /uC-Soft/TI/TIRTOS/PDK_AM~1/packages/ti/board/obj/evmAM335x/armv7/diag_common_cfg.o
                                0x249 (size before relaxing)

.comment        0x00000000       0x7f
 .comment       0x00000000       0x7f /uC-Soft/TI/TIRTOS/PDK_AM~1/packages/ti/board/obj/evmAM335x/armv7/mmcsd_main.o
                                 0x80 (size before relaxing)
 .comment       0x0000007f       0x80 /uC-Soft/TI/TIRTOS/PDK_AM~1/packages/ti/board/obj/evmAM335x/armv7/intc.o
 .comment       0x0000007f       0x80 /uC-Soft/TI/TIRTOS/PDK_AM~1/packages/ti/board/obj/evmAM335x/armv7/cpu.o
 .comment       0x0000007f       0x80 /uC-Soft/TI/TIRTOS/PDK_AM~1/packages/ti/board/obj/evmAM335x/armv7/diag_common_cfg.o
 .comment       0x0000007f       0x80 /uC-Soft/TI/TIRTOS/PDK_AM~1/packages/ti/board/lib/evmAM335x/a8/release/ti.board.aa8fg(evmAM335x.oa8fg)
 .comment       0x0000007f       0x80 /uC-Soft/TI/TIRTOS/PDK_AM~1/packages/ti/board/lib/evmAM335x/a8/release/ti.board.aa8fg(evmAM335x_lld_init.oa8fg)
 .comment       0x0000007f       0x80 /uC-Soft/TI/TIRTOS/PDK_AM~1/packages/ti/board/lib/evmAM335x/a8/release/ti.board.aa8fg(evmAM335x_pinmux.oa8fg)
 .comment       0x0000007f       0x80 /uC-Soft/TI/TIRTOS/PDK_AM~1/packages/ti/board/lib/evmAM335x/a8/release/ti.board.aa8fg(am335x_chipdb.oa8fg)
 .comment       0x0000007f       0x80 /uC-Soft/TI/TIRTOS/PDK_AM~1/packages/ti/board/lib/evmAM335x/a8/release/ti.board.aa8fg(am335x_prcm.oa8fg)
 .comment       0x0000007f       0x80 /uC-Soft/TI/TIRTOS/PDK_AM~1/packages/ti/board/lib/evmAM335x/a8/release/ti.board.aa8fg(hw_am335x_chipdb.oa8fg)
 .comment       0x0000007f       0x80 /uC-Soft/TI/TIRTOS/PDK_AM~1/packages/ti/board/lib/evmAM335x/a8/release/ti.board.aa8fg(hw_am335x_chipdb_baseaddr.oa8fg)
 .comment       0x0000007f       0x80 /uC-Soft/TI/TIRTOS/PDK_AM~1/packages/ti/board/lib/evmAM335x/a8/release/ti.board.aa8fg(am335x_gpevm_pinmux_data.oa8fg)
 .comment       0x0000007f       0x80 /uC-Soft/TI/TIRTOS/PDK_AM~1/packages/ti/board/lib/evmAM335x/a8/release/ti.board.aa8fg(evmAM335x_info.oa8fg)
 .comment       0x0000007f       0x80 /uC-Soft/TI/TIRTOS/PDK_AM~1/packages/ti/drv/mmcsd/lib/am335x/a8/release/ti.drv.mmcsd.aa8fg(MMCSD_drv.oa8fg)
 .comment       0x0000007f       0x80 /uC-Soft/TI/TIRTOS/PDK_AM~1/packages/ti/drv/mmcsd/lib/am335x/a8/release/ti.drv.mmcsd.aa8fg(MMCSD_soc.oa8fg)
 .comment       0x0000007f       0x80 /uC-Soft/TI/TIRTOS/PDK_AM~1/packages/ti/drv/mmcsd/lib/am335x/a8/release/ti.drv.mmcsd.aa8fg(MMCSD_v1.oa8fg)
 .comment       0x0000007f       0x80 /uC-Soft/TI/TIRTOS/PDK_AM~1/packages/ti/drv/mmcsd/lib/am335x/a8/release/ti.drv.mmcsd.aa8fg(MMCSD_v1_lld.oa8fg)
 .comment       0x0000007f       0x80 /uC-Soft/TI/TIRTOS/PDK_AM~1/packages/ti/drv/uart/lib/am335x/a8/release/ti.drv.uart.aa8fg(UART_stdio.oa8fg)
 .comment       0x0000007f       0x80 /uC-Soft/TI/TIRTOS/PDK_AM~1/packages/ti/drv/uart/lib/am335x/a8/release/ti.drv.uart.aa8fg(UART_drv.oa8fg)
 .comment       0x0000007f       0x80 /uC-Soft/TI/TIRTOS/PDK_AM~1/packages/ti/drv/uart/lib/am335x/a8/release/ti.drv.uart.aa8fg(UART_soc.oa8fg)
 .comment       0x0000007f       0x80 /uC-Soft/TI/TIRTOS/PDK_AM~1/packages/ti/drv/uart/lib/am335x/a8/release/ti.drv.uart.aa8fg(UART_v1.oa8fg)
 .comment       0x0000007f       0x80 /uC-Soft/TI/TIRTOS/PDK_AM~1/packages/ti/drv/i2c/lib/am335x/a8/release/ti.drv.i2c.aa8fg(I2C_drv.oa8fg)
 .comment       0x0000007f       0x80 /uC-Soft/TI/TIRTOS/PDK_AM~1/packages/ti/drv/i2c/lib/am335x/a8/release/ti.drv.i2c.aa8fg(I2C_soc.oa8fg)
 .comment       0x0000007f       0x80 /uC-Soft/TI/TIRTOS/PDK_AM~1/packages/ti/drv/i2c/lib/am335x/a8/release/ti.drv.i2c.aa8fg(I2C_v1.oa8fg)
 .comment       0x0000007f       0x80 /uC-Soft/TI/TIRTOS/PDK_AM~1/packages/ti/csl/lib/am335x/a8/release/ti.csl.aa8fg(i2c.oa8fg)
 .comment       0x0000007f       0x80 /uC-Soft/TI/TIRTOS/PDK_AM~1/packages/ti/csl/lib/am335x/a8/release/ti.csl.aa8fg(uart.oa8fg)
 .comment       0x0000007f       0x80 /uC-Soft/TI/TIRTOS/PDK_AM~1/packages/ti/osal/lib/nonos/am335x/a8/release/ti.osal.aa8fg(HwiP_nonos.oa8fg)
 .comment       0x0000007f       0x80 /uC-Soft/TI/TIRTOS/PDK_AM~1/packages/ti/osal/lib/nonos/am335x/a8/release/ti.osal.aa8fg(Utils_nonos.oa8fg)
 .comment       0x0000007f       0x80 /uC-Soft/TI/TIRTOS/PDK_AM~1/packages/ti/osal/lib/nonos/am335x/a8/release/ti.osal.aa8fg(SemaphoreP_nonos.oa8fg)
 .comment       0x0000007f       0x80 /uC-Soft/TI/TIRTOS/PDK_AM~1/packages/ti/osal/lib/nonos/am335x/a8/release/ti.osal.aa8fg(RegisterIntr_nonos.oa8fg)
 .comment       0x0000007f       0x80 /uC-Soft/TI/TIRTOS/PDK_AM~1/packages/ti/osal/lib/nonos/am335x/a8/release/ti.osal.aa8fg(Arch_util.oa8fg)
 .comment       0x0000007f       0x80 /uC-Soft/TI/TIRTOS/PDK_AM~1/packages/ti/osal/lib/nonos/am335x/a8/release/ti.osal.aa8fg(delay.oa8fg)
 .comment       0x0000007f       0x80 /uC-Soft/TI/TIRTOS/PDK_AM~1/packages/ti/osal/lib/nonos/am335x/a8/release/ti.osal.aa8fg(MuxIntcP_nonos.oa8fg)
 .comment       0x0000007f       0x80 /uC-Soft/TI/TIRTOS/PDK_AM~1/packages/ti/csl/lib/am335x/a8/release/ti.csl.aa8fg(timer.oa8fg)

.ARM.attributes
                0x00000000       0x35
 .ARM.attributes
                0x00000000       0x35 /uC-Soft/TI/TIRTOS/PDK_AM~1/packages/ti/board/obj/evmAM335x/armv7/mmcsd_main.o
 .ARM.attributes
                0x00000035       0x21 /uC-Soft/TI/TIRTOS/PDK_AM~1/packages/ti/board/obj/evmAM335x/armv7/diag_entry.ao
 .ARM.attributes
                0x00000056       0x35 /uC-Soft/TI/TIRTOS/PDK_AM~1/packages/ti/board/obj/evmAM335x/armv7/intc.o
 .ARM.attributes
                0x0000008b       0x35 /uC-Soft/TI/TIRTOS/PDK_AM~1/packages/ti/board/obj/evmAM335x/armv7/cpu.o
 .ARM.attributes
                0x000000c0       0x35 /uC-Soft/TI/TIRTOS/PDK_AM~1/packages/ti/board/obj/evmAM335x/armv7/diag_common_cfg.o
 .ARM.attributes
                0x000000f5       0x3d /uC-Soft/TI/TIRTOS/PDK_AM~1/packages/ti/board/lib/evmAM335x/a8/release/ti.board.aa8fg(evmAM335x.oa8fg)
 .ARM.attributes
                0x00000132       0x3d /uC-Soft/TI/TIRTOS/PDK_AM~1/packages/ti/board/lib/evmAM335x/a8/release/ti.board.aa8fg(evmAM335x_lld_init.oa8fg)
 .ARM.attributes
                0x0000016f       0x3d /uC-Soft/TI/TIRTOS/PDK_AM~1/packages/ti/board/lib/evmAM335x/a8/release/ti.board.aa8fg(evmAM335x_pinmux.oa8fg)
 .ARM.attributes
                0x000001ac       0x3d /uC-Soft/TI/TIRTOS/PDK_AM~1/packages/ti/board/lib/evmAM335x/a8/release/ti.board.aa8fg(am335x_chipdb.oa8fg)
 .ARM.attributes
                0x000001e9       0x3d /uC-Soft/TI/TIRTOS/PDK_AM~1/packages/ti/board/lib/evmAM335x/a8/release/ti.board.aa8fg(am335x_prcm.oa8fg)
 .ARM.attributes
                0x00000226       0x3d /uC-Soft/TI/TIRTOS/PDK_AM~1/packages/ti/board/lib/evmAM335x/a8/release/ti.board.aa8fg(hw_am335x_chipdb.oa8fg)
 .ARM.attributes
                0x00000263       0x3d /uC-Soft/TI/TIRTOS/PDK_AM~1/packages/ti/board/lib/evmAM335x/a8/release/ti.board.aa8fg(hw_am335x_chipdb_baseaddr.oa8fg)
 .ARM.attributes
                0x000002a0       0x3d /uC-Soft/TI/TIRTOS/PDK_AM~1/packages/ti/board/lib/evmAM335x/a8/release/ti.board.aa8fg(am335x_gpevm_pinmux_data.oa8fg)
 .ARM.attributes
                0x000002dd       0x3d /uC-Soft/TI/TIRTOS/PDK_AM~1/packages/ti/board/lib/evmAM335x/a8/release/ti.board.aa8fg(evmAM335x_info.oa8fg)
 .ARM.attributes
                0x0000031a       0x3d /uC-Soft/TI/TIRTOS/PDK_AM~1/packages/ti/drv/mmcsd/lib/am335x/a8/release/ti.drv.mmcsd.aa8fg(MMCSD_drv.oa8fg)
 .ARM.attributes
                0x00000357       0x3d /uC-Soft/TI/TIRTOS/PDK_AM~1/packages/ti/drv/mmcsd/lib/am335x/a8/release/ti.drv.mmcsd.aa8fg(MMCSD_soc.oa8fg)
 .ARM.attributes
                0x00000394       0x3d /uC-Soft/TI/TIRTOS/PDK_AM~1/packages/ti/drv/mmcsd/lib/am335x/a8/release/ti.drv.mmcsd.aa8fg(MMCSD_v1.oa8fg)
 .ARM.attributes
                0x000003d1       0x3d /uC-Soft/TI/TIRTOS/PDK_AM~1/packages/ti/drv/mmcsd/lib/am335x/a8/release/ti.drv.mmcsd.aa8fg(MMCSD_v1_lld.oa8fg)
 .ARM.attributes
                0x0000040e       0x3d /uC-Soft/TI/TIRTOS/PDK_AM~1/packages/ti/drv/uart/lib/am335x/a8/release/ti.drv.uart.aa8fg(UART_stdio.oa8fg)
 .ARM.attributes
                0x0000044b       0x3d /uC-Soft/TI/TIRTOS/PDK_AM~1/packages/ti/drv/uart/lib/am335x/a8/release/ti.drv.uart.aa8fg(UART_drv.oa8fg)
 .ARM.attributes
                0x00000488       0x3d /uC-Soft/TI/TIRTOS/PDK_AM~1/packages/ti/drv/uart/lib/am335x/a8/release/ti.drv.uart.aa8fg(UART_soc.oa8fg)
 .ARM.attributes
                0x000004c5       0x3d /uC-Soft/TI/TIRTOS/PDK_AM~1/packages/ti/drv/uart/lib/am335x/a8/release/ti.drv.uart.aa8fg(UART_v1.oa8fg)
 .ARM.attributes
                0x00000502       0x3d /uC-Soft/TI/TIRTOS/PDK_AM~1/packages/ti/drv/i2c/lib/am335x/a8/release/ti.drv.i2c.aa8fg(I2C_drv.oa8fg)
 .ARM.attributes
                0x0000053f       0x3d /uC-Soft/TI/TIRTOS/PDK_AM~1/packages/ti/drv/i2c/lib/am335x/a8/release/ti.drv.i2c.aa8fg(I2C_soc.oa8fg)
 .ARM.attributes
                0x0000057c       0x3d /uC-Soft/TI/TIRTOS/PDK_AM~1/packages/ti/drv/i2c/lib/am335x/a8/release/ti.drv.i2c.aa8fg(I2C_v1.oa8fg)
 .ARM.attributes
                0x000005b9       0x3d /uC-Soft/TI/TIRTOS/PDK_AM~1/packages/ti/csl/lib/am335x/a8/release/ti.csl.aa8fg(i2c.oa8fg)
 .ARM.attributes
                0x000005f6       0x3d /uC-Soft/TI/TIRTOS/PDK_AM~1/packages/ti/csl/lib/am335x/a8/release/ti.csl.aa8fg(uart.oa8fg)
 .ARM.attributes
                0x00000633       0x34 e:/uc-soft/ti/tirtos/gcc-arm-none-eabi-6-2017-q1-update/bin/../lib/gcc/arm-none-eabi/6.3.1/../../../../arm-none-eabi/lib/hard\libc.a(lib_a-memset.o)
 .ARM.attributes
                0x00000667       0x3d /uC-Soft/TI/TIRTOS/PDK_AM~1/packages/ti/osal/lib/nonos/am335x/a8/release/ti.osal.aa8fg(HwiP_nonos.oa8fg)
 .ARM.attributes
                0x000006a4       0x3d /uC-Soft/TI/TIRTOS/PDK_AM~1/packages/ti/osal/lib/nonos/am335x/a8/release/ti.osal.aa8fg(Utils_nonos.oa8fg)
 .ARM.attributes
                0x000006e1       0x3d /uC-Soft/TI/TIRTOS/PDK_AM~1/packages/ti/osal/lib/nonos/am335x/a8/release/ti.osal.aa8fg(SemaphoreP_nonos.oa8fg)
 .ARM.attributes
                0x0000071e       0x3d /uC-Soft/TI/TIRTOS/PDK_AM~1/packages/ti/osal/lib/nonos/am335x/a8/release/ti.osal.aa8fg(RegisterIntr_nonos.oa8fg)
 .ARM.attributes
                0x0000075b       0x3d /uC-Soft/TI/TIRTOS/PDK_AM~1/packages/ti/osal/lib/nonos/am335x/a8/release/ti.osal.aa8fg(Arch_util.oa8fg)
 .ARM.attributes
                0x00000798       0x3d /uC-Soft/TI/TIRTOS/PDK_AM~1/packages/ti/osal/lib/nonos/am335x/a8/release/ti.osal.aa8fg(delay.oa8fg)
 .ARM.attributes
                0x000007d5       0x3d /uC-Soft/TI/TIRTOS/PDK_AM~1/packages/ti/osal/lib/nonos/am335x/a8/release/ti.osal.aa8fg(MuxIntcP_nonos.oa8fg)
 .ARM.attributes
                0x00000812       0x3d /uC-Soft/TI/TIRTOS/PDK_AM~1/packages/ti/csl/lib/am335x/a8/release/ti.csl.aa8fg(timer.oa8fg)
 .ARM.attributes
                0x0000084f       0x18 e:/uc-soft/ti/tirtos/gcc-arm-none-eabi-6-2017-q1-update/bin/../lib/gcc/arm-none-eabi/6.3.1/hard\libgcc.a(_udivsi3.o)
 .ARM.attributes
                0x00000867       0x18 e:/uc-soft/ti/tirtos/gcc-arm-none-eabi-6-2017-q1-update/bin/../lib/gcc/arm-none-eabi/6.3.1/hard\libgcc.a(_divsi3.o)
 .ARM.attributes
                0x0000087f       0x18 e:/uc-soft/ti/tirtos/gcc-arm-none-eabi-6-2017-q1-update/bin/../lib/gcc/arm-none-eabi/6.3.1/hard\libgcc.a(_dvmd_tls.o)
 .ARM.attributes
                0x00000897       0x18 e:/uc-soft/ti/tirtos/gcc-arm-none-eabi-6-2017-q1-update/bin/../lib/gcc/arm-none-eabi/6.3.1/hard\libgcc.a(_aeabi_uldivmod.o)
 .ARM.attributes
                0x000008af       0x34 e:/uc-soft/ti/tirtos/gcc-arm-none-eabi-6-2017-q1-update/bin/../lib/gcc/arm-none-eabi/6.3.1/hard\libgcc.a(_udivmoddi4.o)
 .ARM.attributes
                0x000008e3       0x18 e:/uc-soft/ti/tirtos/gcc-arm-none-eabi-6-2017-q1-update/bin/../lib/gcc/arm-none-eabi/6.3.1/hard\libgcc.a(_clzdi2.o)
 .ARM.attributes
                0x000008fb       0x18 e:/uc-soft/ti/tirtos/gcc-arm-none-eabi-6-2017-q1-update/bin/../lib/gcc/arm-none-eabi/6.3.1/hard\libgcc.a(_clzsi2.o)

.debug_frame    0x00000000      0x308
 .debug_frame   0x00000000       0x40 /uC-Soft/TI/TIRTOS/PDK_AM~1/packages/ti/board/obj/evmAM335x/armv7/mmcsd_main.o
 .debug_frame   0x00000040      0x100 /uC-Soft/TI/TIRTOS/PDK_AM~1/packages/ti/board/obj/evmAM335x/armv7/intc.o
 .debug_frame   0x00000140       0x80 /uC-Soft/TI/TIRTOS/PDK_AM~1/packages/ti/board/obj/evmAM335x/armv7/cpu.o
 .debug_frame   0x000001c0       0x64 /uC-Soft/TI/TIRTOS/PDK_AM~1/packages/ti/board/obj/evmAM335x/armv7/diag_common_cfg.o
 .debug_frame   0x00000224       0x30 e:/uc-soft/ti/tirtos/gcc-arm-none-eabi-6-2017-q1-update/bin/../lib/gcc/arm-none-eabi/6.3.1/../../../../arm-none-eabi/lib/hard\libc.a(lib_a-memset.o)
 .debug_frame   0x00000254       0x20 e:/uc-soft/ti/tirtos/gcc-arm-none-eabi-6-2017-q1-update/bin/../lib/gcc/arm-none-eabi/6.3.1/hard\libgcc.a(_udivsi3.o)
 .debug_frame   0x00000274       0x20 e:/uc-soft/ti/tirtos/gcc-arm-none-eabi-6-2017-q1-update/bin/../lib/gcc/arm-none-eabi/6.3.1/hard\libgcc.a(_divsi3.o)
 .debug_frame   0x00000294       0x2c e:/uc-soft/ti/tirtos/gcc-arm-none-eabi-6-2017-q1-update/bin/../lib/gcc/arm-none-eabi/6.3.1/hard\libgcc.a(_aeabi_uldivmod.o)
 .debug_frame   0x000002c0       0x48 e:/uc-soft/ti/tirtos/gcc-arm-none-eabi-6-2017-q1-update/bin/../lib/gcc/arm-none-eabi/6.3.1/hard\libgcc.a(_udivmoddi4.o)
