Archive member included to satisfy reference by file (symbol)

E:/uC-Soft/TI/TIRTOS/PDK_AM~1/packages/ti/starterware/binary/examples/example_utils/lib/am335x-evm/a8/debug/gcc\libexample_utils.a(example_utils_mmu.o)
                              E:/uC-Soft/TI/TIRTOS/PDK_AM~1/packages/ti/starterware/binary/uart_app_echo/obj/am335x-evm/a8host/debug/gcc/echo_app_main.o (MMUConfigAndEnable)
E:/uC-Soft/TI/TIRTOS/PDK_AM~1/packages/ti/starterware/binary/examples/example_utils/lib/am335x-evm/a8/debug/gcc\libexample_utils.a(dma_utils.o)
                              E:/uC-Soft/TI/TIRTOS/PDK_AM~1/packages/ti/starterware/binary/uart_app_echo/obj/am335x-evm/a8host/debug/gcc/uart_app.o (DMAUtilsDataXferConfig)
E:/uC-Soft/TI/TIRTOS/PDK_AM~1/packages/ti/starterware/binary/examples/example_utils/lib/am335x-evm/a8/debug/gcc\libexample_utils.a(edma_utils.o)
                              E:/uC-Soft/TI/TIRTOS/PDK_AM~1/packages/ti/starterware/binary/examples/example_utils/lib/am335x-evm/a8/debug/gcc\libexample_utils.a(dma_utils.o) (EDMAUtilsInit)
E:/uC-Soft/TI/TIRTOS/PDK_AM~1/packages/ti/starterware/binary/board/lib/am335x-evm/a8/debug/gcc\libboard.a(board.o)
                              E:/uC-Soft/TI/TIRTOS/PDK_AM~1/packages/ti/starterware/binary/uart_app_echo/obj/am335x-evm/a8host/debug/gcc/echo_app_main.o (BOARDInit)
E:/uC-Soft/TI/TIRTOS/PDK_AM~1/packages/ti/starterware/binary/board/lib/am335x-evm/a8/debug/gcc\libboard.a(dcard.o)
                              E:/uC-Soft/TI/TIRTOS/PDK_AM~1/packages/ti/starterware/binary/board/lib/am335x-evm/a8/debug/gcc\libboard.a(board.o) (DCARDIsDevPresent)
E:/uC-Soft/TI/TIRTOS/PDK_AM~1/packages/ti/starterware/binary/board/lib/am335x-evm/a8/debug/gcc\libboard.a(platform.o)
                              E:/uC-Soft/TI/TIRTOS/PDK_AM~1/packages/ti/starterware/binary/board/lib/am335x-evm/a8/debug/gcc\libboard.a(board.o) (PLATFORMGetId)
E:/uC-Soft/TI/TIRTOS/PDK_AM~1/packages/ti/starterware/binary/board/lib/am335x-evm/a8/debug/gcc\libboard.a(pinmux.o)
                              E:/uC-Soft/TI/TIRTOS/PDK_AM~1/packages/ti/starterware/binary/uart_app_echo/obj/am335x-evm/a8host/debug/gcc/uart_app.o (PINMUXModuleConfig)
E:/uC-Soft/TI/TIRTOS/PDK_AM~1/packages/ti/starterware/binary/board/lib/am335x-evm/a8/debug/gcc\libboard.a(board_am335x.o)
                              E:/uC-Soft/TI/TIRTOS/PDK_AM~1/packages/ti/starterware/binary/board/lib/am335x-evm/a8/debug/gcc\libboard.a(board.o) (BoardAm335xInit)
E:/uC-Soft/TI/TIRTOS/PDK_AM~1/packages/ti/starterware/binary/board/lib/am335x-evm/a8/debug/gcc\libboard.a(dcard_am335x.o)
                              E:/uC-Soft/TI/TIRTOS/PDK_AM~1/packages/ti/starterware/binary/board/lib/am335x-evm/a8/debug/gcc\libboard.a(dcard.o) (DCardAm335xInit)
E:/uC-Soft/TI/TIRTOS/PDK_AM~1/packages/ti/starterware/binary/board/lib/am335x-evm/a8/debug/gcc\libboard.a(am335x_gpevm.o)
                              E:/uC-Soft/TI/TIRTOS/PDK_AM~1/packages/ti/starterware/binary/board/lib/am335x-evm/a8/debug/gcc\libboard.a(board_am335x.o) (gBoardAm335xGpevmData)
E:/uC-Soft/TI/TIRTOS/PDK_AM~1/packages/ti/starterware/binary/board/lib/am335x-evm/a8/debug/gcc\libboard.a(am335x_evmsk.o)
                              E:/uC-Soft/TI/TIRTOS/PDK_AM~1/packages/ti/starterware/binary/board/lib/am335x-evm/a8/debug/gcc\libboard.a(board_am335x.o) (gBoardAm335xEvmskData)
E:/uC-Soft/TI/TIRTOS/PDK_AM~1/packages/ti/starterware/binary/board/lib/am335x-evm/a8/debug/gcc\libboard.a(am335x_beaglebone.o)
                              E:/uC-Soft/TI/TIRTOS/PDK_AM~1/packages/ti/starterware/binary/board/lib/am335x-evm/a8/debug/gcc\libboard.a(board_am335x.o) (gBoardAm335xBeagleboneData)
E:/uC-Soft/TI/TIRTOS/PDK_AM~1/packages/ti/starterware/binary/board/lib/am335x-evm/a8/debug/gcc\libboard.a(am335x_beagleboneblack.o)
                              E:/uC-Soft/TI/TIRTOS/PDK_AM~1/packages/ti/starterware/binary/board/lib/am335x-evm/a8/debug/gcc\libboard.a(board_am335x.o) (gBoardAm335xBeagleboneblackData)
E:/uC-Soft/TI/TIRTOS/PDK_AM~1/packages/ti/starterware/binary/board/lib/am335x-evm/a8/debug/gcc\libboard.a(am335x_icev1.o)
                              E:/uC-Soft/TI/TIRTOS/PDK_AM~1/packages/ti/starterware/binary/board/lib/am335x-evm/a8/debug/gcc\libboard.a(board_am335x.o) (gBoardAm335xIceV1Data)
E:/uC-Soft/TI/TIRTOS/PDK_AM~1/packages/ti/starterware/binary/board/lib/am335x-evm/a8/debug/gcc\libboard.a(am335x_icev2.o)
                              E:/uC-Soft/TI/TIRTOS/PDK_AM~1/packages/ti/starterware/binary/board/lib/am335x-evm/a8/debug/gcc\libboard.a(board_am335x.o) (gBoardAm335xIceV2Data)
E:/uC-Soft/TI/TIRTOS/PDK_AM~1/packages/ti/starterware/binary/board/lib/am335x-evm/a8/debug/gcc\libboard.a(am335x_amic110.o)
                              E:/uC-Soft/TI/TIRTOS/PDK_AM~1/packages/ti/starterware/binary/board/lib/am335x-evm/a8/debug/gcc\libboard.a(board_am335x.o) (gBoardAm335xAMIC110Data)
E:/uC-Soft/TI/TIRTOS/PDK_AM~1/packages/ti/starterware/binary/board/lib/am335x-evm/a8/debug/gcc\libboard.a(am335x_custom.o)
[...]
Memory Configuration

Name             Origin             Length             Attributes
DDR0             0x80000000         0x10000000
OCMCRAM          0x40300000         0x00040000
*default*        0x00000000         0xffffffff

Linker script and memory map

LOAD e:/uc-soft/ti/tirtos/gcc-arm-none-eabi-6-2017-q1-update/bin/../lib/gcc/arm-none-eabi/6.3.1/hard/crti.o
LOAD e:/uc-soft/ti/tirtos/gcc-arm-none-eabi-6-2017-q1-update/bin/../lib/gcc/arm-none-eabi/6.3.1/hard/crtbegin.o
LOAD e:/uc-soft/ti/tirtos/gcc-arm-none-eabi-6-2017-q1-update/bin/../lib/gcc/arm-none-eabi/6.3.1/../../../../arm-none-eabi/lib/hard/crt0.o
LOAD E:/uC-Soft/TI/TIRTOS/PDK_AM~1/packages/ti/starterware/binary/uart_app_echo/obj/am335x-evm/a8host/debug/gcc/uart_app.o
LOAD E:/uC-Soft/TI/TIRTOS/PDK_AM~1/packages/ti/starterware/binary/uart_app_echo/obj/am335x-evm/a8host/debug/gcc/echo_app_main.o

.startcode      0x80000000       0xb4
                0x80000000                . = ALIGN (0x4)
 *init.o(.text)
 .text          0x80000000       0xb4 E:/uC-Soft/TI/TIRTOS/PDK_AM~1/packages/ti/starterware/binary/soc/lib/am335x-evm/a8/debug/gcc\libsoc.a(init.o)
                0x80000000                Entry

.text           0x800000b8     0xada4
                0x800000b8                . = ALIGN (0x4)
 *(.text*)
 .text.UARTAppInit
                0x800000b8      0x134 E:/uC-Soft/TI/TIRTOS/PDK_AM~1/packages/ti/starterware/binary/uart_app_echo/obj/am335x-evm/a8host/debug/gcc/uart_app.o
                0x800000b8                UARTAppInit
 .text.UartAppSetBaudRate
                0x800001ec       0x44 E:/uC-Soft/TI/TIRTOS/PDK_AM~1/packages/ti/starterware/binary/uart_app_echo/obj/am335x-evm/a8host/debug/gcc/uart_app.o
 .text.UartAppLineCharacteristicConfig
                0x80000230       0x60 E:/uC-Soft/TI/TIRTOS/PDK_AM~1/packages/ti/starterware/binary/uart_app_echo/obj/am335x-evm/a8host/debug/gcc/uart_app.o
 .text.UartAppFifoConfig
                0x80000290       0x74 E:/uC-Soft/TI/TIRTOS/PDK_AM~1/packages/ti/starterware/binary/uart_app_echo/obj/am335x-evm/a8host/debug/gcc/uart_app.o
 .text.UartAppIntrConfig
                0x80000304       0xd4 E:/uC-Soft/TI/TIRTOS/PDK_AM~1/packages/ti/starterware/binary/uart_app_echo/obj/am335x-evm/a8host/debug/gcc/uart_app.o
 .text.UartAppIsr
                0x800003d8      0x108 E:/uC-Soft/TI/TIRTOS/PDK_AM~1/packages/ti/starterware/binary/uart_app_echo/obj/am335x-evm/a8host/debug/gcc/uart_app.o
 .text.main     0x800004e0      0x118 E:/uC-Soft/TI/TIRTOS/PDK_AM~1/packages/ti/starterware/binary/uart_app_echo/obj/am335x-evm/a8host/debug/gcc/echo_app_main.o
                0x800004e0                main
 .text.UartAppBoardInfoGet
                0x800005f8       0x48 E:/uC-Soft/TI/TIRTOS/PDK_AM~1/packages/ti/starterware/binary/uart_app_echo/obj/am335x-evm/a8host/debug/gcc/echo_app_main.o
 .text.UartAppSocInfoGet
                0x80000640      0x228 E:/uC-Soft/TI/TIRTOS/PDK_AM~1/packages/ti/starterware/binary/uart_app_echo/obj/am335x-evm/a8host/debug/gcc/echo_app_main.o
 .text.UartAppEcho
                0x80000868       0xe4 E:/uC-Soft/TI/TIRTOS/PDK_AM~1/packages/ti/starterware/binary/uart_app_echo/obj/am335x-evm/a8host/debug/gcc/echo_app_main.o
 .text.MMUConfigAndEnable
                0x8000094c       0xd0 E:/uC-Soft/TI/TIRTOS/PDK_AM~1/packages/ti/starterware/binary/examples/example_utils/lib/am335x-evm/a8/debug/gcc\libexample_utils.a(example_utils_mmu.o)
                0x8000094c                MMUConfigAndEnable
 .text.BOARDInit
                0x80000a1c       0xf8 E:/uC-Soft/TI/TIRTOS/PDK_AM~1/packages/ti/starterware/binary/board/lib/am335x-evm/a8/debug/gcc\libboard.a(board.o)
                0x80000a1c                BOARDInit
 .text.BOARDGetData
                0x80000b14       0x54 E:/uC-Soft/TI/TIRTOS/PDK_AM~1/packages/ti/starterware/binary/board/lib/am335x-evm/a8/debug/gcc\libboard.a(board.o)
                0x80000b14                BOARDGetData
 .text.BOARDGetDeviceCtrlModInstNum
                0x80000b68       0xdc E:/uC-Soft/TI/TIRTOS/PDK_AM~1/packages/ti/starterware/binary/board/lib/am335x-evm/a8/debug/gcc\libboard.a(board.o)
                0x80000b68                BOARDGetDeviceCtrlModInstNum
 .text.DCARDGetDCardList
                0x80000c44       0x4c E:/uC-Soft/TI/TIRTOS/PDK_AM~1/packages/ti/starterware/binary/board/lib/am335x-evm/a8/debug/gcc\libboard.a(dcard.o)
                0x80000c44                DCARDGetDCardList
 .text.DCARDGetRevStr
                0x80000c90       0x50 E:/uC-Soft/TI/TIRTOS/PDK_AM~1/packages/ti/starterware/binary/board/lib/am335x-evm/a8/debug/gcc\libboard.a(dcard.o)
                0x80000c90                DCARDGetRevStr
 .text.DCARDGetData
                0x80000ce0       0x70 E:/uC-Soft/TI/TIRTOS/PDK_AM~1/packages/ti/starterware/binary/board/lib/am335x-evm/a8/debug/gcc\libboard.a(dcard.o)
                0x80000ce0                DCARDGetData
 .text.DCARDGetRevTable
                0x80000d50       0x40 E:/uC-Soft/TI/TIRTOS/PDK_AM~1/packages/ti/starterware/binary/board/lib/am335x-evm/a8/debug/gcc\libboard.a(dcard.o)
                0x80000d50                DCARDGetRevTable
 .text.PLATFORMGetId
                0x80000d90       0x30 E:/uC-Soft/TI/TIRTOS/PDK_AM~1/packages/ti/starterware/binary/board/lib/am335x-evm/a8/debug/gcc\libboard.a(platform.o)
                0x80000d90                PLATFORMGetId
 .text.HW_WR_REG32
                0x80000dc0       0x34 E:/uC-Soft/TI/TIRTOS/PDK_AM~1/packages/ti/starterware/binary/board/lib/am335x-evm/a8/debug/gcc\libboard.a(pinmux.o)
 .text.PINMUXModuleConfig
                0x80000df4      0x30c E:/uC-Soft/TI/TIRTOS/PDK_AM~1/packages/ti/starterware/binary/board/lib/am335x-evm/a8/debug/gcc\libboard.a(pinmux.o)
                0x80000df4                PINMUXModuleConfig
 .text.BoardAm335xInit
                0x80001100       0xdc E:/uC-Soft/TI/TIRTOS/PDK_AM~1/packages/ti/starterware/binary/board/lib/am335x-evm/a8/debug/gcc\libboard.a(board_am335x.o)
                0x80001100                BoardAm335xInit
 .text.BoardGetIdAm335x
                0x800011dc      0x378 E:/uC-Soft/TI/TIRTOS/PDK_AM~1/packages/ti/starterware/binary/board/lib/am335x-evm/a8/debug/gcc\libboard.a(board_am335x.o)
                0x800011dc                BoardGetIdAm335x
 .text.BoardGetI2cDataAm335x
                0x80001554       0x20 E:/uC-Soft/TI/TIRTOS/PDK_AM~1/packages/ti/starterware/binary/board/lib/am335x-evm/a8/debug/gcc\libboard.a(board_am335x.o)
                0x80001554                BoardGetI2cDataAm335x
 .text.BoardGetDataAm335x
                0x80001574       0x4c E:/uC-Soft/TI/TIRTOS/PDK_AM~1/packages/ti/starterware/binary/board/lib/am335x-evm/a8/debug/gcc\libboard.a(board_am335x.o)
                0x80001574                BoardGetDataAm335x
 .text.DCardAm335xGetDCardList
                0x800015c0       0x20 E:/uC-Soft/TI/TIRTOS/PDK_AM~1/packages/ti/starterware/binary/board/lib/am335x-evm/a8/debug/gcc\libboard.a(dcard_am335x.o)
                0x800015c0                DCardAm335xGetDCardList
 .text.BoardAm335xGpevmLcdDevicePowerOn
                0x800015e0      0x164 E:/uC-Soft/TI/TIRTOS/PDK_AM~1/packages/ti/starterware/binary/board/lib/am335x-evm/a8/debug/gcc\libboard.a(am335x_gpevm.o)
                0x800015e0                BoardAm335xGpevmLcdDevicePowerOn
 .text.BoardAm335xGpevmGetLcdDevData
                0x80001744       0x64 E:/uC-Soft/TI/TIRTOS/PDK_AM~1/packages/ti/starterware/binary/board/lib/am335x-evm/a8/debug/gcc\libboard.a(am335x_gpevm.o)
                0x80001744                BoardAm335xGpevmGetLcdDevData
 .text.BoardAm335xGpevmLcdUpdnPinControl
                0x800017a8      0x1e8 E:/uC-Soft/TI/TIRTOS/PDK_AM~1/packages/ti/starterware/binary/board/lib/am335x-evm/a8/debug/gcc\libboard.a(am335x_gpevm.o)
                0x800017a8                BoardAm335xGpevmLcdUpdnPinControl
 .text.BoardAm335xGpevmGpioCfg
                0x80001990       0xb8 E:/uC-Soft/TI/TIRTOS/PDK_AM~1/packages/ti/starterware/binary/board/lib/am335x-evm/a8/debug/gcc\libboard.a(am335x_gpevm.o)
                0x80001990                BoardAm335xGpevmGpioCfg
 .text.BoardAm335xBBBPowerOnDCardDev
                0x80001a48      0x100 E:/uC-Soft/TI/TIRTOS/PDK_AM~1/packages/ti/starterware/binary/board/lib/am335x-evm/a8/debug/gcc\libboard.a(am335x_beagleboneblack.o)
                0x80001a48                BoardAm335xBBBPowerOnDCardDev
 .text.BoardAm335xBBBGetLcdDevData
                0x80001b48       0x64 E:/uC-Soft/TI/TIRTOS/PDK_AM~1/packages/ti/starterware/binary/board/lib/am335x-evm/a8/debug/gcc\libboard.a(am335x_beagleboneblack.o)
                0x80001b48                BoardAm335xBBBGetLcdDevData
 .text.BoardAm335xBBBLcdBacklightEnable
                0x80001bac       0xe0 E:/uC-Soft/TI/TIRTOS/PDK_AM~1/packages/ti/starterware/binary/board/lib/am335x-evm/a8/debug/gcc\libboard.a(am335x_beagleboneblack.o)
                0x80001bac                BoardAm335xBBBLcdBacklightEnable
 .text.BoardAm335xBBBLcdAvddEnable
                0x80001c8c       0xe0 E:/uC-Soft/TI/TIRTOS/PDK_AM~1/packages/ti/starterware/binary/board/lib/am335x-evm/a8/debug/gcc\libboard.a(am335x_beagleboneblack.o)
                0x80001c8c                BoardAm335xBBBLcdAvddEnable
 .text.BoardAm335xBBBGpioCfg
                0x80001d6c       0xb8 E:/uC-Soft/TI/TIRTOS/PDK_AM~1/packages/ti/starterware/binary/board/lib/am335x-evm/a8/debug/gcc\libboard.a(am335x_beagleboneblack.o)
                0x80001d6c                BoardAm335xBBBGpioCfg
 .text.BoardAm335xIceV2PhySetupAndReset
                0x80001e24      0x394 E:/uC-Soft/TI/TIRTOS/PDK_AM~1/packages/ti/starterware/binary/board/lib/am335x-evm/a8/debug/gcc\libboard.a(am335x_icev2.o)
                0x80001e24                BoardAm335xIceV2PhySetupAndReset
 .text.BoardAm335xAMIC110PhySetupAndReset
                0x800021b8      0x394 E:/uC-Soft/TI/TIRTOS/PDK_AM~1/packages/ti/starterware/binary/board/lib/am335x-evm/a8/debug/gcc\libboard.a(am335x_amic110.o)
                0x800021b8                BoardAm335xAMIC110PhySetupAndReset
 .text.DCardAm335xLCD4GetEepromOffset
                0x8000254c       0x54 E:/uC-Soft/TI/TIRTOS/PDK_AM~1/packages/ti/starterware/binary/board/lib/am335x-evm/a8/debug/gcc\libboard.a(am335x_lcd4_dcard.o)
                0x8000254c                DCardAm335xLCD4GetEepromOffset
 .text.DCardAm335xLCD4GetEepromOffsetSize
                0x800025a0       0x1c E:/uC-Soft/TI/TIRTOS/PDK_AM~1/packages/ti/starterware/binary/board/lib/am335x-evm/a8/debug/gcc\libboard.a(am335x_lcd4_dcard.o)
                0x800025a0                DCardAm335xLCD4GetEepromOffsetSize
 .text.CONSOLEUtilsPuts
                0x800025bc       0x68 E:/uC-Soft/TI/TIRTOS/PDK_AM~1/packages/ti/starterware/binary/utils/lib/am335x-evm/a8/debug/gcc\libutils.a(console_utils.o)
                0x800025bc                CONSOLEUtilsPuts
 .text.CONSOLEUtilsPrintf
                0x80002624       0x7c E:/uC-Soft/TI/TIRTOS/PDK_AM~1/packages/ti/starterware/binary/utils/lib/am335x-evm/a8/debug/gcc\libutils.a(console_utils.o)
                0x80002624                CONSOLEUtilsPrintf
 .text.HW_RD_REG32
                0x800026a0       0x34 E:/uC-Soft/TI/TIRTOS/PDK_AM~1/packages/ti/starterware/binary/utils/lib/am335x-evm/a8/debug/gcc\libutils.a(i2c_utils.o)
 .text.HW_WR_REG32
                0x800026d4       0x34 E:/uC-Soft/TI/TIRTOS/PDK_AM~1/packages/ti/starterware/binary/utils/lib/am335x-evm/a8/debug/gcc\libutils.a(i2c_utils.o)
 .text.I2CUtilsInit
                0x80002708      0x21c E:/uC-Soft/TI/TIRTOS/PDK_AM~1/packages/ti/starterware/binary/utils/lib/am335x-evm/a8/debug/gcc\libutils.a(i2c_utils.o)
                0x80002708                I2CUtilsInit
 .text.I2CUtilsWrite
                0x80002924      0x1c8 E:/uC-Soft/TI/TIRTOS/PDK_AM~1/packages/ti/starterware/binary/utils/lib/am335x-evm/a8/debug/gcc\libutils.a(i2c_utils.o)
                0x80002924                I2CUtilsWrite
 .text.I2CUtilsRead
                0x80002aec      0x1cc E:/uC-Soft/TI/TIRTOS/PDK_AM~1/packages/ti/starterware/binary/utils/lib/am335x-evm/a8/debug/gcc\libutils.a(i2c_utils.o)
                0x80002aec                I2CUtilsRead
 .text.I2cUtilsCtrlInit
                0x80002cb8      0x190 E:/uC-Soft/TI/TIRTOS/PDK_AM~1/packages/ti/starterware/binary/utils/lib/am335x-evm/a8/debug/gcc\libutils.a(i2c_utils.o)
 .text.I2cUtilsTransceive
                0x80002e48      0x864 E:/uC-Soft/TI/TIRTOS/PDK_AM~1/packages/ti/starterware/binary/utils/lib/am335x-evm/a8/debug/gcc\libutils.a(i2c_utils.o)
 .text.I2cUtilsStatusCheck
                0x800036ac       0xe8 E:/uC-Soft/TI/TIRTOS/PDK_AM~1/packages/ti/starterware/binary/utils/lib/am335x-evm/a8/debug/gcc\libutils.a(i2c_utils.o)
 .text.I2cUtilsPinmuxConfig
                0x80003794       0xf0 E:/uC-Soft/TI/TIRTOS/PDK_AM~1/packages/ti/starterware/binary/utils/lib/am335x-evm/a8/debug/gcc\libutils.a(i2c_utils.o)
 .text.I2cUtilsModuleClockConfig
                0x80003884       0x84 E:/uC-Soft/TI/TIRTOS/PDK_AM~1/packages/ti/starterware/binary/utils/lib/am335x-evm/a8/debug/gcc\libutils.a(i2c_utils.o)
 .text.I2cUtilsParamsValidate
                0x80003908       0xcc E:/uC-Soft/TI/TIRTOS/PDK_AM~1/packages/ti/starterware/binary/utils/lib/am335x-evm/a8/debug/gcc\libutils.a(i2c_utils.o)
 .text.I2cUtilsUpdateInfo
                0x800039d4       0x40 E:/uC-Soft/TI/TIRTOS/PDK_AM~1/packages/ti/starterware/binary/utils/lib/am335x-evm/a8/debug/gcc\libutils.a(i2c_utils.o)
 .text.I2C1ModuleClkConfig
                0x80003a14       0xd4 E:/uC-Soft/TI/TIRTOS/PDK_AM~1/packages/ti/starterware/binary/utils/lib/am335x-evm/a8/debug/gcc\libutils.a(i2c_utils.o)
                0x80003a14                I2C1ModuleClkConfig
 .text.I2C0ModuleClkConfig
                0x80003ae8       0xfc E:/uC-Soft/TI/TIRTOS/PDK_AM~1/packages/ti/starterware/binary/utils/lib/am335x-evm/a8/debug/gcc\libutils.a(i2c_utils.o)
                0x80003ae8                I2C0ModuleClkConfig
 .text.I2C2ModuleClkConfig
                0x80003be4      0x134 E:/uC-Soft/TI/TIRTOS/PDK_AM~1/packages/ti/starterware/binary/utils/lib/am335x-evm/a8/debug/gcc\libutils.a(i2c_utils.o)
                0x80003be4                I2C2ModuleClkConfig
 .text.TIMEGetTimeStamp
                0x80003d18       0x28 E:/uC-Soft/TI/TIRTOS/PDK_AM~1/packages/ti/starterware/binary/utils/lib/am335x-evm/a8/debug/gcc\libutils.a(time_utils.o)
                0x80003d18                TIMEGetTimeStamp
 .text.DELAYMsec
                0x80003d40       0x98 E:/uC-Soft/TI/TIRTOS/PDK_AM~1/packages/ti/starterware/binary/utils/lib/am335x-evm/a8/debug/gcc\libutils.a(time_utils.o)
                0x80003d40                DELAYMsec
 .text.TIMERUtilGetTimeStamp
                0x80003dd8      0x128 E:/uC-Soft/TI/TIRTOS/PDK_AM~1/packages/ti/starterware/binary/utils/lib/am335x-evm/a8/debug/gcc\libutils.a(dmtimer_utils.o)
                0x80003dd8                TIMERUtilGetTimeStamp
 .text.CONSOLEUtilsUartPutChar
                0x80003f00      0x174 E:/uC-Soft/TI/TIRTOS/PDK_AM~1/packages/ti/starterware/binary/utils/lib/am335x-evm/a8/debug/gcc\libutils.a(console_utils_uart.o)
                0x80003f00                CONSOLEUtilsUartPutChar
 .text.CONSOLEUtilsUartPutStr
                0x80004074       0xa8 E:/uC-Soft/TI/TIRTOS/PDK_AM~1/packages/ti/starterware/binary/utils/lib/am335x-evm/a8/debug/gcc\libutils.a(console_utils_uart.o)
                0x80004074                CONSOLEUtilsUartPutStr
 .text.CONSOLEUtilsUartPrintFmt
                0x8000411c      0xfe0 E:/uC-Soft/TI/TIRTOS/PDK_AM~1/packages/ti/starterware/binary/utils/lib/am335x-evm/a8/debug/gcc\libutils.a(console_utils_uart.o)
                0x8000411c                CONSOLEUtilsUartPrintFmt
 .text.SOCGetSocFamilyId
                0x800050fc       0x30 E:/uC-Soft/TI/TIRTOS/PDK_AM~1/packages/ti/starterware/binary/soc/lib/am335x-evm/a8/debug/gcc\libsoc.a(soc.o)
                0x800050fc                SOCGetSocFamilyId
 .text.start_boot
                0x8000512c       0x24 E:/uC-Soft/TI/TIRTOS/PDK_AM~1/packages/ti/starterware/binary/soc/lib/am335x-evm/a8/debug/gcc\libsoc.a(startup.o)
                0x8000512c                start_boot
 .text.CopyVectorTable
                0x80005150       0xbc E:/uC-Soft/TI/TIRTOS/PDK_AM~1/packages/ti/starterware/binary/soc/lib/am335x-evm/a8/debug/gcc\libsoc.a(startup.o)
 .text.HW_RD_REG32
                0x8000520c       0x34 E:/uC-Soft/TI/TIRTOS/PDK_AM~1/packages/ti/starterware/binary/soc/lib/am335x-evm/a8/debug/gcc\libsoc.a(am335x_chipdb.o)
 .text.CHIPDBIsResourcePresent
                0x80005240      0x140 E:/uC-Soft/TI/TIRTOS/PDK_AM~1/packages/ti/starterware/binary/soc/lib/am335x-evm/a8/debug/gcc\libsoc.a(am335x_chipdb.o)
                0x80005240                CHIPDBIsResourcePresent
 .text.CHIPDBSecurityLevel
                0x80005380       0x20 E:/uC-Soft/TI/TIRTOS/PDK_AM~1/packages/ti/starterware/binary/soc/lib/am335x-evm/a8/debug/gcc\libsoc.a(am335x_chipdb.o)
                0x80005380                CHIPDBSecurityLevel
 .text.CHIPDBBaseAddress
                0x800053a0       0x78 E:/uC-Soft/TI/TIRTOS/PDK_AM~1/packages/ti/starterware/binary/soc/lib/am335x-evm/a8/debug/gcc\libsoc.a(am335x_chipdb.o)
                0x800053a0                CHIPDBBaseAddress
 .text.ChipDBReadBasePNEncoding
                0x80005418       0x1c E:/uC-Soft/TI/TIRTOS/PDK_AM~1/packages/ti/starterware/binary/soc/lib/am335x-evm/a8/debug/gcc\libsoc.a(am335x_chipdb.o)
 .text.ChipDBReadSecurityLevel
                0x80005434       0xcc E:/uC-Soft/TI/TIRTOS/PDK_AM~1/packages/ti/starterware/binary/soc/lib/am335x-evm/a8/debug/gcc\libsoc.a(am335x_chipdb.o)
 .text.CHIPDBIsSecureModule
                0x80005500       0x64 E:/uC-Soft/TI/TIRTOS/PDK_AM~1/packages/ti/starterware/binary/soc/lib/am335x-evm/a8/debug/gcc\libsoc.a(hw_am335x_chipdb.o)
                0x80005500                CHIPDBIsSecureModule
 .text.HW_RD_REG32
                0x80005564       0x34 E:/uC-Soft/TI/TIRTOS/PDK_AM~1/packages/ti/starterware/binary/soc/lib/am335x-evm/a8/debug/gcc\libsoc.a(intc.o)
 .text.HW_WR_REG32
                0x80005598       0x34 E:/uC-Soft/TI/TIRTOS/PDK_AM~1/packages/ti/starterware/binary/soc/lib/am335x-evm/a8/debug/gcc\libsoc.a(intc.o)
 .text.INTCInit
                0x800055cc       0xd0 E:/uC-Soft/TI/TIRTOS/PDK_AM~1/packages/ti/starterware/binary/soc/lib/am335x-evm/a8/debug/gcc\libsoc.a(intc.o)
                0x800055cc                INTCInit
 .text.INTCConfigIntr
                0x8000569c      0x120 E:/uC-Soft/TI/TIRTOS/PDK_AM~1/packages/ti/starterware/binary/soc/lib/am335x-evm/a8/debug/gcc\libsoc.a(intc.o)
                0x8000569c                INTCConfigIntr
 .text.INTCCommonIntrHandler
                0x800057bc      0x110 E:/uC-Soft/TI/TIRTOS/PDK_AM~1/packages/ti/starterware/binary/soc/lib/am335x-evm/a8/debug/gcc\libsoc.a(intc.o)
                0x800057bc                INTCCommonIntrHandler
 .text.IntDefaultHandler
                0x800058cc       0x54 E:/uC-Soft/TI/TIRTOS/PDK_AM~1/packages/ti/starterware/binary/soc/lib/am335x-evm/a8/debug/gcc\libsoc.a(intc.o)
 .text.CACHEEnable
                0x80005920       0x84 E:/uC-Soft/TI/TIRTOS/PDK_AM~1/packages/ti/starterware/binary/soc/lib/am335x-evm/a8/debug/gcc\libsoc.a(cache_arm.o)
                0x80005920                CACHEEnable
 .text.MMUInit  0x800059a4       0x84 E:/uC-Soft/TI/TIRTOS/PDK_AM~1/packages/ti/starterware/binary/soc/lib/am335x-evm/a8/debug/gcc\libsoc.a(mmu_arm.o)
                0x800059a4                MMUInit
 .text.MMUMemRegionMap
                0x80005a28      0x290 E:/uC-Soft/TI/TIRTOS/PDK_AM~1/packages/ti/starterware/binary/soc/lib/am335x-evm/a8/debug/gcc\libsoc.a(mmu_arm.o)
                0x80005a28                MMUMemRegionMap
 .text.MMUEnable
                0x80005cb8       0x3c E:/uC-Soft/TI/TIRTOS/PDK_AM~1/packages/ti/starterware/binary/soc/lib/am335x-evm/a8/debug/gcc\libsoc.a(mmu_arm.o)
                0x80005cb8                MMUEnable
 .text.HW_RD_REG32
                0x80005cf4       0x34 E:/uC-Soft/TI/TIRTOS/PDK_AM~1/packages/ti/starterware/binary/soc/lib/am335x-evm/a8/debug/gcc\libsoc.a(am335x_prcm.o)
 .text.HW_WR_REG32
                0x80005d28       0x34 E:/uC-Soft/TI/TIRTOS/PDK_AM~1/packages/ti/starterware/binary/soc/lib/am335x-evm/a8/debug/gcc\libsoc.a(am335x_prcm.o)
 .text.enableModule
                0x80005d5c       0xe0 E:/uC-Soft/TI/TIRTOS/PDK_AM~1/packages/ti/starterware/binary/soc/lib/am335x-evm/a8/debug/gcc\libsoc.a(am335x_prcm.o)
                0x80005d5c                enableModule
 .text.PRCMModuleEnable
                0x80005e3c      0x904 E:/uC-Soft/TI/TIRTOS/PDK_AM~1/packages/ti/starterware/binary/soc/lib/am335x-evm/a8/debug/gcc\libsoc.a(am335x_prcm.o)
                0x80005e3c                PRCMModuleEnable
 .text          0x80006740      0x488 E:/uC-Soft/TI/TIRTOS/PDK_AM~1/packages/ti/starterware/binary/soc/lib/am335x-evm/a8/debug/gcc\libsoc.a(cp15.o)
                0x80006740                CP15ICacheDisable
                0x8000675c                CP15DCacheDisable
                0x80006778                CP15ICacheEnable
                0x80006788                CP15DCacheEnable
                0x80006798                CP15DCacheFlush
                0x8000682c                CP15DCacheClean
                0x800068c0                CP15DCacheCleanFlush
                0x80006954                CP15ICacheFlush
                0x80006964                CP15DCacheCleanBuff
                0x800069b8                CP15DCacheCleanFlushBuff
                0x80006a0c                CP15DCacheFlushBuff
                0x80006a70                CP15ICacheFlushBuff
                0x80006ac4                CP15Ttb0Set
                0x80006ad0                CP15TlbInvalidate
                0x80006adc                CP15MMUDisable
                0x80006af4                CP15MMUEnable
                0x80006b08                CP15VectorBaseAddrSet
                0x80006b14                CP15BranchPredictorInvalidate
                0x80006b20                CP15BranchPredictionEnable
                0x80006b30                CP15BranchPredictionDisable
                0x80006b40                CP15DomainAccessClientSet
                0x80006b50                CP15ControlFeatureDisable
                0x80006b64                CP15ControlFeatureEnable
                0x80006b78                CP15TtbCtlTtb0Config
                0x80006b88                CP15AuxControlFeatureEnable
                0x80006b9c                CP15AuxControlFeatureDisable
                0x80006bb0                CP15MainIdPrimPartNumGet
 .text          0x80006bc8       0x70 E:/uC-Soft/TI/TIRTOS/PDK_AM~1/packages/ti/starterware/binary/soc/lib/am335x-evm/a8/debug/gcc\libsoc.a(exceptionhandler.o)
                0x80006bc8                SVC_Handler
                0x80006bf0                IRQHandler
                0x80006c30                FIQHandler
                0x80006c34                AbortHandler
                0x80006c34                UndefInstHandler
 .text.CPUIntrEnable
                0x80006c38       0x3c E:/uC-Soft/TI/TIRTOS/PDK_AM~1/packages/ti/starterware/binary/soc/lib/am335x-evm/a8/debug/gcc\libsoc.a(cpu.o)
                0x80006c38                CPUIntrEnable
 .text.HW_RD_REG32
                0x80006c74       0x34 E:/uC-Soft/TI/TIRTOS/PDK_AM~1/packages/ti/starterware/binary/dal/lib/am335x-evm/a8/debug/gcc\libdal.a(i2c.o)
 .text.HW_WR_REG32
                0x80006ca8       0x34 E:/uC-Soft/TI/TIRTOS/PDK_AM~1/packages/ti/starterware/binary/dal/lib/am335x-evm/a8/debug/gcc\libdal.a(i2c.o)
 .text.HW_WR_FIELD32_RAW
                0x80006cdc       0x7c E:/uC-Soft/TI/TIRTOS/PDK_AM~1/packages/ti/starterware/binary/dal/lib/am335x-evm/a8/debug/gcc\libdal.a(i2c.o)
 .text.HW_RD_FIELD32_RAW
                0x80006d58       0x54 E:/uC-Soft/TI/TIRTOS/PDK_AM~1/packages/ti/starterware/binary/dal/lib/am335x-evm/a8/debug/gcc\libdal.a(i2c.o)
 .text.I2CClkConfig
                0x80006dac       0xe4 E:/uC-Soft/TI/TIRTOS/PDK_AM~1/packages/ti/starterware/binary/dal/lib/am335x-evm/a8/debug/gcc\libdal.a(i2c.o)
                0x80006dac                I2CClkConfig
 .text.I2CModuleEnable
                0x80006e90       0x70 E:/uC-Soft/TI/TIRTOS/PDK_AM~1/packages/ti/starterware/binary/dal/lib/am335x-evm/a8/debug/gcc\libdal.a(i2c.o)
                0x80006e90                I2CModuleEnable
 .text.I2CSetMode
                0x80006f00       0xc8 E:/uC-Soft/TI/TIRTOS/PDK_AM~1/packages/ti/starterware/binary/dal/lib/am335x-evm/a8/debug/gcc\libdal.a(i2c.o)
                0x80006f00                I2CSetMode
 .text.I2CStart
                0x80006fc8       0x3c E:/uC-Soft/TI/TIRTOS/PDK_AM~1/packages/ti/starterware/binary/dal/lib/am335x-evm/a8/debug/gcc\libdal.a(i2c.o)
                0x80006fc8                I2CStart
 .text.I2CStop  0x80007004       0x3c E:/uC-Soft/TI/TIRTOS/PDK_AM~1/packages/ti/starterware/binary/dal/lib/am335x-evm/a8/debug/gcc\libdal.a(i2c.o)
                0x80007004                I2CStop
 .text.I2CIntrDisable
                0x80007040       0x3c E:/uC-Soft/TI/TIRTOS/PDK_AM~1/packages/ti/starterware/binary/dal/lib/am335x-evm/a8/debug/gcc\libdal.a(i2c.o)
                0x80007040                I2CIntrDisable
 .text.I2CIntrRawStatus
                0x8000707c       0x38 E:/uC-Soft/TI/TIRTOS/PDK_AM~1/packages/ti/starterware/binary/dal/lib/am335x-evm/a8/debug/gcc\libdal.a(i2c.o)
                0x8000707c                I2CIntrRawStatus
 .text.I2CIntrClear
                0x800070b4       0x3c E:/uC-Soft/TI/TIRTOS/PDK_AM~1/packages/ti/starterware/binary/dal/lib/am335x-evm/a8/debug/gcc\libdal.a(i2c.o)
                0x800070b4                I2CIntrClear
 .text.I2CMasterSetSlaveAddr
                0x800070f0       0x90 E:/uC-Soft/TI/TIRTOS/PDK_AM~1/packages/ti/starterware/binary/dal/lib/am335x-evm/a8/debug/gcc\libdal.a(i2c.o)
                0x800070f0                I2CMasterSetSlaveAddr
 .text.I2CSetDataCount
                0x80007180       0x40 E:/uC-Soft/TI/TIRTOS/PDK_AM~1/packages/ti/starterware/binary/dal/lib/am335x-evm/a8/debug/gcc\libdal.a(i2c.o)
                0x80007180                I2CSetDataCount
 .text.I2CGetDataCount
                0x800071c0       0x40 E:/uC-Soft/TI/TIRTOS/PDK_AM~1/packages/ti/starterware/binary/dal/lib/am335x-evm/a8/debug/gcc\libdal.a(i2c.o)
                0x800071c0                I2CGetDataCount
 .text.I2CFifoThresholdConfig
                0x80007200       0x74 E:/uC-Soft/TI/TIRTOS/PDK_AM~1/packages/ti/starterware/binary/dal/lib/am335x-evm/a8/debug/gcc\libdal.a(i2c.o)
                0x80007200                I2CFifoThresholdConfig
 .text.I2CFifoFlush
                0x80007274       0xc0 E:/uC-Soft/TI/TIRTOS/PDK_AM~1/packages/ti/starterware/binary/dal/lib/am335x-evm/a8/debug/gcc\libdal.a(i2c.o)
                0x80007274                I2CFifoFlush
 .text.I2CBufStatus
                0x80007334       0xa0 E:/uC-Soft/TI/TIRTOS/PDK_AM~1/packages/ti/starterware/binary/dal/lib/am335x-evm/a8/debug/gcc\libdal.a(i2c.o)
                0x80007334                I2CBufStatus
 .text.I2CSoftReset
                0x800073d4       0x3c E:/uC-Soft/TI/TIRTOS/PDK_AM~1/packages/ti/starterware/binary/dal/lib/am335x-evm/a8/debug/gcc\libdal.a(i2c.o)
                0x800073d4                I2CSoftReset
 .text.I2CAutoIdleEnable
                0x80007410       0x70 E:/uC-Soft/TI/TIRTOS/PDK_AM~1/packages/ti/starterware/binary/dal/lib/am335x-evm/a8/debug/gcc\libdal.a(i2c.o)
                0x80007410                I2CAutoIdleEnable
 .text.I2CSystemStatus
                0x80007480       0x5c E:/uC-Soft/TI/TIRTOS/PDK_AM~1/packages/ti/starterware/binary/dal/lib/am335x-evm/a8/debug/gcc\libdal.a(i2c.o)
                0x80007480                I2CSystemStatus
 .text.I2CPutTxData
                0x800074dc       0x44 E:/uC-Soft/TI/TIRTOS/PDK_AM~1/packages/ti/starterware/binary/dal/lib/am335x-evm/a8/debug/gcc\libdal.a(i2c.o)
                0x800074dc                I2CPutTxData
 .text.I2CGetRxData
                0x80007520       0x40 E:/uC-Soft/TI/TIRTOS/PDK_AM~1/packages/ti/starterware/binary/dal/lib/am335x-evm/a8/debug/gcc\libdal.a(i2c.o)
                0x80007520                I2CGetRxData
 .text.HW_WR_REG32
                0x80007560       0x34 E:/uC-Soft/TI/TIRTOS/PDK_AM~1/packages/ti/starterware/binary/dal/lib/am335x-evm/a8/debug/gcc\libdal.a(uart.o)
 .text.HW_RD_REG16
                0x80007594       0x34 E:/uC-Soft/TI/TIRTOS/PDK_AM~1/packages/ti/starterware/binary/dal/lib/am335x-evm/a8/debug/gcc\libdal.a(uart.o)
 .text.HW_WR_REG16
                0x800075c8       0x38 E:/uC-Soft/TI/TIRTOS/PDK_AM~1/packages/ti/starterware/binary/dal/lib/am335x-evm/a8/debug/gcc\libdal.a(uart.o)
 .text.HW_RD_REG8
                0x80007600       0x34 E:/uC-Soft/TI/TIRTOS/PDK_AM~1/packages/ti/starterware/binary/dal/lib/am335x-evm/a8/debug/gcc\libdal.a(uart.o)
 .text.HW_WR_REG8
                0x80007634       0x38 E:/uC-Soft/TI/TIRTOS/PDK_AM~1/packages/ti/starterware/binary/dal/lib/am335x-evm/a8/debug/gcc\libdal.a(uart.o)
 .text.HW_WR_FIELD32_RAW
                0x8000766c       0x7c E:/uC-Soft/TI/TIRTOS/PDK_AM~1/packages/ti/starterware/binary/dal/lib/am335x-evm/a8/debug/gcc\libdal.a(uart.o)
 .text.HW_WR_FIELD16_RAW
                0x800076e8       0x90 E:/uC-Soft/TI/TIRTOS/PDK_AM~1/packages/ti/starterware/binary/dal/lib/am335x-evm/a8/debug/gcc\libdal.a(uart.o)
 .text.HW_RD_FIELD16_RAW
                0x80007778       0x60 E:/uC-Soft/TI/TIRTOS/PDK_AM~1/packages/ti/starterware/binary/dal/lib/am335x-evm/a8/debug/gcc\libdal.a(uart.o)
 .text.UARTModuleReset
                0x800077d8       0x6c E:/uC-Soft/TI/TIRTOS/PDK_AM~1/packages/ti/starterware/binary/dal/lib/am335x-evm/a8/debug/gcc\libdal.a(uart.o)
                0x800077d8                UARTModuleReset
 .text.UARTSetRegAccessMode
                0x80007844       0xc4 E:/uC-Soft/TI/TIRTOS/PDK_AM~1/packages/ti/starterware/binary/dal/lib/am335x-evm/a8/debug/gcc\libdal.a(uart.o)
                0x80007844                UARTSetRegAccessMode
 .text.UARTSetBaudRate
                0x80007908      0x368 E:/uC-Soft/TI/TIRTOS/PDK_AM~1/packages/ti/starterware/binary/dal/lib/am335x-evm/a8/debug/gcc\libdal.a(uart.o)
                0x80007908                UARTSetBaudRate
 .text.UARTIntrEnable
                0x80007c70      0x1dc E:/uC-Soft/TI/TIRTOS/PDK_AM~1/packages/ti/starterware/binary/dal/lib/am335x-evm/a8/debug/gcc\libdal.a(uart.o)
                0x80007c70                UARTIntrEnable
 .text.UARTIntrDisable
                0x80007e4c      0x1c8 E:/uC-Soft/TI/TIRTOS/PDK_AM~1/packages/ti/starterware/binary/dal/lib/am335x-evm/a8/debug/gcc\libdal.a(uart.o)
                0x80007e4c                UARTIntrDisable
 .text.UARTIntrStatus
                0x80008014       0x94 E:/uC-Soft/TI/TIRTOS/PDK_AM~1/packages/ti/starterware/binary/dal/lib/am335x-evm/a8/debug/gcc\libdal.a(uart.o)
                0x80008014                UARTIntrStatus
 .text.UARTLineCharacteristicConfig
                0x800080a8      0x15c E:/uC-Soft/TI/TIRTOS/PDK_AM~1/packages/ti/starterware/binary/dal/lib/am335x-evm/a8/debug/gcc\libdal.a(uart.o)
                0x800080a8                UARTLineCharacteristicConfig
 .text.UARTFifoConfig
                0x80008204      0x464 E:/uC-Soft/TI/TIRTOS/PDK_AM~1/packages/ti/starterware/binary/dal/lib/am335x-evm/a8/debug/gcc\libdal.a(uart.o)
                0x80008204                UARTFifoConfig
 .text.UARTBreakCtrlEnable
                0x80008668       0x70 E:/uC-Soft/TI/TIRTOS/PDK_AM~1/packages/ti/starterware/binary/dal/lib/am335x-evm/a8/debug/gcc\libdal.a(uart.o)
                0x80008668                UARTBreakCtrlEnable
 .text.UARTIsSpaceAvail
                0x800086d8       0xac E:/uC-Soft/TI/TIRTOS/PDK_AM~1/packages/ti/starterware/binary/dal/lib/am335x-evm/a8/debug/gcc\libdal.a(uart.o)
                0x800086d8                UARTIsSpaceAvail
 .text.UARTGetChar
                0x80008784      0x1c0 E:/uC-Soft/TI/TIRTOS/PDK_AM~1/packages/ti/starterware/binary/dal/lib/am335x-evm/a8/debug/gcc\libdal.a(uart.o)
                0x80008784                UARTGetChar
 .text.UARTPutChar
                0x80008944      0x1b8 E:/uC-Soft/TI/TIRTOS/PDK_AM~1/packages/ti/starterware/binary/dal/lib/am335x-evm/a8/debug/gcc\libdal.a(uart.o)
                0x80008944                UARTPutChar
 .text.UARTFifoWrite
                0x80008afc       0x78 E:/uC-Soft/TI/TIRTOS/PDK_AM~1/packages/ti/starterware/binary/dal/lib/am335x-evm/a8/debug/gcc\libdal.a(uart.o)
                0x80008afc                UARTFifoWrite
 .text.HW_RD_REG32
                0x80008b74       0x34 E:/uC-Soft/TI/TIRTOS/PDK_AM~1/packages/ti/starterware/binary/dal/lib/am335x-evm/a8/debug/gcc\libdal.a(gpio.o)
 .text.HW_WR_REG32
                0x80008ba8       0x34 E:/uC-Soft/TI/TIRTOS/PDK_AM~1/packages/ti/starterware/binary/dal/lib/am335x-evm/a8/debug/gcc\libdal.a(gpio.o)
 .text.HW_WR_FIELD32_RAW
                0x80008bdc       0x7c E:/uC-Soft/TI/TIRTOS/PDK_AM~1/packages/ti/starterware/binary/dal/lib/am335x-evm/a8/debug/gcc\libdal.a(gpio.o)
 .text.GPIOModuleEnable
                0x80008c58       0x70 E:/uC-Soft/TI/TIRTOS/PDK_AM~1/packages/ti/starterware/binary/dal/lib/am335x-evm/a8/debug/gcc\libdal.a(gpio.o)
                0x80008c58                GPIOModuleEnable
 .text.GPIOSetDirMode
                0x80008cc8       0xa0 E:/uC-Soft/TI/TIRTOS/PDK_AM~1/packages/ti/starterware/binary/dal/lib/am335x-evm/a8/debug/gcc\libdal.a(gpio.o)
                0x80008cc8                GPIOSetDirMode
 .text.GPIOPinWrite
                0x80008d68       0x7c E:/uC-Soft/TI/TIRTOS/PDK_AM~1/packages/ti/starterware/binary/dal/lib/am335x-evm/a8/debug/gcc\libdal.a(gpio.o)
                0x80008d68                GPIOPinWrite
 .text.HW_RD_REG32
                0x80008de4       0x34 E:/uC-Soft/TI/TIRTOS/PDK_AM~1/packages/ti/starterware/binary/dal/lib/am335x-evm/a8/debug/gcc\libdal.a(dmtimer.o)
 .text.DMTIMERGetCounterVal
                0x80008e18       0x84 E:/uC-Soft/TI/TIRTOS/PDK_AM~1/packages/ti/starterware/binary/dal/lib/am335x-evm/a8/debug/gcc\libdal.a(dmtimer.o)
                0x80008e18                DMTIMERGetCounterVal
 .text.DMTIMERGetWritePostedStatus
                0x80008e9c       0x38 E:/uC-Soft/TI/TIRTOS/PDK_AM~1/packages/ti/starterware/binary/dal/lib/am335x-evm/a8/debug/gcc\libdal.a(dmtimer.o)
                0x80008e9c                DMTIMERGetWritePostedStatus
 .text          0x80008ed4      0x114 e:/uc-soft/ti/tirtos/gcc-arm-none-eabi-6-2017-q1-update/bin/../lib/gcc/arm-none-eabi/6.3.1/hard\libgcc.a(_udivsi3.o)
                0x80008ed4                __aeabi_uidiv
                0x80008ed4                __udivsi3
                0x80008fc8                __aeabi_uidivmod
 .text          0x80008fe8      0x148 e:/uc-soft/ti/tirtos/gcc-arm-none-eabi-6-2017-q1-update/bin/../lib/gcc/arm-none-eabi/6.3.1/hard\libgcc.a(_divsi3.o)
                0x80008fe8                __divsi3
                0x80008fe8                __aeabi_idiv
                0x80009110                __aeabi_idivmod
 .text          0x80009130        0x4 e:/uc-soft/ti/tirtos/gcc-arm-none-eabi-6-2017-q1-update/bin/../lib/gcc/arm-none-eabi/6.3.1/hard\libgcc.a(_dvmd_tls.o)
                0x80009130                __aeabi_idiv0
                0x80009130                __aeabi_ldiv0
 .text          0x80009134      0x2ac e:/uc-soft/ti/tirtos/gcc-arm-none-eabi-6-2017-q1-update/bin/../lib/gcc/arm-none-eabi/6.3.1/hard\libgcc.a(_arm_addsubsf3.o)
                0x80009134                __aeabi_frsub
                0x8000913c                __subsf3
                0x8000913c                __aeabi_fsub
                0x80009140                __aeabi_fadd
                0x80009140                __addsf3
                0x800092fc                __aeabi_ui2f
                0x800092fc                __floatunsisf
                0x80009304                __aeabi_i2f
                0x80009304                __floatsisf
                0x80009324                __aeabi_ul2f
                0x80009324                __floatundisf
                0x80009334                __aeabi_l2f
                0x80009334                __floatdisf
 .text          0x800093e0       0x3c e:/uc-soft/ti/tirtos/gcc-arm-none-eabi-6-2017-q1-update/bin/../lib/gcc/arm-none-eabi/6.3.1/hard\libgcc.a(_aeabi_uldivmod.o)
                0x800093e0                __aeabi_uldivmod
 *fill*         0x8000941c        0x4 
 .text          0x80009420       0x48 e:/uc-soft/ti/tirtos/gcc-arm-none-eabi-6-2017-q1-update/bin/../lib/gcc/arm-none-eabi/6.3.1/hard\libgcc.a(_fixunssfdi.o)
                0x80009420                __fixunssfdi
                0x80009420                __aeabi_f2ulz
 .text          0x80009468       0x48 e:/uc-soft/ti/tirtos/gcc-arm-none-eabi-6-2017-q1-update/bin/../lib/gcc/arm-none-eabi/6.3.1/hard\libgcc.a(_fixunsdfdi.o)
                0x80009468                __fixunsdfdi
                0x80009468                __aeabi_d2ulz
 .text          0x800094b0      0x12c e:/uc-soft/ti/tirtos/gcc-arm-none-eabi-6-2017-q1-update/bin/../lib/gcc/arm-none-eabi/6.3.1/hard\libgcc.a(_udivmoddi4.o)
                0x800094b0                __udivmoddi4
 .text          0x800095dc       0x28 e:/uc-soft/ti/tirtos/gcc-arm-none-eabi-6-2017-q1-update/bin/../lib/gcc/arm-none-eabi/6.3.1/hard\libgcc.a(_clzdi2.o)
                0x800095dc                __clzdi2
 .text          0x80009604       0x48 e:/uc-soft/ti/tirtos/gcc-arm-none-eabi-6-2017-q1-update/bin/../lib/gcc/arm-none-eabi/6.3.1/hard\libgcc.a(_clzsi2.o)
                0x80009604                __clzsi2
 .text.memcpy   0x8000964c       0x20 E:/uC-Soft/TI/TIRTOS/gcc-arm-none-eabi-6-2017-q1-update/arm-none-eabi/lib/hard\libc_nano.a(lib_a-memcpy-stub.o)
                0x8000964c                memcpy
 .text.memset   0x8000966c       0x1c E:/uC-Soft/TI/TIRTOS/gcc-arm-none-eabi-6-2017-q1-update/arm-none-eabi/lib/hard\libc_nano.a(lib_a-memset.o)
                0x8000966c                memset
 .text.strncmp  0x80009688       0x58 E:/uC-Soft/TI/TIRTOS/gcc-arm-none-eabi-6-2017-q1-update/arm-none-eabi/lib/hard\libc_nano.a(lib_a-strncmp.o)
                0x80009688                strncmp
 *(.rodata*)
 .rodata        0x800096e0      0x164 E:/uC-Soft/TI/TIRTOS/PDK_AM~1/packages/ti/starterware/binary/board/lib/am335x-evm/a8/debug/gcc\libboard.a(board.o)
 .rodata.BOARDINITPARAMS_DEFAULT
                0x80009844        0xc E:/uC-Soft/TI/TIRTOS/PDK_AM~1/packages/ti/starterware/binary/board/lib/am335x-evm/a8/debug/gcc\libboard.a(board.o)
                0x80009844                BOARDINITPARAMS_DEFAULT
 .rodata        0x80009850       0x3f E:/uC-Soft/TI/TIRTOS/PDK_AM~1/packages/ti/starterware/binary/board/lib/am335x-evm/a8/debug/gcc\libboard.a(board_am335x.o)
 *fill*         0x8000988f        0x1 
 .rodata.gBoardAm335xGpevmDevData
                0x80009890      0x1e0 E:/uC-Soft/TI/TIRTOS/PDK_AM~1/packages/ti/starterware/binary/board/lib/am335x-evm/a8/debug/gcc\libboard.a(am335x_gpevm.o)
                0x80009890                gBoardAm335xGpevmDevData
 .rodata        0x80009a70       0x7b E:/uC-Soft/TI/TIRTOS/PDK_AM~1/packages/ti/starterware/binary/board/lib/am335x-evm/a8/debug/gcc\libboard.a(am335x_gpevm.o)
 *fill*         0x80009aeb        0x1 
 .rodata.gBoardAm335xGpevmData
                0x80009aec       0x20 E:/uC-Soft/TI/TIRTOS/PDK_AM~1/packages/ti/starterware/binary/board/lib/am335x-evm/a8/debug/gcc\libboard.a(am335x_gpevm.o)
                0x80009aec                gBoardAm335xGpevmData
 .rodata.gBoardAm335xEvmskDevData
                0x80009b0c      0x118 E:/uC-Soft/TI/TIRTOS/PDK_AM~1/packages/ti/starterware/binary/board/lib/am335x-evm/a8/debug/gcc\libboard.a(am335x_evmsk.o)
                0x80009b0c                gBoardAm335xEvmskDevData
 .rodata        0x80009c24       0x15 E:/uC-Soft/TI/TIRTOS/PDK_AM~1/packages/ti/starterware/binary/board/lib/am335x-evm/a8/debug/gcc\libboard.a(am335x_evmsk.o)
 *fill*         0x80009c39        0x3 
 .rodata.gBoardAm335xEvmskData
                0x80009c3c       0x20 E:/uC-Soft/TI/TIRTOS/PDK_AM~1/packages/ti/starterware/binary/board/lib/am335x-evm/a8/debug/gcc\libboard.a(am335x_evmsk.o)
                0x80009c3c                gBoardAm335xEvmskData
 .rodata.gBoardAm335xBeagleboneDevData
                0x80009c5c       0xa0 E:/uC-Soft/TI/TIRTOS/PDK_AM~1/packages/ti/starterware/binary/board/lib/am335x-evm/a8/debug/gcc\libboard.a(am335x_beaglebone.o)
                0x80009c5c                gBoardAm335xBeagleboneDevData
 .rodata        0x80009cfc       0x2d E:/uC-Soft/TI/TIRTOS/PDK_AM~1/packages/ti/starterware/binary/board/lib/am335x-evm/a8/debug/gcc\libboard.a(am335x_beaglebone.o)
 *fill*         0x80009d29        0x3 
 .rodata.gBoardAm335xBeagleboneData
                0x80009d2c       0x20 E:/uC-Soft/TI/TIRTOS/PDK_AM~1/packages/ti/starterware/binary/board/lib/am335x-evm/a8/debug/gcc\libboard.a(am335x_beaglebone.o)
                0x80009d2c                gBoardAm335xBeagleboneData
 .rodata.gBoardAm335xBeagleBoneBlackIsCompatible
                0x80009d4c        0x4 E:/uC-Soft/TI/TIRTOS/PDK_AM~1/packages/ti/starterware/binary/board/lib/am335x-evm/a8/debug/gcc\libboard.a(am335x_beagleboneblack.o)
                0x80009d4c                gBoardAm335xBeagleBoneBlackIsCompatible
 .rodata.gBoardAm335xBeagleboneblackDevData
                0x80009d50       0xc8 E:/uC-Soft/TI/TIRTOS/PDK_AM~1/packages/ti/starterware/binary/board/lib/am335x-evm/a8/debug/gcc\libboard.a(am335x_beagleboneblack.o)
                0x80009d50                gBoardAm335xBeagleboneblackDevData
 .rodata        0x80009e18       0x58 E:/uC-Soft/TI/TIRTOS/PDK_AM~1/packages/ti/starterware/binary/board/lib/am335x-evm/a8/debug/gcc\libboard.a(am335x_beagleboneblack.o)
 .rodata.gBoardAm335xBeagleboneblackData
                0x80009e70       0x20 E:/uC-Soft/TI/TIRTOS/PDK_AM~1/packages/ti/starterware/binary/board/lib/am335x-evm/a8/debug/gcc\libboard.a(am335x_beagleboneblack.o)
                0x80009e70                gBoardAm335xBeagleboneblackData
 .rodata.gBoardAm335xIceV1DevData
                0x80009e90       0xc8 E:/uC-Soft/TI/TIRTOS/PDK_AM~1/packages/ti/starterware/binary/board/lib/am335x-evm/a8/debug/gcc\libboard.a(am335x_icev1.o)
                0x80009e90                gBoardAm335xIceV1DevData
 .rodata        0x80009f58       0x2d E:/uC-Soft/TI/TIRTOS/PDK_AM~1/packages/ti/starterware/binary/board/lib/am335x-evm/a8/debug/gcc\libboard.a(am335x_icev1.o)
 *fill*         0x80009f85        0x3 
 .rodata.gBoardAm335xIceV1Data
                0x80009f88       0x20 E:/uC-Soft/TI/TIRTOS/PDK_AM~1/packages/ti/starterware/binary/board/lib/am335x-evm/a8/debug/gcc\libboard.a(am335x_icev1.o)
                0x80009f88                gBoardAm335xIceV1Data
 .rodata.gBoardAm335xIceV2DevData
                0x80009fa8      0x398 E:/uC-Soft/TI/TIRTOS/PDK_AM~1/packages/ti/starterware/binary/board/lib/am335x-evm/a8/debug/gcc\libboard.a(am335x_icev2.o)
                0x80009fa8                gBoardAm335xIceV2DevData
 .rodata        0x8000a340       0x6f E:/uC-Soft/TI/TIRTOS/PDK_AM~1/packages/ti/starterware/binary/board/lib/am335x-evm/a8/debug/gcc\libboard.a(am335x_icev2.o)
 *fill*         0x8000a3af        0x1 
 .rodata.gBoardAm335xIceV2Data
                0x8000a3b0       0x20 E:/uC-Soft/TI/TIRTOS/PDK_AM~1/packages/ti/starterware/binary/board/lib/am335x-evm/a8/debug/gcc\libboard.a(am335x_icev2.o)
                0x8000a3b0                gBoardAm335xIceV2Data
 .rodata.gBoardAm335xAMIC110DevData
                0x8000a3d0      0x398 E:/uC-Soft/TI/TIRTOS/PDK_AM~1/packages/ti/starterware/binary/board/lib/am335x-evm/a8/debug/gcc\libboard.a(am335x_amic110.o)
                0x8000a3d0                gBoardAm335xAMIC110DevData
 .rodata        0x8000a768       0x6f E:/uC-Soft/TI/TIRTOS/PDK_AM~1/packages/ti/starterware/binary/board/lib/am335x-evm/a8/debug/gcc\libboard.a(am335x_amic110.o)
 *fill*         0x8000a7d7        0x1 
 .rodata.gBoardAm335xAMIC110Data
                0x8000a7d8       0x20 E:/uC-Soft/TI/TIRTOS/PDK_AM~1/packages/ti/starterware/binary/board/lib/am335x-evm/a8/debug/gcc\libboard.a(am335x_amic110.o)
                0x8000a7d8                gBoardAm335xAMIC110Data
 .rodata        0x8000a7f8        0x1 E:/uC-Soft/TI/TIRTOS/PDK_AM~1/packages/ti/starterware/binary/board/lib/am335x-evm/a8/debug/gcc\libboard.a(am335x_custom.o)
 *fill*         0x8000a7f9        0x3 
 .rodata.gBoardAm335xCustomData
                0x8000a7fc       0x20 E:/uC-Soft/TI/TIRTOS/PDK_AM~1/packages/ti/starterware/binary/board/lib/am335x-evm/a8/debug/gcc\libboard.a(am335x_custom.o)
                0x8000a7fc                gBoardAm335xCustomData
 .rodata.gDCardAm335xLCD4DevData
                0x8000a81c       0x50 E:/uC-Soft/TI/TIRTOS/PDK_AM~1/packages/ti/starterware/binary/board/lib/am335x-evm/a8/debug/gcc\libboard.a(am335x_lcd4_dcard.o)
                0x8000a81c                gDCardAm335xLCD4DevData
 .rodata        0x8000a86c       0x25 E:/uC-Soft/TI/TIRTOS/PDK_AM~1/packages/ti/starterware/binary/board/lib/am335x-evm/a8/debug/gcc\libboard.a(am335x_lcd4_dcard.o)
 *fill*         0x8000a891        0x3 
 .rodata.gDCardAm335xLCD4Data
                0x8000a894       0x44 E:/uC-Soft/TI/TIRTOS/PDK_AM~1/packages/ti/starterware/binary/board/lib/am335x-evm/a8/debug/gcc\libboard.a(am335x_lcd4_dcard.o)
                0x8000a894                gDCardAm335xLCD4Data
 .rodata        0x8000a8d8       0x50 E:/uC-Soft/TI/TIRTOS/PDK_AM~1/packages/ti/starterware/binary/utils/lib/am335x-evm/a8/debug/gcc\libutils.a(console_utils.o)
 .rodata.I2CUTILSINITPARAMS_DEFAULT
                0x8000a928       0x10 E:/uC-Soft/TI/TIRTOS/PDK_AM~1/packages/ti/starterware/binary/utils/lib/am335x-evm/a8/debug/gcc\libutils.a(i2c_utils.o)
                0x8000a928                I2CUTILSINITPARAMS_DEFAULT
 .rodata        0x8000a938       0x1e E:/uC-Soft/TI/TIRTOS/PDK_AM~1/packages/ti/starterware/binary/utils/lib/am335x-evm/a8/debug/gcc\libutils.a(console_utils_uart.o)
 *fill*         0x8000a956        0x2 
 .rodata.vecTbl
                0x8000a958       0x38 E:/uC-Soft/TI/TIRTOS/PDK_AM~1/packages/ti/starterware/binary/soc/lib/am335x-evm/a8/debug/gcc\libsoc.a(startup.o)
 .rodata.gChipDBResourceIDMap
                0x8000a990      0x244 E:/uC-Soft/TI/TIRTOS/PDK_AM~1/packages/ti/starterware/binary/soc/lib/am335x-evm/a8/debug/gcc\libsoc.a(hw_am335x_chipdb.o)
                0x8000a990                gChipDBResourceIDMap
 .rodata.gChipDBResourceTable
                0x8000abd4       0x18 E:/uC-Soft/TI/TIRTOS/PDK_AM~1/packages/ti/starterware/binary/soc/lib/am335x-evm/a8/debug/gcc\libsoc.a(hw_am335x_chipdb.o)
                0x8000abd4                gChipDBResourceTable
 .rodata.gChipDBBaseAddrTable
                0x8000abec      0x200 E:/uC-Soft/TI/TIRTOS/PDK_AM~1/packages/ti/starterware/binary/soc/lib/am335x-evm/a8/debug/gcc\libsoc.a(hw_am335x_chipdb_baseaddr.o)
                0x8000abec                gChipDBBaseAddrTable
 .rodata        0x8000adec       0x3d E:/uC-Soft/TI/TIRTOS/PDK_AM~1/packages/ti/starterware/binary/soc/lib/am335x-evm/a8/debug/gcc\libsoc.a(intc.o)
 *fill*         0x8000ae29        0x3 
 .rodata.gMmuAccessCtrl
                0x8000ae2c       0x1c E:/uC-Soft/TI/TIRTOS/PDK_AM~1/packages/ti/starterware/binary/soc/lib/am335x-evm/a8/debug/gcc\libsoc.a(mmu_arm.o)
 .rodata.gMmuMemAttr
                0x8000ae48       0x14 E:/uC-Soft/TI/TIRTOS/PDK_AM~1/packages/ti/starterware/binary/soc/lib/am335x-evm/a8/debug/gcc\libsoc.a(mmu_arm.o)

.glue_7         0x8000ae5c        0x0
 .glue_7        0x8000ae5c        0x0 linker stubs

.glue_7t        0x8000ae5c        0x0
 .glue_7t       0x8000ae5c        0x0 linker stubs

.vfp11_veneer   0x8000ae5c        0x0
 .vfp11_veneer  0x8000ae5c        0x0 linker stubs

.v4_bx          0x8000ae5c        0x0
 .v4_bx         0x8000ae5c        0x0 linker stubs

.init           0x8000ae5c        0xc
 .init          0x8000ae5c        0xc e:/uc-soft/ti/tirtos/gcc-arm-none-eabi-6-2017-q1-update/bin/../lib/gcc/arm-none-eabi/6.3.1/hard/crti.o
                0x8000ae5c                _init

.fini           0x8000ae68        0xc
 .fini          0x8000ae68        0xc e:/uc-soft/ti/tirtos/gcc-arm-none-eabi-6-2017-q1-update/bin/../lib/gcc/arm-none-eabi/6.3.1/hard/crti.o
                0x8000ae68                _fini

.iplt           0x8000ae74        0x0
 .iplt          0x8000ae74        0x0 e:/uc-soft/ti/tirtos/gcc-arm-none-eabi-6-2017-q1-update/bin/../lib/gcc/arm-none-eabi/6.3.1/hard/crtbegin.o

.rel.dyn        0x8000ae74        0x0
 .rel.iplt      0x8000ae74        0x0 e:/uc-soft/ti/tirtos/gcc-arm-none-eabi-6-2017-q1-update/bin/../lib/gcc/arm-none-eabi/6.3.1/hard/crtbegin.o

.ARM.exidx      0x8000ae74        0x8
 .ARM.exidx     0x8000ae74        0x8 e:/uc-soft/ti/tirtos/gcc-arm-none-eabi-6-2017-q1-update/bin/../lib/gcc/arm-none-eabi/6.3.1/hard\libgcc.a(_udivmoddi4.o)

.data           0x8000ae7c     0x1970
                0x8000ae7c                . = ALIGN (0x4)
 *(.data*)
 .data.UARTAPPOBJ_DEFAULT
                0x8000ae7c       0x74 E:/uC-Soft/TI/TIRTOS/PDK_AM~1/packages/ti/starterware/binary/uart_app_echo/obj/am335x-evm/a8host/debug/gcc/uart_app.o
                0x8000ae7c                UARTAPPOBJ_DEFAULT
 .data.gUartAppTxDataBuf
                0x8000aef0       0x3f E:/uC-Soft/TI/TIRTOS/PDK_AM~1/packages/ti/starterware/binary/uart_app_echo/obj/am335x-evm/a8host/debug/gcc/echo_app_main.o
 *fill*         0x8000af2f        0x1 
 .data.regionDdr
                0x8000af30       0x14 E:/uC-Soft/TI/TIRTOS/PDK_AM~1/packages/ti/starterware/binary/examples/example_utils/lib/am335x-evm/a8/debug/gcc\libexample_utils.a(example_utils_mmu.o)
                0x8000af30                regionDdr
 .data.regionOcmc
                0x8000af44       0x14 E:/uC-Soft/TI/TIRTOS/PDK_AM~1/packages/ti/starterware/binary/examples/example_utils/lib/am335x-evm/a8/debug/gcc\libexample_utils.a(example_utils_mmu.o)
                0x8000af44                regionOcmc
 .data.regionDev
                0x8000af58       0x14 E:/uC-Soft/TI/TIRTOS/PDK_AM~1/packages/ti/starterware/binary/examples/example_utils/lib/am335x-evm/a8/debug/gcc\libexample_utils.a(example_utils_mmu.o)
                0x8000af58                regionDev
 .data.regionQspi
                0x8000af6c       0x14 E:/uC-Soft/TI/TIRTOS/PDK_AM~1/packages/ti/starterware/binary/examples/example_utils/lib/am335x-evm/a8/debug/gcc\libexample_utils.a(example_utils_mmu.o)
                0x8000af6c                regionQspi
 .data.gBoardAm335xI2cInstData
                0x8000af80       0x20 E:/uC-Soft/TI/TIRTOS/PDK_AM~1/packages/ti/starterware/binary/board/lib/am335x-evm/a8/debug/gcc\libboard.a(board_am335x.o)
 .data.gBoardAm335xI2cData
                0x8000afa0        0xc E:/uC-Soft/TI/TIRTOS/PDK_AM~1/packages/ti/starterware/binary/board/lib/am335x-evm/a8/debug/gcc\libboard.a(board_am335x.o)
 .data.gpBoardAm335xData
                0x8000afac       0x44 E:/uC-Soft/TI/TIRTOS/PDK_AM~1/packages/ti/starterware/binary/board/lib/am335x-evm/a8/debug/gcc\libboard.a(board_am335x.o)
 .data.gpDCardAm335xData
                0x8000aff0        0x8 E:/uC-Soft/TI/TIRTOS/PDK_AM~1/packages/ti/starterware/binary/board/lib/am335x-evm/a8/debug/gcc\libboard.a(dcard_am335x.o)
 .data.gpBoardAm335xGpevmRevStrTable
                0x8000aff8       0x14 E:/uC-Soft/TI/TIRTOS/PDK_AM~1/packages/ti/starterware/binary/board/lib/am335x-evm/a8/debug/gcc\libboard.a(am335x_gpevm.o)
                0x8000aff8                gpBoardAm335xGpevmRevStrTable
 .data.gpBoardAm335xEvmskRevStrTable
                0x8000b00c        0xc E:/uC-Soft/TI/TIRTOS/PDK_AM~1/packages/ti/starterware/binary/board/lib/am335x-evm/a8/debug/gcc\libboard.a(am335x_evmsk.o)
                0x8000b00c                gpBoardAm335xEvmskRevStrTable
 .data.gpBoardAm335xBeagleboneRevStrTable
                0x8000b018       0x18 E:/uC-Soft/TI/TIRTOS/PDK_AM~1/packages/ti/starterware/binary/board/lib/am335x-evm/a8/debug/gcc\libboard.a(am335x_beaglebone.o)
                0x8000b018                gpBoardAm335xBeagleboneRevStrTable
 .data.gBoardAm335xBeagleboneblackDCards
                0x8000b030       0x18 E:/uC-Soft/TI/TIRTOS/PDK_AM~1/packages/ti/starterware/binary/board/lib/am335x-evm/a8/debug/gcc\libboard.a(am335x_beagleboneblack.o)
                0x8000b030                gBoardAm335xBeagleboneblackDCards
 .data.gpBoardAm335xBeagleboneblackRevStrTable
                0x8000b048        0xc E:/uC-Soft/TI/TIRTOS/PDK_AM~1/packages/ti/starterware/binary/board/lib/am335x-evm/a8/debug/gcc\libboard.a(am335x_beagleboneblack.o)
                0x8000b048                gpBoardAm335xBeagleboneblackRevStrTable
 .data.gpBoardAm335xIceV1RevStrTable
                0x8000b054       0x18 E:/uC-Soft/TI/TIRTOS/PDK_AM~1/packages/ti/starterware/binary/board/lib/am335x-evm/a8/debug/gcc\libboard.a(am335x_icev1.o)
                0x8000b054                gpBoardAm335xIceV1RevStrTable
 .data.gpBoardAm335xIceV2RevStrTable
                0x8000b06c       0x18 E:/uC-Soft/TI/TIRTOS/PDK_AM~1/packages/ti/starterware/binary/board/lib/am335x-evm/a8/debug/gcc\libboard.a(am335x_icev2.o)
                0x8000b06c                gpBoardAm335xIceV2RevStrTable
 .data.gpBoardAm335xAMIC110RevStrTable
                0x8000b084       0x18 E:/uC-Soft/TI/TIRTOS/PDK_AM~1/packages/ti/starterware/binary/board/lib/am335x-evm/a8/debug/gcc\libboard.a(am335x_amic110.o)
                0x8000b084                gpBoardAm335xAMIC110RevStrTable
 .data.gpBoardAm335xCustomRevStrTable
                0x8000b09c        0x4 E:/uC-Soft/TI/TIRTOS/PDK_AM~1/packages/ti/starterware/binary/board/lib/am335x-evm/a8/debug/gcc\libboard.a(am335x_custom.o)
                0x8000b09c                gpBoardAm335xCustomRevStrTable
 .data.gUart0PinCfg
                0x8000b0a0       0x18 E:/uC-Soft/TI/TIRTOS/PDK_AM~1/packages/ti/starterware/binary/board/lib/am335x-evm/a8/debug/gcc\libboard.a(am335x_gpevm_pinmux_data.o)
 .data.gUartPinCfg
                0x8000b0b8       0x10 E:/uC-Soft/TI/TIRTOS/PDK_AM~1/packages/ti/starterware/binary/board/lib/am335x-evm/a8/debug/gcc\libboard.a(am335x_gpevm_pinmux_data.o)
 .data.gCpsw0PinCfg
                0x8000b0c8       0x98 E:/uC-Soft/TI/TIRTOS/PDK_AM~1/packages/ti/starterware/binary/board/lib/am335x-evm/a8/debug/gcc\libboard.a(am335x_gpevm_pinmux_data.o)
 .data.gCpswPinCfg
                0x8000b160       0x10 E:/uC-Soft/TI/TIRTOS/PDK_AM~1/packages/ti/starterware/binary/board/lib/am335x-evm/a8/debug/gcc\libboard.a(am335x_gpevm_pinmux_data.o)
 .data.gDcan1PinCfg
                0x8000b170       0x18 E:/uC-Soft/TI/TIRTOS/PDK_AM~1/packages/ti/starterware/binary/board/lib/am335x-evm/a8/debug/gcc\libboard.a(am335x_gpevm_pinmux_data.o)
 .data.gDcanPinCfg
                0x8000b188       0x10 E:/uC-Soft/TI/TIRTOS/PDK_AM~1/packages/ti/starterware/binary/board/lib/am335x-evm/a8/debug/gcc\libboard.a(am335x_gpevm_pinmux_data.o)
 .data.gGpmc0PinCfg
                0x8000b198       0xc0 E:/uC-Soft/TI/TIRTOS/PDK_AM~1/packages/ti/starterware/binary/board/lib/am335x-evm/a8/debug/gcc\libboard.a(am335x_gpevm_pinmux_data.o)
 .data.gGpmcPinCfg
                0x8000b258       0x10 E:/uC-Soft/TI/TIRTOS/PDK_AM~1/packages/ti/starterware/binary/board/lib/am335x-evm/a8/debug/gcc\libboard.a(am335x_gpevm_pinmux_data.o)
 .data.gGpio1PinCfg
                0x8000b268       0x10 E:/uC-Soft/TI/TIRTOS/PDK_AM~1/packages/ti/starterware/binary/board/lib/am335x-evm/a8/debug/gcc\libboard.a(am335x_gpevm_pinmux_data.o)
 .data.gGpio0PinCfg
                0x8000b278       0x18 E:/uC-Soft/TI/TIRTOS/PDK_AM~1/packages/ti/starterware/binary/board/lib/am335x-evm/a8/debug/gcc\libboard.a(am335x_gpevm_pinmux_data.o)
 .data.gGpioPinCfg
                0x8000b290       0x18 E:/uC-Soft/TI/TIRTOS/PDK_AM~1/packages/ti/starterware/binary/board/lib/am335x-evm/a8/debug/gcc\libboard.a(am335x_gpevm_pinmux_data.o)
 .data.gI2c0PinCfg
                0x8000b2a8       0x18 E:/uC-Soft/TI/TIRTOS/PDK_AM~1/packages/ti/starterware/binary/board/lib/am335x-evm/a8/debug/gcc\libboard.a(am335x_gpevm_pinmux_data.o)
 .data.gI2c1PinCfg
                0x8000b2c0       0x18 E:/uC-Soft/TI/TIRTOS/PDK_AM~1/packages/ti/starterware/binary/board/lib/am335x-evm/a8/debug/gcc\libboard.a(am335x_gpevm_pinmux_data.o)
 .data.gI2cPinCfg
                0x8000b2d8       0x18 E:/uC-Soft/TI/TIRTOS/PDK_AM~1/packages/ti/starterware/binary/board/lib/am335x-evm/a8/debug/gcc\libboard.a(am335x_gpevm_pinmux_data.o)
 .data.gMcspi0PinCfg
                0x8000b2f0       0x28 E:/uC-Soft/TI/TIRTOS/PDK_AM~1/packages/ti/starterware/binary/board/lib/am335x-evm/a8/debug/gcc\libboard.a(am335x_gpevm_pinmux_data.o)
 .data.gMcspiPinCfg
                0x8000b318       0x10 E:/uC-Soft/TI/TIRTOS/PDK_AM~1/packages/ti/starterware/binary/board/lib/am335x-evm/a8/debug/gcc\libboard.a(am335x_gpevm_pinmux_data.o)
 .data.gMmcsd0PinCfg
                0x8000b328       0x40 E:/uC-Soft/TI/TIRTOS/PDK_AM~1/packages/ti/starterware/binary/board/lib/am335x-evm/a8/debug/gcc\libboard.a(am335x_gpevm_pinmux_data.o)
 .data.gMmcsdPinCfg
                0x8000b368       0x10 E:/uC-Soft/TI/TIRTOS/PDK_AM~1/packages/ti/starterware/binary/board/lib/am335x-evm/a8/debug/gcc\libboard.a(am335x_gpevm_pinmux_data.o)
 .data.gLcdc0PinCfg
                0x8000b378       0xf0 E:/uC-Soft/TI/TIRTOS/PDK_AM~1/packages/ti/starterware/binary/board/lib/am335x-evm/a8/debug/gcc\libboard.a(am335x_gpevm_pinmux_data.o)
 .data.gLcdcPinCfg
                0x8000b468       0x10 E:/uC-Soft/TI/TIRTOS/PDK_AM~1/packages/ti/starterware/binary/board/lib/am335x-evm/a8/debug/gcc\libboard.a(am335x_gpevm_pinmux_data.o)
 .data.gPwmss2PinCfg
                0x8000b478       0x10 E:/uC-Soft/TI/TIRTOS/PDK_AM~1/packages/ti/starterware/binary/board/lib/am335x-evm/a8/debug/gcc\libboard.a(am335x_gpevm_pinmux_data.o)
 .data.gPwmssPinCfg
                0x8000b488       0x10 E:/uC-Soft/TI/TIRTOS/PDK_AM~1/packages/ti/starterware/binary/board/lib/am335x-evm/a8/debug/gcc\libboard.a(am335x_gpevm_pinmux_data.o)
 .data.gGpevmPinmuxData
                0x8000b498       0x58 E:/uC-Soft/TI/TIRTOS/PDK_AM~1/packages/ti/starterware/binary/board/lib/am335x-evm/a8/debug/gcc\libboard.a(am335x_gpevm_pinmux_data.o)
                0x8000b498                gGpevmPinmuxData
 .data.gUart0PinCfg
                0x8000b4f0       0x18 E:/uC-Soft/TI/TIRTOS/PDK_AM~1/packages/ti/starterware/binary/board/lib/am335x-evm/a8/debug/gcc\libboard.a(am335x_evmsk_pinmux_data.o)
 .data.gUartPinCfg
                0x8000b508       0x10 E:/uC-Soft/TI/TIRTOS/PDK_AM~1/packages/ti/starterware/binary/board/lib/am335x-evm/a8/debug/gcc\libboard.a(am335x_evmsk_pinmux_data.o)
 .data.gCpsw0PinCfg
                0x8000b518       0xd8 E:/uC-Soft/TI/TIRTOS/PDK_AM~1/packages/ti/starterware/binary/board/lib/am335x-evm/a8/debug/gcc\libboard.a(am335x_evmsk_pinmux_data.o)
 .data.gCpswPinCfg
                0x8000b5f0       0x10 E:/uC-Soft/TI/TIRTOS/PDK_AM~1/packages/ti/starterware/binary/board/lib/am335x-evm/a8/debug/gcc\libboard.a(am335x_evmsk_pinmux_data.o)
 .data.gGpio0PinCfg
                0x8000b600       0x18 E:/uC-Soft/TI/TIRTOS/PDK_AM~1/packages/ti/starterware/binary/board/lib/am335x-evm/a8/debug/gcc\libboard.a(am335x_evmsk_pinmux_data.o)
 .data.gGpio1PinCfg
                0x8000b618       0x28 E:/uC-Soft/TI/TIRTOS/PDK_AM~1/packages/ti/starterware/binary/board/lib/am335x-evm/a8/debug/gcc\libboard.a(am335x_evmsk_pinmux_data.o)
 .data.gGpio2PinCfg
                0x8000b640       0x20 E:/uC-Soft/TI/TIRTOS/PDK_AM~1/packages/ti/starterware/binary/board/lib/am335x-evm/a8/debug/gcc\libboard.a(am335x_evmsk_pinmux_data.o)
 .data.gGpioPinCfg
                0x8000b660       0x20 E:/uC-Soft/TI/TIRTOS/PDK_AM~1/packages/ti/starterware/binary/board/lib/am335x-evm/a8/debug/gcc\libboard.a(am335x_evmsk_pinmux_data.o)
 .data.gI2c0PinCfg
                0x8000b680       0x18 E:/uC-Soft/TI/TIRTOS/PDK_AM~1/packages/ti/starterware/binary/board/lib/am335x-evm/a8/debug/gcc\libboard.a(am335x_evmsk_pinmux_data.o)
 .data.gI2cPinCfg
                0x8000b698       0x10 E:/uC-Soft/TI/TIRTOS/PDK_AM~1/packages/ti/starterware/binary/board/lib/am335x-evm/a8/debug/gcc\libboard.a(am335x_evmsk_pinmux_data.o)
 .data.gMmcsd0PinCfg
                0x8000b6a8       0x40 E:/uC-Soft/TI/TIRTOS/PDK_AM~1/packages/ti/starterware/binary/board/lib/am335x-evm/a8/debug/gcc\libboard.a(am335x_evmsk_pinmux_data.o)
 .data.gMmcsdPinCfg
                0x8000b6e8       0x10 E:/uC-Soft/TI/TIRTOS/PDK_AM~1/packages/ti/starterware/binary/board/lib/am335x-evm/a8/debug/gcc\libboard.a(am335x_evmsk_pinmux_data.o)
 .data.gEvmskPinmuxData
                0x8000b6f8       0x30 E:/uC-Soft/TI/TIRTOS/PDK_AM~1/packages/ti/starterware/binary/board/lib/am335x-evm/a8/debug/gcc\libboard.a(am335x_evmsk_pinmux_data.o)
                0x8000b6f8                gEvmskPinmuxData
 .data.gUart0PinCfg
                0x8000b728       0x18 E:/uC-Soft/TI/TIRTOS/PDK_AM~1/packages/ti/starterware/binary/board/lib/am335x-evm/a8/debug/gcc\libboard.a(am335x_beaglebone_pinmux_data.o)
 .data.gUartPinCfg
                0x8000b740       0x10 E:/uC-Soft/TI/TIRTOS/PDK_AM~1/packages/ti/starterware/binary/board/lib/am335x-evm/a8/debug/gcc\libboard.a(am335x_beaglebone_pinmux_data.o)
 .data.gCpsw0PinCfg
                0x8000b750       0x90 E:/uC-Soft/TI/TIRTOS/PDK_AM~1/packages/ti/starterware/binary/board/lib/am335x-evm/a8/debug/gcc\libboard.a(am335x_beaglebone_pinmux_data.o)
 .data.gCpswPinCfg
                0x8000b7e0       0x10 E:/uC-Soft/TI/TIRTOS/PDK_AM~1/packages/ti/starterware/binary/board/lib/am335x-evm/a8/debug/gcc\libboard.a(am335x_beaglebone_pinmux_data.o)
 .data.gGpio1PinCfg
                0x8000b7f0       0x10 E:/uC-Soft/TI/TIRTOS/PDK_AM~1/packages/ti/starterware/binary/board/lib/am335x-evm/a8/debug/gcc\libboard.a(am335x_beaglebone_pinmux_data.o)
 .data.gGpioPinCfg
                0x8000b800       0x10 E:/uC-Soft/TI/TIRTOS/PDK_AM~1/packages/ti/starterware/binary/board/lib/am335x-evm/a8/debug/gcc\libboard.a(am335x_beaglebone_pinmux_data.o)
 .data.gI2c0PinCfg
                0x8000b810       0x18 E:/uC-Soft/TI/TIRTOS/PDK_AM~1/packages/ti/starterware/binary/board/lib/am335x-evm/a8/debug/gcc\libboard.a(am335x_beaglebone_pinmux_data.o)
 .data.gI2cPinCfg
                0x8000b828       0x10 E:/uC-Soft/TI/TIRTOS/PDK_AM~1/packages/ti/starterware/binary/board/lib/am335x-evm/a8/debug/gcc\libboard.a(am335x_beaglebone_pinmux_data.o)
 .data.gMmcsd0PinCfg
                0x8000b838       0x40 E:/uC-Soft/TI/TIRTOS/PDK_AM~1/packages/ti/starterware/binary/board/lib/am335x-evm/a8/debug/gcc\libboard.a(am335x_beaglebone_pinmux_data.o)
 .data.gMmcsdPinCfg
                0x8000b878       0x10 E:/uC-Soft/TI/TIRTOS/PDK_AM~1/packages/ti/starterware/binary/board/lib/am335x-evm/a8/debug/gcc\libboard.a(am335x_beaglebone_pinmux_data.o)
 .data.gBbPinmuxData
                0x8000b888       0x30 E:/uC-Soft/TI/TIRTOS/PDK_AM~1/packages/ti/starterware/binary/board/lib/am335x-evm/a8/debug/gcc\libboard.a(am335x_beaglebone_pinmux_data.o)
                0x8000b888                gBbPinmuxData
 .data.gUart0PinCfg
                0x8000b8b8       0x18 E:/uC-Soft/TI/TIRTOS/PDK_AM~1/packages/ti/starterware/binary/board/lib/am335x-evm/a8/debug/gcc\libboard.a(am335x_beagleboneblack_pinmux_data.o)
 .data.gUartPinCfg
                0x8000b8d0       0x10 E:/uC-Soft/TI/TIRTOS/PDK_AM~1/packages/ti/starterware/binary/board/lib/am335x-evm/a8/debug/gcc\libboard.a(am335x_beagleboneblack_pinmux_data.o)
 .data.gCpsw0PinCfg
                0x8000b8e0       0x90 E:/uC-Soft/TI/TIRTOS/PDK_AM~1/packages/ti/starterware/binary/board/lib/am335x-evm/a8/debug/gcc\libboard.a(am335x_beagleboneblack_pinmux_data.o)
 .data.gCpswPinCfg
                0x8000b970       0x10 E:/uC-Soft/TI/TIRTOS/PDK_AM~1/packages/ti/starterware/binary/board/lib/am335x-evm/a8/debug/gcc\libboard.a(am335x_beagleboneblack_pinmux_data.o)
 .data.gGpio1PinCfg
                0x8000b980       0x30 E:/uC-Soft/TI/TIRTOS/PDK_AM~1/packages/ti/starterware/binary/board/lib/am335x-evm/a8/debug/gcc\libboard.a(am335x_beagleboneblack_pinmux_data.o)
 .data.gGpio3PinCfg
                0x8000b9b0       0x10 E:/uC-Soft/TI/TIRTOS/PDK_AM~1/packages/ti/starterware/binary/board/lib/am335x-evm/a8/debug/gcc\libboard.a(am335x_beagleboneblack_pinmux_data.o)
 .data.gGpioPinCfg
                0x8000b9c0       0x18 E:/uC-Soft/TI/TIRTOS/PDK_AM~1/packages/ti/starterware/binary/board/lib/am335x-evm/a8/debug/gcc\libboard.a(am335x_beagleboneblack_pinmux_data.o)
 .data.gI2c0PinCfg
                0x8000b9d8       0x18 E:/uC-Soft/TI/TIRTOS/PDK_AM~1/packages/ti/starterware/binary/board/lib/am335x-evm/a8/debug/gcc\libboard.a(am335x_beagleboneblack_pinmux_data.o)
 .data.gI2cPinCfg
                0x8000b9f0       0x10 E:/uC-Soft/TI/TIRTOS/PDK_AM~1/packages/ti/starterware/binary/board/lib/am335x-evm/a8/debug/gcc\libboard.a(am335x_beagleboneblack_pinmux_data.o)
 .data.gMcspi1PinCfg
                0x8000ba00       0x28 E:/uC-Soft/TI/TIRTOS/PDK_AM~1/packages/ti/starterware/binary/board/lib/am335x-evm/a8/debug/gcc\libboard.a(am335x_beagleboneblack_pinmux_data.o)
 .data.gMcspi0PinCfg
                0x8000ba28       0x28 E:/uC-Soft/TI/TIRTOS/PDK_AM~1/packages/ti/starterware/binary/board/lib/am335x-evm/a8/debug/gcc\libboard.a(am335x_beagleboneblack_pinmux_data.o)
 .data.gMcspiPinCfg
                0x8000ba50       0x18 E:/uC-Soft/TI/TIRTOS/PDK_AM~1/packages/ti/starterware/binary/board/lib/am335x-evm/a8/debug/gcc\libboard.a(am335x_beagleboneblack_pinmux_data.o)
 .data.gMmcsd0PinCfg
                0x8000ba68       0x40 E:/uC-Soft/TI/TIRTOS/PDK_AM~1/packages/ti/starterware/binary/board/lib/am335x-evm/a8/debug/gcc\libboard.a(am335x_beagleboneblack_pinmux_data.o)
 .data.gMmcsdPinCfg
                0x8000baa8       0x10 E:/uC-Soft/TI/TIRTOS/PDK_AM~1/packages/ti/starterware/binary/board/lib/am335x-evm/a8/debug/gcc\libboard.a(am335x_beagleboneblack_pinmux_data.o)
 .data.gLcdc0PinCfg
                0x8000bab8       0xf0 E:/uC-Soft/TI/TIRTOS/PDK_AM~1/packages/ti/starterware/binary/board/lib/am335x-evm/a8/debug/gcc\libboard.a(am335x_beagleboneblack_pinmux_data.o)
 .data.gLcdcPinCfg
                0x8000bba8       0x10 E:/uC-Soft/TI/TIRTOS/PDK_AM~1/packages/ti/starterware/binary/board/lib/am335x-evm/a8/debug/gcc\libboard.a(am335x_beagleboneblack_pinmux_data.o)
 .data.gBbbPinmuxData
                0x8000bbb8       0x40 E:/uC-Soft/TI/TIRTOS/PDK_AM~1/packages/ti/starterware/binary/board/lib/am335x-evm/a8/debug/gcc\libboard.a(am335x_beagleboneblack_pinmux_data.o)
                0x8000bbb8                gBbbPinmuxData
 .data.gUart0PinCfg
                0x8000bbf8       0x18 E:/uC-Soft/TI/TIRTOS/PDK_AM~1/packages/ti/starterware/binary/board/lib/am335x-evm/a8/debug/gcc\libboard.a(am335x_icev1_pinmux_data.o)
 .data.gUart1PinCfg
                0x8000bc10       0x18 E:/uC-Soft/TI/TIRTOS/PDK_AM~1/packages/ti/starterware/binary/board/lib/am335x-evm/a8/debug/gcc\libboard.a(am335x_icev1_pinmux_data.o)
 .data.gUart3PinCfg
                0x8000bc28       0x18 E:/uC-Soft/TI/TIRTOS/PDK_AM~1/packages/ti/starterware/binary/board/lib/am335x-evm/a8/debug/gcc\libboard.a(am335x_icev1_pinmux_data.o)
 .data.gUart4PinCfg
                0x8000bc40       0x18 E:/uC-Soft/TI/TIRTOS/PDK_AM~1/packages/ti/starterware/binary/board/lib/am335x-evm/a8/debug/gcc\libboard.a(am335x_icev1_pinmux_data.o)
 .data.gUart5PinCfg
                0x8000bc58       0x18 E:/uC-Soft/TI/TIRTOS/PDK_AM~1/packages/ti/starterware/binary/board/lib/am335x-evm/a8/debug/gcc\libboard.a(am335x_icev1_pinmux_data.o)
 .data.gUartPinCfg
                0x8000bc70       0x30 E:/uC-Soft/TI/TIRTOS/PDK_AM~1/packages/ti/starterware/binary/board/lib/am335x-evm/a8/debug/gcc\libboard.a(am335x_icev1_pinmux_data.o)
 .data.gGpio0PinCfg
                0x8000bca0       0x10 E:/uC-Soft/TI/TIRTOS/PDK_AM~1/packages/ti/starterware/binary/board/lib/am335x-evm/a8/debug/gcc\libboard.a(am335x_icev1_pinmux_data.o)
 .data.gGpioPinCfg
                0x8000bcb0       0x10 E:/uC-Soft/TI/TIRTOS/PDK_AM~1/packages/ti/starterware/binary/board/lib/am335x-evm/a8/debug/gcc\libboard.a(am335x_icev1_pinmux_data.o)
 .data.gI2c0PinCfg
                0x8000bcc0       0x18 E:/uC-Soft/TI/TIRTOS/PDK_AM~1/packages/ti/starterware/binary/board/lib/am335x-evm/a8/debug/gcc\libboard.a(am335x_icev1_pinmux_data.o)
 .data.gI2cPinCfg
                0x8000bcd8       0x10 E:/uC-Soft/TI/TIRTOS/PDK_AM~1/packages/ti/starterware/binary/board/lib/am335x-evm/a8/debug/gcc\libboard.a(am335x_icev1_pinmux_data.o)
 .data.gMcspi0PinCfg
                0x8000bce8       0x28 E:/uC-Soft/TI/TIRTOS/PDK_AM~1/packages/ti/starterware/binary/board/lib/am335x-evm/a8/debug/gcc\libboard.a(am335x_icev1_pinmux_data.o)
 .data.gMcspiPinCfg
                0x8000bd10       0x10 E:/uC-Soft/TI/TIRTOS/PDK_AM~1/packages/ti/starterware/binary/board/lib/am335x-evm/a8/debug/gcc\libboard.a(am335x_icev1_pinmux_data.o)
 .data.gMmcsd1PinCfg
                0x8000bd20       0x40 E:/uC-Soft/TI/TIRTOS/PDK_AM~1/packages/ti/starterware/binary/board/lib/am335x-evm/a8/debug/gcc\libboard.a(am335x_icev1_pinmux_data.o)
 .data.gMmcsdPinCfg
                0x8000bd60       0x10 E:/uC-Soft/TI/TIRTOS/PDK_AM~1/packages/ti/starterware/binary/board/lib/am335x-evm/a8/debug/gcc\libboard.a(am335x_icev1_pinmux_data.o)
 .data.gIceV1PinmuxData
                0x8000bd70       0x30 E:/uC-Soft/TI/TIRTOS/PDK_AM~1/packages/ti/starterware/binary/board/lib/am335x-evm/a8/debug/gcc\libboard.a(am335x_icev1_pinmux_data.o)
                0x8000bd70                gIceV1PinmuxData
 .data.gUart0PinCfg
                0x8000bda0       0x18 E:/uC-Soft/TI/TIRTOS/PDK_AM~1/packages/ti/starterware/binary/board/lib/am335x-evm/a8/debug/gcc\libboard.a(am335x_icev2_pinmux_data.o)
 .data.gUart1PinCfg
                0x8000bdb8       0x18 E:/uC-Soft/TI/TIRTOS/PDK_AM~1/packages/ti/starterware/binary/board/lib/am335x-evm/a8/debug/gcc\libboard.a(am335x_icev2_pinmux_data.o)
 .data.gUart3PinCfg
                0x8000bdd0       0x18 E:/uC-Soft/TI/TIRTOS/PDK_AM~1/packages/ti/starterware/binary/board/lib/am335x-evm/a8/debug/gcc\libboard.a(am335x_icev2_pinmux_data.o)
 .data.gUart4PinCfg
                0x8000bde8       0x18 E:/uC-Soft/TI/TIRTOS/PDK_AM~1/packages/ti/starterware/binary/board/lib/am335x-evm/a8/debug/gcc\libboard.a(am335x_icev2_pinmux_data.o)
 .data.gUartPinCfg
                0x8000be00       0x28 E:/uC-Soft/TI/TIRTOS/PDK_AM~1/packages/ti/starterware/binary/board/lib/am335x-evm/a8/debug/gcc\libboard.a(am335x_icev2_pinmux_data.o)
 .data.gCpsw0PinCfg
                0x8000be28       0x98 E:/uC-Soft/TI/TIRTOS/PDK_AM~1/packages/ti/starterware/binary/board/lib/am335x-evm/a8/debug/gcc\libboard.a(am335x_icev2_pinmux_data.o)
 .data.gCpswPinCfg
                0x8000bec0       0x10 E:/uC-Soft/TI/TIRTOS/PDK_AM~1/packages/ti/starterware/binary/board/lib/am335x-evm/a8/debug/gcc\libboard.a(am335x_icev2_pinmux_data.o)
 .data.gGpio0PinCfg
                0x8000bed0       0x58 E:/uC-Soft/TI/TIRTOS/PDK_AM~1/packages/ti/starterware/binary/board/lib/am335x-evm/a8/debug/gcc\libboard.a(am335x_icev2_pinmux_data.o)
 .data.gGpio1PinCfg
                0x8000bf28       0x20 E:/uC-Soft/TI/TIRTOS/PDK_AM~1/packages/ti/starterware/binary/board/lib/am335x-evm/a8/debug/gcc\libboard.a(am335x_icev2_pinmux_data.o)
 .data.gGpio2PinCfg
                0x8000bf48       0x10 E:/uC-Soft/TI/TIRTOS/PDK_AM~1/packages/ti/starterware/binary/board/lib/am335x-evm/a8/debug/gcc\libboard.a(am335x_icev2_pinmux_data.o)
 .data.gGpio3PinCfg
                0x8000bf58       0x30 E:/uC-Soft/TI/TIRTOS/PDK_AM~1/packages/ti/starterware/binary/board/lib/am335x-evm/a8/debug/gcc\libboard.a(am335x_icev2_pinmux_data.o)
 .data.gGpioPinCfg
                0x8000bf88       0x28 E:/uC-Soft/TI/TIRTOS/PDK_AM~1/packages/ti/starterware/binary/board/lib/am335x-evm/a8/debug/gcc\libboard.a(am335x_icev2_pinmux_data.o)
 .data.gGpmc0PinCfg
                0x8000bfb0       0x28 E:/uC-Soft/TI/TIRTOS/PDK_AM~1/packages/ti/starterware/binary/board/lib/am335x-evm/a8/debug/gcc\libboard.a(am335x_icev2_pinmux_data.o)
 .data.gGpmcPinCfg
                0x8000bfd8       0x10 E:/uC-Soft/TI/TIRTOS/PDK_AM~1/packages/ti/starterware/binary/board/lib/am335x-evm/a8/debug/gcc\libboard.a(am335x_icev2_pinmux_data.o)
 .data.gPru_icss1PinCfg
                0x8000bfe8      0x140 E:/uC-Soft/TI/TIRTOS/PDK_AM~1/packages/ti/starterware/binary/board/lib/am335x-evm/a8/debug/gcc\libboard.a(am335x_icev2_pinmux_data.o)
 .data.gPru_icssPinCfg
                0x8000c128       0x10 E:/uC-Soft/TI/TIRTOS/PDK_AM~1/packages/ti/starterware/binary/board/lib/am335x-evm/a8/debug/gcc\libboard.a(am335x_icev2_pinmux_data.o)
 .data.gI2c0PinCfg
                0x8000c138       0x18 E:/uC-Soft/TI/TIRTOS/PDK_AM~1/packages/ti/starterware/binary/board/lib/am335x-evm/a8/debug/gcc\libboard.a(am335x_icev2_pinmux_data.o)
 .data.gI2cPinCfg
                0x8000c150       0x10 E:/uC-Soft/TI/TIRTOS/PDK_AM~1/packages/ti/starterware/binary/board/lib/am335x-evm/a8/debug/gcc\libboard.a(am335x_icev2_pinmux_data.o)
 .data.gMcspi0PinCfg
                0x8000c160       0x30 E:/uC-Soft/TI/TIRTOS/PDK_AM~1/packages/ti/starterware/binary/board/lib/am335x-evm/a8/debug/gcc\libboard.a(am335x_icev2_pinmux_data.o)
 .data.gMcspi1PinCfg
                0x8000c190       0x28 E:/uC-Soft/TI/TIRTOS/PDK_AM~1/packages/ti/starterware/binary/board/lib/am335x-evm/a8/debug/gcc\libboard.a(am335x_icev2_pinmux_data.o)
 .data.gMcspiPinCfg
                0x8000c1b8       0x18 E:/uC-Soft/TI/TIRTOS/PDK_AM~1/packages/ti/starterware/binary/board/lib/am335x-evm/a8/debug/gcc\libboard.a(am335x_icev2_pinmux_data.o)
 .data.gMmcsd0PinCfg
                0x8000c1d0       0x38 E:/uC-Soft/TI/TIRTOS/PDK_AM~1/packages/ti/starterware/binary/board/lib/am335x-evm/a8/debug/gcc\libboard.a(am335x_icev2_pinmux_data.o)
 .data.gMmcsdPinCfg
                0x8000c208       0x10 E:/uC-Soft/TI/TIRTOS/PDK_AM~1/packages/ti/starterware/binary/board/lib/am335x-evm/a8/debug/gcc\libboard.a(am335x_icev2_pinmux_data.o)
 .data.gIceV2PinmuxData
                0x8000c218       0x48 E:/uC-Soft/TI/TIRTOS/PDK_AM~1/packages/ti/starterware/binary/board/lib/am335x-evm/a8/debug/gcc\libboard.a(am335x_icev2_pinmux_data.o)
                0x8000c218                gIceV2PinmuxData
 .data.gAdc0PinCfg
                0x8000c260        0x8 E:/uC-Soft/TI/TIRTOS/PDK_AM~1/packages/ti/starterware/binary/board/lib/am335x-evm/a8/debug/gcc\libboard.a(am335x_amic11x_pinmux_data.o)
 .data.gAdcPinCfg
                0x8000c268       0x10 E:/uC-Soft/TI/TIRTOS/PDK_AM~1/packages/ti/starterware/binary/board/lib/am335x-evm/a8/debug/gcc\libboard.a(am335x_amic11x_pinmux_data.o)
 .data.gPru_icss1PinCfg
                0x8000c278      0x140 E:/uC-Soft/TI/TIRTOS/PDK_AM~1/packages/ti/starterware/binary/board/lib/am335x-evm/a8/debug/gcc\libboard.a(am335x_amic11x_pinmux_data.o)
 .data.gPru_icssPinCfg
                0x8000c3b8       0x10 E:/uC-Soft/TI/TIRTOS/PDK_AM~1/packages/ti/starterware/binary/board/lib/am335x-evm/a8/debug/gcc\libboard.a(am335x_amic11x_pinmux_data.o)
 .data.gI2c0PinCfg
                0x8000c3c8       0x18 E:/uC-Soft/TI/TIRTOS/PDK_AM~1/packages/ti/starterware/binary/board/lib/am335x-evm/a8/debug/gcc\libboard.a(am335x_amic11x_pinmux_data.o)
 .data.gI2cPinCfg
                0x8000c3e0       0x10 E:/uC-Soft/TI/TIRTOS/PDK_AM~1/packages/ti/starterware/binary/board/lib/am335x-evm/a8/debug/gcc\libboard.a(am335x_amic11x_pinmux_data.o)
 .data.gMcspi0PinCfg
                0x8000c3f0       0x30 E:/uC-Soft/TI/TIRTOS/PDK_AM~1/packages/ti/starterware/binary/board/lib/am335x-evm/a8/debug/gcc\libboard.a(am335x_amic11x_pinmux_data.o)
 .data.gMcspi1PinCfg
                0x8000c420       0x28 E:/uC-Soft/TI/TIRTOS/PDK_AM~1/packages/ti/starterware/binary/board/lib/am335x-evm/a8/debug/gcc\libboard.a(am335x_amic11x_pinmux_data.o)
 .data.gMcspiPinCfg
                0x8000c448       0x18 E:/uC-Soft/TI/TIRTOS/PDK_AM~1/packages/ti/starterware/binary/board/lib/am335x-evm/a8/debug/gcc\libboard.a(am335x_amic11x_pinmux_data.o)
 .data.gGpio3PinCfg
                0x8000c460       0x38 E:/uC-Soft/TI/TIRTOS/PDK_AM~1/packages/ti/starterware/binary/board/lib/am335x-evm/a8/debug/gcc\libboard.a(am335x_amic11x_pinmux_data.o)
 .data.gGpio0PinCfg
                0x8000c498       0x30 E:/uC-Soft/TI/TIRTOS/PDK_AM~1/packages/ti/starterware/binary/board/lib/am335x-evm/a8/debug/gcc\libboard.a(am335x_amic11x_pinmux_data.o)
 .data.gGpio1PinCfg
                0x8000c4c8       0x38 E:/uC-Soft/TI/TIRTOS/PDK_AM~1/packages/ti/starterware/binary/board/lib/am335x-evm/a8/debug/gcc\libboard.a(am335x_amic11x_pinmux_data.o)
 .data.gGpio2PinCfg
                0x8000c500       0x38 E:/uC-Soft/TI/TIRTOS/PDK_AM~1/packages/ti/starterware/binary/board/lib/am335x-evm/a8/debug/gcc\libboard.a(am335x_amic11x_pinmux_data.o)
 .data.gGpioPinCfg
                0x8000c538       0x28 E:/uC-Soft/TI/TIRTOS/PDK_AM~1/packages/ti/starterware/binary/board/lib/am335x-evm/a8/debug/gcc\libboard.a(am335x_amic11x_pinmux_data.o)
 .data.gMcasp1PinCfg
                0x8000c560       0x28 E:/uC-Soft/TI/TIRTOS/PDK_AM~1/packages/ti/starterware/binary/board/lib/am335x-evm/a8/debug/gcc\libboard.a(am335x_amic11x_pinmux_data.o)
 .data.gMcaspPinCfg
                0x8000c588       0x10 E:/uC-Soft/TI/TIRTOS/PDK_AM~1/packages/ti/starterware/binary/board/lib/am335x-evm/a8/debug/gcc\libboard.a(am335x_amic11x_pinmux_data.o)
 .data.gGlue0PinCfg
                0x8000c598       0x18 E:/uC-Soft/TI/TIRTOS/PDK_AM~1/packages/ti/starterware/binary/board/lib/am335x-evm/a8/debug/gcc\libboard.a(am335x_amic11x_pinmux_data.o)
 .data.gGluePinCfg
                0x8000c5b0       0x10 E:/uC-Soft/TI/TIRTOS/PDK_AM~1/packages/ti/starterware/binary/board/lib/am335x-evm/a8/debug/gcc\libboard.a(am335x_amic11x_pinmux_data.o)
 .data.gEmif4PinCfg
                0x8000c5c0        0x8 E:/uC-Soft/TI/TIRTOS/PDK_AM~1/packages/ti/starterware/binary/board/lib/am335x-evm/a8/debug/gcc\libboard.a(am335x_amic11x_pinmux_data.o)
 .data.gEmifPinCfg
                0x8000c5c8       0x10 E:/uC-Soft/TI/TIRTOS/PDK_AM~1/packages/ti/starterware/binary/board/lib/am335x-evm/a8/debug/gcc\libboard.a(am335x_amic11x_pinmux_data.o)
 .data.gUart0PinCfg
                0x8000c5d8       0x18 E:/uC-Soft/TI/TIRTOS/PDK_AM~1/packages/ti/starterware/binary/board/lib/am335x-evm/a8/debug/gcc\libboard.a(am335x_amic11x_pinmux_data.o)
 .data.gUart1PinCfg
                0x8000c5f0       0x18 E:/uC-Soft/TI/TIRTOS/PDK_AM~1/packages/ti/starterware/binary/board/lib/am335x-evm/a8/debug/gcc\libboard.a(am335x_amic11x_pinmux_data.o)
 .data.gUartPinCfg
                0x8000c608       0x18 E:/uC-Soft/TI/TIRTOS/PDK_AM~1/packages/ti/starterware/binary/board/lib/am335x-evm/a8/debug/gcc\libboard.a(am335x_amic11x_pinmux_data.o)
 .data.gOsc0PinCfg
                0x8000c620        0x8 E:/uC-Soft/TI/TIRTOS/PDK_AM~1/packages/ti/starterware/binary/board/lib/am335x-evm/a8/debug/gcc\libboard.a(am335x_amic11x_pinmux_data.o)
 .data.gOscPinCfg
                0x8000c628       0x10 E:/uC-Soft/TI/TIRTOS/PDK_AM~1/packages/ti/starterware/binary/board/lib/am335x-evm/a8/debug/gcc\libboard.a(am335x_amic11x_pinmux_data.o)
 .data.gRtc0PinCfg
                0x8000c638       0x28 E:/uC-Soft/TI/TIRTOS/PDK_AM~1/packages/ti/starterware/binary/board/lib/am335x-evm/a8/debug/gcc\libboard.a(am335x_amic11x_pinmux_data.o)
 .data.gRtcPinCfg
                0x8000c660       0x10 E:/uC-Soft/TI/TIRTOS/PDK_AM~1/packages/ti/starterware/binary/board/lib/am335x-evm/a8/debug/gcc\libboard.a(am335x_amic11x_pinmux_data.o)
 .data.gDebugss0PinCfg
                0x8000c670       0x48 E:/uC-Soft/TI/TIRTOS/PDK_AM~1/packages/ti/starterware/binary/board/lib/am335x-evm/a8/debug/gcc\libboard.a(am335x_amic11x_pinmux_data.o)
 .data.gDebugssPinCfg
                0x8000c6b8       0x10 E:/uC-Soft/TI/TIRTOS/PDK_AM~1/packages/ti/starterware/binary/board/lib/am335x-evm/a8/debug/gcc\libboard.a(am335x_amic11x_pinmux_data.o)
 .data.gAMIC11xPinmuxData
                0x8000c6c8       0x68 E:/uC-Soft/TI/TIRTOS/PDK_AM~1/packages/ti/starterware/binary/board/lib/am335x-evm/a8/debug/gcc\libboard.a(am335x_amic11x_pinmux_data.o)
                0x8000c6c8                gAMIC11xPinmuxData
 .data.gpDCardAm335xLCD4RevStrTable
                0x8000c730        0x8 E:/uC-Soft/TI/TIRTOS/PDK_AM~1/packages/ti/starterware/binary/board/lib/am335x-evm/a8/debug/gcc\libboard.a(am335x_lcd4_dcard.o)
                0x8000c730                gpDCardAm335xLCD4RevStrTable
 .data.gDCardAM335xLCD4I2cSlaveAddrRange
                0x8000c738       0x10 E:/uC-Soft/TI/TIRTOS/PDK_AM~1/packages/ti/starterware/binary/board/lib/am335x-evm/a8/debug/gcc\libboard.a(am335x_lcd4_dcard.o)
                0x8000c738                gDCardAM335xLCD4I2cSlaveAddrRange
 .data.gDCardAm335xLCD4I2cInstData
                0x8000c748       0x80 E:/uC-Soft/TI/TIRTOS/PDK_AM~1/packages/ti/starterware/binary/board/lib/am335x-evm/a8/debug/gcc\libboard.a(am335x_lcd4_dcard.o)
                0x8000c748                gDCardAm335xLCD4I2cInstData
 .data.gDCardAm335xLCD4EepromDataFormat
                0x8000c7c8       0x20 E:/uC-Soft/TI/TIRTOS/PDK_AM~1/packages/ti/starterware/binary/board/lib/am335x-evm/a8/debug/gcc\libboard.a(am335x_lcd4_dcard.o)
                0x8000c7c8                gDCardAm335xLCD4EepromDataFormat
 .data.gChipDBEnabled
                0x8000c7e8        0x4 E:/uC-Soft/TI/TIRTOS/PDK_AM~1/packages/ti/starterware/binary/soc/lib/am335x-evm/a8/debug/gcc\libsoc.a(am335x_chipdb.o)

.igot.plt       0x8000c7ec        0x0
 .igot.plt      0x8000c7ec        0x0 e:/uc-soft/ti/tirtos/gcc-arm-none-eabi-6-2017-q1-update/bin/../lib/gcc/arm-none-eabi/6.3.1/hard/crtbegin.o

.bss            0x80010000     0x803d
                0x80010000                . = ALIGN (0x4)
                0x80010000                _bss_start = .
 *(.bss*)
 .bss.gUartAppObj
                0x80010000       0x74 E:/uC-Soft/TI/TIRTOS/PDK_AM~1/packages/ti/starterware/binary/uart_app_echo/obj/am335x-evm/a8host/debug/gcc/echo_app_main.o
 .bss.gBoardCommonObj
                0x80010074        0xc E:/uC-Soft/TI/TIRTOS/PDK_AM~1/packages/ti/starterware/binary/board/lib/am335x-evm/a8/debug/gcc\libboard.a(board.o)
 .bss.pBoardData
                0x80010080        0x4 E:/uC-Soft/TI/TIRTOS/PDK_AM~1/packages/ti/starterware/binary/board/lib/am335x-evm/a8/debug/gcc\libboard.a(pinmux.o)
 .bss.gBoardAm335xObj
                0x80010084        0xc E:/uC-Soft/TI/TIRTOS/PDK_AM~1/packages/ti/starterware/binary/board/lib/am335x-evm/a8/debug/gcc\libboard.a(board_am335x.o)
 .bss.gBoardDataEeprom
                0x80010090       0x1c E:/uC-Soft/TI/TIRTOS/PDK_AM~1/packages/ti/starterware/binary/board/lib/am335x-evm/a8/debug/gcc\libboard.a(board_am335x.o)
 .bss.gpBoardDataEeprom
                0x800100ac        0x4 E:/uC-Soft/TI/TIRTOS/PDK_AM~1/packages/ti/starterware/binary/board/lib/am335x-evm/a8/debug/gcc\libboard.a(board_am335x.o)
 .bss.gEepromOffset
                0x800100b0        0x2 E:/uC-Soft/TI/TIRTOS/PDK_AM~1/packages/ti/starterware/binary/board/lib/am335x-evm/a8/debug/gcc\libboard.a(board_am335x.o)
 *fill*         0x800100b2        0x2 
 .bss.gBoardAm335xBeagleBoneBlackIsDCardPresent
                0x800100b4        0x2 E:/uC-Soft/TI/TIRTOS/PDK_AM~1/packages/ti/starterware/binary/board/lib/am335x-evm/a8/debug/gcc\libboard.a(am335x_beagleboneblack.o)
                0x800100b4                gBoardAm335xBeagleBoneBlackIsDCardPresent
 *fill*         0x800100b6        0x2 
 .bss.gBoardAm335xBeagleboneblackDCardsList
                0x800100b8        0x8 E:/uC-Soft/TI/TIRTOS/PDK_AM~1/packages/ti/starterware/binary/board/lib/am335x-evm/a8/debug/gcc\libboard.a(am335x_beagleboneblack.o)
                0x800100b8                gBoardAm335xBeagleboneblackDCardsList
 .bss.gBoardAm335xIceV2PhyResetStatus
                0x800100c0        0x4 E:/uC-Soft/TI/TIRTOS/PDK_AM~1/packages/ti/starterware/binary/board/lib/am335x-evm/a8/debug/gcc\libboard.a(am335x_icev2.o)
 .bss.gBoardAm335xAMIC110PhyResetStatus
                0x800100c4        0x4 E:/uC-Soft/TI/TIRTOS/PDK_AM~1/packages/ti/starterware/binary/board/lib/am335x-evm/a8/debug/gcc\libboard.a(am335x_amic110.o)
 .bss.gDCardAm335xLCD4EepromOffset
                0x800100c8        0x2 E:/uC-Soft/TI/TIRTOS/PDK_AM~1/packages/ti/starterware/binary/board/lib/am335x-evm/a8/debug/gcc\libboard.a(am335x_lcd4_dcard.o)
                0x800100c8                gDCardAm335xLCD4EepromOffset
 .bss.gConsoleUtilsType
                0x800100ca        0x1 E:/uC-Soft/TI/TIRTOS/PDK_AM~1/packages/ti/starterware/binary/utils/lib/am335x-evm/a8/debug/gcc\libutils.a(console_utils.o)
 *fill*         0x800100cb        0x1 
 .bss.gI2CUtilsObj
                0x800100cc       0x9c E:/uC-Soft/TI/TIRTOS/PDK_AM~1/packages/ti/starterware/binary/utils/lib/am335x-evm/a8/debug/gcc\libutils.a(i2c_utils.o)
 .bss.gFreeRunTimerClockRateHz
                0x80010168        0x4 E:/uC-Soft/TI/TIRTOS/PDK_AM~1/packages/ti/starterware/binary/utils/lib/am335x-evm/a8/debug/gcc\libutils.a(dmtimer_utils.o)
 *fill*         0x8001016c        0x4 
 .bss.gFreeRunTimerCount
                0x80010170        0x8 E:/uC-Soft/TI/TIRTOS/PDK_AM~1/packages/ti/starterware/binary/utils/lib/am335x-evm/a8/debug/gcc\libutils.a(dmtimer_utils.o)
 .bss.gBaseAddr
                0x80010178        0x4 E:/uC-Soft/TI/TIRTOS/PDK_AM~1/packages/ti/starterware/binary/utils/lib/am335x-evm/a8/debug/gcc\libutils.a(dmtimer_utils.o)
 .bss.gConsoleUtilsUartInstAddr
                0x8001017c        0x4 E:/uC-Soft/TI/TIRTOS/PDK_AM~1/packages/ti/starterware/binary/utils/lib/am335x-evm/a8/debug/gcc\libutils.a(console_utils_uart.o)
 .bss.pIntrHandlers
                0x80010180      0x200 E:/uC-Soft/TI/TIRTOS/PDK_AM~1/packages/ti/starterware/binary/soc/lib/am335x-evm/a8/debug/gcc\libsoc.a(intc.o)
 .bss.pUserParameter
                0x80010380      0x200 E:/uC-Soft/TI/TIRTOS/PDK_AM~1/packages/ti/starterware/binary/soc/lib/am335x-evm/a8/debug/gcc\libsoc.a(intc.o)
 .bss.spuriousIntrCnt
                0x80010580        0x4 E:/uC-Soft/TI/TIRTOS/PDK_AM~1/packages/ti/starterware/binary/soc/lib/am335x-evm/a8/debug/gcc\libsoc.a(intc.o)
 .bss.isIntcInitialized
                0x80010584        0x4 E:/uC-Soft/TI/TIRTOS/PDK_AM~1/packages/ti/starterware/binary/soc/lib/am335x-evm/a8/debug/gcc\libsoc.a(intc.o)
 *(COMMON)
 *fill*         0x80010588     0x3a78 
 COMMON         0x80014000     0x4000 E:/uC-Soft/TI/TIRTOS/PDK_AM~1/packages/ti/starterware/binary/examples/example_utils/lib/am335x-evm/a8/debug/gcc\libexample_utils.a(example_utils_mmu.o)
                0x80014000                pageTable
 COMMON         0x80018000        0x6 E:/uC-Soft/TI/TIRTOS/PDK_AM~1/packages/ti/starterware/binary/board/lib/am335x-evm/a8/debug/gcc\libboard.a(am335x_gpevm.o)
                0x80018000                gDataToSlave
                0x80018004                gDataFromSlave
 *fill*         0x80018006        0x2 
 COMMON         0x80018008       0x35 E:/uC-Soft/TI/TIRTOS/PDK_AM~1/packages/ti/starterware/binary/board/lib/am335x-evm/a8/debug/gcc\libboard.a(am335x_lcd4_dcard.o)
                0x80018008                gDCardAm335xLCD4EepromDataBoardName
                0x80018020                gDCardAm335xLCD4EepromDataVersion
                0x80018028                gDCardAm335xLCD4EepromDataHeader
                0x80018030                gDCardAm335xLCD4EepromDataSerialNumber
                0x8001803d                _bss_end = .

.heap           0x8001803d      0x803
                0x80018040                . = ALIGN (0x4)
 *fill*         0x8001803d        0x3 
                0x80018040                __end__ = .
                0x80018040                end = __end__
                0x80018040                __HeapBase = __end__
 *(.heap*)
                0x80018840                . = (. + 0x800)
 *fill*         0x80018040      0x800 
                0x80018840                __HeapLimit = .

.stack          0x80018840    0x10000
                0x80018840                . = ALIGN (0x8)
                0x80018840                __StackLimit = .
 *(.stack*)
                0x80028840                . = (. + 0x10000)
 *fill*         0x80018840    0x10000 
                0x80028840                __StackTop = .
                0x80028840                _stack = __StackTop
LOAD E:/uC-Soft/TI/TIRTOS/PDK_AM~1/packages/ti/starterware/binary/examples/example_utils/lib/am335x-evm/a8/debug/gcc\libexample_utils.a
LOAD E:/uC-Soft/TI/TIRTOS/PDK_AM~1/packages/ti/starterware/binary/board/lib/am335x-evm/a8/debug/gcc\libboard.a
LOAD E:/uC-Soft/TI/TIRTOS/PDK_AM~1/packages/ti/starterware/binary/utils/lib/am335x-evm/a8/debug/gcc\libutils.a
LOAD E:/uC-Soft/TI/TIRTOS/PDK_AM~1/packages/ti/starterware/binary/soc/lib/am335x-evm/a8/debug/gcc\libsoc.a
LOAD E:/uC-Soft/TI/TIRTOS/PDK_AM~1/packages/ti/starterware/binary/dal/lib/am335x-evm/a8/debug/gcc\libdal.a
LOAD E:/uC-Soft/TI/TIRTOS/gcc-arm-none-eabi-6-2017-q1-update/arm-none-eabi/lib/hard\libstdc++_nano.a
LOAD e:/uc-soft/ti/tirtos/gcc-arm-none-eabi-6-2017-q1-update/bin/../lib/gcc/arm-none-eabi/6.3.1/hard\libgcc.a
LOAD E:/uC-Soft/TI/TIRTOS/gcc-arm-none-eabi-6-2017-q1-update/arm-none-eabi/lib/hard\libm.a
LOAD E:/uC-Soft/TI/TIRTOS/gcc-arm-none-eabi-6-2017-q1-update/arm-none-eabi/lib/hard\libc_nano.a
LOAD E:/uC-Soft/TI/TIRTOS/gcc-arm-none-eabi-6-2017-q1-update/arm-none-eabi/lib/hard\librdimon_nano.a
START GROUP
LOAD e:/uc-soft/ti/tirtos/gcc-arm-none-eabi-6-2017-q1-update/bin/../lib/gcc/arm-none-eabi/6.3.1/hard\libgcc.a
LOAD E:/uC-Soft/TI/TIRTOS/gcc-arm-none-eabi-6-2017-q1-update/arm-none-eabi/lib/hard\libc_nano.a
END GROUP
START GROUP
LOAD e:/uc-soft/ti/tirtos/gcc-arm-none-eabi-6-2017-q1-update/bin/../lib/gcc/arm-none-eabi/6.3.1/hard\libgcc.a
LOAD E:/uC-Soft/TI/TIRTOS/gcc-arm-none-eabi-6-2017-q1-update/arm-none-eabi/lib/hard\libc_nano.a
END GROUP
LOAD e:/uc-soft/ti/tirtos/gcc-arm-none-eabi-6-2017-q1-update/bin/../lib/gcc/arm-none-eabi/6.3.1/hard/crtend.o
LOAD e:/uc-soft/ti/tirtos/gcc-arm-none-eabi-6-2017-q1-update/bin/../lib/gcc/arm-none-eabi/6.3.1/hard/crtn.o
OUTPUT(E:/uC-Soft/TI/TIRTOS/PDK_AM~1/packages/ti/starterware/binary/uart_app_echo/bin/am335x-evm/gcc/uart_app_echo_a8host_debug.out elf32-littlearm)

.ARM.attributes
                0x00000000       0x39
 .ARM.attributes
                0x00000000       0x16 e:/uc-soft/ti/tirtos/gcc-arm-none-eabi-6-2017-q1-update/bin/../lib/gcc/arm-none-eabi/6.3.1/hard/crti.o
 .ARM.attributes
                0x00000016       0x3d E:/uC-Soft/TI/TIRTOS/PDK_AM~1/packages/ti/starterware/binary/uart_app_echo/obj/am335x-evm/a8host/debug/gcc/uart_app.o
 .ARM.attributes
                0x00000053       0x3d E:/uC-Soft/TI/TIRTOS/PDK_AM~1/packages/ti/starterware/binary/uart_app_echo/obj/am335x-evm/a8host/debug/gcc/echo_app_main.o
 .ARM.attributes
                0x00000090       0x3d E:/uC-Soft/TI/TIRTOS/PDK_AM~1/packages/ti/starterware/binary/examples/example_utils/lib/am335x-evm/a8/debug/gcc\libexample_utils.a(example_utils_mmu.o)
 .ARM.attributes
                0x000000cd       0x3d E:/uC-Soft/TI/TIRTOS/PDK_AM~1/packages/ti/starterware/binary/board/lib/am335x-evm/a8/debug/gcc\libboard.a(board.o)
 .ARM.attributes
                0x0000010a       0x3d E:/uC-Soft/TI/TIRTOS/PDK_AM~1/packages/ti/starterware/binary/board/lib/am335x-evm/a8/debug/gcc\libboard.a(dcard.o)
 .ARM.attributes
                0x00000147       0x3d E:/uC-Soft/TI/TIRTOS/PDK_AM~1/packages/ti/starterware/binary/board/lib/am335x-evm/a8/debug/gcc\libboard.a(platform.o)
 .ARM.attributes
                0x00000184       0x3d E:/uC-Soft/TI/TIRTOS/PDK_AM~1/packages/ti/starterware/binary/board/lib/am335x-evm/a8/debug/gcc\libboard.a(pinmux.o)
 .ARM.attributes
                0x000001c1       0x3d E:/uC-Soft/TI/TIRTOS/PDK_AM~1/packages/ti/starterware/binary/board/lib/am335x-evm/a8/debug/gcc\libboard.a(board_am335x.o)
 .ARM.attributes
                0x000001fe       0x3d E:/uC-Soft/TI/TIRTOS/PDK_AM~1/packages/ti/starterware/binary/board/lib/am335x-evm/a8/debug/gcc\libboard.a(dcard_am335x.o)
 .ARM.attributes
                0x0000023b       0x3d E:/uC-Soft/TI/TIRTOS/PDK_AM~1/packages/ti/starterware/binary/board/lib/am335x-evm/a8/debug/gcc\libboard.a(am335x_gpevm.o)
 .ARM.attributes
                0x00000278       0x3d E:/uC-Soft/TI/TIRTOS/PDK_AM~1/packages/ti/starterware/binary/board/lib/am335x-evm/a8/debug/gcc\libboard.a(am335x_evmsk.o)
 .ARM.attributes
                0x000002b5       0x3d E:/uC-Soft/TI/TIRTOS/PDK_AM~1/packages/ti/starterware/binary/board/lib/am335x-evm/a8/debug/gcc\libboard.a(am335x_beaglebone.o)
 .ARM.attributes
                0x000002f2       0x3d E:/uC-Soft/TI/TIRTOS/PDK_AM~1/packages/ti/starterware/binary/board/lib/am335x-evm/a8/debug/gcc\libboard.a(am335x_beagleboneblack.o)
 .ARM.attributes
                0x0000032f       0x3d E:/uC-Soft/TI/TIRTOS/PDK_AM~1/packages/ti/starterware/binary/board/lib/am335x-evm/a8/debug/gcc\libboard.a(am335x_icev1.o)
 .ARM.attributes
                0x0000036c       0x3d E:/uC-Soft/TI/TIRTOS/PDK_AM~1/packages/ti/starterware/binary/board/lib/am335x-evm/a8/debug/gcc\libboard.a(am335x_icev2.o)
 .ARM.attributes
                0x000003a9       0x3d E:/uC-Soft/TI/TIRTOS/PDK_AM~1/packages/ti/starterware/binary/board/lib/am335x-evm/a8/debug/gcc\libboard.a(am335x_amic110.o)
 .ARM.attributes
                0x000003e6       0x3d E:/uC-Soft/TI/TIRTOS/PDK_AM~1/packages/ti/starterware/binary/board/lib/am335x-evm/a8/debug/gcc\libboard.a(am335x_custom.o)
 .ARM.attributes
                0x00000423       0x3d E:/uC-Soft/TI/TIRTOS/PDK_AM~1/packages/ti/starterware/binary/board/lib/am335x-evm/a8/debug/gcc\libboard.a(am335x_gpevm_pinmux_data.o)
 .ARM.attributes
                0x00000460       0x3d E:/uC-Soft/TI/TIRTOS/PDK_AM~1/packages/ti/starterware/binary/board/lib/am335x-evm/a8/debug/gcc\libboard.a(am335x_evmsk_pinmux_data.o)
 .ARM.attributes
                0x0000049d       0x3d E:/uC-Soft/TI/TIRTOS/PDK_AM~1/packages/ti/starterware/binary/board/lib/am335x-evm/a8/debug/gcc\libboard.a(am335x_beaglebone_pinmux_data.o)
 .ARM.attributes
                0x000004da       0x3d E:/uC-Soft/TI/TIRTOS/PDK_AM~1/packages/ti/starterware/binary/board/lib/am335x-evm/a8/debug/gcc\libboard.a(am335x_beagleboneblack_pinmux_data.o)
 .ARM.attributes
                0x00000517       0x3d E:/uC-Soft/TI/TIRTOS/PDK_AM~1/packages/ti/starterware/binary/board/lib/am335x-evm/a8/debug/gcc\libboard.a(am335x_icev1_pinmux_data.o)
 .ARM.attributes
                0x00000554       0x3d E:/uC-Soft/TI/TIRTOS/PDK_AM~1/packages/ti/starterware/binary/board/lib/am335x-evm/a8/debug/gcc\libboard.a(am335x_icev2_pinmux_data.o)
 .ARM.attributes
                0x00000591       0x3d E:/uC-Soft/TI/TIRTOS/PDK_AM~1/packages/ti/starterware/binary/board/lib/am335x-evm/a8/debug/gcc\libboard.a(am335x_amic11x_pinmux_data.o)
 .ARM.attributes
                0x000005ce       0x3d E:/uC-Soft/TI/TIRTOS/PDK_AM~1/packages/ti/starterware/binary/board/lib/am335x-evm/a8/debug/gcc\libboard.a(am335x_lcd4_dcard.o)
 .ARM.attributes
                0x0000060b       0x3d E:/uC-Soft/TI/TIRTOS/PDK_AM~1/packages/ti/starterware/binary/utils/lib/am335x-evm/a8/debug/gcc\libutils.a(console_utils.o)
 .ARM.attributes