Archive member included to satisfy reference by file (symbol)

E:/uC-Soft/TI/TIRTOS/PDK_AM~1/packages/ti/starterware/binary/library/nandlib/lib/am335x-evm/a8/release/gcc\libnand_lib_boot.a(nand_lib_boot.o)
                              E:/uC-Soft/TI/TIRTOS/PDK_AM~1/packages/ti/starterware/binary/bootloader/obj/am335x-evm/a8host/release/gcc/boot_nand/sbl_nand_boot.o (NANDLibInit)
E:/uC-Soft/TI/TIRTOS/PDK_AM~1/packages/ti/starterware/binary/library/nandlib/lib/am335x-evm/a8/release/gcc\libnand_lib_boot.a(nand_lib_gpmc_boot.o)
                              E:/uC-Soft/TI/TIRTOS/PDK_AM~1/packages/ti/starterware/binary/library/nandlib/lib/am335x-evm/a8/release/gcc\libnand_lib_boot.a(nand_lib_boot.o) (NANDLibGpmcInit)
E:/uC-Soft/TI/TIRTOS/PDK_AM~1/packages/ti/starterware/binary/device/lib/am335x-evm/a8/release/gcc\libdevice_boot.a(nand_device_boot.o)
                              E:/uC-Soft/TI/TIRTOS/PDK_AM~1/packages/ti/starterware/binary/bootloader/obj/am335x-evm/a8host/release/gcc/boot_nand/sbl_nand_boot.o (NANDGetDeviceData)
E:/uC-Soft/TI/TIRTOS/PDK_AM~1/packages/ti/starterware/binary/board/lib/am335x-evm/a8/release/gcc\libboard_boot.a(board_boot.o)
                              E:/uC-Soft/TI/TIRTOS/PDK_AM~1/packages/ti/starterware/binary/bootloader/obj/am335x-evm/a8host/release/gcc/boot_nand/sbl_main_boot.o (BOARDInit)
E:/uC-Soft/TI/TIRTOS/PDK_AM~1/packages/ti/starterware/binary/board/lib/am335x-evm/a8/release/gcc\libboard_boot.a(dcard_boot.o)
                              E:/uC-Soft/TI/TIRTOS/PDK_AM~1/packages/ti/starterware/binary/board/lib/am335x-evm/a8/release/gcc\libboard_boot.a(board_boot.o) (DCARDIsDevPresent)
E:/uC-Soft/TI/TIRTOS/PDK_AM~1/packages/ti/starterware/binary/board/lib/am335x-evm/a8/release/gcc\libboard_boot.a(platform_boot.o)
                              E:/uC-Soft/TI/TIRTOS/PDK_AM~1/packages/ti/starterware/binary/board/lib/am335x-evm/a8/release/gcc\libboard_boot.a(board_boot.o) (PLATFORMGetId)
E:/uC-Soft/TI/TIRTOS/PDK_AM~1/packages/ti/starterware/binary/board/lib/am335x-evm/a8/release/gcc\libboard_boot.a(pinmux_boot.o)
                              E:/uC-Soft/TI/TIRTOS/PDK_AM~1/packages/ti/starterware/binary/bootloader/obj/am335x-evm/a8host/release/gcc/boot_nand/gpio_app_boot.o (PINMUXModuleConfig)
E:/uC-Soft/TI/TIRTOS/PDK_AM~1/packages/ti/starterware/binary/board/lib/am335x-evm/a8/release/gcc\libboard_boot.a(board_am335x_boot.o)
                              E:/uC-Soft/TI/TIRTOS/PDK_AM~1/packages/ti/starterware/binary/board/lib/am335x-evm/a8/release/gcc\libboard_boot.a(board_boot.o) (BoardAm335xInit)
E:/uC-Soft/TI/TIRTOS/PDK_AM~1/packages/ti/starterware/binary/board/lib/am335x-evm/a8/release/gcc\libboard_boot.a(dcard_am335x_boot.o)
                              E:/uC-Soft/TI/TIRTOS/PDK_AM~1/packages/ti/starterware/binary/board/lib/am335x-evm/a8/release/gcc\libboard_boot.a(dcard_boot.o) (DCardAm335xInit)
E:/uC-Soft/TI/TIRTOS/PDK_AM~1/packages/ti/starterware/binary/board/lib/am335x-evm/a8/release/gcc\libboard_boot.a(am335x_gpevm_boot.o)
                              E:/uC-Soft/TI/TIRTOS/PDK_AM~1/packages/ti/starterware/binary/board/lib/am335x-evm/a8/release/gcc\libboard_boot.a(board_am335x_boot.o) (gBoardAm335xGpevmData)
E:/uC-Soft/TI/TIRTOS/PDK_AM~1/packages/ti/starterware/binary/board/lib/am335x-evm/a8/release/gcc\libboard_boot.a(am335x_evmsk_boot.o)
                              E:/uC-Soft/TI/TIRTOS/PDK_AM~1/packages/ti/starterware/binary/board/lib/am335x-evm/a8/release/gcc\libboard_boot.a(board_am335x_boot.o) (gBoardAm335xEvmskData)
E:/uC-Soft/TI/TIRTOS/PDK_AM~1/packages/ti/starterware/binary/board/lib/am335x-evm/a8/release/gcc\libboard_boot.a(am335x_beaglebone_boot.o)
                              E:/uC-Soft/TI/TIRTOS/PDK_AM~1/packages/ti/starterware/binary/board/lib/am335x-evm/a8/release/gcc\libboard_boot.a(board_am335x_boot.o) (gBoardAm335xBeagleboneData)
E:/uC-Soft/TI/TIRTOS/PDK_AM~1/packages/ti/starterware/binary/board/lib/am335x-evm/a8/release/gcc\libboard_boot.a(am335x_beagleboneblack_boot.o)
                              E:/uC-Soft/TI/TIRTOS/PDK_AM~1/packages/ti/starterware/binary/board/lib/am335x-evm/a8/release/gcc\libboard_boot.a(board_am335x_boot.o) (gBoardAm335xBeagleboneblackData)
E:/uC-Soft/TI/TIRTOS/PDK_AM~1/packages/ti/starterware/binary/board/lib/am335x-evm/a8/release/gcc\libboard_boot.a(am335x_icev1_boot.o)
                              E:/uC-Soft/TI/TIRTOS/PDK_AM~1/packages/ti/starterware/binary/board/lib/am335x-evm/a8/release/gcc\libboard_boot.a(board_am335x_boot.o) (gBoardAm335xIceV1Data)
E:/uC-Soft/TI/TIRTOS/PDK_AM~1/packages/ti/starterware/binary/board/lib/am335x-evm/a8/release/gcc\libboard_boot.a(am335x_icev2_boot.o)
                              E:/uC-Soft/TI/TIRTOS/PDK_AM~1/packages/ti/starterware/binary/board/lib/am335x-evm/a8/release/gcc\libboard_boot.a(board_am335x_boot.o) (gBoardAm335xIceV2Data)
E:/uC-Soft/TI/TIRTOS/PDK_AM~1/packages/ti/starterware/binary/board/lib/am335x-evm/a8/release/gcc\libboard_boot.a(am335x_amic110_boot.o)
[...]
Memory Configuration

Name             Origin             Length             Attributes
DDR0             0x80000000         0x10000000
OCMCRAM          0x402f0400         0x0001fbff
*default*        0x00000000         0xffffffff

Linker script and memory map

LOAD e:/uc-soft/ti/tirtos/gcc-arm-none-eabi-6-2017-q1-update/bin/../lib/gcc/arm-none-eabi/6.3.1/hard/crti.o
LOAD e:/uc-soft/ti/tirtos/gcc-arm-none-eabi-6-2017-q1-update/bin/../lib/gcc/arm-none-eabi/6.3.1/hard/crtbegin.o
LOAD e:/uc-soft/ti/tirtos/gcc-arm-none-eabi-6-2017-q1-update/bin/../lib/gcc/arm-none-eabi/6.3.1/../../../../arm-none-eabi/lib/hard/crt0.o
LOAD E:/uC-Soft/TI/TIRTOS/PDK_AM~1/packages/ti/starterware/binary/bootloader/obj/am335x-evm/a8host/release/gcc/boot_nand/sbl_copy_boot.o
LOAD E:/uC-Soft/TI/TIRTOS/PDK_AM~1/packages/ti/starterware/binary/bootloader/obj/am335x-evm/a8host/release/gcc/boot_nand/sbl_main_boot.o
LOAD E:/uC-Soft/TI/TIRTOS/PDK_AM~1/packages/ti/starterware/binary/bootloader/obj/am335x-evm/a8host/release/gcc/boot_nand/gpio_app_boot.o
LOAD E:/uC-Soft/TI/TIRTOS/PDK_AM~1/packages/ti/starterware/binary/bootloader/obj/am335x-evm/a8host/release/gcc/boot_nand/sbl_nand_boot.o
LOAD E:/uC-Soft/TI/TIRTOS/PDK_AM~1/packages/ti/starterware/binary/bootloader/obj/am335x-evm/a8host/release/gcc/boot_nand/sbl_am335x_platform_boot.o
LOAD E:/uC-Soft/TI/TIRTOS/PDK_AM~1/packages/ti/starterware/binary/bootloader/obj/am335x-evm/a8host/release/gcc/boot_nand/sbl_am335x_platform_ddr_boot.o
LOAD E:/uC-Soft/TI/TIRTOS/PDK_AM~1/packages/ti/starterware/binary/bootloader/obj/am335x-evm/a8host/release/gcc/boot_nand/sbl_am335x_platform_pll_boot.o

.startcode      0x402f0400       0x9c
                0x402f0400                . = ALIGN (0x4)
 *sbl_init_boot.o(.text)
 .text          0x402f0400       0x9c E:/uC-Soft/TI/TIRTOS/PDK_AM~1/packages/ti/starterware/binary/soc/lib/am335x-evm/a8/release/gcc\libsoc_boot.a(sbl_init_boot.o)
                0x402f0400                Entry

.text           0x402f04a0     0x97cc
                0x402f04a0                . = ALIGN (0x4)
 *(.text*)
 .text.SBLCopyImage
                0x402f04a0       0x1c E:/uC-Soft/TI/TIRTOS/PDK_AM~1/packages/ti/starterware/binary/bootloader/obj/am335x-evm/a8host/release/gcc/boot_nand/sbl_copy_boot.o
                0x402f04a0                SBLCopyImage
 .text.startup.main
                0x402f04bc       0xb0 E:/uC-Soft/TI/TIRTOS/PDK_AM~1/packages/ti/starterware/binary/bootloader/obj/am335x-evm/a8host/release/gcc/boot_nand/sbl_main_boot.o
                0x402f04bc                main
 .text.GPIOAppInit
                0x402f056c      0x178 E:/uC-Soft/TI/TIRTOS/PDK_AM~1/packages/ti/starterware/binary/bootloader/obj/am335x-evm/a8host/release/gcc/boot_nand/gpio_app_boot.o
                0x402f056c                GPIOAppInit
 .text.SblNandReadFlash.isra.1
                0x402f06e4      0x274 E:/uC-Soft/TI/TIRTOS/PDK_AM~1/packages/ti/starterware/binary/bootloader/obj/am335x-evm/a8host/release/gcc/boot_nand/sbl_nand_boot.o
 .text.SBLNandCopy
                0x402f0958      0x348 E:/uC-Soft/TI/TIRTOS/PDK_AM~1/packages/ti/starterware/binary/bootloader/obj/am335x-evm/a8host/release/gcc/boot_nand/sbl_nand_boot.o
                0x402f0958                SBLNandCopy
 .text.SBLPlatformConfig
                0x402f0ca0      0x114 E:/uC-Soft/TI/TIRTOS/PDK_AM~1/packages/ti/starterware/binary/bootloader/obj/am335x-evm/a8host/release/gcc/boot_nand/sbl_am335x_platform_boot.o
                0x402f0ca0                SBLPlatformConfig
 .text.SBLPlatformConfigPostBoot
                0x402f0db4        0x4 E:/uC-Soft/TI/TIRTOS/PDK_AM~1/packages/ti/starterware/binary/bootloader/obj/am335x-evm/a8host/release/gcc/boot_nand/sbl_am335x_platform_boot.o
                0x402f0db4                SBLPlatformConfigPostBoot
 .text.SblPlatformDdrVttEnable
                0x402f0db8      0x178 E:/uC-Soft/TI/TIRTOS/PDK_AM~1/packages/ti/starterware/binary/bootloader/obj/am335x-evm/a8host/release/gcc/boot_nand/sbl_am335x_platform_ddr_boot.o
 .text.SBLPlatformDdrInit
                0x402f0f30      0x7bc E:/uC-Soft/TI/TIRTOS/PDK_AM~1/packages/ti/starterware/binary/bootloader/obj/am335x-evm/a8host/release/gcc/boot_nand/sbl_am335x_platform_ddr_boot.o
                0x402f0f30                SBLPlatformDdrInit
 .text.SblPlatformPllCoreInit
                0x402f16ec       0xe8 E:/uC-Soft/TI/TIRTOS/PDK_AM~1/packages/ti/starterware/binary/bootloader/obj/am335x-evm/a8host/release/gcc/boot_nand/sbl_am335x_platform_pll_boot.o
                0x402f16ec                SblPlatformPllCoreInit
 .text.SblPlatformPllDisplayInit
                0x402f17d4       0xb4 E:/uC-Soft/TI/TIRTOS/PDK_AM~1/packages/ti/starterware/binary/bootloader/obj/am335x-evm/a8host/release/gcc/boot_nand/sbl_am335x_platform_pll_boot.o
                0x402f17d4                SblPlatformPllDisplayInit
 .text.SblPlatformPllPerInit
                0x402f1888       0xb4 E:/uC-Soft/TI/TIRTOS/PDK_AM~1/packages/ti/starterware/binary/bootloader/obj/am335x-evm/a8host/release/gcc/boot_nand/sbl_am335x_platform_pll_boot.o
                0x402f1888                SblPlatformPllPerInit
 .text.SblPlatformPllDdrInit
                0x402f193c       0xb4 E:/uC-Soft/TI/TIRTOS/PDK_AM~1/packages/ti/starterware/binary/bootloader/obj/am335x-evm/a8host/release/gcc/boot_nand/sbl_am335x_platform_pll_boot.o
                0x402f193c                SblPlatformPllDdrInit
 .text.SblPlatformPllMpuInit
                0x402f19f0       0xb4 E:/uC-Soft/TI/TIRTOS/PDK_AM~1/packages/ti/starterware/binary/bootloader/obj/am335x-evm/a8host/release/gcc/boot_nand/sbl_am335x_platform_pll_boot.o
                0x402f19f0                SblPlatformPllMpuInit
 .text.SBLPlatformPllInit
                0x402f1aa4      0x228 E:/uC-Soft/TI/TIRTOS/PDK_AM~1/packages/ti/starterware/binary/bootloader/obj/am335x-evm/a8host/release/gcc/boot_nand/sbl_am335x_platform_pll_boot.o
                0x402f1aa4                SBLPlatformPllInit
 .text.NandLibReadData
                0x402f1ccc       0x98 E:/uC-Soft/TI/TIRTOS/PDK_AM~1/packages/ti/starterware/binary/library/nandlib/lib/am335x-evm/a8/release/gcc\libnand_lib_boot.a(nand_lib_boot.o)
 .text.NandLibWaitPinStatus.constprop.0
                0x402f1d64       0x5c E:/uC-Soft/TI/TIRTOS/PDK_AM~1/packages/ti/starterware/binary/library/nandlib/lib/am335x-evm/a8/release/gcc\libnand_lib_boot.a(nand_lib_boot.o)
 .text.NandLibSendPageReadCmd
                0x402f1dc0       0xec E:/uC-Soft/TI/TIRTOS/PDK_AM~1/packages/ti/starterware/binary/library/nandlib/lib/am335x-evm/a8/release/gcc\libnand_lib_boot.a(nand_lib_boot.o)
 .text.NANDLibReadId
                0x402f1eac      0x1a0 E:/uC-Soft/TI/TIRTOS/PDK_AM~1/packages/ti/starterware/binary/library/nandlib/lib/am335x-evm/a8/release/gcc\libnand_lib_boot.a(nand_lib_boot.o)
                0x402f1eac                NANDLibReadId
 .text.NANDLibReset
                0x402f204c       0x3c E:/uC-Soft/TI/TIRTOS/PDK_AM~1/packages/ti/starterware/binary/library/nandlib/lib/am335x-evm/a8/release/gcc\libnand_lib_boot.a(nand_lib_boot.o)
                0x402f204c                NANDLibReset
 .text.NANDLibInit
                0x402f2088      0x15c E:/uC-Soft/TI/TIRTOS/PDK_AM~1/packages/ti/starterware/binary/library/nandlib/lib/am335x-evm/a8/release/gcc\libnand_lib_boot.a(nand_lib_boot.o)
                0x402f2088                NANDLibInit
 .text.NANDLibPageRead
                0x402f21e4      0x3c0 E:/uC-Soft/TI/TIRTOS/PDK_AM~1/packages/ti/starterware/binary/library/nandlib/lib/am335x-evm/a8/release/gcc\libnand_lib_boot.a(nand_lib_boot.o)
                0x402f21e4                NANDLibPageRead
 .text.NANDLibBadBlockCheck
                0x402f25a4       0xc4 E:/uC-Soft/TI/TIRTOS/PDK_AM~1/packages/ti/starterware/binary/library/nandlib/lib/am335x-evm/a8/release/gcc\libnand_lib_boot.a(nand_lib_boot.o)
                0x402f25a4                NANDLibBadBlockCheck
 .text.NandLibGpmcBchEccCalculate
                0x402f2668       0xc4 E:/uC-Soft/TI/TIRTOS/PDK_AM~1/packages/ti/starterware/binary/library/nandlib/lib/am335x-evm/a8/release/gcc\libnand_lib_boot.a(nand_lib_gpmc_boot.o)
 .text.NANDLibGpmcInit
                0x402f272c      0x384 E:/uC-Soft/TI/TIRTOS/PDK_AM~1/packages/ti/starterware/binary/library/nandlib/lib/am335x-evm/a8/release/gcc\libnand_lib_boot.a(nand_lib_gpmc_boot.o)
                0x402f272c                NANDLibGpmcInit
 .text.NANDLibGpmcWaitPinStatus
                0x402f2ab0       0x14 E:/uC-Soft/TI/TIRTOS/PDK_AM~1/packages/ti/starterware/binary/library/nandlib/lib/am335x-evm/a8/release/gcc\libnand_lib_boot.a(nand_lib_gpmc_boot.o)
                0x402f2ab0                NANDLibGpmcWaitPinStatus
 .text.NANDLibGpmcFifoStatus
                0x402f2ac4       0x10 E:/uC-Soft/TI/TIRTOS/PDK_AM~1/packages/ti/starterware/binary/library/nandlib/lib/am335x-evm/a8/release/gcc\libnand_lib_boot.a(nand_lib_gpmc_boot.o)
                0x402f2ac4                NANDLibGpmcFifoStatus
 .text.NANDLibGpmcGetData
                0x402f2ad4       0x30 E:/uC-Soft/TI/TIRTOS/PDK_AM~1/packages/ti/starterware/binary/library/nandlib/lib/am335x-evm/a8/release/gcc\libnand_lib_boot.a(nand_lib_gpmc_boot.o)
                0x402f2ad4                NANDLibGpmcGetData
 .text.NANDLibGpmcSetData
                0x402f2b04       0x30 E:/uC-Soft/TI/TIRTOS/PDK_AM~1/packages/ti/starterware/binary/library/nandlib/lib/am335x-evm/a8/release/gcc\libnand_lib_boot.a(nand_lib_gpmc_boot.o)
                0x402f2b04                NANDLibGpmcSetData
 .text.NANDLibGpmcSetCommand
                0x402f2b34       0x20 E:/uC-Soft/TI/TIRTOS/PDK_AM~1/packages/ti/starterware/binary/library/nandlib/lib/am335x-evm/a8/release/gcc\libnand_lib_boot.a(nand_lib_gpmc_boot.o)
                0x402f2b34                NANDLibGpmcSetCommand
 .text.NANDLibGpmcSetAddr
                0x402f2b54       0x20 E:/uC-Soft/TI/TIRTOS/PDK_AM~1/packages/ti/starterware/binary/library/nandlib/lib/am335x-evm/a8/release/gcc\libnand_lib_boot.a(nand_lib_gpmc_boot.o)
                0x402f2b54                NANDLibGpmcSetAddr
 .text.NANDLibGpmcEccInit
                0x402f2b74      0x30c E:/uC-Soft/TI/TIRTOS/PDK_AM~1/packages/ti/starterware/binary/library/nandlib/lib/am335x-evm/a8/release/gcc\libnand_lib_boot.a(nand_lib_gpmc_boot.o)
                0x402f2b74                NANDLibGpmcEccInit
 .text.NANDLibGpmcEccEnable
                0x402f2e80       0x30 E:/uC-Soft/TI/TIRTOS/PDK_AM~1/packages/ti/starterware/binary/library/nandlib/lib/am335x-evm/a8/release/gcc\libnand_lib_boot.a(nand_lib_gpmc_boot.o)
                0x402f2e80                NANDLibGpmcEccEnable
 .text.NANDLibGpmcEccDisable
                0x402f2eb0       0x14 E:/uC-Soft/TI/TIRTOS/PDK_AM~1/packages/ti/starterware/binary/library/nandlib/lib/am335x-evm/a8/release/gcc\libnand_lib_boot.a(nand_lib_gpmc_boot.o)
                0x402f2eb0                NANDLibGpmcEccDisable
 .text.NANDLibGpmcEccWriteSet
                0x402f2ec4       0x44 E:/uC-Soft/TI/TIRTOS/PDK_AM~1/packages/ti/starterware/binary/library/nandlib/lib/am335x-evm/a8/release/gcc\libnand_lib_boot.a(nand_lib_gpmc_boot.o)
                0x402f2ec4                NANDLibGpmcEccWriteSet
 .text.NANDLibGpmcEccReadSet
                0x402f2f08       0x44 E:/uC-Soft/TI/TIRTOS/PDK_AM~1/packages/ti/starterware/binary/library/nandlib/lib/am335x-evm/a8/release/gcc\libnand_lib_boot.a(nand_lib_gpmc_boot.o)
                0x402f2f08                NANDLibGpmcEccReadSet
 .text.NANDLibGpmcEccCalculate
                0x402f2f4c       0x6c E:/uC-Soft/TI/TIRTOS/PDK_AM~1/packages/ti/starterware/binary/library/nandlib/lib/am335x-evm/a8/release/gcc\libnand_lib_boot.a(nand_lib_gpmc_boot.o)
                0x402f2f4c                NANDLibGpmcEccCalculate
 .text.NANDLibGpmcEccCheckAndCorrect
                0x402f2fb8      0x28c E:/uC-Soft/TI/TIRTOS/PDK_AM~1/packages/ti/starterware/binary/library/nandlib/lib/am335x-evm/a8/release/gcc\libnand_lib_boot.a(nand_lib_gpmc_boot.o)
                0x402f2fb8                NANDLibGpmcEccCheckAndCorrect
 .text.NANDGetDeviceData
                0x402f3244       0x38 E:/uC-Soft/TI/TIRTOS/PDK_AM~1/packages/ti/starterware/binary/device/lib/am335x-evm/a8/release/gcc\libdevice_boot.a(nand_device_boot.o)
                0x402f3244                NANDGetDeviceData
 .text.NANDGetDeviceIdList
                0x402f327c        0xc E:/uC-Soft/TI/TIRTOS/PDK_AM~1/packages/ti/starterware/binary/device/lib/am335x-evm/a8/release/gcc\libdevice_boot.a(nand_device_boot.o)
                0x402f327c                NANDGetDeviceIdList
 .text.BOARDInit
                0x402f3288       0x98 E:/uC-Soft/TI/TIRTOS/PDK_AM~1/packages/ti/starterware/binary/board/lib/am335x-evm/a8/release/gcc\libboard_boot.a(board_boot.o)
                0x402f3288                BOARDInit
 .text.BOARDGetId
                0x402f3320       0x70 E:/uC-Soft/TI/TIRTOS/PDK_AM~1/packages/ti/starterware/binary/board/lib/am335x-evm/a8/release/gcc\libboard_boot.a(board_boot.o)
                0x402f3320                BOARDGetId
 .text.BOARDGetBoardName
                0x402f3390       0x60 E:/uC-Soft/TI/TIRTOS/PDK_AM~1/packages/ti/starterware/binary/board/lib/am335x-evm/a8/release/gcc\libboard_boot.a(board_boot.o)
                0x402f3390                BOARDGetBoardName
 .text.BOARDGetData
                0x402f33f0       0x30 E:/uC-Soft/TI/TIRTOS/PDK_AM~1/packages/ti/starterware/binary/board/lib/am335x-evm/a8/release/gcc\libboard_boot.a(board_boot.o)
                0x402f33f0                BOARDGetData
 .text.BOARDIsDevicePresent
                0x402f3420       0xf8 E:/uC-Soft/TI/TIRTOS/PDK_AM~1/packages/ti/starterware/binary/board/lib/am335x-evm/a8/release/gcc\libboard_boot.a(board_boot.o)
                0x402f3420                BOARDIsDevicePresent
 .text.BOARDGetDeviceCtrlModId
                0x402f3518      0x134 E:/uC-Soft/TI/TIRTOS/PDK_AM~1/packages/ti/starterware/binary/board/lib/am335x-evm/a8/release/gcc\libboard_boot.a(board_boot.o)
                0x402f3518                BOARDGetDeviceCtrlModId
 .text.BOARDGetDeviceCtrlModInstNum
                0x402f364c       0xa0 E:/uC-Soft/TI/TIRTOS/PDK_AM~1/packages/ti/starterware/binary/board/lib/am335x-evm/a8/release/gcc\libboard_boot.a(board_boot.o)
                0x402f364c                BOARDGetDeviceCtrlModInstNum
 .text.BOARDGetDeviceCtrlInfo
                0x402f36ec       0x88 E:/uC-Soft/TI/TIRTOS/PDK_AM~1/packages/ti/starterware/binary/board/lib/am335x-evm/a8/release/gcc\libboard_boot.a(board_boot.o)
                0x402f36ec                BOARDGetDeviceCtrlInfo
 .text.BOARDPrintInfo
                0x402f3774       0x98 E:/uC-Soft/TI/TIRTOS/PDK_AM~1/packages/ti/starterware/binary/board/lib/am335x-evm/a8/release/gcc\libboard_boot.a(board_boot.o)
                0x402f3774                BOARDPrintInfo
 .text.DCARDGetData
                0x402f380c       0x40 E:/uC-Soft/TI/TIRTOS/PDK_AM~1/packages/ti/starterware/binary/board/lib/am335x-evm/a8/release/gcc\libboard_boot.a(dcard_boot.o)
                0x402f380c                DCARDGetData
 .text.DCARDIsDevPresent
                0x402f384c       0x68 E:/uC-Soft/TI/TIRTOS/PDK_AM~1/packages/ti/starterware/binary/board/lib/am335x-evm/a8/release/gcc\libboard_boot.a(dcard_boot.o)
                0x402f384c                DCARDIsDevPresent
 .text.DCARDGetDeviceCtrlModId
                0x402f38b4       0x80 E:/uC-Soft/TI/TIRTOS/PDK_AM~1/packages/ti/starterware/binary/board/lib/am335x-evm/a8/release/gcc\libboard_boot.a(dcard_boot.o)
                0x402f38b4                DCARDGetDeviceCtrlModId
 .text.DCARDGetRevStr
                0x402f3934       0x18 E:/uC-Soft/TI/TIRTOS/PDK_AM~1/packages/ti/starterware/binary/board/lib/am335x-evm/a8/release/gcc\libboard_boot.a(dcard_boot.o)
                0x402f3934                DCARDGetRevStr
 .text.DCARDGetRevTable
                0x402f394c       0x18 E:/uC-Soft/TI/TIRTOS/PDK_AM~1/packages/ti/starterware/binary/board/lib/am335x-evm/a8/release/gcc\libboard_boot.a(dcard_boot.o)
                0x402f394c                DCARDGetRevTable
 .text.PLATFORMGetId
                0x402f3964        0x8 E:/uC-Soft/TI/TIRTOS/PDK_AM~1/packages/ti/starterware/binary/board/lib/am335x-evm/a8/release/gcc\libboard_boot.a(platform_boot.o)
                0x402f3964                PLATFORMGetId
 .text.PINMUXModuleConfig
                0x402f396c      0x140 E:/uC-Soft/TI/TIRTOS/PDK_AM~1/packages/ti/starterware/binary/board/lib/am335x-evm/a8/release/gcc\libboard_boot.a(pinmux_boot.o)
                0x402f396c                PINMUXModuleConfig
 .text.BoardAm335xInit
                0x402f3aac       0x80 E:/uC-Soft/TI/TIRTOS/PDK_AM~1/packages/ti/starterware/binary/board/lib/am335x-evm/a8/release/gcc\libboard_boot.a(board_am335x_boot.o)
                0x402f3aac                BoardAm335xInit
 .text.BoardGetIdAm335x
                0x402f3b2c      0x268 E:/uC-Soft/TI/TIRTOS/PDK_AM~1/packages/ti/starterware/binary/board/lib/am335x-evm/a8/release/gcc\libboard_boot.a(board_am335x_boot.o)
                0x402f3b2c                BoardGetIdAm335x
 .text.BoardGetBaseBoardRevAm335x
                0x402f3d94       0xa8 E:/uC-Soft/TI/TIRTOS/PDK_AM~1/packages/ti/starterware/binary/board/lib/am335x-evm/a8/release/gcc\libboard_boot.a(board_am335x_boot.o)
                0x402f3d94                BoardGetBaseBoardRevAm335x
 .text.BoardGetBaseBoardRevNameAm335x
                0x402f3e3c       0x34 E:/uC-Soft/TI/TIRTOS/PDK_AM~1/packages/ti/starterware/binary/board/lib/am335x-evm/a8/release/gcc\libboard_boot.a(board_am335x_boot.o)
                0x402f3e3c                BoardGetBaseBoardRevNameAm335x
 .text.BoardGetDcRevNameAm335x
                0x402f3e70       0x3c E:/uC-Soft/TI/TIRTOS/PDK_AM~1/packages/ti/starterware/binary/board/lib/am335x-evm/a8/release/gcc\libboard_boot.a(board_am335x_boot.o)
                0x402f3e70                BoardGetDcRevNameAm335x
 .text.BoardGetDataAm335x
                0x402f3eac       0x20 E:/uC-Soft/TI/TIRTOS/PDK_AM~1/packages/ti/starterware/binary/board/lib/am335x-evm/a8/release/gcc\libboard_boot.a(board_am335x_boot.o)
                0x402f3eac                BoardGetDataAm335x
 .text.DCardAm335xGetDCardList
                0x402f3ecc        0xc E:/uC-Soft/TI/TIRTOS/PDK_AM~1/packages/ti/starterware/binary/board/lib/am335x-evm/a8/release/gcc\libboard_boot.a(dcard_am335x_boot.o)
                0x402f3ecc                DCardAm335xGetDCardList
 .text.BoardAm335xGpevmGetLcdDevData
                0x402f3ed8       0x1c E:/uC-Soft/TI/TIRTOS/PDK_AM~1/packages/ti/starterware/binary/board/lib/am335x-evm/a8/release/gcc\libboard_boot.a(am335x_gpevm_boot.o)
                0x402f3ed8                BoardAm335xGpevmGetLcdDevData
 .text.BoardAm335xBBBGetLcdDevData
                0x402f3ef4       0x20 E:/uC-Soft/TI/TIRTOS/PDK_AM~1/packages/ti/starterware/binary/board/lib/am335x-evm/a8/release/gcc\libboard_boot.a(am335x_beagleboneblack_boot.o)
                0x402f3ef4                BoardAm335xBBBGetLcdDevData
 .text.BoardAm335xBBBGpioCfg
                0x402f3f14       0x98 E:/uC-Soft/TI/TIRTOS/PDK_AM~1/packages/ti/starterware/binary/board/lib/am335x-evm/a8/release/gcc\libboard_boot.a(am335x_beagleboneblack_boot.o)
                0x402f3f14                BoardAm335xBBBGpioCfg
 .text.BoardAm335xBBBLcdAvddEnable.part.1
                0x402f3fac       0x80 E:/uC-Soft/TI/TIRTOS/PDK_AM~1/packages/ti/starterware/binary/board/lib/am335x-evm/a8/release/gcc\libboard_boot.a(am335x_beagleboneblack_boot.o)
 .text.BoardAm335xBBBLcdBacklightEnable
                0x402f402c       0x58 E:/uC-Soft/TI/TIRTOS/PDK_AM~1/packages/ti/starterware/binary/board/lib/am335x-evm/a8/release/gcc\libboard_boot.a(am335x_beagleboneblack_boot.o)
                0x402f402c                BoardAm335xBBBLcdBacklightEnable
 .text.BoardAm335xBBBLcdAvddEnable
                0x402f4084       0x58 E:/uC-Soft/TI/TIRTOS/PDK_AM~1/packages/ti/starterware/binary/board/lib/am335x-evm/a8/release/gcc\libboard_boot.a(am335x_beagleboneblack_boot.o)
                0x402f4084                BoardAm335xBBBLcdAvddEnable
 .text.BoardAm335xBBBPowerOnDCardDev
                0x402f40dc       0x9c E:/uC-Soft/TI/TIRTOS/PDK_AM~1/packages/ti/starterware/binary/board/lib/am335x-evm/a8/release/gcc\libboard_boot.a(am335x_beagleboneblack_boot.o)
                0x402f40dc                BoardAm335xBBBPowerOnDCardDev
 .text.DCardAm335xLCD4GetEepromOffset
                0x402f4178       0x1c E:/uC-Soft/TI/TIRTOS/PDK_AM~1/packages/ti/starterware/binary/board/lib/am335x-evm/a8/release/gcc\libboard_boot.a(am335x_lcd4_dcard_boot.o)
                0x402f4178                DCardAm335xLCD4GetEepromOffset
 .text.DCardAm335xLCD4GetEepromOffsetSize
                0x402f4194        0x8 E:/uC-Soft/TI/TIRTOS/PDK_AM~1/packages/ti/starterware/binary/board/lib/am335x-evm/a8/release/gcc\libboard_boot.a(am335x_lcd4_dcard_boot.o)
                0x402f4194                DCardAm335xLCD4GetEepromOffsetSize
 .text.CONSOLEUtilsInit
                0x402f419c        0xc E:/uC-Soft/TI/TIRTOS/PDK_AM~1/packages/ti/starterware/binary/utils/lib/am335x-evm/a8/release/gcc\libutils_boot.a(console_utils_boot.o)
                0x402f419c                CONSOLEUtilsInit
 .text.CONSOLEUtilsSetType
                0x402f41a8       0x40 E:/uC-Soft/TI/TIRTOS/PDK_AM~1/packages/ti/starterware/binary/utils/lib/am335x-evm/a8/release/gcc\libutils_boot.a(console_utils_boot.o)
                0x402f41a8                CONSOLEUtilsSetType
 .text.CONSOLEUtilsPuts
                0x402f41e8       0x40 E:/uC-Soft/TI/TIRTOS/PDK_AM~1/packages/ti/starterware/binary/utils/lib/am335x-evm/a8/release/gcc\libutils_boot.a(console_utils_boot.o)
                0x402f41e8                CONSOLEUtilsPuts
 .text.CONSOLEUtilsPrintf
                0x402f4228       0x64 E:/uC-Soft/TI/TIRTOS/PDK_AM~1/packages/ti/starterware/binary/utils/lib/am335x-evm/a8/release/gcc\libutils_boot.a(console_utils_boot.o)
                0x402f4228                CONSOLEUtilsPrintf
 .text.I2cUtilsStatusCheck.isra.1
                0x402f428c       0xb8 E:/uC-Soft/TI/TIRTOS/PDK_AM~1/packages/ti/starterware/binary/utils/lib/am335x-evm/a8/release/gcc\libutils_boot.a(i2c_utils_boot.o)
 .text.I2cUtilsTransceive
                0x402f4344      0x5b4 E:/uC-Soft/TI/TIRTOS/PDK_AM~1/packages/ti/starterware/binary/utils/lib/am335x-evm/a8/release/gcc\libutils_boot.a(i2c_utils_boot.o)
 .text.I2CUtilsRead
                0x402f48f8       0xb0 E:/uC-Soft/TI/TIRTOS/PDK_AM~1/packages/ti/starterware/binary/utils/lib/am335x-evm/a8/release/gcc\libutils_boot.a(i2c_utils_boot.o)
                0x402f48f8                I2CUtilsRead
 .text.I2C1ModuleClkConfig
                0x402f49a8       0x64 E:/uC-Soft/TI/TIRTOS/PDK_AM~1/packages/ti/starterware/binary/utils/lib/am335x-evm/a8/release/gcc\libutils_boot.a(i2c_utils_boot.o)
                0x402f49a8                I2C1ModuleClkConfig
 .text.I2C0ModuleClkConfig
                0x402f4a0c       0x7c E:/uC-Soft/TI/TIRTOS/PDK_AM~1/packages/ti/starterware/binary/utils/lib/am335x-evm/a8/release/gcc\libutils_boot.a(i2c_utils_boot.o)
                0x402f4a0c                I2C0ModuleClkConfig
 .text.I2C2ModuleClkConfig
                0x402f4a88       0x90 E:/uC-Soft/TI/TIRTOS/PDK_AM~1/packages/ti/starterware/binary/utils/lib/am335x-evm/a8/release/gcc\libutils_boot.a(i2c_utils_boot.o)
                0x402f4a88                I2C2ModuleClkConfig
 .text.I2CUtilsInit
                0x402f4b18      0x270 E:/uC-Soft/TI/TIRTOS/PDK_AM~1/packages/ti/starterware/binary/utils/lib/am335x-evm/a8/release/gcc\libutils_boot.a(i2c_utils_boot.o)
                0x402f4b18                I2CUtilsInit
 .text.DELAYUsec
                0x402f4d88       0x3c E:/uC-Soft/TI/TIRTOS/PDK_AM~1/packages/ti/starterware/binary/utils/lib/am335x-evm/a8/release/gcc\libutils_boot.a(time_utils_boot.o)
                0x402f4d88                DELAYUsec
 .text.TIMERUtilGetTimeStamp
                0x402f4dc4       0xa8 E:/uC-Soft/TI/TIRTOS/PDK_AM~1/packages/ti/starterware/binary/utils/lib/am335x-evm/a8/release/gcc\libutils_boot.a(dmtimer_utils_boot.o)
                0x402f4dc4                TIMERUtilGetTimeStamp
 .text.CONSOLEUtilsUartInit
                0x402f4e6c      0x190 E:/uC-Soft/TI/TIRTOS/PDK_AM~1/packages/ti/starterware/binary/utils/lib/am335x-evm/a8/release/gcc\libutils_boot.a(console_utils_uart_boot.o)
                0x402f4e6c                CONSOLEUtilsUartInit
 .text.CONSOLEUtilsUartPutChar
                0x402f4ffc       0xec E:/uC-Soft/TI/TIRTOS/PDK_AM~1/packages/ti/starterware/binary/utils/lib/am335x-evm/a8/release/gcc\libutils_boot.a(console_utils_uart_boot.o)
                0x402f4ffc                CONSOLEUtilsUartPutChar
 .text.CONSOLEUtilsUartPutStr
                0x402f50e8       0x40 E:/uC-Soft/TI/TIRTOS/PDK_AM~1/packages/ti/starterware/binary/utils/lib/am335x-evm/a8/release/gcc\libutils_boot.a(console_utils_uart_boot.o)
                0x402f50e8                CONSOLEUtilsUartPutStr
 .text.CONSOLEUtilsUartPrintFmt
                0x402f5128      0xcf4 E:/uC-Soft/TI/TIRTOS/PDK_AM~1/packages/ti/starterware/binary/utils/lib/am335x-evm/a8/release/gcc\libutils_boot.a(console_utils_uart_boot.o)
                0x402f5128                CONSOLEUtilsUartPrintFmt
 .text.SOCGetSocFamilyId
                0x402f5e1c        0x8 E:/uC-Soft/TI/TIRTOS/PDK_AM~1/packages/ti/starterware/binary/soc/lib/am335x-evm/a8/release/gcc\libsoc_boot.a(soc_boot.o)
                0x402f5e1c                SOCGetSocFamilyId
 .text.SOCPrintInfo
                0x402f5e24       0x3c E:/uC-Soft/TI/TIRTOS/PDK_AM~1/packages/ti/starterware/binary/soc/lib/am335x-evm/a8/release/gcc\libsoc_boot.a(soc_boot.o)
                0x402f5e24                SOCPrintInfo
 .text.CHIPDBIsResourcePresent
                0x402f5e60       0xa4 E:/uC-Soft/TI/TIRTOS/PDK_AM~1/packages/ti/starterware/binary/soc/lib/am335x-evm/a8/release/gcc\libsoc_boot.a(am335x_chipdb_boot.o)
                0x402f5e60                CHIPDBIsResourcePresent
 .text.CHIPDBBaseAddress
                0x402f5f04       0x38 E:/uC-Soft/TI/TIRTOS/PDK_AM~1/packages/ti/starterware/binary/soc/lib/am335x-evm/a8/release/gcc\libsoc_boot.a(am335x_chipdb_boot.o)
                0x402f5f04                CHIPDBBaseAddress
 .text.CHIPDBIsSecureModule
                0x402f5f3c       0x2c E:/uC-Soft/TI/TIRTOS/PDK_AM~1/packages/ti/starterware/binary/soc/lib/am335x-evm/a8/release/gcc\libsoc_boot.a(hw_am335x_chipdb_boot.o)
                0x402f5f3c                CHIPDBIsSecureModule
 .text.enableModule
                0x402f5f68       0x50 E:/uC-Soft/TI/TIRTOS/PDK_AM~1/packages/ti/starterware/binary/soc/lib/am335x-evm/a8/release/gcc\libsoc_boot.a(am335x_prcm_boot.o)
                0x402f5f68                enableModule
 .text.PRCMModuleEnable
                0x402f5fb8      0x778 E:/uC-Soft/TI/TIRTOS/PDK_AM~1/packages/ti/starterware/binary/soc/lib/am335x-evm/a8/release/gcc\libsoc_boot.a(am335x_prcm_boot.o)
                0x402f5fb8                PRCMModuleEnable
 .text.I2CClkConfig
                0x402f6730       0x60 E:/uC-Soft/TI/TIRTOS/PDK_AM~1/packages/ti/starterware/binary/dal/lib/am335x-evm/a8/release/gcc\libdal_boot.a(i2c_boot.o)
                0x402f6730                I2CClkConfig
 .text.I2CModuleEnable
                0x402f6790       0x24 E:/uC-Soft/TI/TIRTOS/PDK_AM~1/packages/ti/starterware/binary/dal/lib/am335x-evm/a8/release/gcc\libdal_boot.a(i2c_boot.o)
                0x402f6790                I2CModuleEnable
 .text.I2CSetMode
                0x402f67b4       0x38 E:/uC-Soft/TI/TIRTOS/PDK_AM~1/packages/ti/starterware/binary/dal/lib/am335x-evm/a8/release/gcc\libdal_boot.a(i2c_boot.o)
                0x402f67b4                I2CSetMode
 .text.I2CStart
                0x402f67ec       0x1c E:/uC-Soft/TI/TIRTOS/PDK_AM~1/packages/ti/starterware/binary/dal/lib/am335x-evm/a8/release/gcc\libdal_boot.a(i2c_boot.o)
                0x402f67ec                I2CStart
 .text.I2CStop  0x402f6808       0x1c E:/uC-Soft/TI/TIRTOS/PDK_AM~1/packages/ti/starterware/binary/dal/lib/am335x-evm/a8/release/gcc\libdal_boot.a(i2c_boot.o)
                0x402f6808                I2CStop
 .text.I2CIntrDisable
                0x402f6824        0xc E:/uC-Soft/TI/TIRTOS/PDK_AM~1/packages/ti/starterware/binary/dal/lib/am335x-evm/a8/release/gcc\libdal_boot.a(i2c_boot.o)
                0x402f6824                I2CIntrDisable
 .text.I2CIntrRawStatus
                0x402f6830        0xc E:/uC-Soft/TI/TIRTOS/PDK_AM~1/packages/ti/starterware/binary/dal/lib/am335x-evm/a8/release/gcc\libdal_boot.a(i2c_boot.o)
                0x402f6830                I2CIntrRawStatus
 .text.I2CIntrClear
                0x402f683c        0xc E:/uC-Soft/TI/TIRTOS/PDK_AM~1/packages/ti/starterware/binary/dal/lib/am335x-evm/a8/release/gcc\libdal_boot.a(i2c_boot.o)
                0x402f683c                I2CIntrClear
 .text.I2CMasterSetSlaveAddr
                0x402f6848       0x2c E:/uC-Soft/TI/TIRTOS/PDK_AM~1/packages/ti/starterware/binary/dal/lib/am335x-evm/a8/release/gcc\libdal_boot.a(i2c_boot.o)
                0x402f6848                I2CMasterSetSlaveAddr
 .text.I2CSetDataCount
                0x402f6874       0x1c E:/uC-Soft/TI/TIRTOS/PDK_AM~1/packages/ti/starterware/binary/dal/lib/am335x-evm/a8/release/gcc\libdal_boot.a(i2c_boot.o)
                0x402f6874                I2CSetDataCount
 .text.I2CGetDataCount
                0x402f6890       0x10 E:/uC-Soft/TI/TIRTOS/PDK_AM~1/packages/ti/starterware/binary/dal/lib/am335x-evm/a8/release/gcc\libdal_boot.a(i2c_boot.o)
                0x402f6890                I2CGetDataCount
 .text.I2CFifoThresholdConfig
                0x402f68a0       0x28 E:/uC-Soft/TI/TIRTOS/PDK_AM~1/packages/ti/starterware/binary/dal/lib/am335x-evm/a8/release/gcc\libdal_boot.a(i2c_boot.o)
                0x402f68a0                I2CFifoThresholdConfig
 .text.I2CFifoFlush
                0x402f68c8       0x5c E:/uC-Soft/TI/TIRTOS/PDK_AM~1/packages/ti/starterware/binary/dal/lib/am335x-evm/a8/release/gcc\libdal_boot.a(i2c_boot.o)
                0x402f68c8                I2CFifoFlush
 .text.I2CBufStatus
                0x402f6924       0x3c E:/uC-Soft/TI/TIRTOS/PDK_AM~1/packages/ti/starterware/binary/dal/lib/am335x-evm/a8/release/gcc\libdal_boot.a(i2c_boot.o)
                0x402f6924                I2CBufStatus
 .text.I2CSoftReset
                0x402f6960       0x1c E:/uC-Soft/TI/TIRTOS/PDK_AM~1/packages/ti/starterware/binary/dal/lib/am335x-evm/a8/release/gcc\libdal_boot.a(i2c_boot.o)
                0x402f6960                I2CSoftReset
 .text.I2CAutoIdleEnable
                0x402f697c       0x24 E:/uC-Soft/TI/TIRTOS/PDK_AM~1/packages/ti/starterware/binary/dal/lib/am335x-evm/a8/release/gcc\libdal_boot.a(i2c_boot.o)
                0x402f697c                I2CAutoIdleEnable
 .text.I2CSystemStatus
                0x402f69a0       0x10 E:/uC-Soft/TI/TIRTOS/PDK_AM~1/packages/ti/starterware/binary/dal/lib/am335x-evm/a8/release/gcc\libdal_boot.a(i2c_boot.o)
                0x402f69a0                I2CSystemStatus
 .text.I2CPutTxData
                0x402f69b0        0xc E:/uC-Soft/TI/TIRTOS/PDK_AM~1/packages/ti/starterware/binary/dal/lib/am335x-evm/a8/release/gcc\libdal_boot.a(i2c_boot.o)
                0x402f69b0                I2CPutTxData
 .text.I2CGetRxData
                0x402f69bc       0x10 E:/uC-Soft/TI/TIRTOS/PDK_AM~1/packages/ti/starterware/binary/dal/lib/am335x-evm/a8/release/gcc\libdal_boot.a(i2c_boot.o)
                0x402f69bc                I2CGetRxData
 .text.UARTModuleReset
                0x402f69cc       0x34 E:/uC-Soft/TI/TIRTOS/PDK_AM~1/packages/ti/starterware/binary/dal/lib/am335x-evm/a8/release/gcc\libdal_boot.a(uart_boot.o)
                0x402f69cc                UARTModuleReset
 .text.UARTSetBaudRate
                0x402f6a00      0x1cc E:/uC-Soft/TI/TIRTOS/PDK_AM~1/packages/ti/starterware/binary/dal/lib/am335x-evm/a8/release/gcc\libdal_boot.a(uart_boot.o)
                0x402f6a00                UARTSetBaudRate
 .text.UARTLineCharacteristicConfig
                0x402f6bcc       0x88 E:/uC-Soft/TI/TIRTOS/PDK_AM~1/packages/ti/starterware/binary/dal/lib/am335x-evm/a8/release/gcc\libdal_boot.a(uart_boot.o)
                0x402f6bcc                UARTLineCharacteristicConfig
 .text.UARTFifoConfig
                0x402f6c54      0x268 E:/uC-Soft/TI/TIRTOS/PDK_AM~1/packages/ti/starterware/binary/dal/lib/am335x-evm/a8/release/gcc\libdal_boot.a(uart_boot.o)
                0x402f6c54                UARTFifoConfig
 .text.UARTBreakCtrlEnable
                0x402f6ebc       0x2c E:/uC-Soft/TI/TIRTOS/PDK_AM~1/packages/ti/starterware/binary/dal/lib/am335x-evm/a8/release/gcc\libdal_boot.a(uart_boot.o)
                0x402f6ebc                UARTBreakCtrlEnable
 .text.UARTPutChar
                0x402f6ee8       0xc8 E:/uC-Soft/TI/TIRTOS/PDK_AM~1/packages/ti/starterware/binary/dal/lib/am335x-evm/a8/release/gcc\libdal_boot.a(uart_boot.o)
                0x402f6ee8                UARTPutChar
 .text.GPIOModuleEnable
                0x402f6fb0       0x24 E:/uC-Soft/TI/TIRTOS/PDK_AM~1/packages/ti/starterware/binary/dal/lib/am335x-evm/a8/release/gcc\libdal_boot.a(gpio_boot.o)
                0x402f6fb0                GPIOModuleEnable
 .text.GPIOSetDirMode
                0x402f6fd4       0x24 E:/uC-Soft/TI/TIRTOS/PDK_AM~1/packages/ti/starterware/binary/dal/lib/am335x-evm/a8/release/gcc\libdal_boot.a(gpio_boot.o)
                0x402f6fd4                GPIOSetDirMode
 .text.GPIOPinWrite
                0x402f6ff8       0x20 E:/uC-Soft/TI/TIRTOS/PDK_AM~1/packages/ti/starterware/binary/dal/lib/am335x-evm/a8/release/gcc\libdal_boot.a(gpio_boot.o)
                0x402f6ff8                GPIOPinWrite
 .text.GPIOSetIntrType
                0x402f7018      0x278 E:/uC-Soft/TI/TIRTOS/PDK_AM~1/packages/ti/starterware/binary/dal/lib/am335x-evm/a8/release/gcc\libdal_boot.a(gpio_boot.o)
                0x402f7018                GPIOSetIntrType
 .text.GPIOIntrEnable
                0x402f7290       0x18 E:/uC-Soft/TI/TIRTOS/PDK_AM~1/packages/ti/starterware/binary/dal/lib/am335x-evm/a8/release/gcc\libdal_boot.a(gpio_boot.o)
                0x402f7290                GPIOIntrEnable
 .text.GPIOIntrDisable
                0x402f72a8       0x18 E:/uC-Soft/TI/TIRTOS/PDK_AM~1/packages/ti/starterware/binary/dal/lib/am335x-evm/a8/release/gcc\libdal_boot.a(gpio_boot.o)
                0x402f72a8                GPIOIntrDisable
 .text.GPIOWakeupIntrEnable
                0x402f72c0       0x48 E:/uC-Soft/TI/TIRTOS/PDK_AM~1/packages/ti/starterware/binary/dal/lib/am335x-evm/a8/release/gcc\libdal_boot.a(gpio_boot.o)
                0x402f72c0                GPIOWakeupIntrEnable
 .text.GPIOWakeupIntrDisable
                0x402f7308       0x20 E:/uC-Soft/TI/TIRTOS/PDK_AM~1/packages/ti/starterware/binary/dal/lib/am335x-evm/a8/release/gcc\libdal_boot.a(gpio_boot.o)
                0x402f7308                GPIOWakeupIntrDisable
 .text.GPIOGlobalWakeupDisable
                0x402f7328       0x14 E:/uC-Soft/TI/TIRTOS/PDK_AM~1/packages/ti/starterware/binary/dal/lib/am335x-evm/a8/release/gcc\libdal_boot.a(gpio_boot.o)
                0x402f7328                GPIOGlobalWakeupDisable
 .text.GPIODebounceFuncEnable
                0x402f733c       0x24 E:/uC-Soft/TI/TIRTOS/PDK_AM~1/packages/ti/starterware/binary/dal/lib/am335x-evm/a8/release/gcc\libdal_boot.a(gpio_boot.o)
                0x402f733c                GPIODebounceFuncEnable
 .text.GPIOSetDebounceTime
                0x402f7360       0x1c E:/uC-Soft/TI/TIRTOS/PDK_AM~1/packages/ti/starterware/binary/dal/lib/am335x-evm/a8/release/gcc\libdal_boot.a(gpio_boot.o)
                0x402f7360                GPIOSetDebounceTime
 .text.GPMCModuleReset
                0x402f737c       0x1c E:/uC-Soft/TI/TIRTOS/PDK_AM~1/packages/ti/starterware/binary/dal/lib/am335x-evm/a8/release/gcc\libdal_boot.a(gpmc_boot.o)
                0x402f737c                GPMCModuleReset
 .text.GPMCIsModuleResetDone
                0x402f7398       0x10 E:/uC-Soft/TI/TIRTOS/PDK_AM~1/packages/ti/starterware/binary/dal/lib/am335x-evm/a8/release/gcc\libdal_boot.a(gpmc_boot.o)
                0x402f7398                GPMCIsModuleResetDone
 .text.GPMCSetAddrDataMuxType
                0x402f73a8       0x28 E:/uC-Soft/TI/TIRTOS/PDK_AM~1/packages/ti/starterware/binary/dal/lib/am335x-evm/a8/release/gcc\libdal_boot.a(gpmc_boot.o)
                0x402f73a8                GPMCSetAddrDataMuxType
 .text.GPMCSetDevType
                0x402f73d0       0x28 E:/uC-Soft/TI/TIRTOS/PDK_AM~1/packages/ti/starterware/binary/dal/lib/am335x-evm/a8/release/gcc\libdal_boot.a(gpmc_boot.o)
                0x402f73d0                GPMCSetDevType
 .text.GPMCSetDevSize
                0x402f73f8       0x28 E:/uC-Soft/TI/TIRTOS/PDK_AM~1/packages/ti/starterware/binary/dal/lib/am335x-evm/a8/release/gcc\libdal_boot.a(gpmc_boot.o)
                0x402f73f8                GPMCSetDevSize
 .text.GPMCSetAccessMode
                0x402f7420       0x60 E:/uC-Soft/TI/TIRTOS/PDK_AM~1/packages/ti/starterware/binary/dal/lib/am335x-evm/a8/release/gcc\libdal_boot.a(gpmc_boot.o)
                0x402f7420                GPMCSetAccessMode
 .text.GPMCSetAccessType
                0x402f7480       0xb0 E:/uC-Soft/TI/TIRTOS/PDK_AM~1/packages/ti/starterware/binary/dal/lib/am335x-evm/a8/release/gcc\libdal_boot.a(gpmc_boot.o)
                0x402f7480                GPMCSetAccessType
 .text.GPMCSetChipSelBaseAddr
                0x402f7530       0x28 E:/uC-Soft/TI/TIRTOS/PDK_AM~1/packages/ti/starterware/binary/dal/lib/am335x-evm/a8/release/gcc\libdal_boot.a(gpmc_boot.o)
                0x402f7530                GPMCSetChipSelBaseAddr
 .text.GPMCSetChipSelMaskAddr
                0x402f7558       0x28 E:/uC-Soft/TI/TIRTOS/PDK_AM~1/packages/ti/starterware/binary/dal/lib/am335x-evm/a8/release/gcc\libdal_boot.a(gpmc_boot.o)
                0x402f7558                GPMCSetChipSelMaskAddr
 .text.GPMCChipSelEnable
                0x402f7580       0x30 E:/uC-Soft/TI/TIRTOS/PDK_AM~1/packages/ti/starterware/binary/dal/lib/am335x-evm/a8/release/gcc\libdal_boot.a(gpmc_boot.o)
                0x402f7580                GPMCChipSelEnable
 .text.GPMCSetTimeParaGranularity
                0x402f75b0       0x28 E:/uC-Soft/TI/TIRTOS/PDK_AM~1/packages/ti/starterware/binary/dal/lib/am335x-evm/a8/release/gcc\libdal_boot.a(gpmc_boot.o)
                0x402f75b0                GPMCSetTimeParaGranularity
 .text.GPMCChipSelectTimingConfig
                0x402f75d8       0x6c E:/uC-Soft/TI/TIRTOS/PDK_AM~1/packages/ti/starterware/binary/dal/lib/am335x-evm/a8/release/gcc\libdal_boot.a(gpmc_boot.o)
                0x402f75d8                GPMCChipSelectTimingConfig
 .text.GPMCAdvSignalTimingConfig
                0x402f7644       0xa0 E:/uC-Soft/TI/TIRTOS/PDK_AM~1/packages/ti/starterware/binary/dal/lib/am335x-evm/a8/release/gcc\libdal_boot.a(gpmc_boot.o)
                0x402f7644                GPMCAdvSignalTimingConfig
 .text.GPMCWeOeSignalTimingConfig
                0x402f76e4       0xa8 E:/uC-Soft/TI/TIRTOS/PDK_AM~1/packages/ti/starterware/binary/dal/lib/am335x-evm/a8/release/gcc\libdal_boot.a(gpmc_boot.o)
                0x402f76e4                GPMCWeOeSignalTimingConfig
 .text.GPMCReadAccessTimingConfig
                0x402f778c       0x70 E:/uC-Soft/TI/TIRTOS/PDK_AM~1/packages/ti/starterware/binary/dal/lib/am335x-evm/a8/release/gcc\libdal_boot.a(gpmc_boot.o)
                0x402f778c                GPMCReadAccessTimingConfig
 .text.GPMCWriteAccessTimingConfig
                0x402f77fc       0x40 E:/uC-Soft/TI/TIRTOS/PDK_AM~1/packages/ti/starterware/binary/dal/lib/am335x-evm/a8/release/gcc\libdal_boot.a(gpmc_boot.o)
                0x402f77fc                GPMCWriteAccessTimingConfig
 .text.GPMCCycleDelayTimingConfig
                0x402f783c       0x68 E:/uC-Soft/TI/TIRTOS/PDK_AM~1/packages/ti/starterware/binary/dal/lib/am335x-evm/a8/release/gcc\libdal_boot.a(gpmc_boot.o)
                0x402f783c                GPMCCycleDelayTimingConfig
 .text.GPMCLimitedAddrSupportEnable
                0x402f78a4       0x24 E:/uC-Soft/TI/TIRTOS/PDK_AM~1/packages/ti/starterware/binary/dal/lib/am335x-evm/a8/release/gcc\libdal_boot.a(gpmc_boot.o)
                0x402f78a4                GPMCLimitedAddrSupportEnable
 .text.GPMCWaitPinSelect
                0x402f78c8       0x28 E:/uC-Soft/TI/TIRTOS/PDK_AM~1/packages/ti/starterware/binary/dal/lib/am335x-evm/a8/release/gcc\libdal_boot.a(gpmc_boot.o)
                0x402f78c8                GPMCWaitPinSelect
 .text.GPMCSetWaitPinPol
                0x402f78f0       0x28 E:/uC-Soft/TI/TIRTOS/PDK_AM~1/packages/ti/starterware/binary/dal/lib/am335x-evm/a8/release/gcc\libdal_boot.a(gpmc_boot.o)
                0x402f78f0                GPMCSetWaitPinPol
 .text.GPMCWaitPinStatus
                0x402f7918       0x18 E:/uC-Soft/TI/TIRTOS/PDK_AM~1/packages/ti/starterware/binary/dal/lib/am335x-evm/a8/release/gcc\libdal_boot.a(gpmc_boot.o)
                0x402f7918                GPMCWaitPinStatus
 .text.GPMCSetWriteProtectPinLvl
                0x402f7930       0x1c E:/uC-Soft/TI/TIRTOS/PDK_AM~1/packages/ti/starterware/binary/dal/lib/am335x-evm/a8/release/gcc\libdal_boot.a(gpmc_boot.o)
                0x402f7930                GPMCSetWriteProtectPinLvl
 .text.GPMCIsWriteBufEmpty
                0x402f794c       0x10 E:/uC-Soft/TI/TIRTOS/PDK_AM~1/packages/ti/starterware/binary/dal/lib/am335x-evm/a8/release/gcc\libdal_boot.a(gpmc_boot.o)
                0x402f794c                GPMCIsWriteBufEmpty
 .text.GPMCIntrDisable
                0x402f795c       0x18 E:/uC-Soft/TI/TIRTOS/PDK_AM~1/packages/ti/starterware/binary/dal/lib/am335x-evm/a8/release/gcc\libdal_boot.a(gpmc_boot.o)
                0x402f795c                GPMCIntrDisable
 .text.GPMCTimeoutEnable
                0x402f7974       0x24 E:/uC-Soft/TI/TIRTOS/PDK_AM~1/packages/ti/starterware/binary/dal/lib/am335x-evm/a8/release/gcc\libdal_boot.a(gpmc_boot.o)
                0x402f7974                GPMCTimeoutEnable
 .text.GPMCSetEccChipSel
                0x402f7998       0x1c E:/uC-Soft/TI/TIRTOS/PDK_AM~1/packages/ti/starterware/binary/dal/lib/am335x-evm/a8/release/gcc\libdal_boot.a(gpmc_boot.o)
                0x402f7998                GPMCSetEccChipSel
 .text.GPMCSetEccColumnSize
                0x402f79b4       0x1c E:/uC-Soft/TI/TIRTOS/PDK_AM~1/packages/ti/starterware/binary/dal/lib/am335x-evm/a8/release/gcc\libdal_boot.a(gpmc_boot.o)
                0x402f79b4                GPMCSetEccColumnSize
 .text.GPMCSetEccNumSectors
                0x402f79d0       0x1c E:/uC-Soft/TI/TIRTOS/PDK_AM~1/packages/ti/starterware/binary/dal/lib/am335x-evm/a8/release/gcc\libdal_boot.a(gpmc_boot.o)
                0x402f79d0                GPMCSetEccNumSectors
 .text.GPMCSetEccAlgorithm
                0x402f79ec       0x1c E:/uC-Soft/TI/TIRTOS/PDK_AM~1/packages/ti/starterware/binary/dal/lib/am335x-evm/a8/release/gcc\libdal_boot.a(gpmc_boot.o)
                0x402f79ec                GPMCSetEccAlgorithm
 .text.GPMCSetBchEccCapability
                0x402f7a08       0x1c E:/uC-Soft/TI/TIRTOS/PDK_AM~1/packages/ti/starterware/binary/dal/lib/am335x-evm/a8/release/gcc\libdal_boot.a(gpmc_boot.o)
                0x402f7a08                GPMCSetBchEccCapability
 .text.GPMCSetBchWrapModeVal
                0x402f7a24       0x1c E:/uC-Soft/TI/TIRTOS/PDK_AM~1/packages/ti/starterware/binary/dal/lib/am335x-evm/a8/release/gcc\libdal_boot.a(gpmc_boot.o)
                0x402f7a24                GPMCSetBchWrapModeVal
 .text.GPMCEccEnable
                0x402f7a40       0x24 E:/uC-Soft/TI/TIRTOS/PDK_AM~1/packages/ti/starterware/binary/dal/lib/am335x-evm/a8/release/gcc\libdal_boot.a(gpmc_boot.o)
                0x402f7a40                GPMCEccEnable
 .text.GPMCEccResultRegClear
                0x402f7a64       0x1c E:/uC-Soft/TI/TIRTOS/PDK_AM~1/packages/ti/starterware/binary/dal/lib/am335x-evm/a8/release/gcc\libdal_boot.a(gpmc_boot.o)
                0x402f7a64                GPMCEccResultRegClear
 .text.GPMCEccResultRegSelect
                0x402f7a80       0x1c E:/uC-Soft/TI/TIRTOS/PDK_AM~1/packages/ti/starterware/binary/dal/lib/am335x-evm/a8/release/gcc\libdal_boot.a(gpmc_boot.o)
                0x402f7a80                GPMCEccResultRegSelect
 .text.GPMCSetEccSize
                0x402f7a9c       0x28 E:/uC-Soft/TI/TIRTOS/PDK_AM~1/packages/ti/starterware/binary/dal/lib/am335x-evm/a8/release/gcc\libdal_boot.a(gpmc_boot.o)
                0x402f7a9c                GPMCSetEccSize
 .text.GPMCSetEccResultSize
                0x402f7ac4       0x24 E:/uC-Soft/TI/TIRTOS/PDK_AM~1/packages/ti/starterware/binary/dal/lib/am335x-evm/a8/release/gcc\libdal_boot.a(gpmc_boot.o)
                0x402f7ac4                GPMCSetEccResultSize
 .text.GPMCGetEccResult
                0x402f7ae8       0x10 E:/uC-Soft/TI/TIRTOS/PDK_AM~1/packages/ti/starterware/binary/dal/lib/am335x-evm/a8/release/gcc\libdal_boot.a(gpmc_boot.o)
                0x402f7ae8                GPMCGetEccResult
 .text.GPMCGetBchResult
                0x402f7af8       0xa0 E:/uC-Soft/TI/TIRTOS/PDK_AM~1/packages/ti/starterware/binary/dal/lib/am335x-evm/a8/release/gcc\libdal_boot.a(gpmc_boot.o)
                0x402f7af8                GPMCGetBchResult
 .text.GPMCSetIdleMode
                0x402f7b98       0x1c E:/uC-Soft/TI/TIRTOS/PDK_AM~1/packages/ti/starterware/binary/dal/lib/am335x-evm/a8/release/gcc\libdal_boot.a(gpmc_boot.o)
                0x402f7b98                GPMCSetIdleMode
 .text.ELMModuleReset
                0x402f7bb4       0x30 E:/uC-Soft/TI/TIRTOS/PDK_AM~1/packages/ti/starterware/binary/dal/lib/am335x-evm/a8/release/gcc\libdal_boot.a(elm_boot.o)
                0x402f7bb4                ELMModuleReset
 .text.ELMModuleIsResetDone
                0x402f7be4       0x10 E:/uC-Soft/TI/TIRTOS/PDK_AM~1/packages/ti/starterware/binary/dal/lib/am335x-evm/a8/release/gcc\libdal_boot.a(elm_boot.o)
                0x402f7be4                ELMModuleIsResetDone
 .text.ELMSetBchEccLevel
                0x402f7bf4       0x1c E:/uC-Soft/TI/TIRTOS/PDK_AM~1/packages/ti/starterware/binary/dal/lib/am335x-evm/a8/release/gcc\libdal_boot.a(elm_boot.o)
                0x402f7bf4                ELMSetBchEccLevel
 .text.ELMSetEccBufSize
                0x402f7c10       0x24 E:/uC-Soft/TI/TIRTOS/PDK_AM~1/packages/ti/starterware/binary/dal/lib/am335x-evm/a8/release/gcc\libdal_boot.a(elm_boot.o)
                0x402f7c10                ELMSetEccBufSize
 .text.ELMSetPageMode
                0x402f7c34       0x18 E:/uC-Soft/TI/TIRTOS/PDK_AM~1/packages/ti/starterware/binary/dal/lib/am335x-evm/a8/release/gcc\libdal_boot.a(elm_boot.o)
                0x402f7c34                ELMSetPageMode
 .text.ELMSetSyndromeFragment
                0x402f7c4c       0x34 E:/uC-Soft/TI/TIRTOS/PDK_AM~1/packages/ti/starterware/binary/dal/lib/am335x-evm/a8/release/gcc\libdal_boot.a(elm_boot.o)
                0x402f7c4c                ELMSetSyndromeFragment
 .text.ELMErrLocProcessingStart
                0x402f7c80       0x24 E:/uC-Soft/TI/TIRTOS/PDK_AM~1/packages/ti/starterware/binary/dal/lib/am335x-evm/a8/release/gcc\libdal_boot.a(elm_boot.o)
                0x402f7c80                ELMErrLocProcessingStart
 .text.ELMErrLocProcessStatus
                0x402f7ca4       0x18 E:/uC-Soft/TI/TIRTOS/PDK_AM~1/packages/ti/starterware/binary/dal/lib/am335x-evm/a8/release/gcc\libdal_boot.a(elm_boot.o)
                0x402f7ca4                ELMErrLocProcessStatus
 .text.ELMGetNumErrors
                0x402f7cbc       0x14 E:/uC-Soft/TI/TIRTOS/PDK_AM~1/packages/ti/starterware/binary/dal/lib/am335x-evm/a8/release/gcc\libdal_boot.a(elm_boot.o)
                0x402f7cbc                ELMGetNumErrors
 .text.ELMGetErrAddress
                0x402f7cd0       0x1c E:/uC-Soft/TI/TIRTOS/PDK_AM~1/packages/ti/starterware/binary/dal/lib/am335x-evm/a8/release/gcc\libdal_boot.a(elm_boot.o)
                0x402f7cd0                ELMGetErrAddress
 .text.ELMIntrEnable
                0x402f7cec       0x18 E:/uC-Soft/TI/TIRTOS/PDK_AM~1/packages/ti/starterware/binary/dal/lib/am335x-evm/a8/release/gcc\libdal_boot.a(elm_boot.o)
                0x402f7cec                ELMIntrEnable
 .text.ELMIntrStatus
                0x402f7d04        0xc E:/uC-Soft/TI/TIRTOS/PDK_AM~1/packages/ti/starterware/binary/dal/lib/am335x-evm/a8/release/gcc\libdal_boot.a(elm_boot.o)
                0x402f7d04                ELMIntrStatus
 .text.ELMIntrClear
                0x402f7d10       0x18 E:/uC-Soft/TI/TIRTOS/PDK_AM~1/packages/ti/starterware/binary/dal/lib/am335x-evm/a8/release/gcc\libdal_boot.a(elm_boot.o)
                0x402f7d10                ELMIntrClear
 .text.ELMAutoGatingEnable
                0x402f7d28       0x24 E:/uC-Soft/TI/TIRTOS/PDK_AM~1/packages/ti/starterware/binary/dal/lib/am335x-evm/a8/release/gcc\libdal_boot.a(elm_boot.o)
                0x402f7d28                ELMAutoGatingEnable
 .text.ELMSetIdleMode
                0x402f7d4c       0x1c E:/uC-Soft/TI/TIRTOS/PDK_AM~1/packages/ti/starterware/binary/dal/lib/am335x-evm/a8/release/gcc\libdal_boot.a(elm_boot.o)
                0x402f7d4c                ELMSetIdleMode
 .text.ELMSetIdleModeOcpClkActivity
                0x402f7d68       0x1c E:/uC-Soft/TI/TIRTOS/PDK_AM~1/packages/ti/starterware/binary/dal/lib/am335x-evm/a8/release/gcc\libdal_boot.a(elm_boot.o)
                0x402f7d68                ELMSetIdleModeOcpClkActivity
 .text.DMTIMERGetCounterVal
                0x402f7d84       0x30 E:/uC-Soft/TI/TIRTOS/PDK_AM~1/packages/ti/starterware/binary/dal/lib/am335x-evm/a8/release/gcc\libdal_boot.a(dmtimer_boot.o)
                0x402f7d84                DMTIMERGetCounterVal
 .text          0x402f7db4      0x114 e:/uc-soft/ti/tirtos/gcc-arm-none-eabi-6-2017-q1-update/bin/../lib/gcc/arm-none-eabi/6.3.1/hard\libgcc.a(_udivsi3.o)
                0x402f7db4                __aeabi_uidiv
                0x402f7db4                __udivsi3
                0x402f7ea8                __aeabi_uidivmod
 .text          0x402f7ec8      0x148 e:/uc-soft/ti/tirtos/gcc-arm-none-eabi-6-2017-q1-update/bin/../lib/gcc/arm-none-eabi/6.3.1/hard\libgcc.a(_divsi3.o)
                0x402f7ec8                __divsi3
                0x402f7ec8                __aeabi_idiv
                0x402f7ff0                __aeabi_idivmod
 .text          0x402f8010        0x4 e:/uc-soft/ti/tirtos/gcc-arm-none-eabi-6-2017-q1-update/bin/../lib/gcc/arm-none-eabi/6.3.1/hard\libgcc.a(_dvmd_tls.o)
                0x402f8010                __aeabi_idiv0
                0x402f8010                __aeabi_ldiv0
 .text          0x402f8014      0x2ac e:/uc-soft/ti/tirtos/gcc-arm-none-eabi-6-2017-q1-update/bin/../lib/gcc/arm-none-eabi/6.3.1/hard\libgcc.a(_arm_addsubsf3.o)
                0x402f8014                __aeabi_frsub
                0x402f801c                __subsf3
                0x402f801c                __aeabi_fsub
                0x402f8020                __aeabi_fadd
                0x402f8020                __addsf3
                0x402f81dc                __aeabi_ui2f
                0x402f81dc                __floatunsisf
                0x402f81e4                __aeabi_i2f
                0x402f81e4                __floatsisf
                0x402f8204                __aeabi_ul2f
                0x402f8204                __floatundisf
                0x402f8214                __aeabi_l2f
                0x402f8214                __floatdisf
 .text          0x402f82c0       0x3c e:/uc-soft/ti/tirtos/gcc-arm-none-eabi-6-2017-q1-update/bin/../lib/gcc/arm-none-eabi/6.3.1/hard\libgcc.a(_aeabi_uldivmod.o)
                0x402f82c0                __aeabi_uldivmod
 *fill*         0x402f82fc        0x4 
 .text          0x402f8300       0x48 e:/uc-soft/ti/tirtos/gcc-arm-none-eabi-6-2017-q1-update/bin/../lib/gcc/arm-none-eabi/6.3.1/hard\libgcc.a(_fixunssfdi.o)
                0x402f8300                __fixunssfdi
                0x402f8300                __aeabi_f2ulz
 .text          0x402f8348       0x48 e:/uc-soft/ti/tirtos/gcc-arm-none-eabi-6-2017-q1-update/bin/../lib/gcc/arm-none-eabi/6.3.1/hard\libgcc.a(_fixunsdfdi.o)
                0x402f8348                __fixunsdfdi
                0x402f8348                __aeabi_d2ulz
 .text          0x402f8390      0x12c e:/uc-soft/ti/tirtos/gcc-arm-none-eabi-6-2017-q1-update/bin/../lib/gcc/arm-none-eabi/6.3.1/hard\libgcc.a(_udivmoddi4.o)
                0x402f8390                __udivmoddi4
 .text          0x402f84bc       0x28 e:/uc-soft/ti/tirtos/gcc-arm-none-eabi-6-2017-q1-update/bin/../lib/gcc/arm-none-eabi/6.3.1/hard\libgcc.a(_clzdi2.o)
                0x402f84bc                __clzdi2
 .text          0x402f84e4       0x48 e:/uc-soft/ti/tirtos/gcc-arm-none-eabi-6-2017-q1-update/bin/../lib/gcc/arm-none-eabi/6.3.1/hard\libgcc.a(_clzsi2.o)
                0x402f84e4                __clzsi2
 .text.memcpy   0x402f852c       0x20 E:/uC-Soft/TI/TIRTOS/gcc-arm-none-eabi-6-2017-q1-update/arm-none-eabi/lib/hard\libc_nano.a(lib_a-memcpy-stub.o)
                0x402f852c                memcpy
 .text.strncmp  0x402f854c       0x58 E:/uC-Soft/TI/TIRTOS/gcc-arm-none-eabi-6-2017-q1-update/arm-none-eabi/lib/hard\libc_nano.a(lib_a-strncmp.o)
                0x402f854c                strncmp
 *(.rodata*)
 .rodata.main.str1.4
                0x402f85a4       0x45 E:/uC-Soft/TI/TIRTOS/PDK_AM~1/packages/ti/starterware/binary/bootloader/obj/am335x-evm/a8host/release/gcc/boot_nand/sbl_main_boot.o
 *fill*         0x402f85e9        0x3 
 .rodata.GPIOAppInit.str1.4
                0x402f85ec       0x17 E:/uC-Soft/TI/TIRTOS/PDK_AM~1/packages/ti/starterware/binary/bootloader/obj/am335x-evm/a8host/release/gcc/boot_nand/gpio_app_boot.o
 *fill*         0x402f8603        0x1 
 .rodata.SBLNandCopy.str1.4
                0x402f8604      0x16f E:/uC-Soft/TI/TIRTOS/PDK_AM~1/packages/ti/starterware/binary/bootloader/obj/am335x-evm/a8host/release/gcc/boot_nand/sbl_nand_boot.o
 *fill*         0x402f8773        0x1 
 .rodata.SblNandReadFlash.isra.1.str1.4
                0x402f8774       0x7f E:/uC-Soft/TI/TIRTOS/PDK_AM~1/packages/ti/starterware/binary/bootloader/obj/am335x-evm/a8host/release/gcc/boot_nand/sbl_nand_boot.o
 *fill*         0x402f87f3        0x1 
 .rodata.SBLPlatformConfig.str1.4
                0x402f87f4       0x19 E:/uC-Soft/TI/TIRTOS/PDK_AM~1/packages/ti/starterware/binary/bootloader/obj/am335x-evm/a8host/release/gcc/boot_nand/sbl_am335x_platform_boot.o
 *fill*         0x402f880d        0x3 
 .rodata.SblPlatformDdrVttEnable.str1.4
                0x402f8810       0xaf E:/uC-Soft/TI/TIRTOS/PDK_AM~1/packages/ti/starterware/binary/bootloader/obj/am335x-evm/a8host/release/gcc/boot_nand/sbl_am335x_platform_ddr_boot.o
 *fill*         0x402f88bf        0x1 
 .rodata.CSWTCH.10
                0x402f88c0       0x10 E:/uC-Soft/TI/TIRTOS/PDK_AM~1/packages/ti/starterware/binary/bootloader/obj/am335x-evm/a8host/release/gcc/boot_nand/sbl_am335x_platform_pll_boot.o
 .rodata.NANDLibReadId.str1.4
                0x402f88d0       0xcc E:/uC-Soft/TI/TIRTOS/PDK_AM~1/packages/ti/starterware/binary/library/nandlib/lib/am335x-evm/a8/release/gcc\libnand_lib_boot.a(nand_lib_boot.o)
 .rodata.BOARDGetDeviceCtrlModId.str1.4
                0x402f899c       0x15 E:/uC-Soft/TI/TIRTOS/PDK_AM~1/packages/ti/starterware/binary/board/lib/am335x-evm/a8/release/gcc\libboard_boot.a(board_boot.o)
 *fill*         0x402f89b1        0x3 
 .rodata.BOARDINITPARAMS_DEFAULT
                0x402f89b4        0xc E:/uC-Soft/TI/TIRTOS/PDK_AM~1/packages/ti/starterware/binary/board/lib/am335x-evm/a8/release/gcc\libboard_boot.a(board_boot.o)
                0x402f89b4                BOARDINITPARAMS_DEFAULT
 .rodata.BOARDPrintInfo.str1.4
                0x402f89c0       0x60 E:/uC-Soft/TI/TIRTOS/PDK_AM~1/packages/ti/starterware/binary/board/lib/am335x-evm/a8/release/gcc\libboard_boot.a(board_boot.o)
 .rodata.gBoardIdStrTable
                0x402f8a20       0x58 E:/uC-Soft/TI/TIRTOS/PDK_AM~1/packages/ti/starterware/binary/board/lib/am335x-evm/a8/release/gcc\libboard_boot.a(board_boot.o)
 .rodata.str1.4
                0x402f8a78       0x6b E:/uC-Soft/TI/TIRTOS/PDK_AM~1/packages/ti/starterware/binary/board/lib/am335x-evm/a8/release/gcc\libboard_boot.a(board_boot.o)
 .rodata.DCARDGetDeviceCtrlModId.str1.4
                0x402f8ae3       0x15 E:/uC-Soft/TI/TIRTOS/PDK_AM~1/packages/ti/starterware/binary/board/lib/am335x-evm/a8/release/gcc\libboard_boot.a(dcard_boot.o)
 *fill*         0x402f8ae3        0x1 
 .rodata.BoardGetIdAm335x.str1.4
                0x402f8ae4       0x3f E:/uC-Soft/TI/TIRTOS/PDK_AM~1/packages/ti/starterware/binary/board/lib/am335x-evm/a8/release/gcc\libboard_boot.a(board_am335x_boot.o)
 *fill*         0x402f8b23        0x1 
 .rodata.gpBoardAm335xData
                0x402f8b24       0x44 E:/uC-Soft/TI/TIRTOS/PDK_AM~1/packages/ti/starterware/binary/board/lib/am335x-evm/a8/release/gcc\libboard_boot.a(board_am335x_boot.o)
 .rodata.gBoardAm335xGpevmData
                0x402f8b68       0x20 E:/uC-Soft/TI/TIRTOS/PDK_AM~1/packages/ti/starterware/binary/board/lib/am335x-evm/a8/release/gcc\libboard_boot.a(am335x_gpevm_boot.o)
                0x402f8b68                gBoardAm335xGpevmData
 .rodata.gBoardAm335xGpevmDevData
                0x402f8b88      0x140 E:/uC-Soft/TI/TIRTOS/PDK_AM~1/packages/ti/starterware/binary/board/lib/am335x-evm/a8/release/gcc\libboard_boot.a(am335x_gpevm_boot.o)
                0x402f8b88                gBoardAm335xGpevmDevData
 .rodata.str1.4
                0x402f8cc8       0x10 E:/uC-Soft/TI/TIRTOS/PDK_AM~1/packages/ti/starterware/binary/board/lib/am335x-evm/a8/release/gcc\libboard_boot.a(am335x_gpevm_boot.o)
                                 0x18 (size before relaxing)
 .rodata.gBoardAm335xEvmskData
                0x402f8cd8       0x20 E:/uC-Soft/TI/TIRTOS/PDK_AM~1/packages/ti/starterware/binary/board/lib/am335x-evm/a8/release/gcc\libboard_boot.a(am335x_evmsk_boot.o)
                0x402f8cd8                gBoardAm335xEvmskData
 .rodata.gBoardAm335xEvmskDevData
                0x402f8cf8       0xc8 E:/uC-Soft/TI/TIRTOS/PDK_AM~1/packages/ti/starterware/binary/board/lib/am335x-evm/a8/release/gcc\libboard_boot.a(am335x_evmsk_boot.o)
                0x402f8cf8                gBoardAm335xEvmskDevData
 .rodata.str1.4
                0x402f8dc0        0xd E:/uC-Soft/TI/TIRTOS/PDK_AM~1/packages/ti/starterware/binary/board/lib/am335x-evm/a8/release/gcc\libboard_boot.a(am335x_evmsk_boot.o)
                                 0x15 (size before relaxing)
 *fill*         0x402f8dcd        0x3 
 .rodata.gBoardAm335xBeagleboneData
                0x402f8dd0       0x20 E:/uC-Soft/TI/TIRTOS/PDK_AM~1/packages/ti/starterware/binary/board/lib/am335x-evm/a8/release/gcc\libboard_boot.a(am335x_beaglebone_boot.o)
                0x402f8dd0                gBoardAm335xBeagleboneData
 .rodata.gBoardAm335xBeagleboneDevData
                0x402f8df0       0x78 E:/uC-Soft/TI/TIRTOS/PDK_AM~1/packages/ti/starterware/binary/board/lib/am335x-evm/a8/release/gcc\libboard_boot.a(am335x_beaglebone_boot.o)
                0x402f8df0                gBoardAm335xBeagleboneDevData
 .rodata.str1.4
                0x402f8e68       0x25 E:/uC-Soft/TI/TIRTOS/PDK_AM~1/packages/ti/starterware/binary/board/lib/am335x-evm/a8/release/gcc\libboard_boot.a(am335x_beaglebone_boot.o)
                                 0x2d (size before relaxing)
 *fill*         0x402f8e8d        0x3 
 .rodata.BoardAm335xBBBLcdAvddEnable.part.1.str1.4
                0x402f8e90       0x1d E:/uC-Soft/TI/TIRTOS/PDK_AM~1/packages/ti/starterware/binary/board/lib/am335x-evm/a8/release/gcc\libboard_boot.a(am335x_beagleboneblack_boot.o)
 *fill*         0x402f8ead        0x3 
 .rodata.BoardAm335xBBBLcdBacklightEnable.str1.4
                0x402f8eb0       0x20 E:/uC-Soft/TI/TIRTOS/PDK_AM~1/packages/ti/starterware/binary/board/lib/am335x-evm/a8/release/gcc\libboard_boot.a(am335x_beagleboneblack_boot.o)
 .rodata.gBoardAm335xBeagleBoneBlackIsCompatible
                0x402f8ed0        0x4 E:/uC-Soft/TI/TIRTOS/PDK_AM~1/packages/ti/starterware/binary/board/lib/am335x-evm/a8/release/gcc\libboard_boot.a(am335x_beagleboneblack_boot.o)
                0x402f8ed0                gBoardAm335xBeagleBoneBlackIsCompatible
 .rodata.gBoardAm335xBeagleboneblackData
                0x402f8ed4       0x20 E:/uC-Soft/TI/TIRTOS/PDK_AM~1/packages/ti/starterware/binary/board/lib/am335x-evm/a8/release/gcc\libboard_boot.a(am335x_beagleboneblack_boot.o)
                0x402f8ed4                gBoardAm335xBeagleboneblackData
 .rodata.gBoardAm335xBeagleboneblackDevData
                0x402f8ef4       0xa0 E:/uC-Soft/TI/TIRTOS/PDK_AM~1/packages/ti/starterware/binary/board/lib/am335x-evm/a8/release/gcc\libboard_boot.a(am335x_beagleboneblack_boot.o)
                0x402f8ef4                gBoardAm335xBeagleboneblackDevData
 .rodata.str1.4
                0x402f8f94        0x5 E:/uC-Soft/TI/TIRTOS/PDK_AM~1/packages/ti/starterware/binary/board/lib/am335x-evm/a8/release/gcc\libboard_boot.a(am335x_beagleboneblack_boot.o)
                                 0x15 (size before relaxing)
 *fill*         0x402f8f99        0x3 
 .rodata.gBoardAm335xIceV1Data
                0x402f8f9c       0x20 E:/uC-Soft/TI/TIRTOS/PDK_AM~1/packages/ti/starterware/binary/board/lib/am335x-evm/a8/release/gcc\libboard_boot.a(am335x_icev1_boot.o)
                0x402f8f9c                gBoardAm335xIceV1Data
 .rodata.gBoardAm335xIceV1DevData
                0x402f8fbc       0xa0 E:/uC-Soft/TI/TIRTOS/PDK_AM~1/packages/ti/starterware/binary/board/lib/am335x-evm/a8/release/gcc\libboard_boot.a(am335x_icev1_boot.o)
                0x402f8fbc                gBoardAm335xIceV1DevData
 .rodata.str1.4
                0x402f905c       0x2d E:/uC-Soft/TI/TIRTOS/PDK_AM~1/packages/ti/starterware/binary/board/lib/am335x-evm/a8/release/gcc\libboard_boot.a(am335x_icev1_boot.o)
 .rodata.gBoardAm335xIceV2Data
                0x402f905c       0x20 E:/uC-Soft/TI/TIRTOS/PDK_AM~1/packages/ti/starterware/binary/board/lib/am335x-evm/a8/release/gcc\libboard_boot.a(am335x_icev2_boot.o)
                0x402f905c                gBoardAm335xIceV2Data
 .rodata.gBoardAm335xIceV2DevData
                0x402f907c      0x2f8 E:/uC-Soft/TI/TIRTOS/PDK_AM~1/packages/ti/starterware/binary/board/lib/am335x-evm/a8/release/gcc\libboard_boot.a(am335x_icev2_boot.o)
                0x402f907c                gBoardAm335xIceV2DevData
 .rodata.str1.4
                0x402f9374       0x2d E:/uC-Soft/TI/TIRTOS/PDK_AM~1/packages/ti/starterware/binary/board/lib/am335x-evm/a8/release/gcc\libboard_boot.a(am335x_icev2_boot.o)
 .rodata.gBoardAm335xAMIC110Data
                0x402f9374       0x20 E:/uC-Soft/TI/TIRTOS/PDK_AM~1/packages/ti/starterware/binary/board/lib/am335x-evm/a8/release/gcc\libboard_boot.a(am335x_amic110_boot.o)
                0x402f9374                gBoardAm335xAMIC110Data
 .rodata.gBoardAm335xAMIC110DevData
                0x402f9394      0x2f8 E:/uC-Soft/TI/TIRTOS/PDK_AM~1/packages/ti/starterware/binary/board/lib/am335x-evm/a8/release/gcc\libboard_boot.a(am335x_amic110_boot.o)
                0x402f9394                gBoardAm335xAMIC110DevData
 .rodata.str1.4
                0x402f968c       0x2d E:/uC-Soft/TI/TIRTOS/PDK_AM~1/packages/ti/starterware/binary/board/lib/am335x-evm/a8/release/gcc\libboard_boot.a(am335x_amic110_boot.o)
 .rodata.gBoardAm335xCustomData
                0x402f968c       0x20 E:/uC-Soft/TI/TIRTOS/PDK_AM~1/packages/ti/starterware/binary/board/lib/am335x-evm/a8/release/gcc\libboard_boot.a(am335x_custom_boot.o)
                0x402f968c                gBoardAm335xCustomData
 .rodata.str1.4
                0x402f96ac        0x5 E:/uC-Soft/TI/TIRTOS/PDK_AM~1/packages/ti/starterware/binary/board/lib/am335x-evm/a8/release/gcc\libboard_boot.a(am335x_custom_boot.o)
                                  0x1 (size before relaxing)
 .rodata.gDCardAm335xLCD4Data
                0x402f96ac       0x44 E:/uC-Soft/TI/TIRTOS/PDK_AM~1/packages/ti/starterware/binary/board/lib/am335x-evm/a8/release/gcc\libboard_boot.a(am335x_lcd4_dcard_boot.o)
                0x402f96ac                gDCardAm335xLCD4Data
 .rodata.gDCardAm335xLCD4DevData
                0x402f96f0       0x28 E:/uC-Soft/TI/TIRTOS/PDK_AM~1/packages/ti/starterware/binary/board/lib/am335x-evm/a8/release/gcc\libboard_boot.a(am335x_lcd4_dcard_boot.o)
                0x402f96f0                gDCardAm335xLCD4DevData
 .rodata.str1.4
                0x402f9718       0x15 E:/uC-Soft/TI/TIRTOS/PDK_AM~1/packages/ti/starterware/binary/board/lib/am335x-evm/a8/release/gcc\libboard_boot.a(am335x_lcd4_dcard_boot.o)
                                 0x25 (size before relaxing)
 *fill*         0x402f972d        0x3 
 .rodata.CONSOLEUtilsGetc.str1.4
                0x402f9730       0x2c E:/uC-Soft/TI/TIRTOS/PDK_AM~1/packages/ti/starterware/binary/utils/lib/am335x-evm/a8/release/gcc\libutils_boot.a(console_utils_boot.o)
 .rodata.CONSOLEUtilsSetType.str1.4
                0x402f975c       0x23 E:/uC-Soft/TI/TIRTOS/PDK_AM~1/packages/ti/starterware/binary/utils/lib/am335x-evm/a8/release/gcc\libutils_boot.a(console_utils_boot.o)
 *fill*         0x402f977f        0x1 
 .rodata.I2CUTILSINITPARAMS_DEFAULT
                0x402f9780       0x10 E:/uC-Soft/TI/TIRTOS/PDK_AM~1/packages/ti/starterware/binary/utils/lib/am335x-evm/a8/release/gcc\libutils_boot.a(i2c_utils_boot.o)
                0x402f9780                I2CUTILSINITPARAMS_DEFAULT
 .rodata.CONSOLEUtilsUartPrintFmt.str1.4
                0x402f9790       0x19 E:/uC-Soft/TI/TIRTOS/PDK_AM~1/packages/ti/starterware/binary/utils/lib/am335x-evm/a8/release/gcc\libutils_boot.a(console_utils_uart_boot.o)
 *fill*         0x402f97a9        0x3 
 .rodata.UART_CONSOLE_DEFAULT
                0x402f97ac       0x18 E:/uC-Soft/TI/TIRTOS/PDK_AM~1/packages/ti/starterware/binary/utils/lib/am335x-evm/a8/release/gcc\libutils_boot.a(console_utils_uart_boot.o)
 .rodata.SOCGetCoreName.str1.4
                0x402f97c4        0x3 E:/uC-Soft/TI/TIRTOS/PDK_AM~1/packages/ti/starterware/binary/soc/lib/am335x-evm/a8/release/gcc\libsoc_boot.a(soc_boot.o)
 *fill*         0x402f97c7        0x1 
 .rodata.SOCGetSocFamilyName.str1.4
                0x402f97c8        0x7 E:/uC-Soft/TI/TIRTOS/PDK_AM~1/packages/ti/starterware/binary/soc/lib/am335x-evm/a8/release/gcc\libsoc_boot.a(soc_boot.o)
 *fill*         0x402f97cf        0x1 
 .rodata.SOCPrintInfo.str1.4
                0x402f97d0       0x40 E:/uC-Soft/TI/TIRTOS/PDK_AM~1/packages/ti/starterware/binary/soc/lib/am335x-evm/a8/release/gcc\libsoc_boot.a(soc_boot.o)
 .rodata.gChipDBResourceIDMap
                0x402f9810      0x244 E:/uC-Soft/TI/TIRTOS/PDK_AM~1/packages/ti/starterware/binary/soc/lib/am335x-evm/a8/release/gcc\libsoc_boot.a(hw_am335x_chipdb_boot.o)
                0x402f9810                gChipDBResourceIDMap
 .rodata.gChipDBResourceTable
                0x402f9a54       0x18 E:/uC-Soft/TI/TIRTOS/PDK_AM~1/packages/ti/starterware/binary/soc/lib/am335x-evm/a8/release/gcc\libsoc_boot.a(hw_am335x_chipdb_boot.o)
                0x402f9a54                gChipDBResourceTable
 .rodata.gChipDBBaseAddrTable
                0x402f9a6c      0x200 E:/uC-Soft/TI/TIRTOS/PDK_AM~1/packages/ti/starterware/binary/soc/lib/am335x-evm/a8/release/gcc\libsoc_boot.a(hw_am335x_chipdb_baseaddr_boot.o)
                0x402f9a6c                gChipDBBaseAddrTable

.glue_7         0x402f9c6c        0x0
 .glue_7        0x402f9c6c        0x0 linker stubs

.glue_7t        0x402f9c6c        0x0
 .glue_7t       0x402f9c6c        0x0 linker stubs

.vfp11_veneer   0x402f9c6c        0x0
 .vfp11_veneer  0x402f9c6c        0x0 linker stubs

.v4_bx          0x402f9c6c        0x0
 .v4_bx         0x402f9c6c        0x0 linker stubs

.init           0x402f9c6c        0xc
 .init          0x402f9c6c        0xc e:/uc-soft/ti/tirtos/gcc-arm-none-eabi-6-2017-q1-update/bin/../lib/gcc/arm-none-eabi/6.3.1/hard/crti.o
                0x402f9c6c                _init

.fini           0x402f9c78        0xc
 .fini          0x402f9c78        0xc e:/uc-soft/ti/tirtos/gcc-arm-none-eabi-6-2017-q1-update/bin/../lib/gcc/arm-none-eabi/6.3.1/hard/crti.o
                0x402f9c78                _fini

.iplt           0x402f9c84        0x0
 .iplt          0x402f9c84        0x0 e:/uc-soft/ti/tirtos/gcc-arm-none-eabi-6-2017-q1-update/bin/../lib/gcc/arm-none-eabi/6.3.1/hard/crtbegin.o

.rel.dyn        0x402f9c84        0x0
 .rel.iplt      0x402f9c84        0x0 e:/uc-soft/ti/tirtos/gcc-arm-none-eabi-6-2017-q1-update/bin/../lib/gcc/arm-none-eabi/6.3.1/hard/crtbegin.o

.ARM.exidx      0x402f9c84        0x8
 .ARM.exidx     0x402f9c84        0x8 e:/uc-soft/ti/tirtos/gcc-arm-none-eabi-6-2017-q1-update/bin/../lib/gcc/arm-none-eabi/6.3.1/hard\libgcc.a(_udivmoddi4.o)

.data           0x402f9c8c     0x13dc
                0x402f9c8c                . = ALIGN (0x4)
 *(.data*)
 .data.currBlock.7400
                0x402f9c8c        0x4 E:/uC-Soft/TI/TIRTOS/PDK_AM~1/packages/ti/starterware/binary/bootloader/obj/am335x-evm/a8host/release/gcc/boot_nand/sbl_nand_boot.o
 .data.currPage.7401
                0x402f9c90        0x4 E:/uC-Soft/TI/TIRTOS/PDK_AM~1/packages/ti/starterware/binary/bootloader/obj/am335x-evm/a8host/release/gcc/boot_nand/sbl_nand_boot.o
 .data.gNandDeviceData
                0x402f9c94       0xa8 E:/uC-Soft/TI/TIRTOS/PDK_AM~1/packages/ti/starterware/binary/device/lib/am335x-evm/a8/release/gcc\libdevice_boot.a(nand_device_boot.o)
                0x402f9c94                gNandDeviceData
 .data.gNandDeviceIdList
                0x402f9d3c        0xc E:/uC-Soft/TI/TIRTOS/PDK_AM~1/packages/ti/starterware/binary/device/lib/am335x-evm/a8/release/gcc\libdevice_boot.a(nand_device_boot.o)
                0x402f9d3c                gNandDeviceIdList
 .data.gBoardAm335xI2cData
                0x402f9d48        0xc E:/uC-Soft/TI/TIRTOS/PDK_AM~1/packages/ti/starterware/binary/board/lib/am335x-evm/a8/release/gcc\libboard_boot.a(board_am335x_boot.o)
 .data.gBoardAm335xI2cInstData
                0x402f9d54       0x20 E:/uC-Soft/TI/TIRTOS/PDK_AM~1/packages/ti/starterware/binary/board/lib/am335x-evm/a8/release/gcc\libboard_boot.a(board_am335x_boot.o)
 .data.gpDCardAm335xData
                0x402f9d74        0x8 E:/uC-Soft/TI/TIRTOS/PDK_AM~1/packages/ti/starterware/binary/board/lib/am335x-evm/a8/release/gcc\libboard_boot.a(dcard_am335x_boot.o)
 .data.gpBoardAm335xGpevmRevStrTable
                0x402f9d7c       0x14 E:/uC-Soft/TI/TIRTOS/PDK_AM~1/packages/ti/starterware/binary/board/lib/am335x-evm/a8/release/gcc\libboard_boot.a(am335x_gpevm_boot.o)
                0x402f9d7c                gpBoardAm335xGpevmRevStrTable
 .data.gpBoardAm335xEvmskRevStrTable
                0x402f9d90        0xc E:/uC-Soft/TI/TIRTOS/PDK_AM~1/packages/ti/starterware/binary/board/lib/am335x-evm/a8/release/gcc\libboard_boot.a(am335x_evmsk_boot.o)
                0x402f9d90                gpBoardAm335xEvmskRevStrTable
 .data.gpBoardAm335xBeagleboneRevStrTable
                0x402f9d9c       0x18 E:/uC-Soft/TI/TIRTOS/PDK_AM~1/packages/ti/starterware/binary/board/lib/am335x-evm/a8/release/gcc\libboard_boot.a(am335x_beaglebone_boot.o)
                0x402f9d9c                gpBoardAm335xBeagleboneRevStrTable
 .data.gBoardAm335xBeagleboneblackDCards
                0x402f9db4       0x18 E:/uC-Soft/TI/TIRTOS/PDK_AM~1/packages/ti/starterware/binary/board/lib/am335x-evm/a8/release/gcc\libboard_boot.a(am335x_beagleboneblack_boot.o)
                0x402f9db4                gBoardAm335xBeagleboneblackDCards
 .data.gpBoardAm335xBeagleboneblackRevStrTable
                0x402f9dcc        0xc E:/uC-Soft/TI/TIRTOS/PDK_AM~1/packages/ti/starterware/binary/board/lib/am335x-evm/a8/release/gcc\libboard_boot.a(am335x_beagleboneblack_boot.o)
                0x402f9dcc                gpBoardAm335xBeagleboneblackRevStrTable
 .data.gpBoardAm335xIceV1RevStrTable
                0x402f9dd8       0x18 E:/uC-Soft/TI/TIRTOS/PDK_AM~1/packages/ti/starterware/binary/board/lib/am335x-evm/a8/release/gcc\libboard_boot.a(am335x_icev1_boot.o)
                0x402f9dd8                gpBoardAm335xIceV1RevStrTable
 .data.gpBoardAm335xIceV2RevStrTable
                0x402f9df0       0x18 E:/uC-Soft/TI/TIRTOS/PDK_AM~1/packages/ti/starterware/binary/board/lib/am335x-evm/a8/release/gcc\libboard_boot.a(am335x_icev2_boot.o)
                0x402f9df0                gpBoardAm335xIceV2RevStrTable
 .data.gpBoardAm335xAMIC110RevStrTable
                0x402f9e08       0x18 E:/uC-Soft/TI/TIRTOS/PDK_AM~1/packages/ti/starterware/binary/board/lib/am335x-evm/a8/release/gcc\libboard_boot.a(am335x_amic110_boot.o)
                0x402f9e08                gpBoardAm335xAMIC110RevStrTable
 .data.gpBoardAm335xCustomRevStrTable
                0x402f9e20        0x4 E:/uC-Soft/TI/TIRTOS/PDK_AM~1/packages/ti/starterware/binary/board/lib/am335x-evm/a8/release/gcc\libboard_boot.a(am335x_custom_boot.o)
                0x402f9e20                gpBoardAm335xCustomRevStrTable
 .data.gGpevmPinmuxData
                0x402f9e24       0x30 E:/uC-Soft/TI/TIRTOS/PDK_AM~1/packages/ti/starterware/binary/board/lib/am335x-evm/a8/release/gcc\libboard_boot.a(am335x_gpevm_pinmux_data_boot.o)
                0x402f9e24                gGpevmPinmuxData
 .data.gGpio0PinCfg
                0x402f9e54       0x18 E:/uC-Soft/TI/TIRTOS/PDK_AM~1/packages/ti/starterware/binary/board/lib/am335x-evm/a8/release/gcc\libboard_boot.a(am335x_gpevm_pinmux_data_boot.o)
 .data.gGpio1PinCfg
                0x402f9e6c       0x10 E:/uC-Soft/TI/TIRTOS/PDK_AM~1/packages/ti/starterware/binary/board/lib/am335x-evm/a8/release/gcc\libboard_boot.a(am335x_gpevm_pinmux_data_boot.o)
 .data.gGpioPinCfg
                0x402f9e7c       0x18 E:/uC-Soft/TI/TIRTOS/PDK_AM~1/packages/ti/starterware/binary/board/lib/am335x-evm/a8/release/gcc\libboard_boot.a(am335x_gpevm_pinmux_data_boot.o)
 .data.gGpmc0PinCfg
                0x402f9e94       0xc0 E:/uC-Soft/TI/TIRTOS/PDK_AM~1/packages/ti/starterware/binary/board/lib/am335x-evm/a8/release/gcc\libboard_boot.a(am335x_gpevm_pinmux_data_boot.o)
 .data.gGpmcPinCfg
                0x402f9f54       0x10 E:/uC-Soft/TI/TIRTOS/PDK_AM~1/packages/ti/starterware/binary/board/lib/am335x-evm/a8/release/gcc\libboard_boot.a(am335x_gpevm_pinmux_data_boot.o)
 .data.gI2c0PinCfg
                0x402f9f64       0x18 E:/uC-Soft/TI/TIRTOS/PDK_AM~1/packages/ti/starterware/binary/board/lib/am335x-evm/a8/release/gcc\libboard_boot.a(am335x_gpevm_pinmux_data_boot.o)
 .data.gI2c1PinCfg
                0x402f9f7c       0x18 E:/uC-Soft/TI/TIRTOS/PDK_AM~1/packages/ti/starterware/binary/board/lib/am335x-evm/a8/release/gcc\libboard_boot.a(am335x_gpevm_pinmux_data_boot.o)
 .data.gI2cPinCfg
                0x402f9f94       0x18 E:/uC-Soft/TI/TIRTOS/PDK_AM~1/packages/ti/starterware/binary/board/lib/am335x-evm/a8/release/gcc\libboard_boot.a(am335x_gpevm_pinmux_data_boot.o)
 .data.gMcspi0PinCfg
                0x402f9fac       0x28 E:/uC-Soft/TI/TIRTOS/PDK_AM~1/packages/ti/starterware/binary/board/lib/am335x-evm/a8/release/gcc\libboard_boot.a(am335x_gpevm_pinmux_data_boot.o)
 .data.gMcspiPinCfg
                0x402f9fd4       0x10 E:/uC-Soft/TI/TIRTOS/PDK_AM~1/packages/ti/starterware/binary/board/lib/am335x-evm/a8/release/gcc\libboard_boot.a(am335x_gpevm_pinmux_data_boot.o)
 .data.gUart0PinCfg
                0x402f9fe4       0x18 E:/uC-Soft/TI/TIRTOS/PDK_AM~1/packages/ti/starterware/binary/board/lib/am335x-evm/a8/release/gcc\libboard_boot.a(am335x_gpevm_pinmux_data_boot.o)
 .data.gUartPinCfg
                0x402f9ffc       0x10 E:/uC-Soft/TI/TIRTOS/PDK_AM~1/packages/ti/starterware/binary/board/lib/am335x-evm/a8/release/gcc\libboard_boot.a(am335x_gpevm_pinmux_data_boot.o)
 .data.gEvmskPinmuxData
                0x402fa00c       0x20 E:/uC-Soft/TI/TIRTOS/PDK_AM~1/packages/ti/starterware/binary/board/lib/am335x-evm/a8/release/gcc\libboard_boot.a(am335x_evmsk_pinmux_data_boot.o)
                0x402fa00c                gEvmskPinmuxData
 .data.gGpio0PinCfg
                0x402fa02c       0x18 E:/uC-Soft/TI/TIRTOS/PDK_AM~1/packages/ti/starterware/binary/board/lib/am335x-evm/a8/release/gcc\libboard_boot.a(am335x_evmsk_pinmux_data_boot.o)
 .data.gGpio1PinCfg
                0x402fa044       0x28 E:/uC-Soft/TI/TIRTOS/PDK_AM~1/packages/ti/starterware/binary/board/lib/am335x-evm/a8/release/gcc\libboard_boot.a(am335x_evmsk_pinmux_data_boot.o)
 .data.gGpio2PinCfg
                0x402fa06c       0x20 E:/uC-Soft/TI/TIRTOS/PDK_AM~1/packages/ti/starterware/binary/board/lib/am335x-evm/a8/release/gcc\libboard_boot.a(am335x_evmsk_pinmux_data_boot.o)
 .data.gGpioPinCfg
                0x402fa08c       0x20 E:/uC-Soft/TI/TIRTOS/PDK_AM~1/packages/ti/starterware/binary/board/lib/am335x-evm/a8/release/gcc\libboard_boot.a(am335x_evmsk_pinmux_data_boot.o)
 .data.gI2c0PinCfg
                0x402fa0ac       0x18 E:/uC-Soft/TI/TIRTOS/PDK_AM~1/packages/ti/starterware/binary/board/lib/am335x-evm/a8/release/gcc\libboard_boot.a(am335x_evmsk_pinmux_data_boot.o)
 .data.gI2cPinCfg
                0x402fa0c4       0x10 E:/uC-Soft/TI/TIRTOS/PDK_AM~1/packages/ti/starterware/binary/board/lib/am335x-evm/a8/release/gcc\libboard_boot.a(am335x_evmsk_pinmux_data_boot.o)
 .data.gUart0PinCfg
                0x402fa0d4       0x18 E:/uC-Soft/TI/TIRTOS/PDK_AM~1/packages/ti/starterware/binary/board/lib/am335x-evm/a8/release/gcc\libboard_boot.a(am335x_evmsk_pinmux_data_boot.o)
 .data.gUartPinCfg
                0x402fa0ec       0x10 E:/uC-Soft/TI/TIRTOS/PDK_AM~1/packages/ti/starterware/binary/board/lib/am335x-evm/a8/release/gcc\libboard_boot.a(am335x_evmsk_pinmux_data_boot.o)
 .data.gBbPinmuxData
                0x402fa0fc       0x20 E:/uC-Soft/TI/TIRTOS/PDK_AM~1/packages/ti/starterware/binary/board/lib/am335x-evm/a8/release/gcc\libboard_boot.a(am335x_beaglebone_pinmux_data_boot.o)
                0x402fa0fc                gBbPinmuxData
 .data.gGpio1PinCfg
                0x402fa11c       0x10 E:/uC-Soft/TI/TIRTOS/PDK_AM~1/packages/ti/starterware/binary/board/lib/am335x-evm/a8/release/gcc\libboard_boot.a(am335x_beaglebone_pinmux_data_boot.o)
 .data.gGpioPinCfg
                0x402fa12c       0x10 E:/uC-Soft/TI/TIRTOS/PDK_AM~1/packages/ti/starterware/binary/board/lib/am335x-evm/a8/release/gcc\libboard_boot.a(am335x_beaglebone_pinmux_data_boot.o)
 .data.gI2c0PinCfg
                0x402fa13c       0x18 E:/uC-Soft/TI/TIRTOS/PDK_AM~1/packages/ti/starterware/binary/board/lib/am335x-evm/a8/release/gcc\libboard_boot.a(am335x_beaglebone_pinmux_data_boot.o)
 .data.gI2cPinCfg
                0x402fa154       0x10 E:/uC-Soft/TI/TIRTOS/PDK_AM~1/packages/ti/starterware/binary/board/lib/am335x-evm/a8/release/gcc\libboard_boot.a(am335x_beaglebone_pinmux_data_boot.o)
 .data.gUart0PinCfg
                0x402fa164       0x18 E:/uC-Soft/TI/TIRTOS/PDK_AM~1/packages/ti/starterware/binary/board/lib/am335x-evm/a8/release/gcc\libboard_boot.a(am335x_beaglebone_pinmux_data_boot.o)
 .data.gUartPinCfg
                0x402fa17c       0x10 E:/uC-Soft/TI/TIRTOS/PDK_AM~1/packages/ti/starterware/binary/board/lib/am335x-evm/a8/release/gcc\libboard_boot.a(am335x_beaglebone_pinmux_data_boot.o)
 .data.gBbbPinmuxData
                0x402fa18c       0x40 E:/uC-Soft/TI/TIRTOS/PDK_AM~1/packages/ti/starterware/binary/board/lib/am335x-evm/a8/release/gcc\libboard_boot.a(am335x_beagleboneblack_pinmux_data_boot.o)
                0x402fa18c                gBbbPinmuxData
 .data.gCpsw0PinCfg
                0x402fa1cc       0x90 E:/uC-Soft/TI/TIRTOS/PDK_AM~1/packages/ti/starterware/binary/board/lib/am335x-evm/a8/release/gcc\libboard_boot.a(am335x_beagleboneblack_pinmux_data_boot.o)
 .data.gCpswPinCfg
                0x402fa25c       0x10 E:/uC-Soft/TI/TIRTOS/PDK_AM~1/packages/ti/starterware/binary/board/lib/am335x-evm/a8/release/gcc\libboard_boot.a(am335x_beagleboneblack_pinmux_data_boot.o)
 .data.gGpio1PinCfg
                0x402fa26c       0x30 E:/uC-Soft/TI/TIRTOS/PDK_AM~1/packages/ti/starterware/binary/board/lib/am335x-evm/a8/release/gcc\libboard_boot.a(am335x_beagleboneblack_pinmux_data_boot.o)
 .data.gGpio3PinCfg
                0x402fa29c       0x10 E:/uC-Soft/TI/TIRTOS/PDK_AM~1/packages/ti/starterware/binary/board/lib/am335x-evm/a8/release/gcc\libboard_boot.a(am335x_beagleboneblack_pinmux_data_boot.o)
 .data.gGpioPinCfg
                0x402fa2ac       0x18 E:/uC-Soft/TI/TIRTOS/PDK_AM~1/packages/ti/starterware/binary/board/lib/am335x-evm/a8/release/gcc\libboard_boot.a(am335x_beagleboneblack_pinmux_data_boot.o)
 .data.gI2c0PinCfg
                0x402fa2c4       0x18 E:/uC-Soft/TI/TIRTOS/PDK_AM~1/packages/ti/starterware/binary/board/lib/am335x-evm/a8/release/gcc\libboard_boot.a(am335x_beagleboneblack_pinmux_data_boot.o)
 .data.gI2cPinCfg
                0x402fa2dc       0x10 E:/uC-Soft/TI/TIRTOS/PDK_AM~1/packages/ti/starterware/binary/board/lib/am335x-evm/a8/release/gcc\libboard_boot.a(am335x_beagleboneblack_pinmux_data_boot.o)
 .data.gLcdc0PinCfg
                0x402fa2ec       0xf0 E:/uC-Soft/TI/TIRTOS/PDK_AM~1/packages/ti/starterware/binary/board/lib/am335x-evm/a8/release/gcc\libboard_boot.a(am335x_beagleboneblack_pinmux_data_boot.o)
 .data.gLcdcPinCfg
                0x402fa3dc       0x10 E:/uC-Soft/TI/TIRTOS/PDK_AM~1/packages/ti/starterware/binary/board/lib/am335x-evm/a8/release/gcc\libboard_boot.a(am335x_beagleboneblack_pinmux_data_boot.o)
 .data.gMcspi0PinCfg
                0x402fa3ec       0x28 E:/uC-Soft/TI/TIRTOS/PDK_AM~1/packages/ti/starterware/binary/board/lib/am335x-evm/a8/release/gcc\libboard_boot.a(am335x_beagleboneblack_pinmux_data_boot.o)
 .data.gMcspi1PinCfg
                0x402fa414       0x28 E:/uC-Soft/TI/TIRTOS/PDK_AM~1/packages/ti/starterware/binary/board/lib/am335x-evm/a8/release/gcc\libboard_boot.a(am335x_beagleboneblack_pinmux_data_boot.o)
 .data.gMcspiPinCfg
                0x402fa43c       0x18 E:/uC-Soft/TI/TIRTOS/PDK_AM~1/packages/ti/starterware/binary/board/lib/am335x-evm/a8/release/gcc\libboard_boot.a(am335x_beagleboneblack_pinmux_data_boot.o)
 .data.gMmcsd0PinCfg
                0x402fa454       0x40 E:/uC-Soft/TI/TIRTOS/PDK_AM~1/packages/ti/starterware/binary/board/lib/am335x-evm/a8/release/gcc\libboard_boot.a(am335x_beagleboneblack_pinmux_data_boot.o)
 .data.gMmcsdPinCfg
                0x402fa494       0x10 E:/uC-Soft/TI/TIRTOS/PDK_AM~1/packages/ti/starterware/binary/board/lib/am335x-evm/a8/release/gcc\libboard_boot.a(am335x_beagleboneblack_pinmux_data_boot.o)
 .data.gUart0PinCfg
                0x402fa4a4       0x18 E:/uC-Soft/TI/TIRTOS/PDK_AM~1/packages/ti/starterware/binary/board/lib/am335x-evm/a8/release/gcc\libboard_boot.a(am335x_beagleboneblack_pinmux_data_boot.o)
 .data.gUartPinCfg
                0x402fa4bc       0x10 E:/uC-Soft/TI/TIRTOS/PDK_AM~1/packages/ti/starterware/binary/board/lib/am335x-evm/a8/release/gcc\libboard_boot.a(am335x_beagleboneblack_pinmux_data_boot.o)
 .data.gGpio0PinCfg
                0x402fa4cc       0x10 E:/uC-Soft/TI/TIRTOS/PDK_AM~1/packages/ti/starterware/binary/board/lib/am335x-evm/a8/release/gcc\libboard_boot.a(am335x_icev1_pinmux_data_boot.o)
 .data.gGpioPinCfg
                0x402fa4dc       0x10 E:/uC-Soft/TI/TIRTOS/PDK_AM~1/packages/ti/starterware/binary/board/lib/am335x-evm/a8/release/gcc\libboard_boot.a(am335x_icev1_pinmux_data_boot.o)
 .data.gI2c0PinCfg
                0x402fa4ec       0x18 E:/uC-Soft/TI/TIRTOS/PDK_AM~1/packages/ti/starterware/binary/board/lib/am335x-evm/a8/release/gcc\libboard_boot.a(am335x_icev1_pinmux_data_boot.o)
 .data.gI2cPinCfg
                0x402fa504       0x10 E:/uC-Soft/TI/TIRTOS/PDK_AM~1/packages/ti/starterware/binary/board/lib/am335x-evm/a8/release/gcc\libboard_boot.a(am335x_icev1_pinmux_data_boot.o)
 .data.gIceV1PinmuxData
                0x402fa514       0x28 E:/uC-Soft/TI/TIRTOS/PDK_AM~1/packages/ti/starterware/binary/board/lib/am335x-evm/a8/release/gcc\libboard_boot.a(am335x_icev1_pinmux_data_boot.o)
                0x402fa514                gIceV1PinmuxData
 .data.gMcspi0PinCfg
                0x402fa53c       0x28 E:/uC-Soft/TI/TIRTOS/PDK_AM~1/packages/ti/starterware/binary/board/lib/am335x-evm/a8/release/gcc\libboard_boot.a(am335x_icev1_pinmux_data_boot.o)
 .data.gMcspiPinCfg
                0x402fa564       0x10 E:/uC-Soft/TI/TIRTOS/PDK_AM~1/packages/ti/starterware/binary/board/lib/am335x-evm/a8/release/gcc\libboard_boot.a(am335x_icev1_pinmux_data_boot.o)
 .data.gUart0PinCfg
                0x402fa574       0x18 E:/uC-Soft/TI/TIRTOS/PDK_AM~1/packages/ti/starterware/binary/board/lib/am335x-evm/a8/release/gcc\libboard_boot.a(am335x_icev1_pinmux_data_boot.o)
 .data.gUart1PinCfg
                0x402fa58c       0x18 E:/uC-Soft/TI/TIRTOS/PDK_AM~1/packages/ti/starterware/binary/board/lib/am335x-evm/a8/release/gcc\libboard_boot.a(am335x_icev1_pinmux_data_boot.o)
 .data.gUart3PinCfg
                0x402fa5a4       0x18 E:/uC-Soft/TI/TIRTOS/PDK_AM~1/packages/ti/starterware/binary/board/lib/am335x-evm/a8/release/gcc\libboard_boot.a(am335x_icev1_pinmux_data_boot.o)
 .data.gUart4PinCfg
                0x402fa5bc       0x18 E:/uC-Soft/TI/TIRTOS/PDK_AM~1/packages/ti/starterware/binary/board/lib/am335x-evm/a8/release/gcc\libboard_boot.a(am335x_icev1_pinmux_data_boot.o)
 .data.gUart5PinCfg
                0x402fa5d4       0x18 E:/uC-Soft/TI/TIRTOS/PDK_AM~1/packages/ti/starterware/binary/board/lib/am335x-evm/a8/release/gcc\libboard_boot.a(am335x_icev1_pinmux_data_boot.o)
 .data.gUartPinCfg
                0x402fa5ec       0x30 E:/uC-Soft/TI/TIRTOS/PDK_AM~1/packages/ti/starterware/binary/board/lib/am335x-evm/a8/release/gcc\libboard_boot.a(am335x_icev1_pinmux_data_boot.o)
 .data.gCpsw0PinCfg
                0x402fa61c       0x98 E:/uC-Soft/TI/TIRTOS/PDK_AM~1/packages/ti/starterware/binary/board/lib/am335x-evm/a8/release/gcc\libboard_boot.a(am335x_icev2_pinmux_data_boot.o)
 .data.gCpswPinCfg
                0x402fa6b4       0x10 E:/uC-Soft/TI/TIRTOS/PDK_AM~1/packages/ti/starterware/binary/board/lib/am335x-evm/a8/release/gcc\libboard_boot.a(am335x_icev2_pinmux_data_boot.o)
 .data.gGpio0PinCfg
                0x402fa6c4       0x58 E:/uC-Soft/TI/TIRTOS/PDK_AM~1/packages/ti/starterware/binary/board/lib/am335x-evm/a8/release/gcc\libboard_boot.a(am335x_icev2_pinmux_data_boot.o)
 .data.gGpio1PinCfg
                0x402fa71c       0x20 E:/uC-Soft/TI/TIRTOS/PDK_AM~1/packages/ti/starterware/binary/board/lib/am335x-evm/a8/release/gcc\libboard_boot.a(am335x_icev2_pinmux_data_boot.o)
 .data.gGpio2PinCfg
                0x402fa73c       0x10 E:/uC-Soft/TI/TIRTOS/PDK_AM~1/packages/ti/starterware/binary/board/lib/am335x-evm/a8/release/gcc\libboard_boot.a(am335x_icev2_pinmux_data_boot.o)
 .data.gGpio3PinCfg
                0x402fa74c       0x30 E:/uC-Soft/TI/TIRTOS/PDK_AM~1/packages/ti/starterware/binary/board/lib/am335x-evm/a8/release/gcc\libboard_boot.a(am335x_icev2_pinmux_data_boot.o)
 .data.gGpioPinCfg
                0x402fa77c       0x28 E:/uC-Soft/TI/TIRTOS/PDK_AM~1/packages/ti/starterware/binary/board/lib/am335x-evm/a8/release/gcc\libboard_boot.a(am335x_icev2_pinmux_data_boot.o)
 .data.gGpmc0PinCfg
                0x402fa7a4       0x28 E:/uC-Soft/TI/TIRTOS/PDK_AM~1/packages/ti/starterware/binary/board/lib/am335x-evm/a8/release/gcc\libboard_boot.a(am335x_icev2_pinmux_data_boot.o)
 .data.gGpmcPinCfg
                0x402fa7cc       0x10 E:/uC-Soft/TI/TIRTOS/PDK_AM~1/packages/ti/starterware/binary/board/lib/am335x-evm/a8/release/gcc\libboard_boot.a(am335x_icev2_pinmux_data_boot.o)
 .data.gI2c0PinCfg
                0x402fa7dc       0x18 E:/uC-Soft/TI/TIRTOS/PDK_AM~1/packages/ti/starterware/binary/board/lib/am335x-evm/a8/release/gcc\libboard_boot.a(am335x_icev2_pinmux_data_boot.o)
 .data.gI2cPinCfg
                0x402fa7f4       0x10 E:/uC-Soft/TI/TIRTOS/PDK_AM~1/packages/ti/starterware/binary/board/lib/am335x-evm/a8/release/gcc\libboard_boot.a(am335x_icev2_pinmux_data_boot.o)
 .data.gIceV2PinmuxData
                0x402fa804       0x48 E:/uC-Soft/TI/TIRTOS/PDK_AM~1/packages/ti/starterware/binary/board/lib/am335x-evm/a8/release/gcc\libboard_boot.a(am335x_icev2_pinmux_data_boot.o)
                0x402fa804                gIceV2PinmuxData
 .data.gMcspi0PinCfg
                0x402fa84c       0x30 E:/uC-Soft/TI/TIRTOS/PDK_AM~1/packages/ti/starterware/binary/board/lib/am335x-evm/a8/release/gcc\libboard_boot.a(am335x_icev2_pinmux_data_boot.o)
 .data.gMcspi1PinCfg
                0x402fa87c       0x28 E:/uC-Soft/TI/TIRTOS/PDK_AM~1/packages/ti/starterware/binary/board/lib/am335x-evm/a8/release/gcc\libboard_boot.a(am335x_icev2_pinmux_data_boot.o)
 .data.gMcspiPinCfg
                0x402fa8a4       0x18 E:/uC-Soft/TI/TIRTOS/PDK_AM~1/packages/ti/starterware/binary/board/lib/am335x-evm/a8/release/gcc\libboard_boot.a(am335x_icev2_pinmux_data_boot.o)
 .data.gMmcsd0PinCfg
                0x402fa8bc       0x38 E:/uC-Soft/TI/TIRTOS/PDK_AM~1/packages/ti/starterware/binary/board/lib/am335x-evm/a8/release/gcc\libboard_boot.a(am335x_icev2_pinmux_data_boot.o)
 .data.gMmcsdPinCfg
                0x402fa8f4       0x10 E:/uC-Soft/TI/TIRTOS/PDK_AM~1/packages/ti/starterware/binary/board/lib/am335x-evm/a8/release/gcc\libboard_boot.a(am335x_icev2_pinmux_data_boot.o)
 .data.gPru_icss1PinCfg
                0x402fa904      0x140 E:/uC-Soft/TI/TIRTOS/PDK_AM~1/packages/ti/starterware/binary/board/lib/am335x-evm/a8/release/gcc\libboard_boot.a(am335x_icev2_pinmux_data_boot.o)
 .data.gPru_icssPinCfg
                0x402faa44       0x10 E:/uC-Soft/TI/TIRTOS/PDK_AM~1/packages/ti/starterware/binary/board/lib/am335x-evm/a8/release/gcc\libboard_boot.a(am335x_icev2_pinmux_data_boot.o)
 .data.gUart0PinCfg
                0x402faa54       0x18 E:/uC-Soft/TI/TIRTOS/PDK_AM~1/packages/ti/starterware/binary/board/lib/am335x-evm/a8/release/gcc\libboard_boot.a(am335x_icev2_pinmux_data_boot.o)
 .data.gUart1PinCfg
                0x402faa6c       0x18 E:/uC-Soft/TI/TIRTOS/PDK_AM~1/packages/ti/starterware/binary/board/lib/am335x-evm/a8/release/gcc\libboard_boot.a(am335x_icev2_pinmux_data_boot.o)
 .data.gUart3PinCfg
                0x402faa84       0x18 E:/uC-Soft/TI/TIRTOS/PDK_AM~1/packages/ti/starterware/binary/board/lib/am335x-evm/a8/release/gcc\libboard_boot.a(am335x_icev2_pinmux_data_boot.o)
 .data.gUart4PinCfg
                0x402faa9c       0x18 E:/uC-Soft/TI/TIRTOS/PDK_AM~1/packages/ti/starterware/binary/board/lib/am335x-evm/a8/release/gcc\libboard_boot.a(am335x_icev2_pinmux_data_boot.o)
 .data.gUartPinCfg
                0x402faab4       0x28 E:/uC-Soft/TI/TIRTOS/PDK_AM~1/packages/ti/starterware/binary/board/lib/am335x-evm/a8/release/gcc\libboard_boot.a(am335x_icev2_pinmux_data_boot.o)
 .data.gAMIC11xPinmuxData
                0x402faadc       0x68 E:/uC-Soft/TI/TIRTOS/PDK_AM~1/packages/ti/starterware/binary/board/lib/am335x-evm/a8/release/gcc\libboard_boot.a(am335x_amic11x_pinmux_data_boot.o)
                0x402faadc                gAMIC11xPinmuxData
 .data.gAdc0PinCfg
                0x402fab44        0x8 E:/uC-Soft/TI/TIRTOS/PDK_AM~1/packages/ti/starterware/binary/board/lib/am335x-evm/a8/release/gcc\libboard_boot.a(am335x_amic11x_pinmux_data_boot.o)
 .data.gAdcPinCfg
                0x402fab4c       0x10 E:/uC-Soft/TI/TIRTOS/PDK_AM~1/packages/ti/starterware/binary/board/lib/am335x-evm/a8/release/gcc\libboard_boot.a(am335x_amic11x_pinmux_data_boot.o)
 .data.gDebugss0PinCfg
                0x402fab5c       0x48 E:/uC-Soft/TI/TIRTOS/PDK_AM~1/packages/ti/starterware/binary/board/lib/am335x-evm/a8/release/gcc\libboard_boot.a(am335x_amic11x_pinmux_data_boot.o)
 .data.gDebugssPinCfg
                0x402faba4       0x10 E:/uC-Soft/TI/TIRTOS/PDK_AM~1/packages/ti/starterware/binary/board/lib/am335x-evm/a8/release/gcc\libboard_boot.a(am335x_amic11x_pinmux_data_boot.o)
 .data.gEmif4PinCfg
                0x402fabb4        0x8 E:/uC-Soft/TI/TIRTOS/PDK_AM~1/packages/ti/starterware/binary/board/lib/am335x-evm/a8/release/gcc\libboard_boot.a(am335x_amic11x_pinmux_data_boot.o)
 .data.gEmifPinCfg
                0x402fabbc       0x10 E:/uC-Soft/TI/TIRTOS/PDK_AM~1/packages/ti/starterware/binary/board/lib/am335x-evm/a8/release/gcc\libboard_boot.a(am335x_amic11x_pinmux_data_boot.o)
 .data.gGlue0PinCfg
                0x402fabcc       0x18 E:/uC-Soft/TI/TIRTOS/PDK_AM~1/packages/ti/starterware/binary/board/lib/am335x-evm/a8/release/gcc\libboard_boot.a(am335x_amic11x_pinmux_data_boot.o)
 .data.gGluePinCfg
                0x402fabe4       0x10 E:/uC-Soft/TI/TIRTOS/PDK_AM~1/packages/ti/starterware/binary/board/lib/am335x-evm/a8/release/gcc\libboard_boot.a(am335x_amic11x_pinmux_data_boot.o)
 .data.gGpio0PinCfg
                0x402fabf4       0x30 E:/uC-Soft/TI/TIRTOS/PDK_AM~1/packages/ti/starterware/binary/board/lib/am335x-evm/a8/release/gcc\libboard_boot.a(am335x_amic11x_pinmux_data_boot.o)
 .data.gGpio1PinCfg
                0x402fac24       0x38 E:/uC-Soft/TI/TIRTOS/PDK_AM~1/packages/ti/starterware/binary/board/lib/am335x-evm/a8/release/gcc\libboard_boot.a(am335x_amic11x_pinmux_data_boot.o)
 .data.gGpio2PinCfg
                0x402fac5c       0x38 E:/uC-Soft/TI/TIRTOS/PDK_AM~1/packages/ti/starterware/binary/board/lib/am335x-evm/a8/release/gcc\libboard_boot.a(am335x_amic11x_pinmux_data_boot.o)
 .data.gGpio3PinCfg
                0x402fac94       0x38 E:/uC-Soft/TI/TIRTOS/PDK_AM~1/packages/ti/starterware/binary/board/lib/am335x-evm/a8/release/gcc\libboard_boot.a(am335x_amic11x_pinmux_data_boot.o)
 .data.gGpioPinCfg
                0x402faccc       0x28 E:/uC-Soft/TI/TIRTOS/PDK_AM~1/packages/ti/starterware/binary/board/lib/am335x-evm/a8/release/gcc\libboard_boot.a(am335x_amic11x_pinmux_data_boot.o)
 .data.gI2c0PinCfg
                0x402facf4       0x18 E:/uC-Soft/TI/TIRTOS/PDK_AM~1/packages/ti/starterware/binary/board/lib/am335x-evm/a8/release/gcc\libboard_boot.a(am335x_amic11x_pinmux_data_boot.o)
 .data.gI2cPinCfg
                0x402fad0c       0x10 E:/uC-Soft/TI/TIRTOS/PDK_AM~1/packages/ti/starterware/binary/board/lib/am335x-evm/a8/release/gcc\libboard_boot.a(am335x_amic11x_pinmux_data_boot.o)
 .data.gMcasp1PinCfg
                0x402fad1c       0x28 E:/uC-Soft/TI/TIRTOS/PDK_AM~1/packages/ti/starterware/binary/board/lib/am335x-evm/a8/release/gcc\libboard_boot.a(am335x_amic11x_pinmux_data_boot.o)
 .data.gMcaspPinCfg
                0x402fad44       0x10 E:/uC-Soft/TI/TIRTOS/PDK_AM~1/packages/ti/starterware/binary/board/lib/am335x-evm/a8/release/gcc\libboard_boot.a(am335x_amic11x_pinmux_data_boot.o)
 .data.gMcspi0PinCfg
                0x402fad54       0x30 E:/uC-Soft/TI/TIRTOS/PDK_AM~1/packages/ti/starterware/binary/board/lib/am335x-evm/a8/release/gcc\libboard_boot.a(am335x_amic11x_pinmux_data_boot.o)
 .data.gMcspi1PinCfg
                0x402fad84       0x28 E:/uC-Soft/TI/TIRTOS/PDK_AM~1/packages/ti/starterware/binary/board/lib/am335x-evm/a8/release/gcc\libboard_boot.a(am335x_amic11x_pinmux_data_boot.o)
 .data.gMcspiPinCfg
                0x402fadac       0x18 E:/uC-Soft/TI/TIRTOS/PDK_AM~1/packages/ti/starterware/binary/board/lib/am335x-evm/a8/release/gcc\libboard_boot.a(am335x_amic11x_pinmux_data_boot.o)
 .data.gOsc0PinCfg
                0x402fadc4        0x8 E:/uC-Soft/TI/TIRTOS/PDK_AM~1/packages/ti/starterware/binary/board/lib/am335x-evm/a8/release/gcc\libboard_boot.a(am335x_amic11x_pinmux_data_boot.o)
 .data.gOscPinCfg