Archive member included to satisfy reference by file (symbol)

/oe/bld/build-CORTEX_1/arago-tmp-external-linaro-toolchain/work/am335x_evm-linux-gnueabi/starterware-rtos/02.01.01.05-r0.0/git/binary/board/lib/am335x-evm/a8/debug/gcc/libboard.a(board.o)
                              /oe/bld/build-CORTEX_1/arago-tmp-external-linaro-toolchain/work/am335x_evm-linux-gnueabi/starterware-rtos/02.01.01.05-r0.0/git/binary/mcspi_app_flash/obj/am335x-evm/a8host/debug/gcc/flash_app_main.o (BOARDInit)
/oe/bld/build-CORTEX_1/arago-tmp-external-linaro-toolchain/work/am335x_evm-linux-gnueabi/starterware-rtos/02.01.01.05-r0.0/git/binary/board/lib/am335x-evm/a8/debug/gcc/libboard.a(dcard.o)
                              /oe/bld/build-CORTEX_1/arago-tmp-external-linaro-toolchain/work/am335x_evm-linux-gnueabi/starterware-rtos/02.01.01.05-r0.0/git/binary/board/lib/am335x-evm/a8/debug/gcc/libboard.a(board.o) (DCARDIsDevPresent)
/oe/bld/build-CORTEX_1/arago-tmp-external-linaro-toolchain/work/am335x_evm-linux-gnueabi/starterware-rtos/02.01.01.05-r0.0/git/binary/board/lib/am335x-evm/a8/debug/gcc/libboard.a(platform.o)
                              /oe/bld/build-CORTEX_1/arago-tmp-external-linaro-toolchain/work/am335x_evm-linux-gnueabi/starterware-rtos/02.01.01.05-r0.0/git/binary/board/lib/am335x-evm/a8/debug/gcc/libboard.a(board.o) (PLATFORMGetId)
/oe/bld/build-CORTEX_1/arago-tmp-external-linaro-toolchain/work/am335x_evm-linux-gnueabi/starterware-rtos/02.01.01.05-r0.0/git/binary/board/lib/am335x-evm/a8/debug/gcc/libboard.a(pinmux.o)
                              /oe/bld/build-CORTEX_1/arago-tmp-external-linaro-toolchain/work/am335x_evm-linux-gnueabi/starterware-rtos/02.01.01.05-r0.0/git/binary/mcspi_app_flash/obj/am335x-evm/a8host/debug/gcc/mcspi_app.o (PINMUXModuleConfig)
/oe/bld/build-CORTEX_1/arago-tmp-external-linaro-toolchain/work/am335x_evm-linux-gnueabi/starterware-rtos/02.01.01.05-r0.0/git/binary/board/lib/am335x-evm/a8/debug/gcc/libboard.a(board_am335x.o)
                              /oe/bld/build-CORTEX_1/arago-tmp-external-linaro-toolchain/work/am335x_evm-linux-gnueabi/starterware-rtos/02.01.01.05-r0.0/git/binary/board/lib/am335x-evm/a8/debug/gcc/libboard.a(board.o) (BoardAm335xInit)
/oe/bld/build-CORTEX_1/arago-tmp-external-linaro-toolchain/work/am335x_evm-linux-gnueabi/starterware-rtos/02.01.01.05-r0.0/git/binary/board/lib/am335x-evm/a8/debug/gcc/libboard.a(dcard_am335x.o)
                              /oe/bld/build-CORTEX_1/arago-tmp-external-linaro-toolchain/work/am335x_evm-linux-gnueabi/starterware-rtos/02.01.01.05-r0.0/git/binary/board/lib/am335x-evm/a8/debug/gcc/libboard.a(dcard.o) (DCardAm335xInit)
/oe/bld/build-CORTEX_1/arago-tmp-external-linaro-toolchain/work/am335x_evm-linux-gnueabi/starterware-rtos/02.01.01.05-r0.0/git/binary/board/lib/am335x-evm/a8/debug/gcc/libboard.a(am335x_gpevm.o)
                              /oe/bld/build-CORTEX_1/arago-tmp-external-linaro-toolchain/work/am335x_evm-linux-gnueabi/starterware-rtos/02.01.01.05-r0.0/git/binary/board/lib/am335x-evm/a8/debug/gcc/libboard.a(board_am335x.o) (gBoardAm335xGpevmData)
/oe/bld/build-CORTEX_1/arago-tmp-external-linaro-toolchain/work/am335x_evm-linux-gnueabi/starterware-rtos/02.01.01.05-r0.0/git/binary/board/lib/am335x-evm/a8/debug/gcc/libboard.a(am335x_evmsk.o)
                              /oe/bld/build-CORTEX_1/arago-tmp-external-linaro-toolchain/work/am335x_evm-linux-gnueabi/starterware-rtos/02.01.01.05-r0.0/git/binary/board/lib/am335x-evm/a8/debug/gcc/libboard.a(board_am335x.o) (gBoardAm335xEvmskData)
/oe/bld/build-CORTEX_1/arago-tmp-external-linaro-toolchain/work/am335x_evm-linux-gnueabi/starterware-rtos/02.01.01.05-r0.0/git/binary/board/lib/am335x-evm/a8/debug/gcc/libboard.a(am335x_beaglebone.o)
                              /oe/bld/build-CORTEX_1/arago-tmp-external-linaro-toolchain/work/am335x_evm-linux-gnueabi/starterware-rtos/02.01.01.05-r0.0/git/binary/board/lib/am335x-evm/a8/debug/gcc/libboard.a(board_am335x.o) (gBoardAm335xBeagleboneData)
/oe/bld/build-CORTEX_1/arago-tmp-external-linaro-toolchain/work/am335x_evm-linux-gnueabi/starterware-rtos/02.01.01.05-r0.0/git/binary/board/lib/am335x-evm/a8/debug/gcc/libboard.a(am335x_beagleboneblack.o)
                              /oe/bld/build-CORTEX_1/arago-tmp-external-linaro-toolchain/work/am335x_evm-linux-gnueabi/starterware-rtos/02.01.01.05-r0.0/git/binary/board/lib/am335x-evm/a8/debug/gcc/libboard.a(board_am335x.o) (gBoardAm335xBeagleboneblackData)
/oe/bld/build-CORTEX_1/arago-tmp-external-linaro-toolchain/work/am335x_evm-linux-gnueabi/starterware-rtos/02.01.01.05-r0.0/git/binary/board/lib/am335x-evm/a8/debug/gcc/libboard.a(am335x_icev1.o)
                              /oe/bld/build-CORTEX_1/arago-tmp-external-linaro-toolchain/work/am335x_evm-linux-gnueabi/starterware-rtos/02.01.01.05-r0.0/git/binary/board/lib/am335x-evm/a8/debug/gcc/libboard.a(board_am335x.o) (gBoardAm335xIceV1Data)
[...]
Memory Configuration

Name             Origin             Length             Attributes
DDR0             0x0000000080000000 0x0000000010000000
OCMCRAM          0x0000000040300000 0x0000000000040000
*default*        0x0000000000000000 0xffffffffffffffff

Linker script and memory map

LOAD /oe/bld/build-CORTEX_1/arago-tmp-external-linaro-toolchain/sysroots/x86_64-linux/usr/share/ti/gcc-arm-none-eabi/bin/../lib/gcc/arm-none-eabi/6.3.1/hard/crti.o
LOAD /oe/bld/build-CORTEX_1/arago-tmp-external-linaro-toolchain/sysroots/x86_64-linux/usr/share/ti/gcc-arm-none-eabi/bin/../lib/gcc/arm-none-eabi/6.3.1/hard/crtbegin.o
LOAD /oe/bld/build-CORTEX_1/arago-tmp-external-linaro-toolchain/sysroots/x86_64-linux/usr/share/ti/gcc-arm-none-eabi/bin/../lib/gcc/arm-none-eabi/6.3.1/../../../../arm-none-eabi/lib/hard/crt0.o
LOAD /oe/bld/build-CORTEX_1/arago-tmp-external-linaro-toolchain/work/am335x_evm-linux-gnueabi/starterware-rtos/02.01.01.05-r0.0/git/binary/mcspi_app_flash/obj/am335x-evm/a8host/debug/gcc/mcspi_app.o
LOAD /oe/bld/build-CORTEX_1/arago-tmp-external-linaro-toolchain/work/am335x_evm-linux-gnueabi/starterware-rtos/02.01.01.05-r0.0/git/binary/mcspi_app_flash/obj/am335x-evm/a8host/debug/gcc/flash_app_main.o

.startcode      0x0000000080000000       0xb4
                0x0000000080000000                . = ALIGN (0x4)
 *init.o(.text)
 .text          0x0000000080000000       0xb4 /oe/bld/build-CORTEX_1/arago-tmp-external-linaro-toolchain/work/am335x_evm-linux-gnueabi/starterware-rtos/02.01.01.05-r0.0/git/binary/soc/lib/am335x-evm/a8/debug/gcc/libsoc.a(init.o)
                0x0000000080000000                Entry

.text           0x00000000800000b8     0xc6e5
                0x00000000800000b8                . = ALIGN (0x4)
 *(.text*)
 .text.MCSPIAppInit
                0x00000000800000b8      0x30c /oe/bld/build-CORTEX_1/arago-tmp-external-linaro-toolchain/work/am335x_evm-linux-gnueabi/starterware-rtos/02.01.01.05-r0.0/git/binary/mcspi_app_flash/obj/am335x-evm/a8host/debug/gcc/mcspi_app.o
                0x00000000800000b8                MCSPIAppInit
 .text.MCSPIAppTransfer
                0x00000000800003c4      0x170 /oe/bld/build-CORTEX_1/arago-tmp-external-linaro-toolchain/work/am335x_evm-linux-gnueabi/starterware-rtos/02.01.01.05-r0.0/git/binary/mcspi_app_flash/obj/am335x-evm/a8host/debug/gcc/mcspi_app.o
                0x00000000800003c4                MCSPIAppTransfer
 .text.McspiAppIntrConfig
                0x0000000080000534       0xb8 /oe/bld/build-CORTEX_1/arago-tmp-external-linaro-toolchain/work/am335x_evm-linux-gnueabi/starterware-rtos/02.01.01.05-r0.0/git/binary/mcspi_app_flash/obj/am335x-evm/a8host/debug/gcc/mcspi_app.o
 .text.McspiAppFlashIsr
                0x00000000800005ec      0x28c /oe/bld/build-CORTEX_1/arago-tmp-external-linaro-toolchain/work/am335x_evm-linux-gnueabi/starterware-rtos/02.01.01.05-r0.0/git/binary/mcspi_app_flash/obj/am335x-evm/a8host/debug/gcc/mcspi_app.o
 .text.main     0x0000000080000878      0x270 /oe/bld/build-CORTEX_1/arago-tmp-external-linaro-toolchain/work/am335x_evm-linux-gnueabi/starterware-rtos/02.01.01.05-r0.0/git/binary/mcspi_app_flash/obj/am335x-evm/a8host/debug/gcc/flash_app_main.o
                0x0000000080000878                main
 .text.McspiAppBoardInfoGet
                0x0000000080000ae8      0x138 /oe/bld/build-CORTEX_1/arago-tmp-external-linaro-toolchain/work/am335x_evm-linux-gnueabi/starterware-rtos/02.01.01.05-r0.0/git/binary/mcspi_app_flash/obj/am335x-evm/a8host/debug/gcc/flash_app_main.o
 .text.McspiAppSocInfoGet
                0x0000000080000c20       0xe4 /oe/bld/build-CORTEX_1/arago-tmp-external-linaro-toolchain/work/am335x_evm-linux-gnueabi/starterware-rtos/02.01.01.05-r0.0/git/binary/mcspi_app_flash/obj/am335x-evm/a8host/debug/gcc/flash_app_main.o
 .text.McspiAppWriteEnable
                0x0000000080000d04       0x48 /oe/bld/build-CORTEX_1/arago-tmp-external-linaro-toolchain/work/am335x_evm-linux-gnueabi/starterware-rtos/02.01.01.05-r0.0/git/binary/mcspi_app_flash/obj/am335x-evm/a8host/debug/gcc/flash_app_main.o
 .text.McspiAppIsWriteSuccess
                0x0000000080000d4c       0x80 /oe/bld/build-CORTEX_1/arago-tmp-external-linaro-toolchain/work/am335x_evm-linux-gnueabi/starterware-rtos/02.01.01.05-r0.0/git/binary/mcspi_app_flash/obj/am335x-evm/a8host/debug/gcc/flash_app_main.o
 .text.McspiAppSectorErase
                0x0000000080000dcc       0x88 /oe/bld/build-CORTEX_1/arago-tmp-external-linaro-toolchain/work/am335x_evm-linux-gnueabi/starterware-rtos/02.01.01.05-r0.0/git/binary/mcspi_app_flash/obj/am335x-evm/a8host/debug/gcc/flash_app_main.o
 .text.McspiAppIsFlashBusy
                0x0000000080000e54       0x44 /oe/bld/build-CORTEX_1/arago-tmp-external-linaro-toolchain/work/am335x_evm-linux-gnueabi/starterware-rtos/02.01.01.05-r0.0/git/binary/mcspi_app_flash/obj/am335x-evm/a8host/debug/gcc/flash_app_main.o
 .text.McspiAppFlashStatus
                0x0000000080000e98       0x58 /oe/bld/build-CORTEX_1/arago-tmp-external-linaro-toolchain/work/am335x_evm-linux-gnueabi/starterware-rtos/02.01.01.05-r0.0/git/binary/mcspi_app_flash/obj/am335x-evm/a8host/debug/gcc/flash_app_main.o
 .text.McspiAppWriteToFlash
                0x0000000080000ef0       0xe0 /oe/bld/build-CORTEX_1/arago-tmp-external-linaro-toolchain/work/am335x_evm-linux-gnueabi/starterware-rtos/02.01.01.05-r0.0/git/binary/mcspi_app_flash/obj/am335x-evm/a8host/debug/gcc/flash_app_main.o
 .text.McspiAppReadFromFlash
                0x0000000080000fd0       0xbc /oe/bld/build-CORTEX_1/arago-tmp-external-linaro-toolchain/work/am335x_evm-linux-gnueabi/starterware-rtos/02.01.01.05-r0.0/git/binary/mcspi_app_flash/obj/am335x-evm/a8host/debug/gcc/flash_app_main.o
 .text.McspiAppVerifyData
                0x000000008000108c      0x13c /oe/bld/build-CORTEX_1/arago-tmp-external-linaro-toolchain/work/am335x_evm-linux-gnueabi/starterware-rtos/02.01.01.05-r0.0/git/binary/mcspi_app_flash/obj/am335x-evm/a8host/debug/gcc/flash_app_main.o
 .text.BOARDInit
                0x00000000800011c8       0xf8 /oe/bld/build-CORTEX_1/arago-tmp-external-linaro-toolchain/work/am335x_evm-linux-gnueabi/starterware-rtos/02.01.01.05-r0.0/git/binary/board/lib/am335x-evm/a8/debug/gcc/libboard.a(board.o)
                0x00000000800011c8                BOARDInit
 .text.BOARDGetId
                0x00000000800012c0       0x90 /oe/bld/build-CORTEX_1/arago-tmp-external-linaro-toolchain/work/am335x_evm-linux-gnueabi/starterware-rtos/02.01.01.05-r0.0/git/binary/board/lib/am335x-evm/a8/debug/gcc/libboard.a(board.o)
                0x00000000800012c0                BOARDGetId
 .text.BOARDGetBoardName
                0x0000000080001350       0xac /oe/bld/build-CORTEX_1/arago-tmp-external-linaro-toolchain/work/am335x_evm-linux-gnueabi/starterware-rtos/02.01.01.05-r0.0/git/binary/board/lib/am335x-evm/a8/debug/gcc/libboard.a(board.o)
                0x0000000080001350                BOARDGetBoardName
 .text.BOARDGetBaseBoardRevName
                0x00000000800013fc       0x54 /oe/bld/build-CORTEX_1/arago-tmp-external-linaro-toolchain/work/am335x_evm-linux-gnueabi/starterware-rtos/02.01.01.05-r0.0/git/binary/board/lib/am335x-evm/a8/debug/gcc/libboard.a(board.o)
                0x00000000800013fc                BOARDGetBaseBoardRevName
 .text.BOARDGetDcRevName
                0x0000000080001450       0x54 /oe/bld/build-CORTEX_1/arago-tmp-external-linaro-toolchain/work/am335x_evm-linux-gnueabi/starterware-rtos/02.01.01.05-r0.0/git/binary/board/lib/am335x-evm/a8/debug/gcc/libboard.a(board.o)
                0x0000000080001450                BOARDGetDcRevName
 .text.BOARDGetData
                0x00000000800014a4       0x54 /oe/bld/build-CORTEX_1/arago-tmp-external-linaro-toolchain/work/am335x_evm-linux-gnueabi/starterware-rtos/02.01.01.05-r0.0/git/binary/board/lib/am335x-evm/a8/debug/gcc/libboard.a(board.o)
                0x00000000800014a4                BOARDGetData
 .text.BOARDGetDeviceCtrlModId
                0x00000000800014f8      0x198 /oe/bld/build-CORTEX_1/arago-tmp-external-linaro-toolchain/work/am335x_evm-linux-gnueabi/starterware-rtos/02.01.01.05-r0.0/git/binary/board/lib/am335x-evm/a8/debug/gcc/libboard.a(board.o)
                0x00000000800014f8                BOARDGetDeviceCtrlModId
 .text.BOARDGetDeviceCtrlModInstNum
                0x0000000080001690       0xdc /oe/bld/build-CORTEX_1/arago-tmp-external-linaro-toolchain/work/am335x_evm-linux-gnueabi/starterware-rtos/02.01.01.05-r0.0/git/binary/board/lib/am335x-evm/a8/debug/gcc/libboard.a(board.o)
                0x0000000080001690                BOARDGetDeviceCtrlModInstNum
 .text.BOARDGetDeviceCtrlInfo
                0x000000008000176c       0xbc /oe/bld/build-CORTEX_1/arago-tmp-external-linaro-toolchain/work/am335x_evm-linux-gnueabi/starterware-rtos/02.01.01.05-r0.0/git/binary/board/lib/am335x-evm/a8/debug/gcc/libboard.a(board.o)
                0x000000008000176c                BOARDGetDeviceCtrlInfo
 .text.BOARDPrintInfo
                0x0000000080001828       0x88 /oe/bld/build-CORTEX_1/arago-tmp-external-linaro-toolchain/work/am335x_evm-linux-gnueabi/starterware-rtos/02.01.01.05-r0.0/git/binary/board/lib/am335x-evm/a8/debug/gcc/libboard.a(board.o)
                0x0000000080001828                BOARDPrintInfo
 .text.DCARDGetDCardList
                0x00000000800018b0       0x4c /oe/bld/build-CORTEX_1/arago-tmp-external-linaro-toolchain/work/am335x_evm-linux-gnueabi/starterware-rtos/02.01.01.05-r0.0/git/binary/board/lib/am335x-evm/a8/debug/gcc/libboard.a(dcard.o)
                0x00000000800018b0                DCARDGetDCardList
 .text.DCARDIsDevPresent
                0x00000000800018fc       0xb4 /oe/bld/build-CORTEX_1/arago-tmp-external-linaro-toolchain/work/am335x_evm-linux-gnueabi/starterware-rtos/02.01.01.05-r0.0/git/binary/board/lib/am335x-evm/a8/debug/gcc/libboard.a(dcard.o)
                0x00000000800018fc                DCARDIsDevPresent
 .text.DCARDGetDeviceCtrlModId
                0x00000000800019b0       0xe4 /oe/bld/build-CORTEX_1/arago-tmp-external-linaro-toolchain/work/am335x_evm-linux-gnueabi/starterware-rtos/02.01.01.05-r0.0/git/binary/board/lib/am335x-evm/a8/debug/gcc/libboard.a(dcard.o)
                0x00000000800019b0                DCARDGetDeviceCtrlModId
 .text.DCARDGetRevStr
                0x0000000080001a94       0x50 /oe/bld/build-CORTEX_1/arago-tmp-external-linaro-toolchain/work/am335x_evm-linux-gnueabi/starterware-rtos/02.01.01.05-r0.0/git/binary/board/lib/am335x-evm/a8/debug/gcc/libboard.a(dcard.o)
                0x0000000080001a94                DCARDGetRevStr
 .text.DCARDGetData
                0x0000000080001ae4       0x70 /oe/bld/build-CORTEX_1/arago-tmp-external-linaro-toolchain/work/am335x_evm-linux-gnueabi/starterware-rtos/02.01.01.05-r0.0/git/binary/board/lib/am335x-evm/a8/debug/gcc/libboard.a(dcard.o)
                0x0000000080001ae4                DCARDGetData
 .text.DCARDGetRevTable
                0x0000000080001b54       0x40 /oe/bld/build-CORTEX_1/arago-tmp-external-linaro-toolchain/work/am335x_evm-linux-gnueabi/starterware-rtos/02.01.01.05-r0.0/git/binary/board/lib/am335x-evm/a8/debug/gcc/libboard.a(dcard.o)
                0x0000000080001b54                DCARDGetRevTable
 .text.PLATFORMGetId
                0x0000000080001b94       0x30 /oe/bld/build-CORTEX_1/arago-tmp-external-linaro-toolchain/work/am335x_evm-linux-gnueabi/starterware-rtos/02.01.01.05-r0.0/git/binary/board/lib/am335x-evm/a8/debug/gcc/libboard.a(platform.o)
                0x0000000080001b94                PLATFORMGetId
 .text.HW_WR_REG32
                0x0000000080001bc4       0x34 /oe/bld/build-CORTEX_1/arago-tmp-external-linaro-toolchain/work/am335x_evm-linux-gnueabi/starterware-rtos/02.01.01.05-r0.0/git/binary/board/lib/am335x-evm/a8/debug/gcc/libboard.a(pinmux.o)
 .text.PINMUXModuleConfig
                0x0000000080001bf8      0x30c /oe/bld/build-CORTEX_1/arago-tmp-external-linaro-toolchain/work/am335x_evm-linux-gnueabi/starterware-rtos/02.01.01.05-r0.0/git/binary/board/lib/am335x-evm/a8/debug/gcc/libboard.a(pinmux.o)
                0x0000000080001bf8                PINMUXModuleConfig
 .text.BoardAm335xInit
                0x0000000080001f04       0xdc /oe/bld/build-CORTEX_1/arago-tmp-external-linaro-toolchain/work/am335x_evm-linux-gnueabi/starterware-rtos/02.01.01.05-r0.0/git/binary/board/lib/am335x-evm/a8/debug/gcc/libboard.a(board_am335x.o)
                0x0000000080001f04                BoardAm335xInit
 .text.BoardGetIdAm335x
                0x0000000080001fe0      0x378 /oe/bld/build-CORTEX_1/arago-tmp-external-linaro-toolchain/work/am335x_evm-linux-gnueabi/starterware-rtos/02.01.01.05-r0.0/git/binary/board/lib/am335x-evm/a8/debug/gcc/libboard.a(board_am335x.o)
                0x0000000080001fe0                BoardGetIdAm335x
 .text.BoardGetBaseBoardRevAm335x
                0x0000000080002358      0x110 /oe/bld/build-CORTEX_1/arago-tmp-external-linaro-toolchain/work/am335x_evm-linux-gnueabi/starterware-rtos/02.01.01.05-r0.0/git/binary/board/lib/am335x-evm/a8/debug/gcc/libboard.a(board_am335x.o)
                0x0000000080002358                BoardGetBaseBoardRevAm335x
 .text.BoardGetBaseBoardRevNameAm335x
                0x0000000080002468       0x68 /oe/bld/build-CORTEX_1/arago-tmp-external-linaro-toolchain/work/am335x_evm-linux-gnueabi/starterware-rtos/02.01.01.05-r0.0/git/binary/board/lib/am335x-evm/a8/debug/gcc/libboard.a(board_am335x.o)
                0x0000000080002468                BoardGetBaseBoardRevNameAm335x
 .text.BoardGetDcRevAm335x
                0x00000000800024d0       0x68 /oe/bld/build-CORTEX_1/arago-tmp-external-linaro-toolchain/work/am335x_evm-linux-gnueabi/starterware-rtos/02.01.01.05-r0.0/git/binary/board/lib/am335x-evm/a8/debug/gcc/libboard.a(board_am335x.o)
                0x00000000800024d0                BoardGetDcRevAm335x
 .text.BoardGetDcRevNameAm335x
                0x0000000080002538       0x70 /oe/bld/build-CORTEX_1/arago-tmp-external-linaro-toolchain/work/am335x_evm-linux-gnueabi/starterware-rtos/02.01.01.05-r0.0/git/binary/board/lib/am335x-evm/a8/debug/gcc/libboard.a(board_am335x.o)
                0x0000000080002538                BoardGetDcRevNameAm335x
 .text.BoardGetI2cDataAm335x
                0x00000000800025a8       0x20 /oe/bld/build-CORTEX_1/arago-tmp-external-linaro-toolchain/work/am335x_evm-linux-gnueabi/starterware-rtos/02.01.01.05-r0.0/git/binary/board/lib/am335x-evm/a8/debug/gcc/libboard.a(board_am335x.o)
                0x00000000800025a8                BoardGetI2cDataAm335x
 .text.BoardGetDataAm335x
                0x00000000800025c8       0x4c /oe/bld/build-CORTEX_1/arago-tmp-external-linaro-toolchain/work/am335x_evm-linux-gnueabi/starterware-rtos/02.01.01.05-r0.0/git/binary/board/lib/am335x-evm/a8/debug/gcc/libboard.a(board_am335x.o)
                0x00000000800025c8                BoardGetDataAm335x
 .text.DCardAm335xGetDCardList
                0x0000000080002614       0x20 /oe/bld/build-CORTEX_1/arago-tmp-external-linaro-toolchain/work/am335x_evm-linux-gnueabi/starterware-rtos/02.01.01.05-r0.0/git/binary/board/lib/am335x-evm/a8/debug/gcc/libboard.a(dcard_am335x.o)
                0x0000000080002614                DCardAm335xGetDCardList
 .text.BoardAm335xGpevmLcdDevicePowerOn
                0x0000000080002634      0x164 /oe/bld/build-CORTEX_1/arago-tmp-external-linaro-toolchain/work/am335x_evm-linux-gnueabi/starterware-rtos/02.01.01.05-r0.0/git/binary/board/lib/am335x-evm/a8/debug/gcc/libboard.a(am335x_gpevm.o)
                0x0000000080002634                BoardAm335xGpevmLcdDevicePowerOn
 .text.BoardAm335xGpevmGetLcdDevData
                0x0000000080002798       0x64 /oe/bld/build-CORTEX_1/arago-tmp-external-linaro-toolchain/work/am335x_evm-linux-gnueabi/starterware-rtos/02.01.01.05-r0.0/git/binary/board/lib/am335x-evm/a8/debug/gcc/libboard.a(am335x_gpevm.o)
                0x0000000080002798                BoardAm335xGpevmGetLcdDevData
 .text.BoardAm335xGpevmLcdUpdnPinControl
                0x00000000800027fc      0x1e8 /oe/bld/build-CORTEX_1/arago-tmp-external-linaro-toolchain/work/am335x_evm-linux-gnueabi/starterware-rtos/02.01.01.05-r0.0/git/binary/board/lib/am335x-evm/a8/debug/gcc/libboard.a(am335x_gpevm.o)
                0x00000000800027fc                BoardAm335xGpevmLcdUpdnPinControl
 .text.BoardAm335xGpevmGpioCfg
                0x00000000800029e4       0xb8 /oe/bld/build-CORTEX_1/arago-tmp-external-linaro-toolchain/work/am335x_evm-linux-gnueabi/starterware-rtos/02.01.01.05-r0.0/git/binary/board/lib/am335x-evm/a8/debug/gcc/libboard.a(am335x_gpevm.o)
                0x00000000800029e4                BoardAm335xGpevmGpioCfg
 .text.BoardAm335xBBBPowerOnDCardDev
                0x0000000080002a9c      0x100 /oe/bld/build-CORTEX_1/arago-tmp-external-linaro-toolchain/work/am335x_evm-linux-gnueabi/starterware-rtos/02.01.01.05-r0.0/git/binary/board/lib/am335x-evm/a8/debug/gcc/libboard.a(am335x_beagleboneblack.o)
                0x0000000080002a9c                BoardAm335xBBBPowerOnDCardDev
 .text.BoardAm335xBBBGetLcdDevData
                0x0000000080002b9c       0x64 /oe/bld/build-CORTEX_1/arago-tmp-external-linaro-toolchain/work/am335x_evm-linux-gnueabi/starterware-rtos/02.01.01.05-r0.0/git/binary/board/lib/am335x-evm/a8/debug/gcc/libboard.a(am335x_beagleboneblack.o)
                0x0000000080002b9c                BoardAm335xBBBGetLcdDevData
 .text.BoardAm335xBBBLcdBacklightEnable
                0x0000000080002c00       0xe0 /oe/bld/build-CORTEX_1/arago-tmp-external-linaro-toolchain/work/am335x_evm-linux-gnueabi/starterware-rtos/02.01.01.05-r0.0/git/binary/board/lib/am335x-evm/a8/debug/gcc/libboard.a(am335x_beagleboneblack.o)
                0x0000000080002c00                BoardAm335xBBBLcdBacklightEnable
 .text.BoardAm335xBBBLcdAvddEnable
                0x0000000080002ce0       0xe0 /oe/bld/build-CORTEX_1/arago-tmp-external-linaro-toolchain/work/am335x_evm-linux-gnueabi/starterware-rtos/02.01.01.05-r0.0/git/binary/board/lib/am335x-evm/a8/debug/gcc/libboard.a(am335x_beagleboneblack.o)
                0x0000000080002ce0                BoardAm335xBBBLcdAvddEnable
 .text.BoardAm335xBBBGpioCfg
                0x0000000080002dc0       0xb8 /oe/bld/build-CORTEX_1/arago-tmp-external-linaro-toolchain/work/am335x_evm-linux-gnueabi/starterware-rtos/02.01.01.05-r0.0/git/binary/board/lib/am335x-evm/a8/debug/gcc/libboard.a(am335x_beagleboneblack.o)
                0x0000000080002dc0                BoardAm335xBBBGpioCfg
 .text.BoardAm335xIceV2PhySetupAndReset
                0x0000000080002e78      0x394 /oe/bld/build-CORTEX_1/arago-tmp-external-linaro-toolchain/work/am335x_evm-linux-gnueabi/starterware-rtos/02.01.01.05-r0.0/git/binary/board/lib/am335x-evm/a8/debug/gcc/libboard.a(am335x_icev2.o)
                0x0000000080002e78                BoardAm335xIceV2PhySetupAndReset
 .text.BoardAm335xAMIC110PhySetupAndReset
                0x000000008000320c      0x394 /oe/bld/build-CORTEX_1/arago-tmp-external-linaro-toolchain/work/am335x_evm-linux-gnueabi/starterware-rtos/02.01.01.05-r0.0/git/binary/board/lib/am335x-evm/a8/debug/gcc/libboard.a(am335x_amic110.o)
                0x000000008000320c                BoardAm335xAMIC110PhySetupAndReset
 .text.DCardAm335xLCD4GetEepromOffset
                0x00000000800035a0       0x54 /oe/bld/build-CORTEX_1/arago-tmp-external-linaro-toolchain/work/am335x_evm-linux-gnueabi/starterware-rtos/02.01.01.05-r0.0/git/binary/board/lib/am335x-evm/a8/debug/gcc/libboard.a(am335x_lcd4_dcard.o)
                0x00000000800035a0                DCardAm335xLCD4GetEepromOffset
 .text.DCardAm335xLCD4GetEepromOffsetSize
                0x00000000800035f4       0x1c /oe/bld/build-CORTEX_1/arago-tmp-external-linaro-toolchain/work/am335x_evm-linux-gnueabi/starterware-rtos/02.01.01.05-r0.0/git/binary/board/lib/am335x-evm/a8/debug/gcc/libboard.a(am335x_lcd4_dcard.o)
                0x00000000800035f4                DCardAm335xLCD4GetEepromOffsetSize
 .text.CONSOLEUtilsInit
                0x0000000080003610       0x20 /oe/bld/build-CORTEX_1/arago-tmp-external-linaro-toolchain/work/am335x_evm-linux-gnueabi/starterware-rtos/02.01.01.05-r0.0/git/binary/utils/lib/am335x-evm/a8/debug/gcc/libutils.a(console_utils.o)
                0x0000000080003610                CONSOLEUtilsInit
 .text.CONSOLEUtilsSetType
                0x0000000080003630       0x68 /oe/bld/build-CORTEX_1/arago-tmp-external-linaro-toolchain/work/am335x_evm-linux-gnueabi/starterware-rtos/02.01.01.05-r0.0/git/binary/utils/lib/am335x-evm/a8/debug/gcc/libutils.a(console_utils.o)
                0x0000000080003630                CONSOLEUtilsSetType
 .text.CONSOLEUtilsPuts
                0x0000000080003698       0x68 /oe/bld/build-CORTEX_1/arago-tmp-external-linaro-toolchain/work/am335x_evm-linux-gnueabi/starterware-rtos/02.01.01.05-r0.0/git/binary/utils/lib/am335x-evm/a8/debug/gcc/libutils.a(console_utils.o)
                0x0000000080003698                CONSOLEUtilsPuts
 .text.CONSOLEUtilsPrintf
                0x0000000080003700       0x7c /oe/bld/build-CORTEX_1/arago-tmp-external-linaro-toolchain/work/am335x_evm-linux-gnueabi/starterware-rtos/02.01.01.05-r0.0/git/binary/utils/lib/am335x-evm/a8/debug/gcc/libutils.a(console_utils.o)
                0x0000000080003700                CONSOLEUtilsPrintf
 .text.HW_RD_REG32
                0x000000008000377c       0x34 /oe/bld/build-CORTEX_1/arago-tmp-external-linaro-toolchain/work/am335x_evm-linux-gnueabi/starterware-rtos/02.01.01.05-r0.0/git/binary/utils/lib/am335x-evm/a8/debug/gcc/libutils.a(i2c_utils.o)
 .text.HW_WR_REG32
                0x00000000800037b0       0x34 /oe/bld/build-CORTEX_1/arago-tmp-external-linaro-toolchain/work/am335x_evm-linux-gnueabi/starterware-rtos/02.01.01.05-r0.0/git/binary/utils/lib/am335x-evm/a8/debug/gcc/libutils.a(i2c_utils.o)
 .text.I2CUtilsInit
                0x00000000800037e4      0x21c /oe/bld/build-CORTEX_1/arago-tmp-external-linaro-toolchain/work/am335x_evm-linux-gnueabi/starterware-rtos/02.01.01.05-r0.0/git/binary/utils/lib/am335x-evm/a8/debug/gcc/libutils.a(i2c_utils.o)
                0x00000000800037e4                I2CUtilsInit
 .text.I2CUtilsWrite
                0x0000000080003a00      0x1c8 /oe/bld/build-CORTEX_1/arago-tmp-external-linaro-toolchain/work/am335x_evm-linux-gnueabi/starterware-rtos/02.01.01.05-r0.0/git/binary/utils/lib/am335x-evm/a8/debug/gcc/libutils.a(i2c_utils.o)
                0x0000000080003a00                I2CUtilsWrite
 .text.I2CUtilsRead
                0x0000000080003bc8      0x1cc /oe/bld/build-CORTEX_1/arago-tmp-external-linaro-toolchain/work/am335x_evm-linux-gnueabi/starterware-rtos/02.01.01.05-r0.0/git/binary/utils/lib/am335x-evm/a8/debug/gcc/libutils.a(i2c_utils.o)
                0x0000000080003bc8                I2CUtilsRead
 .text.I2cUtilsCtrlInit
                0x0000000080003d94      0x190 /oe/bld/build-CORTEX_1/arago-tmp-external-linaro-toolchain/work/am335x_evm-linux-gnueabi/starterware-rtos/02.01.01.05-r0.0/git/binary/utils/lib/am335x-evm/a8/debug/gcc/libutils.a(i2c_utils.o)
 .text.I2cUtilsTransceive
                0x0000000080003f24      0x864 /oe/bld/build-CORTEX_1/arago-tmp-external-linaro-toolchain/work/am335x_evm-linux-gnueabi/starterware-rtos/02.01.01.05-r0.0/git/binary/utils/lib/am335x-evm/a8/debug/gcc/libutils.a(i2c_utils.o)
 .text.I2cUtilsStatusCheck
                0x0000000080004788       0xe8 /oe/bld/build-CORTEX_1/arago-tmp-external-linaro-toolchain/work/am335x_evm-linux-gnueabi/starterware-rtos/02.01.01.05-r0.0/git/binary/utils/lib/am335x-evm/a8/debug/gcc/libutils.a(i2c_utils.o)
 .text.I2cUtilsPinmuxConfig
                0x0000000080004870       0xf0 /oe/bld/build-CORTEX_1/arago-tmp-external-linaro-toolchain/work/am335x_evm-linux-gnueabi/starterware-rtos/02.01.01.05-r0.0/git/binary/utils/lib/am335x-evm/a8/debug/gcc/libutils.a(i2c_utils.o)
 .text.I2cUtilsModuleClockConfig
                0x0000000080004960       0x84 /oe/bld/build-CORTEX_1/arago-tmp-external-linaro-toolchain/work/am335x_evm-linux-gnueabi/starterware-rtos/02.01.01.05-r0.0/git/binary/utils/lib/am335x-evm/a8/debug/gcc/libutils.a(i2c_utils.o)
 .text.I2cUtilsParamsValidate
                0x00000000800049e4       0xcc /oe/bld/build-CORTEX_1/arago-tmp-external-linaro-toolchain/work/am335x_evm-linux-gnueabi/starterware-rtos/02.01.01.05-r0.0/git/binary/utils/lib/am335x-evm/a8/debug/gcc/libutils.a(i2c_utils.o)
 .text.I2cUtilsUpdateInfo
                0x0000000080004ab0       0x40 /oe/bld/build-CORTEX_1/arago-tmp-external-linaro-toolchain/work/am335x_evm-linux-gnueabi/starterware-rtos/02.01.01.05-r0.0/git/binary/utils/lib/am335x-evm/a8/debug/gcc/libutils.a(i2c_utils.o)
 .text.I2C1ModuleClkConfig
                0x0000000080004af0       0xd4 /oe/bld/build-CORTEX_1/arago-tmp-external-linaro-toolchain/work/am335x_evm-linux-gnueabi/starterware-rtos/02.01.01.05-r0.0/git/binary/utils/lib/am335x-evm/a8/debug/gcc/libutils.a(i2c_utils.o)
                0x0000000080004af0                I2C1ModuleClkConfig
 .text.I2C0ModuleClkConfig
                0x0000000080004bc4       0xfc /oe/bld/build-CORTEX_1/arago-tmp-external-linaro-toolchain/work/am335x_evm-linux-gnueabi/starterware-rtos/02.01.01.05-r0.0/git/binary/utils/lib/am335x-evm/a8/debug/gcc/libutils.a(i2c_utils.o)
                0x0000000080004bc4                I2C0ModuleClkConfig
 .text.I2C2ModuleClkConfig
                0x0000000080004cc0      0x134 /oe/bld/build-CORTEX_1/arago-tmp-external-linaro-toolchain/work/am335x_evm-linux-gnueabi/starterware-rtos/02.01.01.05-r0.0/git/binary/utils/lib/am335x-evm/a8/debug/gcc/libutils.a(i2c_utils.o)
                0x0000000080004cc0                I2C2ModuleClkConfig
 .text.TIMEGetTimeStamp
                0x0000000080004df4       0x28 /oe/bld/build-CORTEX_1/arago-tmp-external-linaro-toolchain/work/am335x_evm-linux-gnueabi/starterware-rtos/02.01.01.05-r0.0/git/binary/utils/lib/am335x-evm/a8/debug/gcc/libutils.a(time_utils.o)
                0x0000000080004df4                TIMEGetTimeStamp
 .text.DELAYMsec
                0x0000000080004e1c       0x98 /oe/bld/build-CORTEX_1/arago-tmp-external-linaro-toolchain/work/am335x_evm-linux-gnueabi/starterware-rtos/02.01.01.05-r0.0/git/binary/utils/lib/am335x-evm/a8/debug/gcc/libutils.a(time_utils.o)
                0x0000000080004e1c                DELAYMsec
 .text.TIMERUtilGetTimeStamp
                0x0000000080004eb4      0x128 /oe/bld/build-CORTEX_1/arago-tmp-external-linaro-toolchain/work/am335x_evm-linux-gnueabi/starterware-rtos/02.01.01.05-r0.0/git/binary/utils/lib/am335x-evm/a8/debug/gcc/libutils.a(dmtimer_utils.o)
                0x0000000080004eb4                TIMERUtilGetTimeStamp
 .text.HW_WR_REG32
                0x0000000080004fdc       0x34 /oe/bld/build-CORTEX_1/arago-tmp-external-linaro-toolchain/work/am335x_evm-linux-gnueabi/starterware-rtos/02.01.01.05-r0.0/git/binary/utils/lib/am335x-evm/a8/debug/gcc/libutils.a(console_utils_uart.o)
 .text.CONSOLEUtilsUartInit
                0x0000000080005010      0x180 /oe/bld/build-CORTEX_1/arago-tmp-external-linaro-toolchain/work/am335x_evm-linux-gnueabi/starterware-rtos/02.01.01.05-r0.0/git/binary/utils/lib/am335x-evm/a8/debug/gcc/libutils.a(console_utils_uart.o)
                0x0000000080005010                CONSOLEUtilsUartInit
 .text.CONSOLEUtilsUartPutChar
                0x0000000080005190      0x174 /oe/bld/build-CORTEX_1/arago-tmp-external-linaro-toolchain/work/am335x_evm-linux-gnueabi/starterware-rtos/02.01.01.05-r0.0/git/binary/utils/lib/am335x-evm/a8/debug/gcc/libutils.a(console_utils_uart.o)
                0x0000000080005190                CONSOLEUtilsUartPutChar
 .text.CONSOLEUtilsUartPutStr
                0x0000000080005304       0xa8 /oe/bld/build-CORTEX_1/arago-tmp-external-linaro-toolchain/work/am335x_evm-linux-gnueabi/starterware-rtos/02.01.01.05-r0.0/git/binary/utils/lib/am335x-evm/a8/debug/gcc/libutils.a(console_utils_uart.o)
                0x0000000080005304                CONSOLEUtilsUartPutStr
 .text.CONSOLEUtilsUartPrintFmt
                0x00000000800053ac      0xfe0 /oe/bld/build-CORTEX_1/arago-tmp-external-linaro-toolchain/work/am335x_evm-linux-gnueabi/starterware-rtos/02.01.01.05-r0.0/git/binary/utils/lib/am335x-evm/a8/debug/gcc/libutils.a(console_utils_uart.o)
                0x00000000800053ac                CONSOLEUtilsUartPrintFmt
 .text.ConsoleUtilsUartPinMuxSetup
                0x000000008000638c      0x108 /oe/bld/build-CORTEX_1/arago-tmp-external-linaro-toolchain/work/am335x_evm-linux-gnueabi/starterware-rtos/02.01.01.05-r0.0/git/binary/utils/lib/am335x-evm/a8/debug/gcc/libutils.a(console_utils_uart.o)
 .text.SOCGetSocFamilyId
                0x0000000080006494       0x30 /oe/bld/build-CORTEX_1/arago-tmp-external-linaro-toolchain/work/am335x_evm-linux-gnueabi/starterware-rtos/02.01.01.05-r0.0/git/binary/soc/lib/am335x-evm/a8/debug/gcc/libsoc.a(soc.o)
                0x0000000080006494                SOCGetSocFamilyId
 .text.SOCGetCoreId
                0x00000000800064c4       0x30 /oe/bld/build-CORTEX_1/arago-tmp-external-linaro-toolchain/work/am335x_evm-linux-gnueabi/starterware-rtos/02.01.01.05-r0.0/git/binary/soc/lib/am335x-evm/a8/debug/gcc/libsoc.a(soc.o)
                0x00000000800064c4                SOCGetCoreId
 .text.SOCGetSocFamilyName
                0x00000000800064f4       0xb8 /oe/bld/build-CORTEX_1/arago-tmp-external-linaro-toolchain/work/am335x_evm-linux-gnueabi/starterware-rtos/02.01.01.05-r0.0/git/binary/soc/lib/am335x-evm/a8/debug/gcc/libsoc.a(soc.o)
                0x00000000800064f4                SOCGetSocFamilyName
 .text.SOCGetCoreName
                0x00000000800065ac       0xb8 /oe/bld/build-CORTEX_1/arago-tmp-external-linaro-toolchain/work/am335x_evm-linux-gnueabi/starterware-rtos/02.01.01.05-r0.0/git/binary/soc/lib/am335x-evm/a8/debug/gcc/libsoc.a(soc.o)
                0x00000000800065ac                SOCGetCoreName
 .text.SOCPrintInfo
                0x0000000080006664       0x60 /oe/bld/build-CORTEX_1/arago-tmp-external-linaro-toolchain/work/am335x_evm-linux-gnueabi/starterware-rtos/02.01.01.05-r0.0/git/binary/soc/lib/am335x-evm/a8/debug/gcc/libsoc.a(soc.o)
                0x0000000080006664                SOCPrintInfo
 .text.start_boot
                0x00000000800066c4       0x24 /oe/bld/build-CORTEX_1/arago-tmp-external-linaro-toolchain/work/am335x_evm-linux-gnueabi/starterware-rtos/02.01.01.05-r0.0/git/binary/soc/lib/am335x-evm/a8/debug/gcc/libsoc.a(startup.o)
                0x00000000800066c4                start_boot
 .text.CopyVectorTable
                0x00000000800066e8       0xbc /oe/bld/build-CORTEX_1/arago-tmp-external-linaro-toolchain/work/am335x_evm-linux-gnueabi/starterware-rtos/02.01.01.05-r0.0/git/binary/soc/lib/am335x-evm/a8/debug/gcc/libsoc.a(startup.o)
 .text.HW_RD_REG32
                0x00000000800067a4       0x34 /oe/bld/build-CORTEX_1/arago-tmp-external-linaro-toolchain/work/am335x_evm-linux-gnueabi/starterware-rtos/02.01.01.05-r0.0/git/binary/soc/lib/am335x-evm/a8/debug/gcc/libsoc.a(am335x_chipdb.o)
 .text.CHIPDBIsResourcePresent
                0x00000000800067d8      0x140 /oe/bld/build-CORTEX_1/arago-tmp-external-linaro-toolchain/work/am335x_evm-linux-gnueabi/starterware-rtos/02.01.01.05-r0.0/git/binary/soc/lib/am335x-evm/a8/debug/gcc/libsoc.a(am335x_chipdb.o)
                0x00000000800067d8                CHIPDBIsResourcePresent
 .text.CHIPDBSecurityLevel
                0x0000000080006918       0x20 /oe/bld/build-CORTEX_1/arago-tmp-external-linaro-toolchain/work/am335x_evm-linux-gnueabi/starterware-rtos/02.01.01.05-r0.0/git/binary/soc/lib/am335x-evm/a8/debug/gcc/libsoc.a(am335x_chipdb.o)
                0x0000000080006918                CHIPDBSecurityLevel
 .text.CHIPDBBaseAddress
                0x0000000080006938       0x78 /oe/bld/build-CORTEX_1/arago-tmp-external-linaro-toolchain/work/am335x_evm-linux-gnueabi/starterware-rtos/02.01.01.05-r0.0/git/binary/soc/lib/am335x-evm/a8/debug/gcc/libsoc.a(am335x_chipdb.o)
                0x0000000080006938                CHIPDBBaseAddress
 .text.ChipDBReadBasePNEncoding
                0x00000000800069b0       0x1c /oe/bld/build-CORTEX_1/arago-tmp-external-linaro-toolchain/work/am335x_evm-linux-gnueabi/starterware-rtos/02.01.01.05-r0.0/git/binary/soc/lib/am335x-evm/a8/debug/gcc/libsoc.a(am335x_chipdb.o)
 .text.ChipDBReadSecurityLevel
                0x00000000800069cc       0xcc /oe/bld/build-CORTEX_1/arago-tmp-external-linaro-toolchain/work/am335x_evm-linux-gnueabi/starterware-rtos/02.01.01.05-r0.0/git/binary/soc/lib/am335x-evm/a8/debug/gcc/libsoc.a(am335x_chipdb.o)
 .text.CHIPDBIsSecureModule
                0x0000000080006a98       0x64 /oe/bld/build-CORTEX_1/arago-tmp-external-linaro-toolchain/work/am335x_evm-linux-gnueabi/starterware-rtos/02.01.01.05-r0.0/git/binary/soc/lib/am335x-evm/a8/debug/gcc/libsoc.a(hw_am335x_chipdb.o)
                0x0000000080006a98                CHIPDBIsSecureModule
 .text.HW_RD_REG32
                0x0000000080006afc       0x34 /oe/bld/build-CORTEX_1/arago-tmp-external-linaro-toolchain/work/am335x_evm-linux-gnueabi/starterware-rtos/02.01.01.05-r0.0/git/binary/soc/lib/am335x-evm/a8/debug/gcc/libsoc.a(intc.o)
 .text.HW_WR_REG32
                0x0000000080006b30       0x34 /oe/bld/build-CORTEX_1/arago-tmp-external-linaro-toolchain/work/am335x_evm-linux-gnueabi/starterware-rtos/02.01.01.05-r0.0/git/binary/soc/lib/am335x-evm/a8/debug/gcc/libsoc.a(intc.o)
 .text.INTCInit
                0x0000000080006b64       0xd0 /oe/bld/build-CORTEX_1/arago-tmp-external-linaro-toolchain/work/am335x_evm-linux-gnueabi/starterware-rtos/02.01.01.05-r0.0/git/binary/soc/lib/am335x-evm/a8/debug/gcc/libsoc.a(intc.o)
                0x0000000080006b64                INTCInit
 .text.INTCConfigIntr
                0x0000000080006c34      0x120 /oe/bld/build-CORTEX_1/arago-tmp-external-linaro-toolchain/work/am335x_evm-linux-gnueabi/starterware-rtos/02.01.01.05-r0.0/git/binary/soc/lib/am335x-evm/a8/debug/gcc/libsoc.a(intc.o)
                0x0000000080006c34                INTCConfigIntr
 .text.INTCCommonIntrHandler
                0x0000000080006d54      0x110 /oe/bld/build-CORTEX_1/arago-tmp-external-linaro-toolchain/work/am335x_evm-linux-gnueabi/starterware-rtos/02.01.01.05-r0.0/git/binary/soc/lib/am335x-evm/a8/debug/gcc/libsoc.a(intc.o)
                0x0000000080006d54                INTCCommonIntrHandler
 .text.IntDefaultHandler
                0x0000000080006e64       0x54 /oe/bld/build-CORTEX_1/arago-tmp-external-linaro-toolchain/work/am335x_evm-linux-gnueabi/starterware-rtos/02.01.01.05-r0.0/git/binary/soc/lib/am335x-evm/a8/debug/gcc/libsoc.a(intc.o)
 .text.HW_RD_REG32
                0x0000000080006eb8       0x34 /oe/bld/build-CORTEX_1/arago-tmp-external-linaro-toolchain/work/am335x_evm-linux-gnueabi/starterware-rtos/02.01.01.05-r0.0/git/binary/soc/lib/am335x-evm/a8/debug/gcc/libsoc.a(am335x_prcm.o)
 .text.HW_WR_REG32
                0x0000000080006eec       0x34 /oe/bld/build-CORTEX_1/arago-tmp-external-linaro-toolchain/work/am335x_evm-linux-gnueabi/starterware-rtos/02.01.01.05-r0.0/git/binary/soc/lib/am335x-evm/a8/debug/gcc/libsoc.a(am335x_prcm.o)
 .text.enableModule
                0x0000000080006f20       0xe0 /oe/bld/build-CORTEX_1/arago-tmp-external-linaro-toolchain/work/am335x_evm-linux-gnueabi/starterware-rtos/02.01.01.05-r0.0/git/binary/soc/lib/am335x-evm/a8/debug/gcc/libsoc.a(am335x_prcm.o)
                0x0000000080006f20                enableModule
 .text.PRCMModuleEnable
                0x0000000080007000      0x904 /oe/bld/build-CORTEX_1/arago-tmp-external-linaro-toolchain/work/am335x_evm-linux-gnueabi/starterware-rtos/02.01.01.05-r0.0/git/binary/soc/lib/am335x-evm/a8/debug/gcc/libsoc.a(am335x_prcm.o)
                0x0000000080007000                PRCMModuleEnable
 .text          0x0000000080007904      0x488 /oe/bld/build-CORTEX_1/arago-tmp-external-linaro-toolchain/work/am335x_evm-linux-gnueabi/starterware-rtos/02.01.01.05-r0.0/git/binary/soc/lib/am335x-evm/a8/debug/gcc/libsoc.a(cp15.o)
                0x0000000080007904                CP15ICacheDisable
                0x0000000080007920                CP15DCacheDisable
                0x000000008000793c                CP15ICacheEnable
                0x000000008000794c                CP15DCacheEnable
                0x000000008000795c                CP15DCacheFlush
                0x00000000800079f0                CP15DCacheClean
                0x0000000080007a84                CP15DCacheCleanFlush
                0x0000000080007b18                CP15ICacheFlush
                0x0000000080007b28                CP15DCacheCleanBuff
                0x0000000080007b7c                CP15DCacheCleanFlushBuff
                0x0000000080007bd0                CP15DCacheFlushBuff
                0x0000000080007c34                CP15ICacheFlushBuff
                0x0000000080007c88                CP15Ttb0Set
                0x0000000080007c94                CP15TlbInvalidate
                0x0000000080007ca0                CP15MMUDisable
                0x0000000080007cb8                CP15MMUEnable
                0x0000000080007ccc                CP15VectorBaseAddrSet
                0x0000000080007cd8                CP15BranchPredictorInvalidate
                0x0000000080007ce4                CP15BranchPredictionEnable
                0x0000000080007cf4                CP15BranchPredictionDisable
                0x0000000080007d04                CP15DomainAccessClientSet
                0x0000000080007d14                CP15ControlFeatureDisable
                0x0000000080007d28                CP15ControlFeatureEnable
                0x0000000080007d3c                CP15TtbCtlTtb0Config
                0x0000000080007d4c                CP15AuxControlFeatureEnable
                0x0000000080007d60                CP15AuxControlFeatureDisable
                0x0000000080007d74                CP15MainIdPrimPartNumGet
 .text          0x0000000080007d8c       0x70 /oe/bld/build-CORTEX_1/arago-tmp-external-linaro-toolchain/work/am335x_evm-linux-gnueabi/starterware-rtos/02.01.01.05-r0.0/git/binary/soc/lib/am335x-evm/a8/debug/gcc/libsoc.a(exceptionhandler.o)
                0x0000000080007d8c                SVC_Handler
                0x0000000080007db4                IRQHandler
                0x0000000080007df4                FIQHandler
                0x0000000080007df8                UndefInstHandler
                0x0000000080007df8                AbortHandler
 .text.CPUIntrEnable
                0x0000000080007dfc       0x3c /oe/bld/build-CORTEX_1/arago-tmp-external-linaro-toolchain/work/am335x_evm-linux-gnueabi/starterware-rtos/02.01.01.05-r0.0/git/binary/soc/lib/am335x-evm/a8/debug/gcc/libsoc.a(cpu.o)
                0x0000000080007dfc                CPUIntrEnable
 .text.HW_RD_REG32
                0x0000000080007e38       0x34 /oe/bld/build-CORTEX_1/arago-tmp-external-linaro-toolchain/work/am335x_evm-linux-gnueabi/starterware-rtos/02.01.01.05-r0.0/git/binary/dal/lib/am335x-evm/a8/debug/gcc/libdal.a(i2c.o)
 .text.HW_WR_REG32
                0x0000000080007e6c       0x34 /oe/bld/build-CORTEX_1/arago-tmp-external-linaro-toolchain/work/am335x_evm-linux-gnueabi/starterware-rtos/02.01.01.05-r0.0/git/binary/dal/lib/am335x-evm/a8/debug/gcc/libdal.a(i2c.o)
 .text.HW_WR_FIELD32_RAW
                0x0000000080007ea0       0x7c /oe/bld/build-CORTEX_1/arago-tmp-external-linaro-toolchain/work/am335x_evm-linux-gnueabi/starterware-rtos/02.01.01.05-r0.0/git/binary/dal/lib/am335x-evm/a8/debug/gcc/libdal.a(i2c.o)
 .text.HW_RD_FIELD32_RAW
                0x0000000080007f1c       0x54 /oe/bld/build-CORTEX_1/arago-tmp-external-linaro-toolchain/work/am335x_evm-linux-gnueabi/starterware-rtos/02.01.01.05-r0.0/git/binary/dal/lib/am335x-evm/a8/debug/gcc/libdal.a(i2c.o)
 .text.I2CClkConfig
                0x0000000080007f70       0xe4 /oe/bld/build-CORTEX_1/arago-tmp-external-linaro-toolchain/work/am335x_evm-linux-gnueabi/starterware-rtos/02.01.01.05-r0.0/git/binary/dal/lib/am335x-evm/a8/debug/gcc/libdal.a(i2c.o)
                0x0000000080007f70                I2CClkConfig
 .text.I2CModuleEnable
                0x0000000080008054       0x70 /oe/bld/build-CORTEX_1/arago-tmp-external-linaro-toolchain/work/am335x_evm-linux-gnueabi/starterware-rtos/02.01.01.05-r0.0/git/binary/dal/lib/am335x-evm/a8/debug/gcc/libdal.a(i2c.o)
                0x0000000080008054                I2CModuleEnable
 .text.I2CSetMode
                0x00000000800080c4       0xc8 /oe/bld/build-CORTEX_1/arago-tmp-external-linaro-toolchain/work/am335x_evm-linux-gnueabi/starterware-rtos/02.01.01.05-r0.0/git/binary/dal/lib/am335x-evm/a8/debug/gcc/libdal.a(i2c.o)
                0x00000000800080c4                I2CSetMode
 .text.I2CStart
                0x000000008000818c       0x3c /oe/bld/build-CORTEX_1/arago-tmp-external-linaro-toolchain/work/am335x_evm-linux-gnueabi/starterware-rtos/02.01.01.05-r0.0/git/binary/dal/lib/am335x-evm/a8/debug/gcc/libdal.a(i2c.o)
                0x000000008000818c                I2CStart
 .text.I2CStop  0x00000000800081c8       0x3c /oe/bld/build-CORTEX_1/arago-tmp-external-linaro-toolchain/work/am335x_evm-linux-gnueabi/starterware-rtos/02.01.01.05-r0.0/git/binary/dal/lib/am335x-evm/a8/debug/gcc/libdal.a(i2c.o)
                0x00000000800081c8                I2CStop
 .text.I2CIntrDisable
                0x0000000080008204       0x3c /oe/bld/build-CORTEX_1/arago-tmp-external-linaro-toolchain/work/am335x_evm-linux-gnueabi/starterware-rtos/02.01.01.05-r0.0/git/binary/dal/lib/am335x-evm/a8/debug/gcc/libdal.a(i2c.o)
                0x0000000080008204                I2CIntrDisable
 .text.I2CIntrRawStatus
                0x0000000080008240       0x38 /oe/bld/build-CORTEX_1/arago-tmp-external-linaro-toolchain/work/am335x_evm-linux-gnueabi/starterware-rtos/02.01.01.05-r0.0/git/binary/dal/lib/am335x-evm/a8/debug/gcc/libdal.a(i2c.o)
                0x0000000080008240                I2CIntrRawStatus
 .text.I2CIntrClear
                0x0000000080008278       0x3c /oe/bld/build-CORTEX_1/arago-tmp-external-linaro-toolchain/work/am335x_evm-linux-gnueabi/starterware-rtos/02.01.01.05-r0.0/git/binary/dal/lib/am335x-evm/a8/debug/gcc/libdal.a(i2c.o)
                0x0000000080008278                I2CIntrClear
 .text.I2CMasterSetSlaveAddr
                0x00000000800082b4       0x90 /oe/bld/build-CORTEX_1/arago-tmp-external-linaro-toolchain/work/am335x_evm-linux-gnueabi/starterware-rtos/02.01.01.05-r0.0/git/binary/dal/lib/am335x-evm/a8/debug/gcc/libdal.a(i2c.o)
                0x00000000800082b4                I2CMasterSetSlaveAddr
 .text.I2CSetDataCount
                0x0000000080008344       0x40 /oe/bld/build-CORTEX_1/arago-tmp-external-linaro-toolchain/work/am335x_evm-linux-gnueabi/starterware-rtos/02.01.01.05-r0.0/git/binary/dal/lib/am335x-evm/a8/debug/gcc/libdal.a(i2c.o)
                0x0000000080008344                I2CSetDataCount
 .text.I2CGetDataCount
                0x0000000080008384       0x40 /oe/bld/build-CORTEX_1/arago-tmp-external-linaro-toolchain/work/am335x_evm-linux-gnueabi/starterware-rtos/02.01.01.05-r0.0/git/binary/dal/lib/am335x-evm/a8/debug/gcc/libdal.a(i2c.o)
                0x0000000080008384                I2CGetDataCount
 .text.I2CFifoThresholdConfig
                0x00000000800083c4       0x74 /oe/bld/build-CORTEX_1/arago-tmp-external-linaro-toolchain/work/am335x_evm-linux-gnueabi/starterware-rtos/02.01.01.05-r0.0/git/binary/dal/lib/am335x-evm/a8/debug/gcc/libdal.a(i2c.o)
                0x00000000800083c4                I2CFifoThresholdConfig
 .text.I2CFifoFlush
                0x0000000080008438       0xc0 /oe/bld/build-CORTEX_1/arago-tmp-external-linaro-toolchain/work/am335x_evm-linux-gnueabi/starterware-rtos/02.01.01.05-r0.0/git/binary/dal/lib/am335x-evm/a8/debug/gcc/libdal.a(i2c.o)
                0x0000000080008438                I2CFifoFlush
 .text.I2CBufStatus
                0x00000000800084f8       0xa0 /oe/bld/build-CORTEX_1/arago-tmp-external-linaro-toolchain/work/am335x_evm-linux-gnueabi/starterware-rtos/02.01.01.05-r0.0/git/binary/dal/lib/am335x-evm/a8/debug/gcc/libdal.a(i2c.o)
                0x00000000800084f8                I2CBufStatus
 .text.I2CSoftReset
                0x0000000080008598       0x3c /oe/bld/build-CORTEX_1/arago-tmp-external-linaro-toolchain/work/am335x_evm-linux-gnueabi/starterware-rtos/02.01.01.05-r0.0/git/binary/dal/lib/am335x-evm/a8/debug/gcc/libdal.a(i2c.o)
                0x0000000080008598                I2CSoftReset
 .text.I2CAutoIdleEnable
                0x00000000800085d4       0x70 /oe/bld/build-CORTEX_1/arago-tmp-external-linaro-toolchain/work/am335x_evm-linux-gnueabi/starterware-rtos/02.01.01.05-r0.0/git/binary/dal/lib/am335x-evm/a8/debug/gcc/libdal.a(i2c.o)
                0x00000000800085d4                I2CAutoIdleEnable
 .text.I2CSystemStatus
                0x0000000080008644       0x5c /oe/bld/build-CORTEX_1/arago-tmp-external-linaro-toolchain/work/am335x_evm-linux-gnueabi/starterware-rtos/02.01.01.05-r0.0/git/binary/dal/lib/am335x-evm/a8/debug/gcc/libdal.a(i2c.o)
                0x0000000080008644                I2CSystemStatus
 .text.I2CPutTxData
                0x00000000800086a0       0x44 /oe/bld/build-CORTEX_1/arago-tmp-external-linaro-toolchain/work/am335x_evm-linux-gnueabi/starterware-rtos/02.01.01.05-r0.0/git/binary/dal/lib/am335x-evm/a8/debug/gcc/libdal.a(i2c.o)
                0x00000000800086a0                I2CPutTxData
 .text.I2CGetRxData
                0x00000000800086e4       0x40 /oe/bld/build-CORTEX_1/arago-tmp-external-linaro-toolchain/work/am335x_evm-linux-gnueabi/starterware-rtos/02.01.01.05-r0.0/git/binary/dal/lib/am335x-evm/a8/debug/gcc/libdal.a(i2c.o)
                0x00000000800086e4                I2CGetRxData
 .text.HW_WR_REG32
                0x0000000080008724       0x34 /oe/bld/build-CORTEX_1/arago-tmp-external-linaro-toolchain/work/am335x_evm-linux-gnueabi/starterware-rtos/02.01.01.05-r0.0/git/binary/dal/lib/am335x-evm/a8/debug/gcc/libdal.a(uart.o)
 .text.HW_RD_REG16
                0x0000000080008758       0x34 /oe/bld/build-CORTEX_1/arago-tmp-external-linaro-toolchain/work/am335x_evm-linux-gnueabi/starterware-rtos/02.01.01.05-r0.0/git/binary/dal/lib/am335x-evm/a8/debug/gcc/libdal.a(uart.o)
 .text.HW_WR_REG16
                0x000000008000878c       0x38 /oe/bld/build-CORTEX_1/arago-tmp-external-linaro-toolchain/work/am335x_evm-linux-gnueabi/starterware-rtos/02.01.01.05-r0.0/git/binary/dal/lib/am335x-evm/a8/debug/gcc/libdal.a(uart.o)
 .text.HW_WR_REG8
                0x00000000800087c4       0x38 /oe/bld/build-CORTEX_1/arago-tmp-external-linaro-toolchain/work/am335x_evm-linux-gnueabi/starterware-rtos/02.01.01.05-r0.0/git/binary/dal/lib/am335x-evm/a8/debug/gcc/libdal.a(uart.o)
 .text.HW_WR_FIELD16_RAW
                0x00000000800087fc       0x90 /oe/bld/build-CORTEX_1/arago-tmp-external-linaro-toolchain/work/am335x_evm-linux-gnueabi/starterware-rtos/02.01.01.05-r0.0/git/binary/dal/lib/am335x-evm/a8/debug/gcc/libdal.a(uart.o)
 .text.HW_RD_FIELD16_RAW
                0x000000008000888c       0x60 /oe/bld/build-CORTEX_1/arago-tmp-external-linaro-toolchain/work/am335x_evm-linux-gnueabi/starterware-rtos/02.01.01.05-r0.0/git/binary/dal/lib/am335x-evm/a8/debug/gcc/libdal.a(uart.o)
 .text.UARTModuleReset
                0x00000000800088ec       0x6c /oe/bld/build-CORTEX_1/arago-tmp-external-linaro-toolchain/work/am335x_evm-linux-gnueabi/starterware-rtos/02.01.01.05-r0.0/git/binary/dal/lib/am335x-evm/a8/debug/gcc/libdal.a(uart.o)
                0x00000000800088ec                UARTModuleReset
 .text.UARTSetRegAccessMode
                0x0000000080008958       0xc4 /oe/bld/build-CORTEX_1/arago-tmp-external-linaro-toolchain/work/am335x_evm-linux-gnueabi/starterware-rtos/02.01.01.05-r0.0/git/binary/dal/lib/am335x-evm/a8/debug/gcc/libdal.a(uart.o)
                0x0000000080008958                UARTSetRegAccessMode
 .text.UARTSetBaudRate
                0x0000000080008a1c      0x368 /oe/bld/build-CORTEX_1/arago-tmp-external-linaro-toolchain/work/am335x_evm-linux-gnueabi/starterware-rtos/02.01.01.05-r0.0/git/binary/dal/lib/am335x-evm/a8/debug/gcc/libdal.a(uart.o)
                0x0000000080008a1c                UARTSetBaudRate
 .text.UARTLineCharacteristicConfig
                0x0000000080008d84      0x15c /oe/bld/build-CORTEX_1/arago-tmp-external-linaro-toolchain/work/am335x_evm-linux-gnueabi/starterware-rtos/02.01.01.05-r0.0/git/binary/dal/lib/am335x-evm/a8/debug/gcc/libdal.a(uart.o)
                0x0000000080008d84                UARTLineCharacteristicConfig
 .text.UARTFifoConfig
                0x0000000080008ee0      0x464 /oe/bld/build-CORTEX_1/arago-tmp-external-linaro-toolchain/work/am335x_evm-linux-gnueabi/starterware-rtos/02.01.01.05-r0.0/git/binary/dal/lib/am335x-evm/a8/debug/gcc/libdal.a(uart.o)
                0x0000000080008ee0                UARTFifoConfig
 .text.UARTBreakCtrlEnable
                0x0000000080009344       0x70 /oe/bld/build-CORTEX_1/arago-tmp-external-linaro-toolchain/work/am335x_evm-linux-gnueabi/starterware-rtos/02.01.01.05-r0.0/git/binary/dal/lib/am335x-evm/a8/debug/gcc/libdal.a(uart.o)
                0x0000000080009344                UARTBreakCtrlEnable
 .text.UARTPutChar
                0x00000000800093b4      0x1b8 /oe/bld/build-CORTEX_1/arago-tmp-external-linaro-toolchain/work/am335x_evm-linux-gnueabi/starterware-rtos/02.01.01.05-r0.0/git/binary/dal/lib/am335x-evm/a8/debug/gcc/libdal.a(uart.o)
                0x00000000800093b4                UARTPutChar
 .text.HW_RD_REG32
                0x000000008000956c       0x34 /oe/bld/build-CORTEX_1/arago-tmp-external-linaro-toolchain/work/am335x_evm-linux-gnueabi/starterware-rtos/02.01.01.05-r0.0/git/binary/dal/lib/am335x-evm/a8/debug/gcc/libdal.a(gpio.o)
 .text.HW_WR_REG32
                0x00000000800095a0       0x34 /oe/bld/build-CORTEX_1/arago-tmp-external-linaro-toolchain/work/am335x_evm-linux-gnueabi/starterware-rtos/02.01.01.05-r0.0/git/binary/dal/lib/am335x-evm/a8/debug/gcc/libdal.a(gpio.o)
 .text.HW_WR_FIELD32_RAW
                0x00000000800095d4       0x7c /oe/bld/build-CORTEX_1/arago-tmp-external-linaro-toolchain/work/am335x_evm-linux-gnueabi/starterware-rtos/02.01.01.05-r0.0/git/binary/dal/lib/am335x-evm/a8/debug/gcc/libdal.a(gpio.o)
 .text.GPIOModuleEnable
                0x0000000080009650       0x70 /oe/bld/build-CORTEX_1/arago-tmp-external-linaro-toolchain/work/am335x_evm-linux-gnueabi/starterware-rtos/02.01.01.05-r0.0/git/binary/dal/lib/am335x-evm/a8/debug/gcc/libdal.a(gpio.o)
                0x0000000080009650                GPIOModuleEnable
 .text.GPIOSetDirMode
                0x00000000800096c0       0xa0 /oe/bld/build-CORTEX_1/arago-tmp-external-linaro-toolchain/work/am335x_evm-linux-gnueabi/starterware-rtos/02.01.01.05-r0.0/git/binary/dal/lib/am335x-evm/a8/debug/gcc/libdal.a(gpio.o)
                0x00000000800096c0                GPIOSetDirMode
 .text.GPIOPinWrite
                0x0000000080009760       0x7c /oe/bld/build-CORTEX_1/arago-tmp-external-linaro-toolchain/work/am335x_evm-linux-gnueabi/starterware-rtos/02.01.01.05-r0.0/git/binary/dal/lib/am335x-evm/a8/debug/gcc/libdal.a(gpio.o)
                0x0000000080009760                GPIOPinWrite
 .text.HW_RD_REG32
                0x00000000800097dc       0x34 /oe/bld/build-CORTEX_1/arago-tmp-external-linaro-toolchain/work/am335x_evm-linux-gnueabi/starterware-rtos/02.01.01.05-r0.0/git/binary/dal/lib/am335x-evm/a8/debug/gcc/libdal.a(mcspi.o)
 .text.HW_WR_REG32
                0x0000000080009810       0x34 /oe/bld/build-CORTEX_1/arago-tmp-external-linaro-toolchain/work/am335x_evm-linux-gnueabi/starterware-rtos/02.01.01.05-r0.0/git/binary/dal/lib/am335x-evm/a8/debug/gcc/libdal.a(mcspi.o)
 .text.HW_WR_FIELD32_RAW
                0x0000000080009844       0x7c /oe/bld/build-CORTEX_1/arago-tmp-external-linaro-toolchain/work/am335x_evm-linux-gnueabi/starterware-rtos/02.01.01.05-r0.0/git/binary/dal/lib/am335x-evm/a8/debug/gcc/libdal.a(mcspi.o)
 .text.MCSPIClkConfig
                0x00000000800098c0      0x240 /oe/bld/build-CORTEX_1/arago-tmp-external-linaro-toolchain/work/am335x_evm-linux-gnueabi/starterware-rtos/02.01.01.05-r0.0/git/binary/dal/lib/am335x-evm/a8/debug/gcc/libdal.a(mcspi.o)
                0x00000000800098c0                MCSPIClkConfig
 .text.MCSPISetWordLength
                0x0000000080009b00       0x58 /oe/bld/build-CORTEX_1/arago-tmp-external-linaro-toolchain/work/am335x_evm-linux-gnueabi/starterware-rtos/02.01.01.05-r0.0/git/binary/dal/lib/am335x-evm/a8/debug/gcc/libdal.a(mcspi.o)
                0x0000000080009b00                MCSPISetWordLength
 .text.MCSPICsEnable
                0x0000000080009b58       0x70 /oe/bld/build-CORTEX_1/arago-tmp-external-linaro-toolchain/work/am335x_evm-linux-gnueabi/starterware-rtos/02.01.01.05-r0.0/git/binary/dal/lib/am335x-evm/a8/debug/gcc/libdal.a(mcspi.o)
                0x0000000080009b58                MCSPICsEnable
 .text.MCSPISetCsPol
                0x0000000080009bc8       0x54 /oe/bld/build-CORTEX_1/arago-tmp-external-linaro-toolchain/work/am335x_evm-linux-gnueabi/starterware-rtos/02.01.01.05-r0.0/git/binary/dal/lib/am335x-evm/a8/debug/gcc/libdal.a(mcspi.o)
                0x0000000080009bc8                MCSPISetCsPol
 .text.MCSPICsAssert
                0x0000000080009c1c       0x50 /oe/bld/build-CORTEX_1/arago-tmp-external-linaro-toolchain/work/am335x_evm-linux-gnueabi/starterware-rtos/02.01.01.05-r0.0/git/binary/dal/lib/am335x-evm/a8/debug/gcc/libdal.a(mcspi.o)
                0x0000000080009c1c                MCSPICsAssert
 .text.MCSPICsDeAssert
                0x0000000080009c6c       0x50 /oe/bld/build-CORTEX_1/arago-tmp-external-linaro-toolchain/work/am335x_evm-linux-gnueabi/starterware-rtos/02.01.01.05-r0.0/git/binary/dal/lib/am335x-evm/a8/debug/gcc/libdal.a(mcspi.o)
                0x0000000080009c6c                MCSPICsDeAssert
 .text.MCSPIModeConfig
                0x0000000080009cbc      0x280 /oe/bld/build-CORTEX_1/arago-tmp-external-linaro-toolchain/work/am335x_evm-linux-gnueabi/starterware-rtos/02.01.01.05-r0.0/git/binary/dal/lib/am335x-evm/a8/debug/gcc/libdal.a(mcspi.o)
                0x0000000080009cbc                MCSPIModeConfig
 .text.MCSPIChEnable
                0x0000000080009f3c       0x94 /oe/bld/build-CORTEX_1/arago-tmp-external-linaro-toolchain/work/am335x_evm-linux-gnueabi/starterware-rtos/02.01.01.05-r0.0/git/binary/dal/lib/am335x-evm/a8/debug/gcc/libdal.a(mcspi.o)
                0x0000000080009f3c                MCSPIChEnable
 .text.MCSPIReset
                0x0000000080009fd0       0x68 /oe/bld/build-CORTEX_1/arago-tmp-external-linaro-toolchain/work/am335x_evm-linux-gnueabi/starterware-rtos/02.01.01.05-r0.0/git/binary/dal/lib/am335x-evm/a8/debug/gcc/libdal.a(mcspi.o)
                0x0000000080009fd0                MCSPIReset
 .text.MCSPITxFifoEnable
                0x000000008000a038       0x94 /oe/bld/build-CORTEX_1/arago-tmp-external-linaro-toolchain/work/am335x_evm-linux-gnueabi/starterware-rtos/02.01.01.05-r0.0/git/binary/dal/lib/am335x-evm/a8/debug/gcc/libdal.a(mcspi.o)
                0x000000008000a038                MCSPITxFifoEnable
 .text.MCSPIRxFifoEnable
                0x000000008000a0cc       0x94 /oe/bld/build-CORTEX_1/arago-tmp-external-linaro-toolchain/work/am335x_evm-linux-gnueabi/starterware-rtos/02.01.01.05-r0.0/git/binary/dal/lib/am335x-evm/a8/debug/gcc/libdal.a(mcspi.o)
                0x000000008000a0cc                MCSPIRxFifoEnable
 .text.MCSPIIntrEnable
                0x000000008000a160       0x68 /oe/bld/build-CORTEX_1/arago-tmp-external-linaro-toolchain/work/am335x_evm-linux-gnueabi/starterware-rtos/02.01.01.05-r0.0/git/binary/dal/lib/am335x-evm/a8/debug/gcc/libdal.a(mcspi.o)
                0x000000008000a160                MCSPIIntrEnable
 .text.MCSPIIntrDisable
                0x000000008000a1c8       0x6c /oe/bld/build-CORTEX_1/arago-tmp-external-linaro-toolchain/work/am335x_evm-linux-gnueabi/starterware-rtos/02.01.01.05-r0.0/git/binary/dal/lib/am335x-evm/a8/debug/gcc/libdal.a(mcspi.o)
                0x000000008000a1c8                MCSPIIntrDisable
 .text.MCSPITransmitData
                0x000000008000a234       0x50 /oe/bld/build-CORTEX_1/arago-tmp-external-linaro-toolchain/work/am335x_evm-linux-gnueabi/starterware-rtos/02.01.01.05-r0.0/git/binary/dal/lib/am335x-evm/a8/debug/gcc/libdal.a(mcspi.o)
                0x000000008000a234                MCSPITransmitData
 .text.MCSPIReceiveData
                0x000000008000a284       0x4c /oe/bld/build-CORTEX_1/arago-tmp-external-linaro-toolchain/work/am335x_evm-linux-gnueabi/starterware-rtos/02.01.01.05-r0.0/git/binary/dal/lib/am335x-evm/a8/debug/gcc/libdal.a(mcspi.o)
                0x000000008000a284                MCSPIReceiveData
 .text.MCSPIIntrStatus
                0x000000008000a2d0       0x38 /oe/bld/build-CORTEX_1/arago-tmp-external-linaro-toolchain/work/am335x_evm-linux-gnueabi/starterware-rtos/02.01.01.05-r0.0/git/binary/dal/lib/am335x-evm/a8/debug/gcc/libdal.a(mcspi.o)
                0x000000008000a2d0                MCSPIIntrStatus
 .text.MCSPIIntrClear
                0x000000008000a308       0x5c /oe/bld/build-CORTEX_1/arago-tmp-external-linaro-toolchain/work/am335x_evm-linux-gnueabi/starterware-rtos/02.01.01.05-r0.0/git/binary/dal/lib/am335x-evm/a8/debug/gcc/libdal.a(mcspi.o)
                0x000000008000a308                MCSPIIntrClear
 .text.HW_RD_REG32
                0x000000008000a364       0x34 /oe/bld/build-CORTEX_1/arago-tmp-external-linaro-toolchain/work/am335x_evm-linux-gnueabi/starterware-rtos/02.01.01.05-r0.0/git/binary/dal/lib/am335x-evm/a8/debug/gcc/libdal.a(dmtimer.o)
 .text.DMTIMERGetCounterVal
                0x000000008000a398       0x84 /oe/bld/build-CORTEX_1/arago-tmp-external-linaro-toolchain/work/am335x_evm-linux-gnueabi/starterware-rtos/02.01.01.05-r0.0/git/binary/dal/lib/am335x-evm/a8/debug/gcc/libdal.a(dmtimer.o)
                0x000000008000a398                DMTIMERGetCounterVal
 .text.DMTIMERGetWritePostedStatus
                0x000000008000a41c       0x38 /oe/bld/build-CORTEX_1/arago-tmp-external-linaro-toolchain/work/am335x_evm-linux-gnueabi/starterware-rtos/02.01.01.05-r0.0/git/binary/dal/lib/am335x-evm/a8/debug/gcc/libdal.a(dmtimer.o)
                0x000000008000a41c                DMTIMERGetWritePostedStatus
 .text          0x000000008000a454      0x114 /oe/bld/build-CORTEX_1/arago-tmp-external-linaro-toolchain/sysroots/x86_64-linux/usr/share/ti/gcc-arm-none-eabi/bin/../lib/gcc/arm-none-eabi/6.3.1/hard/libgcc.a(_udivsi3.o)
                0x000000008000a454                __udivsi3
                0x000000008000a454                __aeabi_uidiv
                0x000000008000a548                __aeabi_uidivmod
 .text          0x000000008000a568      0x148 /oe/bld/build-CORTEX_1/arago-tmp-external-linaro-toolchain/sysroots/x86_64-linux/usr/share/ti/gcc-arm-none-eabi/bin/../lib/gcc/arm-none-eabi/6.3.1/hard/libgcc.a(_divsi3.o)
                0x000000008000a568                __aeabi_idiv
                0x000000008000a568                __divsi3
                0x000000008000a690                __aeabi_idivmod
 .text          0x000000008000a6b0        0x4 /oe/bld/build-CORTEX_1/arago-tmp-external-linaro-toolchain/sysroots/x86_64-linux/usr/share/ti/gcc-arm-none-eabi/bin/../lib/gcc/arm-none-eabi/6.3.1/hard/libgcc.a(_dvmd_tls.o)
                0x000000008000a6b0                __aeabi_ldiv0
                0x000000008000a6b0                __aeabi_idiv0
 .text          0x000000008000a6b4      0x2ac /oe/bld/build-CORTEX_1/arago-tmp-external-linaro-toolchain/sysroots/x86_64-linux/usr/share/ti/gcc-arm-none-eabi/bin/../lib/gcc/arm-none-eabi/6.3.1/hard/libgcc.a(_arm_addsubsf3.o)
                0x000000008000a6b4                __aeabi_frsub
                0x000000008000a6bc                __subsf3
                0x000000008000a6bc                __aeabi_fsub
                0x000000008000a6c0                __aeabi_fadd
                0x000000008000a6c0                __addsf3
                0x000000008000a87c                __aeabi_ui2f
                0x000000008000a87c                __floatunsisf
                0x000000008000a884                __aeabi_i2f
                0x000000008000a884                __floatsisf
                0x000000008000a8a4                __floatundisf
                0x000000008000a8a4                __aeabi_ul2f
                0x000000008000a8b4                __floatdisf
                0x000000008000a8b4                __aeabi_l2f
 .text          0x000000008000a960       0x3c /oe/bld/build-CORTEX_1/arago-tmp-external-linaro-toolchain/sysroots/x86_64-linux/usr/share/ti/gcc-arm-none-eabi/bin/../lib/gcc/arm-none-eabi/6.3.1/hard/libgcc.a(_aeabi_uldivmod.o)
                0x000000008000a960                __aeabi_uldivmod
 *fill*         0x000000008000a99c        0x4 
 .text          0x000000008000a9a0       0x48 /oe/bld/build-CORTEX_1/arago-tmp-external-linaro-toolchain/sysroots/x86_64-linux/usr/share/ti/gcc-arm-none-eabi/bin/../lib/gcc/arm-none-eabi/6.3.1/hard/libgcc.a(_fixunssfdi.o)
                0x000000008000a9a0                __aeabi_f2ulz
                0x000000008000a9a0                __fixunssfdi
 .text          0x000000008000a9e8       0x48 /oe/bld/build-CORTEX_1/arago-tmp-external-linaro-toolchain/sysroots/x86_64-linux/usr/share/ti/gcc-arm-none-eabi/bin/../lib/gcc/arm-none-eabi/6.3.1/hard/libgcc.a(_fixunsdfdi.o)
                0x000000008000a9e8                __aeabi_d2ulz
                0x000000008000a9e8                __fixunsdfdi
 .text          0x000000008000aa30      0x12c /oe/bld/build-CORTEX_1/arago-tmp-external-linaro-toolchain/sysroots/x86_64-linux/usr/share/ti/gcc-arm-none-eabi/bin/../lib/gcc/arm-none-eabi/6.3.1/hard/libgcc.a(_udivmoddi4.o)
                0x000000008000aa30                __udivmoddi4
 .text          0x000000008000ab5c       0x28 /oe/bld/build-CORTEX_1/arago-tmp-external-linaro-toolchain/sysroots/x86_64-linux/usr/share/ti/gcc-arm-none-eabi/bin/../lib/gcc/arm-none-eabi/6.3.1/hard/libgcc.a(_clzdi2.o)
                0x000000008000ab5c                __clzdi2
 .text          0x000000008000ab84       0x48 /oe/bld/build-CORTEX_1/arago-tmp-external-linaro-toolchain/sysroots/x86_64-linux/usr/share/ti/gcc-arm-none-eabi/bin/../lib/gcc/arm-none-eabi/6.3.1/hard/libgcc.a(_clzsi2.o)
                0x000000008000ab84                __clzsi2
 .text.memcpy   0x000000008000abcc       0x20 /oe/bld/build-CORTEX_1/arago-tmp-external-linaro-toolchain/sysroots/x86_64-linux/usr/share/ti/gcc-arm-none-eabi/arm-none-eabi/lib/hard/libc_nano.a(lib_a-memcpy-stub.o)
                0x000000008000abcc                memcpy
 .text.memset   0x000000008000abec       0x1c /oe/bld/build-CORTEX_1/arago-tmp-external-linaro-toolchain/sysroots/x86_64-linux/usr/share/ti/gcc-arm-none-eabi/arm-none-eabi/lib/hard/libc_nano.a(lib_a-memset.o)
                0x000000008000abec                memset
 .text.strncmp  0x000000008000ac08       0x58 /oe/bld/build-CORTEX_1/arago-tmp-external-linaro-toolchain/sysroots/x86_64-linux/usr/share/ti/gcc-arm-none-eabi/arm-none-eabi/lib/hard/libc_nano.a(lib_a-strncmp.o)
                0x000000008000ac08                strncmp
 *(.rodata*)
 .rodata        0x000000008000ac60       0x84 /oe/bld/build-CORTEX_1/arago-tmp-external-linaro-toolchain/work/am335x_evm-linux-gnueabi/starterware-rtos/02.01.01.05-r0.0/git/binary/mcspi_app_flash/obj/am335x-evm/a8host/debug/gcc/mcspi_app.o
 .rodata.MCSPIAPPFLASH_DEFAULT
                0x000000008000ace4       0x6c /oe/bld/build-CORTEX_1/arago-tmp-external-linaro-toolchain/work/am335x_evm-linux-gnueabi/starterware-rtos/02.01.01.05-r0.0/git/binary/mcspi_app_flash/obj/am335x-evm/a8host/debug/gcc/flash_app_main.o
 .rodata        0x000000008000ad50      0x29b /oe/bld/build-CORTEX_1/arago-tmp-external-linaro-toolchain/work/am335x_evm-linux-gnueabi/starterware-rtos/02.01.01.05-r0.0/git/binary/mcspi_app_flash/obj/am335x-evm/a8host/debug/gcc/flash_app_main.o
 *fill*         0x000000008000afeb        0x1 
 .rodata        0x000000008000afec      0x164 /oe/bld/build-CORTEX_1/arago-tmp-external-linaro-toolchain/work/am335x_evm-linux-gnueabi/starterware-rtos/02.01.01.05-r0.0/git/binary/board/lib/am335x-evm/a8/debug/gcc/libboard.a(board.o)
 .rodata.BOARDINITPARAMS_DEFAULT
                0x000000008000b150        0xc /oe/bld/build-CORTEX_1/arago-tmp-external-linaro-toolchain/work/am335x_evm-linux-gnueabi/starterware-rtos/02.01.01.05-r0.0/git/binary/board/lib/am335x-evm/a8/debug/gcc/libboard.a(board.o)
                0x000000008000b150                BOARDINITPARAMS_DEFAULT
 .rodata        0x000000008000b15c       0x15 /oe/bld/build-CORTEX_1/arago-tmp-external-linaro-toolchain/work/am335x_evm-linux-gnueabi/starterware-rtos/02.01.01.05-r0.0/git/binary/board/lib/am335x-evm/a8/debug/gcc/libboard.a(dcard.o)
 *fill*         0x000000008000b171        0x3 
 .rodata        0x000000008000b174       0x3f /oe/bld/build-CORTEX_1/arago-tmp-external-linaro-toolchain/work/am335x_evm-linux-gnueabi/starterware-rtos/02.01.01.05-r0.0/git/binary/board/lib/am335x-evm/a8/debug/gcc/libboard.a(board_am335x.o)
 *fill*         0x000000008000b1b3        0x1 
 .rodata.gBoardAm335xGpevmDevData
                0x000000008000b1b4      0x1e0 /oe/bld/build-CORTEX_1/arago-tmp-external-linaro-toolchain/work/am335x_evm-linux-gnueabi/starterware-rtos/02.01.01.05-r0.0/git/binary/board/lib/am335x-evm/a8/debug/gcc/libboard.a(am335x_gpevm.o)
                0x000000008000b1b4                gBoardAm335xGpevmDevData
 .rodata        0x000000008000b394       0x7b /oe/bld/build-CORTEX_1/arago-tmp-external-linaro-toolchain/work/am335x_evm-linux-gnueabi/starterware-rtos/02.01.01.05-r0.0/git/binary/board/lib/am335x-evm/a8/debug/gcc/libboard.a(am335x_gpevm.o)
 *fill*         0x000000008000b40f        0x1 
 .rodata.gBoardAm335xGpevmData
                0x000000008000b410       0x20 /oe/bld/build-CORTEX_1/arago-tmp-external-linaro-toolchain/work/am335x_evm-linux-gnueabi/starterware-rtos/02.01.01.05-r0.0/git/binary/board/lib/am335x-evm/a8/debug/gcc/libboard.a(am335x_gpevm.o)
                0x000000008000b410                gBoardAm335xGpevmData
 .rodata.gBoardAm335xEvmskDevData
                0x000000008000b430      0x118 /oe/bld/build-CORTEX_1/arago-tmp-external-linaro-toolchain/work/am335x_evm-linux-gnueabi/starterware-rtos/02.01.01.05-r0.0/git/binary/board/lib/am335x-evm/a8/debug/gcc/libboard.a(am335x_evmsk.o)
                0x000000008000b430                gBoardAm335xEvmskDevData
 .rodata        0x000000008000b548       0x15 /oe/bld/build-CORTEX_1/arago-tmp-external-linaro-toolchain/work/am335x_evm-linux-gnueabi/starterware-rtos/02.01.01.05-r0.0/git/binary/board/lib/am335x-evm/a8/debug/gcc/libboard.a(am335x_evmsk.o)
 *fill*         0x000000008000b55d        0x3 
 .rodata.gBoardAm335xEvmskData
                0x000000008000b560       0x20 /oe/bld/build-CORTEX_1/arago-tmp-external-linaro-toolchain/work/am335x_evm-linux-gnueabi/starterware-rtos/02.01.01.05-r0.0/git/binary/board/lib/am335x-evm/a8/debug/gcc/libboard.a(am335x_evmsk.o)
                0x000000008000b560                gBoardAm335xEvmskData
 .rodata.gBoardAm335xBeagleboneDevData
                0x000000008000b580       0xa0 /oe/bld/build-CORTEX_1/arago-tmp-external-linaro-toolchain/work/am335x_evm-linux-gnueabi/starterware-rtos/02.01.01.05-r0.0/git/binary/board/lib/am335x-evm/a8/debug/gcc/libboard.a(am335x_beaglebone.o)
                0x000000008000b580                gBoardAm335xBeagleboneDevData
 .rodata        0x000000008000b620       0x2d /oe/bld/build-CORTEX_1/arago-tmp-external-linaro-toolchain/work/am335x_evm-linux-gnueabi/starterware-rtos/02.01.01.05-r0.0/git/binary/board/lib/am335x-evm/a8/debug/gcc/libboard.a(am335x_beaglebone.o)
 *fill*         0x000000008000b64d        0x3 
 .rodata.gBoardAm335xBeagleboneData
                0x000000008000b650       0x20 /oe/bld/build-CORTEX_1/arago-tmp-external-linaro-toolchain/work/am335x_evm-linux-gnueabi/starterware-rtos/02.01.01.05-r0.0/git/binary/board/lib/am335x-evm/a8/debug/gcc/libboard.a(am335x_beaglebone.o)
                0x000000008000b650                gBoardAm335xBeagleboneData
 .rodata.gBoardAm335xBeagleBoneBlackIsCompatible
                0x000000008000b670        0x4 /oe/bld/build-CORTEX_1/arago-tmp-external-linaro-toolchain/work/am335x_evm-linux-gnueabi/starterware-rtos/02.01.01.05-r0.0/git/binary/board/lib/am335x-evm/a8/debug/gcc/libboard.a(am335x_beagleboneblack.o)
                0x000000008000b670                gBoardAm335xBeagleBoneBlackIsCompatible
 .rodata.gBoardAm335xBeagleboneblackDevData
                0x000000008000b674       0xa0 /oe/bld/build-CORTEX_1/arago-tmp-external-linaro-toolchain/work/am335x_evm-linux-gnueabi/starterware-rtos/02.01.01.05-r0.0/git/binary/board/lib/am335x-evm/a8/debug/gcc/libboard.a(am335x_beagleboneblack.o)
                0x000000008000b674                gBoardAm335xBeagleboneblackDevData
 .rodata        0x000000008000b714       0x58 /oe/bld/build-CORTEX_1/arago-tmp-external-linaro-toolchain/work/am335x_evm-linux-gnueabi/starterware-rtos/02.01.01.05-r0.0/git/binary/board/lib/am335x-evm/a8/debug/gcc/libboard.a(am335x_beagleboneblack.o)
 .rodata.gBoardAm335xBeagleboneblackData
                0x000000008000b76c       0x20 /oe/bld/build-CORTEX_1/arago-tmp-external-linaro-toolchain/work/am335x_evm-linux-gnueabi/starterware-rtos/02.01.01.05-r0.0/git/binary/board/lib/am335x-evm/a8/debug/gcc/libboard.a(am335x_beagleboneblack.o)
                0x000000008000b76c                gBoardAm335xBeagleboneblackData
 .rodata.gBoardAm335xIceV1DevData
                0x000000008000b78c       0xc8 /oe/bld/build-CORTEX_1/arago-tmp-external-linaro-toolchain/work/am335x_evm-linux-gnueabi/starterware-rtos/02.01.01.05-r0.0/git/binary/board/lib/am335x-evm/a8/debug/gcc/libboard.a(am335x_icev1.o)
                0x000000008000b78c                gBoardAm335xIceV1DevData
 .rodata        0x000000008000b854       0x2d /oe/bld/build-CORTEX_1/arago-tmp-external-linaro-toolchain/work/am335x_evm-linux-gnueabi/starterware-rtos/02.01.01.05-r0.0/git/binary/board/lib/am335x-evm/a8/debug/gcc/libboard.a(am335x_icev1.o)
 *fill*         0x000000008000b881        0x3 
 .rodata.gBoardAm335xIceV1Data
                0x000000008000b884       0x20 /oe/bld/build-CORTEX_1/arago-tmp-external-linaro-toolchain/work/am335x_evm-linux-gnueabi/starterware-rtos/02.01.01.05-r0.0/git/binary/board/lib/am335x-evm/a8/debug/gcc/libboard.a(am335x_icev1.o)
                0x000000008000b884                gBoardAm335xIceV1Data
 .rodata.gBoardAm335xIceV2DevData
                0x000000008000b8a4      0x398 /oe/bld/build-CORTEX_1/arago-tmp-external-linaro-toolchain/work/am335x_evm-linux-gnueabi/starterware-rtos/02.01.01.05-r0.0/git/binary/board/lib/am335x-evm/a8/debug/gcc/libboard.a(am335x_icev2.o)
                0x000000008000b8a4                gBoardAm335xIceV2DevData
 .rodata        0x000000008000bc3c       0x6f /oe/bld/build-CORTEX_1/arago-tmp-external-linaro-toolchain/work/am335x_evm-linux-gnueabi/starterware-rtos/02.01.01.05-r0.0/git/binary/board/lib/am335x-evm/a8/debug/gcc/libboard.a(am335x_icev2.o)
 *fill*         0x000000008000bcab        0x1 
 .rodata.gBoardAm335xIceV2Data
                0x000000008000bcac       0x20 /oe/bld/build-CORTEX_1/arago-tmp-external-linaro-toolchain/work/am335x_evm-linux-gnueabi/starterware-rtos/02.01.01.05-r0.0/git/binary/board/lib/am335x-evm/a8/debug/gcc/libboard.a(am335x_icev2.o)
                0x000000008000bcac                gBoardAm335xIceV2Data
 .rodata.gBoardAm335xAMIC110DevData
                0x000000008000bccc      0x398 /oe/bld/build-CORTEX_1/arago-tmp-external-linaro-toolchain/work/am335x_evm-linux-gnueabi/starterware-rtos/02.01.01.05-r0.0/git/binary/board/lib/am335x-evm/a8/debug/gcc/libboard.a(am335x_amic110.o)
                0x000000008000bccc                gBoardAm335xAMIC110DevData
 .rodata        0x000000008000c064       0x6f /oe/bld/build-CORTEX_1/arago-tmp-external-linaro-toolchain/work/am335x_evm-linux-gnueabi/starterware-rtos/02.01.01.05-r0.0/git/binary/board/lib/am335x-evm/a8/debug/gcc/libboard.a(am335x_amic110.o)
 *fill*         0x000000008000c0d3        0x1 
 .rodata.gBoardAm335xAMIC110Data
                0x000000008000c0d4       0x20 /oe/bld/build-CORTEX_1/arago-tmp-external-linaro-toolchain/work/am335x_evm-linux-gnueabi/starterware-rtos/02.01.01.05-r0.0/git/binary/board/lib/am335x-evm/a8/debug/gcc/libboard.a(am335x_amic110.o)
                0x000000008000c0d4                gBoardAm335xAMIC110Data
 .rodata        0x000000008000c0f4        0x1 /oe/bld/build-CORTEX_1/arago-tmp-external-linaro-toolchain/work/am335x_evm-linux-gnueabi/starterware-rtos/02.01.01.05-r0.0/git/binary/board/lib/am335x-evm/a8/debug/gcc/libboard.a(am335x_custom.o)
 *fill*         0x000000008000c0f5        0x3 
 .rodata.gBoardAm335xCustomData
                0x000000008000c0f8       0x20 /oe/bld/build-CORTEX_1/arago-tmp-external-linaro-toolchain/work/am335x_evm-linux-gnueabi/starterware-rtos/02.01.01.05-r0.0/git/binary/board/lib/am335x-evm/a8/debug/gcc/libboard.a(am335x_custom.o)
                0x000000008000c0f8                gBoardAm335xCustomData
 .rodata.gDCardAm335xLCD4DevData
                0x000000008000c118       0x50 /oe/bld/build-CORTEX_1/arago-tmp-external-linaro-toolchain/work/am335x_evm-linux-gnueabi/starterware-rtos/02.01.01.05-r0.0/git/binary/board/lib/am335x-evm/a8/debug/gcc/libboard.a(am335x_lcd4_dcard.o)
                0x000000008000c118                gDCardAm335xLCD4DevData
 .rodata        0x000000008000c168       0x25 /oe/bld/build-CORTEX_1/arago-tmp-external-linaro-toolchain/work/am335x_evm-linux-gnueabi/starterware-rtos/02.01.01.05-r0.0/git/binary/board/lib/am335x-evm/a8/debug/gcc/libboard.a(am335x_lcd4_dcard.o)
 *fill*         0x000000008000c18d        0x3 
 .rodata.gDCardAm335xLCD4Data
                0x000000008000c190       0x44 /oe/bld/build-CORTEX_1/arago-tmp-external-linaro-toolchain/work/am335x_evm-linux-gnueabi/starterware-rtos/02.01.01.05-r0.0/git/binary/board/lib/am335x-evm/a8/debug/gcc/libboard.a(am335x_lcd4_dcard.o)
                0x000000008000c190                gDCardAm335xLCD4Data
 .rodata        0x000000008000c1d4       0x50 /oe/bld/build-CORTEX_1/arago-tmp-external-linaro-toolchain/work/am335x_evm-linux-gnueabi/starterware-rtos/02.01.01.05-r0.0/git/binary/utils/lib/am335x-evm/a8/debug/gcc/libutils.a(console_utils.o)
 .rodata.I2CUTILSINITPARAMS_DEFAULT
                0x000000008000c224       0x10 /oe/bld/build-CORTEX_1/arago-tmp-external-linaro-toolchain/work/am335x_evm-linux-gnueabi/starterware-rtos/02.01.01.05-r0.0/git/binary/utils/lib/am335x-evm/a8/debug/gcc/libutils.a(i2c_utils.o)
                0x000000008000c224                I2CUTILSINITPARAMS_DEFAULT
 .rodata.UART_CONSOLE_DEFAULT
                0x000000008000c234       0x18 /oe/bld/build-CORTEX_1/arago-tmp-external-linaro-toolchain/work/am335x_evm-linux-gnueabi/starterware-rtos/02.01.01.05-r0.0/git/binary/utils/lib/am335x-evm/a8/debug/gcc/libutils.a(console_utils_uart.o)
 .rodata        0x000000008000c24c       0x1e /oe/bld/build-CORTEX_1/arago-tmp-external-linaro-toolchain/work/am335x_evm-linux-gnueabi/starterware-rtos/02.01.01.05-r0.0/git/binary/utils/lib/am335x-evm/a8/debug/gcc/libutils.a(console_utils_uart.o)
 *fill*         0x000000008000c26a        0x2 
 .rodata        0x000000008000c26c       0x60 /oe/bld/build-CORTEX_1/arago-tmp-external-linaro-toolchain/work/am335x_evm-linux-gnueabi/starterware-rtos/02.01.01.05-r0.0/git/binary/soc/lib/am335x-evm/a8/debug/gcc/libsoc.a(soc.o)
 .rodata.vecTbl
                0x000000008000c2cc       0x38 /oe/bld/build-CORTEX_1/arago-tmp-external-linaro-toolchain/work/am335x_evm-linux-gnueabi/starterware-rtos/02.01.01.05-r0.0/git/binary/soc/lib/am335x-evm/a8/debug/gcc/libsoc.a(startup.o)
 .rodata.gChipDBResourceIDMap
                0x000000008000c304      0x244 /oe/bld/build-CORTEX_1/arago-tmp-external-linaro-toolchain/work/am335x_evm-linux-gnueabi/starterware-rtos/02.01.01.05-r0.0/git/binary/soc/lib/am335x-evm/a8/debug/gcc/libsoc.a(hw_am335x_chipdb.o)
                0x000000008000c304                gChipDBResourceIDMap
 .rodata.gChipDBResourceTable
                0x000000008000c548       0x18 /oe/bld/build-CORTEX_1/arago-tmp-external-linaro-toolchain/work/am335x_evm-linux-gnueabi/starterware-rtos/02.01.01.05-r0.0/git/binary/soc/lib/am335x-evm/a8/debug/gcc/libsoc.a(hw_am335x_chipdb.o)
                0x000000008000c548                gChipDBResourceTable
 .rodata.gChipDBBaseAddrTable
                0x000000008000c560      0x200 /oe/bld/build-CORTEX_1/arago-tmp-external-linaro-toolchain/work/am335x_evm-linux-gnueabi/starterware-rtos/02.01.01.05-r0.0/git/binary/soc/lib/am335x-evm/a8/debug/gcc/libsoc.a(hw_am335x_chipdb_baseaddr.o)
                0x000000008000c560                gChipDBBaseAddrTable
 .rodata        0x000000008000c760       0x3d /oe/bld/build-CORTEX_1/arago-tmp-external-linaro-toolchain/work/am335x_evm-linux-gnueabi/starterware-rtos/02.01.01.05-r0.0/git/binary/soc/lib/am335x-evm/a8/debug/gcc/libsoc.a(intc.o)

.glue_7         0x000000008000c7a0        0x0
 .glue_7        0x000000008000c7a0        0x0 linker stubs

.glue_7t        0x000000008000c7a0        0x0
 .glue_7t       0x000000008000c7a0        0x0 linker stubs

.vfp11_veneer   0x000000008000c7a0        0x0
 .vfp11_veneer  0x000000008000c7a0        0x0 linker stubs

.v4_bx          0x000000008000c7a0        0x0
 .v4_bx         0x000000008000c7a0        0x0 linker stubs

.init           0x000000008000c7a0        0xc
 .init          0x000000008000c7a0        0xc /oe/bld/build-CORTEX_1/arago-tmp-external-linaro-toolchain/sysroots/x86_64-linux/usr/share/ti/gcc-arm-none-eabi/bin/../lib/gcc/arm-none-eabi/6.3.1/hard/crti.o
                0x000000008000c7a0                _init

.fini           0x000000008000c7ac        0xc
 .fini          0x000000008000c7ac        0xc /oe/bld/build-CORTEX_1/arago-tmp-external-linaro-toolchain/sysroots/x86_64-linux/usr/share/ti/gcc-arm-none-eabi/bin/../lib/gcc/arm-none-eabi/6.3.1/hard/crti.o
                0x000000008000c7ac                _fini

.iplt           0x000000008000c7b8        0x0
 .iplt          0x000000008000c7b8        0x0 /oe/bld/build-CORTEX_1/arago-tmp-external-linaro-toolchain/sysroots/x86_64-linux/usr/share/ti/gcc-arm-none-eabi/bin/../lib/gcc/arm-none-eabi/6.3.1/hard/crtbegin.o

.rel.dyn        0x000000008000c7b8        0x0
 .rel.iplt      0x000000008000c7b8        0x0 /oe/bld/build-CORTEX_1/arago-tmp-external-linaro-toolchain/sysroots/x86_64-linux/usr/share/ti/gcc-arm-none-eabi/bin/../lib/gcc/arm-none-eabi/6.3.1/hard/crtbegin.o

.ARM.exidx      0x000000008000c7b8        0x8
 .ARM.exidx     0x000000008000c7b8        0x8 /oe/bld/build-CORTEX_1/arago-tmp-external-linaro-toolchain/sysroots/x86_64-linux/usr/share/ti/gcc-arm-none-eabi/bin/../lib/gcc/arm-none-eabi/6.3.1/hard/libgcc.a(_udivmoddi4.o)

.data           0x000000008000c7c0     0x1940
                0x000000008000c7c0                . = ALIGN (0x4)
 *(.data*)
 .data.gMcspiAppIsrFlag
                0x000000008000c7c0        0x4 /oe/bld/build-CORTEX_1/arago-tmp-external-linaro-toolchain/work/am335x_evm-linux-gnueabi/starterware-rtos/02.01.01.05-r0.0/git/binary/mcspi_app_flash/obj/am335x-evm/a8host/debug/gcc/mcspi_app.o
 .data.gBoardIdStrTable
                0x000000008000c7c4       0x58 /oe/bld/build-CORTEX_1/arago-tmp-external-linaro-toolchain/work/am335x_evm-linux-gnueabi/starterware-rtos/02.01.01.05-r0.0/git/binary/board/lib/am335x-evm/a8/debug/gcc/libboard.a(board.o)
 .data.gBoardAm335xI2cInstData
                0x000000008000c81c       0x20 /oe/bld/build-CORTEX_1/arago-tmp-external-linaro-toolchain/work/am335x_evm-linux-gnueabi/starterware-rtos/02.01.01.05-r0.0/git/binary/board/lib/am335x-evm/a8/debug/gcc/libboard.a(board_am335x.o)
 .data.gBoardAm335xI2cData
                0x000000008000c83c        0xc /oe/bld/build-CORTEX_1/arago-tmp-external-linaro-toolchain/work/am335x_evm-linux-gnueabi/starterware-rtos/02.01.01.05-r0.0/git/binary/board/lib/am335x-evm/a8/debug/gcc/libboard.a(board_am335x.o)
 .data.gpBoardAm335xData
                0x000000008000c848       0x44 /oe/bld/build-CORTEX_1/arago-tmp-external-linaro-toolchain/work/am335x_evm-linux-gnueabi/starterware-rtos/02.01.01.05-r0.0/git/binary/board/lib/am335x-evm/a8/debug/gcc/libboard.a(board_am335x.o)
 .data.gpDCardAm335xData
                0x000000008000c88c        0x8 /oe/bld/build-CORTEX_1/arago-tmp-external-linaro-toolchain/work/am335x_evm-linux-gnueabi/starterware-rtos/02.01.01.05-r0.0/git/binary/board/lib/am335x-evm/a8/debug/gcc/libboard.a(dcard_am335x.o)
 .data.gpBoardAm335xGpevmRevStrTable
                0x000000008000c894       0x14 /oe/bld/build-CORTEX_1/arago-tmp-external-linaro-toolchain/work/am335x_evm-linux-gnueabi/starterware-rtos/02.01.01.05-r0.0/git/binary/board/lib/am335x-evm/a8/debug/gcc/libboard.a(am335x_gpevm.o)
                0x000000008000c894                gpBoardAm335xGpevmRevStrTable
 .data.gpBoardAm335xEvmskRevStrTable
                0x000000008000c8a8        0xc /oe/bld/build-CORTEX_1/arago-tmp-external-linaro-toolchain/work/am335x_evm-linux-gnueabi/starterware-rtos/02.01.01.05-r0.0/git/binary/board/lib/am335x-evm/a8/debug/gcc/libboard.a(am335x_evmsk.o)
                0x000000008000c8a8                gpBoardAm335xEvmskRevStrTable
 .data.gpBoardAm335xBeagleboneRevStrTable
                0x000000008000c8b4       0x18 /oe/bld/build-CORTEX_1/arago-tmp-external-linaro-toolchain/work/am335x_evm-linux-gnueabi/starterware-rtos/02.01.01.05-r0.0/git/binary/board/lib/am335x-evm/a8/debug/gcc/libboard.a(am335x_beaglebone.o)
                0x000000008000c8b4                gpBoardAm335xBeagleboneRevStrTable
 .data.gBoardAm335xBeagleboneblackDCards
                0x000000008000c8cc       0x18 /oe/bld/build-CORTEX_1/arago-tmp-external-linaro-toolchain/work/am335x_evm-linux-gnueabi/starterware-rtos/02.01.01.05-r0.0/git/binary/board/lib/am335x-evm/a8/debug/gcc/libboard.a(am335x_beagleboneblack.o)
                0x000000008000c8cc                gBoardAm335xBeagleboneblackDCards
 .data.gpBoardAm335xBeagleboneblackRevStrTable
                0x000000008000c8e4        0xc /oe/bld/build-CORTEX_1/arago-tmp-external-linaro-toolchain/work/am335x_evm-linux-gnueabi/starterware-rtos/02.01.01.05-r0.0/git/binary/board/lib/am335x-evm/a8/debug/gcc/libboard.a(am335x_beagleboneblack.o)
                0x000000008000c8e4                gpBoardAm335xBeagleboneblackRevStrTable
 .data.gpBoardAm335xIceV1RevStrTable
                0x000000008000c8f0       0x18 /oe/bld/build-CORTEX_1/arago-tmp-external-linaro-toolchain/work/am335x_evm-linux-gnueabi/starterware-rtos/02.01.01.05-r0.0/git/binary/board/lib/am335x-evm/a8/debug/gcc/libboard.a(am335x_icev1.o)
                0x000000008000c8f0                gpBoardAm335xIceV1RevStrTable
 .data.gpBoardAm335xIceV2RevStrTable
                0x000000008000c908       0x18 /oe/bld/build-CORTEX_1/arago-tmp-external-linaro-toolchain/work/am335x_evm-linux-gnueabi/starterware-rtos/02.01.01.05-r0.0/git/binary/board/lib/am335x-evm/a8/debug/gcc/libboard.a(am335x_icev2.o)
                0x000000008000c908                gpBoardAm335xIceV2RevStrTable
 .data.gpBoardAm335xAMIC110RevStrTable
                0x000000008000c920       0x18 /oe/bld/build-CORTEX_1/arago-tmp-external-linaro-toolchain/work/am335x_evm-linux-gnueabi/starterware-rtos/02.01.01.05-r0.0/git/binary/board/lib/am335x-evm/a8/debug/gcc/libboard.a(am335x_amic110.o)
                0x000000008000c920                gpBoardAm335xAMIC110RevStrTable
 .data.gpBoardAm335xCustomRevStrTable
                0x000000008000c938        0x4 /oe/bld/build-CORTEX_1/arago-tmp-external-linaro-toolchain/work/am335x_evm-linux-gnueabi/starterware-rtos/02.01.01.05-r0.0/git/binary/board/lib/am335x-evm/a8/debug/gcc/libboard.a(am335x_custom.o)
                0x000000008000c938                gpBoardAm335xCustomRevStrTable
 .data.gUart0PinCfg
                0x000000008000c93c       0x18 /oe/bld/build-CORTEX_1/arago-tmp-external-linaro-toolchain/work/am335x_evm-linux-gnueabi/starterware-rtos/02.01.01.05-r0.0/git/binary/board/lib/am335x-evm/a8/debug/gcc/libboard.a(am335x_gpevm_pinmux_data.o)
 .data.gUartPinCfg
                0x000000008000c954       0x10 /oe/bld/build-CORTEX_1/arago-tmp-external-linaro-toolchain/work/am335x_evm-linux-gnueabi/starterware-rtos/02.01.01.05-r0.0/git/binary/board/lib/am335x-evm/a8/debug/gcc/libboard.a(am335x_gpevm_pinmux_data.o)
 .data.gCpsw0PinCfg
                0x000000008000c964       0x98 /oe/bld/build-CORTEX_1/arago-tmp-external-linaro-toolchain/work/am335x_evm-linux-gnueabi/starterware-rtos/02.01.01.05-r0.0/git/binary/board/lib/am335x-evm/a8/debug/gcc/libboard.a(am335x_gpevm_pinmux_data.o)
 .data.gCpswPinCfg
                0x000000008000c9fc       0x10 /oe/bld/build-CORTEX_1/arago-tmp-external-linaro-toolchain/work/am335x_evm-linux-gnueabi/starterware-rtos/02.01.01.05-r0.0/git/binary/board/lib/am335x-evm/a8/debug/gcc/libboard.a(am335x_gpevm_pinmux_data.o)
 .data.gDcan1PinCfg
                0x000000008000ca0c       0x18 /oe/bld/build-CORTEX_1/arago-tmp-external-linaro-toolchain/work/am335x_evm-linux-gnueabi/starterware-rtos/02.01.01.05-r0.0/git/binary/board/lib/am335x-evm/a8/debug/gcc/libboard.a(am335x_gpevm_pinmux_data.o)
 .data.gDcanPinCfg
                0x000000008000ca24       0x10 /oe/bld/build-CORTEX_1/arago-tmp-external-linaro-toolchain/work/am335x_evm-linux-gnueabi/starterware-rtos/02.01.01.05-r0.0/git/binary/board/lib/am335x-evm/a8/debug/gcc/libboard.a(am335x_gpevm_pinmux_data.o)
 .data.gGpmc0PinCfg
                0x000000008000ca34       0xc0 /oe/bld/build-CORTEX_1/arago-tmp-external-linaro-toolchain/work/am335x_evm-linux-gnueabi/starterware-rtos/02.01.01.05-r0.0/git/binary/board/lib/am335x-evm/a8/debug/gcc/libboard.a(am335x_gpevm_pinmux_data.o)
 .data.gGpmcPinCfg
                0x000000008000caf4       0x10 /oe/bld/build-CORTEX_1/arago-tmp-external-linaro-toolchain/work/am335x_evm-linux-gnueabi/starterware-rtos/02.01.01.05-r0.0/git/binary/board/lib/am335x-evm/a8/debug/gcc/libboard.a(am335x_gpevm_pinmux_data.o)
 .data.gGpio1PinCfg
                0x000000008000cb04       0x10 /oe/bld/build-CORTEX_1/arago-tmp-external-linaro-toolchain/work/am335x_evm-linux-gnueabi/starterware-rtos/02.01.01.05-r0.0/git/binary/board/lib/am335x-evm/a8/debug/gcc/libboard.a(am335x_gpevm_pinmux_data.o)
 .data.gGpio0PinCfg
                0x000000008000cb14       0x18 /oe/bld/build-CORTEX_1/arago-tmp-external-linaro-toolchain/work/am335x_evm-linux-gnueabi/starterware-rtos/02.01.01.05-r0.0/git/binary/board/lib/am335x-evm/a8/debug/gcc/libboard.a(am335x_gpevm_pinmux_data.o)
 .data.gGpioPinCfg
                0x000000008000cb2c       0x18 /oe/bld/build-CORTEX_1/arago-tmp-external-linaro-toolchain/work/am335x_evm-linux-gnueabi/starterware-rtos/02.01.01.05-r0.0/git/binary/board/lib/am335x-evm/a8/debug/gcc/libboard.a(am335x_gpevm_pinmux_data.o)
 .data.gI2c0PinCfg
                0x000000008000cb44       0x18 /oe/bld/build-CORTEX_1/arago-tmp-external-linaro-toolchain/work/am335x_evm-linux-gnueabi/starterware-rtos/02.01.01.05-r0.0/git/binary/board/lib/am335x-evm/a8/debug/gcc/libboard.a(am335x_gpevm_pinmux_data.o)
 .data.gI2c1PinCfg
                0x000000008000cb5c       0x18 /oe/bld/build-CORTEX_1/arago-tmp-external-linaro-toolchain/work/am335x_evm-linux-gnueabi/starterware-rtos/02.01.01.05-r0.0/git/binary/board/lib/am335x-evm/a8/debug/gcc/libboard.a(am335x_gpevm_pinmux_data.o)
 .data.gI2cPinCfg
                0x000000008000cb74       0x18 /oe/bld/build-CORTEX_1/arago-tmp-external-linaro-toolchain/work/am335x_evm-linux-gnueabi/starterware-rtos/02.01.01.05-r0.0/git/binary/board/lib/am335x-evm/a8/debug/gcc/libboard.a(am335x_gpevm_pinmux_data.o)
 .data.gMcspi0PinCfg
                0x000000008000cb8c       0x28 /oe/bld/build-CORTEX_1/arago-tmp-external-linaro-toolchain/work/am335x_evm-linux-gnueabi/starterware-rtos/02.01.01.05-r0.0/git/binary/board/lib/am335x-evm/a8/debug/gcc/libboard.a(am335x_gpevm_pinmux_data.o)
 .data.gMcspiPinCfg
                0x000000008000cbb4       0x10 /oe/bld/build-CORTEX_1/arago-tmp-external-linaro-toolchain/work/am335x_evm-linux-gnueabi/starterware-rtos/02.01.01.05-r0.0/git/binary/board/lib/am335x-evm/a8/debug/gcc/libboard.a(am335x_gpevm_pinmux_data.o)
 .data.gMmcsd0PinCfg
                0x000000008000cbc4       0x40 /oe/bld/build-CORTEX_1/arago-tmp-external-linaro-toolchain/work/am335x_evm-linux-gnueabi/starterware-rtos/02.01.01.05-r0.0/git/binary/board/lib/am335x-evm/a8/debug/gcc/libboard.a(am335x_gpevm_pinmux_data.o)
 .data.gMmcsdPinCfg
                0x000000008000cc04       0x10 /oe/bld/build-CORTEX_1/arago-tmp-external-linaro-toolchain/work/am335x_evm-linux-gnueabi/starterware-rtos/02.01.01.05-r0.0/git/binary/board/lib/am335x-evm/a8/debug/gcc/libboard.a(am335x_gpevm_pinmux_data.o)
 .data.gLcdc0PinCfg
                0x000000008000cc14       0xf0 /oe/bld/build-CORTEX_1/arago-tmp-external-linaro-toolchain/work/am335x_evm-linux-gnueabi/starterware-rtos/02.01.01.05-r0.0/git/binary/board/lib/am335x-evm/a8/debug/gcc/libboard.a(am335x_gpevm_pinmux_data.o)
 .data.gLcdcPinCfg
                0x000000008000cd04       0x10 /oe/bld/build-CORTEX_1/arago-tmp-external-linaro-toolchain/work/am335x_evm-linux-gnueabi/starterware-rtos/02.01.01.05-r0.0/git/binary/board/lib/am335x-evm/a8/debug/gcc/libboard.a(am335x_gpevm_pinmux_data.o)
 .data.gPwmss2PinCfg
                0x000000008000cd14       0x10 /oe/bld/build-CORTEX_1/arago-tmp-external-linaro-toolchain/work/am335x_evm-linux-gnueabi/starterware-rtos/02.01.01.05-r0.0/git/binary/board/lib/am335x-evm/a8/debug/gcc/libboard.a(am335x_gpevm_pinmux_data.o)
 .data.gPwmssPinCfg
                0x000000008000cd24       0x10 /oe/bld/build-CORTEX_1/arago-tmp-external-linaro-toolchain/work/am335x_evm-linux-gnueabi/starterware-rtos/02.01.01.05-r0.0/git/binary/board/lib/am335x-evm/a8/debug/gcc/libboard.a(am335x_gpevm_pinmux_data.o)
 .data.gGpevmPinmuxData
                0x000000008000cd34       0x58 /oe/bld/build-CORTEX_1/arago-tmp-external-linaro-toolchain/work/am335x_evm-linux-gnueabi/starterware-rtos/02.01.01.05-r0.0/git/binary/board/lib/am335x-evm/a8/debug/gcc/libboard.a(am335x_gpevm_pinmux_data.o)
                0x000000008000cd34                gGpevmPinmuxData
 .data.gUart0PinCfg
                0x000000008000cd8c       0x18 /oe/bld/build-CORTEX_1/arago-tmp-external-linaro-toolchain/work/am335x_evm-linux-gnueabi/starterware-rtos/02.01.01.05-r0.0/git/binary/board/lib/am335x-evm/a8/debug/gcc/libboard.a(am335x_evmsk_pinmux_data.o)
 .data.gUartPinCfg
                0x000000008000cda4       0x10 /oe/bld/build-CORTEX_1/arago-tmp-external-linaro-toolchain/work/am335x_evm-linux-gnueabi/starterware-rtos/02.01.01.05-r0.0/git/binary/board/lib/am335x-evm/a8/debug/gcc/libboard.a(am335x_evmsk_pinmux_data.o)
 .data.gCpsw0PinCfg
                0x000000008000cdb4       0xd8 /oe/bld/build-CORTEX_1/arago-tmp-external-linaro-toolchain/work/am335x_evm-linux-gnueabi/starterware-rtos/02.01.01.05-r0.0/git/binary/board/lib/am335x-evm/a8/debug/gcc/libboard.a(am335x_evmsk_pinmux_data.o)
 .data.gCpswPinCfg
                0x000000008000ce8c       0x10 /oe/bld/build-CORTEX_1/arago-tmp-external-linaro-toolchain/work/am335x_evm-linux-gnueabi/starterware-rtos/02.01.01.05-r0.0/git/binary/board/lib/am335x-evm/a8/debug/gcc/libboard.a(am335x_evmsk_pinmux_data.o)
 .data.gGpio0PinCfg
                0x000000008000ce9c       0x18 /oe/bld/build-CORTEX_1/arago-tmp-external-linaro-toolchain/work/am335x_evm-linux-gnueabi/starterware-rtos/02.01.01.05-r0.0/git/binary/board/lib/am335x-evm/a8/debug/gcc/libboard.a(am335x_evmsk_pinmux_data.o)
 .data.gGpio1PinCfg
                0x000000008000ceb4       0x28 /oe/bld/build-CORTEX_1/arago-tmp-external-linaro-toolchain/work/am335x_evm-linux-gnueabi/starterware-rtos/02.01.01.05-r0.0/git/binary/board/lib/am335x-evm/a8/debug/gcc/libboard.a(am335x_evmsk_pinmux_data.o)
 .data.gGpio2PinCfg
                0x000000008000cedc       0x20 /oe/bld/build-CORTEX_1/arago-tmp-external-linaro-toolchain/work/am335x_evm-linux-gnueabi/starterware-rtos/02.01.01.05-r0.0/git/binary/board/lib/am335x-evm/a8/debug/gcc/libboard.a(am335x_evmsk_pinmux_data.o)
 .data.gGpioPinCfg
                0x000000008000cefc       0x20 /oe/bld/build-CORTEX_1/arago-tmp-external-linaro-toolchain/work/am335x_evm-linux-gnueabi/starterware-rtos/02.01.01.05-r0.0/git/binary/board/lib/am335x-evm/a8/debug/gcc/libboard.a(am335x_evmsk_pinmux_data.o)
 .data.gI2c0PinCfg
                0x000000008000cf1c       0x18 /oe/bld/build-CORTEX_1/arago-tmp-external-linaro-toolchain/work/am335x_evm-linux-gnueabi/starterware-rtos/02.01.01.05-r0.0/git/binary/board/lib/am335x-evm/a8/debug/gcc/libboard.a(am335x_evmsk_pinmux_data.o)
 .data.gI2cPinCfg
                0x000000008000cf34       0x10 /oe/bld/build-CORTEX_1/arago-tmp-external-linaro-toolchain/work/am335x_evm-linux-gnueabi/starterware-rtos/02.01.01.05-r0.0/git/binary/board/lib/am335x-evm/a8/debug/gcc/libboard.a(am335x_evmsk_pinmux_data.o)
 .data.gMmcsd0PinCfg
                0x000000008000cf44       0x40 /oe/bld/build-CORTEX_1/arago-tmp-external-linaro-toolchain/work/am335x_evm-linux-gnueabi/starterware-rtos/02.01.01.05-r0.0/git/binary/board/lib/am335x-evm/a8/debug/gcc/libboard.a(am335x_evmsk_pinmux_data.o)
 .data.gMmcsdPinCfg
                0x000000008000cf84       0x10 /oe/bld/build-CORTEX_1/arago-tmp-external-linaro-toolchain/work/am335x_evm-linux-gnueabi/starterware-rtos/02.01.01.05-r0.0/git/binary/board/lib/am335x-evm/a8/debug/gcc/libboard.a(am335x_evmsk_pinmux_data.o)
 .data.gEvmskPinmuxData
                0x000000008000cf94       0x30 /oe/bld/build-CORTEX_1/arago-tmp-external-linaro-toolchain/work/am335x_evm-linux-gnueabi/starterware-rtos/02.01.01.05-r0.0/git/binary/board/lib/am335x-evm/a8/debug/gcc/libboard.a(am335x_evmsk_pinmux_data.o)
                0x000000008000cf94                gEvmskPinmuxData
 .data.gUart0PinCfg
                0x000000008000cfc4       0x18 /oe/bld/build-CORTEX_1/arago-tmp-external-linaro-toolchain/work/am335x_evm-linux-gnueabi/starterware-rtos/02.01.01.05-r0.0/git/binary/board/lib/am335x-evm/a8/debug/gcc/libboard.a(am335x_beaglebone_pinmux_data.o)
 .data.gUartPinCfg
                0x000000008000cfdc       0x10 /oe/bld/build-CORTEX_1/arago-tmp-external-linaro-toolchain/work/am335x_evm-linux-gnueabi/starterware-rtos/02.01.01.05-r0.0/git/binary/board/lib/am335x-evm/a8/debug/gcc/libboard.a(am335x_beaglebone_pinmux_data.o)
 .data.gCpsw0PinCfg
                0x000000008000cfec       0x90 /oe/bld/build-CORTEX_1/arago-tmp-external-linaro-toolchain/work/am335x_evm-linux-gnueabi/starterware-rtos/02.01.01.05-r0.0/git/binary/board/lib/am335x-evm/a8/debug/gcc/libboard.a(am335x_beaglebone_pinmux_data.o)
 .data.gCpswPinCfg
                0x000000008000d07c       0x10 /oe/bld/build-CORTEX_1/arago-tmp-external-linaro-toolchain/work/am335x_evm-linux-gnueabi/starterware-rtos/02.01.01.05-r0.0/git/binary/board/lib/am335x-evm/a8/debug/gcc/libboard.a(am335x_beaglebone_pinmux_data.o)
 .data.gGpio1PinCfg